0:0:0:0:0:0:0:1 - - [11/Dec/2014:09:27:40 +0530] "GET //gadgets/proxy?container=default&gadget=http%3A%2F%2Flocalhost%3A9763%2Fportal%2Fgadgets%2Fpeople-organizations%2Fjslider%2Fcss%2Fjslider.round.plastic.css&debug=0&nocache=1&url=http%3A%2F%2Flocalhost%3A9763%2Fportal%2Fgadgets%2Fpeople-organizations%2Fjslider%2Fimg%2Fjslider.round.plastic.png HTTP/1.1" 304 - "https://localhost:9443//gadgets/concat?container=default&gadget=http%3A%2F%2Flocalhost%3A9763%2Fportal%2Fgadgets%2Fpeople-organizations%2Fpeople-organizations.xml&debug=1&nocache=1&type=css&1=http%3A%2F%2Flocalhost%3A9763%2Fportal%2Fthemes%2Fportal%2Fcss%2Fflot-graph.css&2=http%3A%2F%2Flocalhost%3A9763%2Fportal%2Fthemes%2Fportal%2Fcss%2Fbootstrap.min.css&3=http%3A%2F%2Flocalhost%3A9763%2Fportal%2Fgadgets%2Fpeople-organizations%2Fcss%2Ffa%2Fcss%2Ffont-awesome.min.css&4=http%3A%2F%2Flocalhost%3A9763%2Fportal%2Fgadgets%2Fpeople-organizations%2Fcss%2Fstyles.css&5=http%3A%2F%2Flocalhost%3A9763%2Fportal%2Fgadgets%2Fpeople-organizations%2Fjslider%2Fcss%2Fjslider.css&6=http%3A%2F%2Flocalhost%3A9763%2Fportal%2Fgadgets%2Fpeople-organizations%2Fjslider%2Fcss%2Fjslider.blue.css&7=http%3A%2F%2Flocalhost%3A9763%2Fportal%2Fgadgets%2Fpeople-organizations%2Fjslider%2Fcss%2Fjslider.plastic.css&8=http%3A%2F%2Flocalhost%3A9763%2Fportal%2Fgadgets%2Fpeople-organizations%2Fjslider%2Fcss%2Fjslider.round.css&9=http%3A%2F%2Flocalhost%3A9763%2Fportal%2Fgadgets%2Fpeople-organizations%2Fjslider%2Fcss%2Fjslider.round.plastic.css" "Mozilla/5.0 (Windows NT 6.2; WOW64; rv:33.0) Gecko/20100101 Firefox/33.0"
0:0:0:0:0:0:0:1 - - [11/Dec/2014:09:27:45 +0530] "GET /help/ HTTP/1.1" 200 2925 "https://localhost:9443/dashboard/" "Mozilla/5.0 (Windows NT 6.2; WOW64; rv:33.0) Gecko/20100101 Firefox/33.0"
0:0:0:0:0:0:0:1 - - [11/Dec/2014:09:27:45 +0530] "GET /help/css/navigation.css HTTP/1.1" 200 1108 "https://localhost:9443/help/" "Mozilla/5.0 (Windows NT 6.2; WOW64; rv:33.0) Gecko/20100101 Firefox/33.0"
0:0:0:0:0:0:0:1 - - [11/Dec/2014:09:27:45 +0530] "GET /help/css/portal-dashboard-designer.css HTTP/1.1" 200 3105 "https://localhost:9443/help/" "Mozilla/5.0 (Windows NT 6.2; WOW64; rv:33.0) Gecko/20100101 Firefox/33.0"
0:0:0:0:0:0:0:1 - - [11/Dec/2014:09:27:45 +0530] "GET /help/css/bootstrap-responsive.min.css HTTP/1.1" 200 4009 "https://localhost:9443/help/" "Mozilla/5.0 (Windows NT 6.2; WOW64; rv:33.0) Gecko/20100101 Firefox/33.0"
0:0:0:0:0:0:0:1 - - [11/Dec/2014:09:27:45 +0530] "GET /help/css/font-awesome.min.css HTTP/1.1" 200 4470 "https://localhost:9443/help/" "Mozilla/5.0 (Windows NT 6.2; WOW64; rv:33.0) Gecko/20100101 Firefox/33.0"
0:0:0:0:0:0:0:1 - - [11/Dec/2014:09:27:45 +0530] "GET /help/css/font-awesome-ie7.min.css HTTP/1.1" 200 3412 "https://localhost:9443/help/" "Mozilla/5.0 (Windows NT 6.2; WOW64; rv:33.0) Gecko/20100101 Firefox/33.0"
0:0:0:0:0:0:0:1 - - [11/Dec/2014:09:27:45 +0530] "GET /help/css/jquery.gridster.min.css HTTP/1.1" 200 1220 "https://localhost:9443/help/" "Mozilla/5.0 (Windows NT 6.2; WOW64; rv:33.0) Gecko/20100101 Firefox/33.0"
0:0:0:0:0:0:0:1 - - [11/Dec/2014:09:27:45 +0530] "GET /help/css/styles.css HTTP/1.1" 200 2323 "https://localhost:9443/help/" "Mozilla/5.0 (Windows NT 6.2; WOW64; rv:33.0) Gecko/20100101 Firefox/33.0"
0:0:0:0:0:0:0:1 - - [11/Dec/2014:09:27:45 +0530] "GET /help/js/navigation.js HTTP/1.1" 200 1037 "https://localhost:9443/help/" "Mozilla/5.0 (Windows NT 6.2; WOW64; rv:33.0) Gecko/20100101 Firefox/33.0"
0:0:0:0:0:0:0:1 - - [11/Dec/2014:09:27:45 +0530] "GET /help/js/bootstrap.min.js HTTP/1.1" 200 7007 "https://localhost:9443/help/" "Mozilla/5.0 (Windows NT 6.2; WOW64; rv:33.0) Gecko/20100101 Firefox/33.0"
0:0:0:0:0:0:0:1 - - [11/Dec/2014:09:27:45 +0530] "GET /help/js/jquery-1.8.3.min.js HTTP/1.1" 200 33942 "https://localhost:9443/help/" "Mozilla/5.0 (Windows NT 6.2; WOW64; rv:33.0) Gecko/20100101 Firefox/33.0"
0:0:0:0:0:0:0:1 - - [11/Dec/2014:09:27:45 +0530] "GET /help/js/jquery-ui-1.10.1.custom.min.js HTTP/1.1" 200 24626 "https://localhost:9443/help/" "Mozilla/5.0 (Windows NT 6.2; WOW64; rv:33.0) Gecko/20100101 Firefox/33.0"
0:0:0:0:0:0:0:1 - - [11/Dec/2014:09:27:45 +0530] "GET /help/css2/list-styles.css HTTP/1.1" 200 766 "https://localhost:9443/help/" "Mozilla/5.0 (Windows NT 6.2; WOW64; rv:33.0) Gecko/20100101 Firefox/33.0"
0:0:0:0:0:0:0:1 - - [11/Dec/2014:09:27:45 +0530] "GET /help/css/bootstrap.min.css HTTP/1.1" 200 18779 "https://localhost:9443/help/" "Mozilla/5.0 (Windows NT 6.2; WOW64; rv:33.0) Gecko/20100101 Firefox/33.0"
0:0:0:0:0:0:0:1 - - [11/Dec/2014:09:27:45 +0530] "GET /help/images/personalize1.png HTTP/1.1" 200 8608 "https://localhost:9443/help/" "Mozilla/5.0 (Windows NT 6.2; WOW64; rv:33.0) Gecko/20100101 Firefox/33.0"
0:0:0:0:0:0:0:1 - - [11/Dec/2014:09:27:45 +0530] "GET /help/images/sign-in.png HTTP/1.1" 200 9849 "https://localhost:9443/help/" "Mozilla/5.0 (Windows NT 6.2; WOW64; rv:33.0) Gecko/20100101 Firefox/33.0"
0:0:0:0:0:0:0:1 - - [11/Dec/2014:09:27:45 +0530] "GET /help/images/personalize4.png HTTP/1.1" 200 13091 "https://localhost:9443/help/" "Mozilla/5.0 (Windows NT 6.2; WOW64; rv:33.0) Gecko/20100101 Firefox/33.0"
0:0:0:0:0:0:0:1 - - [11/Dec/2014:09:27:45 +0530] "GET /help/images/personalize2.png HTTP/1.1" 200 10605 "https://localhost:9443/help/" "Mozilla/5.0 (Windows NT 6.2; WOW64; rv:33.0) Gecko/20100101 Firefox/33.0"
0:0:0:0:0:0:0:1 - - [11/Dec/2014:09:27:45 +0530] "GET /help/images/personalize3.png HTTP/1.1" 200 12600 "https://localhost:9443/help/" "Mozilla/5.0 (Windows NT 6.2; WOW64; rv:33.0) Gecko/20100101 Firefox/33.0"
0:0:0:0:0:0:0:1 - - [11/Dec/2014:09:27:45 +0530] "GET /help/images/add-gadget2.png HTTP/1.1" 200 21312 "https://localhost:9443/help/" "Mozilla/5.0 (Windows NT 6.2; WOW64; rv:33.0) Gecko/20100101 Firefox/33.0"
0:0:0:0:0:0:0:1 - - [11/Dec/2014:09:27:45 +0530] "GET /help/images/edit-gadget3.png HTTP/1.1" 200 6236 "https://localhost:9443/help/" "Mozilla/5.0 (Windows NT 6.2; WOW64; rv:33.0) Gecko/20100101 Firefox/33.0"
0:0:0:0:0:0:0:1 - - [11/Dec/2014:09:27:45 +0530] "GET /help/images/edit-gadget1.png HTTP/1.1" 200 46070 "https://localhost:9443/help/" "Mozilla/5.0 (Windows NT 6.2; WOW64; rv:33.0) Gecko/20100101 Firefox/33.0"
0:0:0:0:0:0:0:1 - - [11/Dec/2014:09:27:45 +0530] "GET /help/images/add-gadget3.png HTTP/1.1" 200 114568 "https://localhost:9443/help/" "Mozilla/5.0 (Windows NT 6.2; WOW64; rv:33.0) Gecko/20100101 Firefox/33.0"
0:0:0:0:0:0:0:1 - - [11/Dec/2014:09:27:45 +0530] "GET /help/images/edit-gadget5.png HTTP/1.1" 200 8342 "https://localhost:9443/help/" "Mozilla/5.0 (Windows NT 6.2; WOW64; rv:33.0) Gecko/20100101 Firefox/33.0"
0:0:0:0:0:0:0:1 - - [11/Dec/2014:09:27:45 +0530] "GET /help/images/edit-gadget4.png HTTP/1.1" 200 6259 "https://localhost:9443/help/" "Mozilla/5.0 (Windows NT 6.2; WOW64; rv:33.0) Gecko/20100101 Firefox/33.0"
0:0:0:0:0:0:0:1 - - [11/Dec/2014:09:27:45 +0530] "GET /help/images/edit-gadget2.png HTTP/1.1" 200 6814 "https://localhost:9443/help/" "Mozilla/5.0 (Windows NT 6.2; WOW64; rv:33.0) Gecko/20100101 Firefox/33.0"
0:0:0:0:0:0:0:1 - - [11/Dec/2014:09:27:45 +0530] "GET /help/images/add-gadget1.png HTTP/1.1" 200 15862 "https://localhost:9443/help/" "Mozilla/5.0 (Windows NT 6.2; WOW64; rv:33.0) Gecko/20100101 Firefox/33.0"
0:0:0:0:0:0:0:1 - - [11/Dec/2014:09:27:45 +0530] "GET /help/font/Lato-Reg-webfont.woff HTTP/1.1" 200 19260 "https://localhost:9443/help/css/styles.css" "Mozilla/5.0 (Windows NT 6.2; WOW64; rv:33.0) Gecko/20100101 Firefox/33.0"
0:0:0:0:0:0:0:1 - - [11/Dec/2014:09:27:45 +0530] "GET /help/font/Lato-Bol-webfont.woff HTTP/1.1" 200 19432 "https://localhost:9443/help/css/styles.css" "Mozilla/5.0 (Windows NT 6.2; WOW64; rv:33.0) Gecko/20100101 Firefox/33.0"
0:0:0:0:0:0:0:1 - - [11/Dec/2014:09:27:45 +0530] "GET /help/font/fontawesome-webfont.woff?v=3.2.1 HTTP/1.1" 200 43572 "https://localhost:9443/help/css/font-awesome.min.css" "Mozilla/5.0 (Windows NT 6.2; WOW64; rv:33.0) Gecko/20100101 Firefox/33.0"
0:0:0:0:0:0:0:1 - - [11/Dec/2014:09:27:45 +0530] "GET /help/img/logo.png HTTP/1.1" 200 21341 "https://localhost:9443/help/css/navigation.css" "Mozilla/5.0 (Windows NT 6.2; WOW64; rv:33.0) Gecko/20100101 Firefox/33.0"
0:0:0:0:0:0:0:1 - - [11/Dec/2014:09:28:05 +0530] "GET /portal/gadgets/people-organizations/data-files/people-organizations-data.jag?type=fac&id=10&aoiId=0&saoiId=0&ssaoiId=0 HTTP/1.1" 200 623 "https://localhost:9443//gadgets/ifr?url=http%3A%2F%2Flocalhost%3A9763%2Fportal%2Fgadgets%2Fpeople-organizations%2Fpeople-organizations.xml&container=default&view=default&lang=en&country=US&debug=1&nocache=1&sanitize=0&v=d8213105a7083aec18c9bce3596dddd0&testmode=0&parent=https%3A%2F%2Flocalhost%3A9443&mid=0" "Mozilla/5.0 (Windows NT 6.2; WOW64; rv:33.0) Gecko/20100101 Firefox/33.0"
0:0:0:0:0:0:0:1 - - [11/Dec/2014:09:28:07 +0530] "GET /portal/gadgets/people-organizations/data-files/people-organizations-data.jag?type=dep&id=62&aoiId=0&saoiId=0&ssaoiId=0 HTTP/1.1" 200 776 "https://localhost:9443//gadgets/ifr?url=http%3A%2F%2Flocalhost%3A9763%2Fportal%2Fgadgets%2Fpeople-organizations%2Fpeople-organizations.xml&container=default&view=default&lang=en&country=US&debug=1&nocache=1&sanitize=0&v=d8213105a7083aec18c9bce3596dddd0&testmode=0&parent=https%3A%2F%2Flocalhost%3A9443&mid=0" "Mozilla/5.0 (Windows NT 6.2; WOW64; rv:33.0) Gecko/20100101 Firefox/33.0"
0:0:0:0:0:0:0:1 - - [11/Dec/2014:09:28:11 +0530] "GET /portal/gadgets/people-organizations/data-files/people-organizations-data.jag?type=fac&id=10&aoiId=0&saoiId=0&ssaoiId=0 HTTP/1.1" 200 623 "https://localhost:9443//gadgets/ifr?url=http%3A%2F%2Flocalhost%3A9763%2Fportal%2Fgadgets%2Fpeople-organizations%2Fpeople-organizations.xml&container=default&view=default&lang=en&country=US&debug=1&nocache=1&sanitize=0&v=d8213105a7083aec18c9bce3596dddd0&testmode=0&parent=https%3A%2F%2Flocalhost%3A9443&mid=0" "Mozilla/5.0 (Windows NT 6.2; WOW64; rv:33.0) Gecko/20100101 Firefox/33.0"
0:0:0:0:0:0:0:1 - - [11/Dec/2014:09:28:13 +0530] "GET /portal/gadgets/people-organizations/data-files/people-organizations-data.jag?type=org&id=0&aoiId=0&saoiId=0&ssaoiId=0 HTTP/1.1" 200 1049 "https://localhost:9443//gadgets/ifr?url=http%3A%2F%2Flocalhost%3A9763%2Fportal%2Fgadgets%2Fpeople-organizations%2Fpeople-organizations.xml&container=default&view=default&lang=en&country=US&debug=1&nocache=1&sanitize=0&v=d8213105a7083aec18c9bce3596dddd0&testmode=0&parent=https%3A%2F%2Flocalhost%3A9443&mid=0" "Mozilla/5.0 (Windows NT 6.2; WOW64; rv:33.0) Gecko/20100101 Firefox/33.0"
0:0:0:0:0:0:0:1 - - [11/Dec/2014:09:29:10 +0530] "GET /userdashboard/ HTTP/1.1" 302 - "https://localhost:9443/dashboard/" "Mozilla/5.0 (Windows NT 6.2; WOW64; rv:33.0) Gecko/20100101 Firefox/33.0"
0:0:0:0:0:0:0:1 - - [11/Dec/2014:09:29:13 +0530] "GET /userdashboard/login HTTP/1.1" 200 1372 "https://localhost:9443/dashboard/" "Mozilla/5.0 (Windows NT 6.2; WOW64; rv:33.0) Gecko/20100101 Firefox/33.0"
0:0:0:0:0:0:0:1 - - [11/Dec/2014:09:29:14 +0530] "POST /sso/samlsso.jag HTTP/1.1" 302 - "https://localhost:9443/userdashboard/login" "Mozilla/5.0 (Windows NT 6.2; WOW64; rv:33.0) Gecko/20100101 Firefox/33.0"
0:0:0:0:0:0:0:1 - - [11/Dec/2014:09:29:14 +0530] "GET /sso/login.jag HTTP/1.1" 200 6668 "https://localhost:9443/userdashboard/login" "Mozilla/5.0 (Windows NT 6.2; WOW64; rv:33.0) Gecko/20100101 Firefox/33.0"
0:0:0:0:0:0:0:1 - - [11/Dec/2014:09:29:15 +0530] "GET /assets/ico/favicon.png HTTP/1.1" 404 995 "-" "Mozilla/5.0 (Windows NT 6.2; WOW64; rv:33.0) Gecko/20100101 Firefox/33.0"
0:0:0:0:0:0:0:1 - - [11/Dec/2014:09:29:15 +0530] "GET /assets/ico/favicon.png HTTP/1.1" 404 995 "-" "Mozilla/5.0 (Windows NT 6.2; WOW64; rv:33.0) Gecko/20100101 Firefox/33.0"
0:0:0:0:0:0:0:1 - - [11/Dec/2014:09:29:15 +0530] "GET /sso/font/fontawesome-webfont.woff?v=3.2.1 HTTP/1.1" 304 - "https://localhost:9443/sso/css/font-awesome.min.css" "Mozilla/5.0 (Windows NT 6.2; WOW64; rv:33.0) Gecko/20100101 Firefox/33.0"
0:0:0:0:0:0:0:1 - - [11/Dec/2014:09:29:15 +0530] "POST /sso/researchareas.jag HTTP/1.1" 200 373 "https://localhost:9443/sso/login.jag" "Mozilla/5.0 (Windows NT 6.2; WOW64; rv:33.0) Gecko/20100101 Firefox/33.0"
0:0:0:0:0:0:0:1 - - [11/Dec/2014:09:29:15 +0530] "POST /sso/researchareas.jag HTTP/1.1" 200 261 "https://localhost:9443/sso/login.jag" "Mozilla/5.0 (Windows NT 6.2; WOW64; rv:33.0) Gecko/20100101 Firefox/33.0"
0:0:0:0:0:0:0:1 - - [11/Dec/2014:09:29:23 +0530] "POST /sso/samlsso.jag HTTP/1.1" 200 2043 "https://localhost:9443/sso/login.jag" "Mozilla/5.0 (Windows NT 6.2; WOW64; rv:33.0) Gecko/20100101 Firefox/33.0"
0:0:0:0:0:0:0:1 - - [11/Dec/2014:09:29:23 +0530] "POST /userdashboard/sso HTTP/1.1" 302 - "https://localhost:9443/sso/samlsso.jag" "Mozilla/5.0 (Windows NT 6.2; WOW64; rv:33.0) Gecko/20100101 Firefox/33.0"
0:0:0:0:0:0:0:1 - - [11/Dec/2014:09:29:23 +0530] "GET /userdashboard HTTP/1.1" 302 - "https://localhost:9443/sso/samlsso.jag" "Mozilla/5.0 (Windows NT 6.2; WOW64; rv:33.0) Gecko/20100101 Firefox/33.0"
0:0:0:0:0:0:0:1 - - [11/Dec/2014:09:29:23 +0530] "GET /userdashboard/ HTTP/1.1" 200 2537 "https://localhost:9443/sso/samlsso.jag" "Mozilla/5.0 (Windows NT 6.2; WOW64; rv:33.0) Gecko/20100101 Firefox/33.0"
0:0:0:0:0:0:0:1 - - [11/Dec/2014:09:29:24 +0530] "GET /userdashboard/font/fontawesome-webfont.woff?v=3.2.1 HTTP/1.1" 304 - "https://localhost:9443/userdashboard/css/font-awesome.min.css" "Mozilla/5.0 (Windows NT 6.2; WOW64; rv:33.0) Gecko/20100101 Firefox/33.0"
0:0:0:0:0:0:0:1 - - [11/Dec/2014:09:29:24 +0530] "POST //rpc?st=-1%3A-1%3A*%3A*%3A*%3A0%3Adefault HTTP/1.1" 200 1473 "https://localhost:9443/userdashboard/" "Mozilla/5.0 (Windows NT 6.2; WOW64; rv:33.0) Gecko/20100101 Firefox/33.0"
127.0.0.1 - - [11/Dec/2014:09:29:24 +0530] "GET /portal/gadgets/show-assets/show-assets.xml HTTP/1.1" 200 1781 "-" "Apache Shindig"
0:0:0:0:0:0:0:1 - - [11/Dec/2014:09:29:25 +0530] "GET //gadgets/ifr?url=http%3A%2F%2Flocalhost%3A9763%2Fportal%2Fgadgets%2Fshow-assets%2Fshow-assets.xml&container=default&view=default&lang=en&country=US&debug=1&nocache=1&sanitize=0&v=d8213105a7083aec18c9bce3596dddd0&testmode=0&parent=https%3A%2F%2Flocalhost%3A9443&mid=0 HTTP/1.1" 304 - "https://localhost:9443/userdashboard/" "Mozilla/5.0 (Windows NT 6.2; WOW64; rv:33.0) Gecko/20100101 Firefox/33.0"
0:0:0:0:0:0:0:1 - - [11/Dec/2014:09:29:25 +0530] "GET /userdashboard/apis/ues/layout/ HTTP/1.1" 200 465 "https://localhost:9443/userdashboard/" "Mozilla/5.0 (Windows NT 6.2; WOW64; rv:33.0) Gecko/20100101 Firefox/33.0"
0:0:0:0:0:0:0:1 - - [11/Dec/2014:09:29:25 +0530] "POST //rpc?st=-1%3A-1%3A*%3A*%3A*%3A0%3Adefault HTTP/1.1" 200 1657 "https://localhost:9443/userdashboard/" "Mozilla/5.0 (Windows NT 6.2; WOW64; rv:33.0) Gecko/20100101 Firefox/33.0"
0:0:0:0:0:0:0:1 - - [11/Dec/2014:09:29:25 +0530] "POST //rpc?st=-1%3A-1%3A*%3A*%3A*%3A0%3Adefault HTTP/1.1" 200 998 "https://localhost:9443/userdashboard/" "Mozilla/5.0 (Windows NT 6.2; WOW64; rv:33.0) Gecko/20100101 Firefox/33.0"
127.0.0.1 - - [11/Dec/2014:09:29:25 +0530] "GET /portal/gadgets/show-assets/css/styles.css HTTP/1.1" 200 2083 "-" "Apache Shindig"
127.0.0.1 - - [11/Dec/2014:09:29:25 +0530] "GET /portal/gadgets/show-assets/css/bootstrap.min.css HTTP/1.1" 200 15992 "-" "Apache Shindig"
127.0.0.1 - - [11/Dec/2014:09:29:25 +0530] "GET /portal/gadgets/show-assets/show-assets.xml HTTP/1.1" 200 1781 "-" "Apache Shindig"
127.0.0.1 - - [11/Dec/2014:09:29:25 +0530] "GET /portal/gadgets/show-assets/show-assets.xml HTTP/1.1" 200 1781 "-" "Apache Shindig"
0:0:0:0:0:0:0:1 - - [11/Dec/2014:09:29:25 +0530] "GET //gadgets/concat?container=default&gadget=http%3A%2F%2Flocalhost%3A9763%2Fportal%2Fgadgets%2Fshow-assets%2Fshow-assets.xml&debug=1&nocache=1&type=css&1=http%3A%2F%2Flocalhost%3A9763%2Fportal%2Fgadgets%2Fshow-assets%2Fcss%2Fbootstrap.min.css&2=http%3A%2F%2Flocalhost%3A9763%2Fportal%2Fgadgets%2Fshow-assets%2Fcss%2Fstyles.css HTTP/1.1" 304 - "https://localhost:9443//gadgets/ifr?url=http%3A%2F%2Flocalhost%3A9763%2Fportal%2Fgadgets%2Fshow-assets%2Fshow-assets.xml&container=default&view=default&lang=en&country=US&debug=1&nocache=1&sanitize=0&v=d8213105a7083aec18c9bce3596dddd0&testmode=0&parent=https%3A%2F%2Flocalhost%3A9443&mid=0" "Mozilla/5.0 (Windows NT 6.2; WOW64; rv:33.0) Gecko/20100101 Firefox/33.0"
127.0.0.1 - - [11/Dec/2014:09:29:25 +0530] "GET /portal/gadgets/show-assets/js/load-assets.js HTTP/1.1" 200 2917 "-" "Apache Shindig"
127.0.0.1 - - [11/Dec/2014:09:29:25 +0530] "GET /portal/gadgets/show-assets/js/jquery.validate.js HTTP/1.1" 200 10083 "-" "Apache Shindig"
127.0.0.1 - - [11/Dec/2014:09:29:25 +0530] "GET /portal/gadgets/show-assets/js/jquery-1.8.3.min.js HTTP/1.1" 200 33942 "-" "Apache Shindig"
127.0.0.1 - - [11/Dec/2014:09:29:25 +0530] "GET /portal/gadgets/show-assets/js/jquery.nicescroll.min.js HTTP/1.1" 200 14096 "-" "Apache Shindig"
127.0.0.1 - - [11/Dec/2014:09:29:25 +0530] "GET /portal/gadgets/show-assets/js/bootstrap.min.js HTTP/1.1" 200 4221 "-" "Apache Shindig"
127.0.0.1 - - [11/Dec/2014:09:29:25 +0530] "GET /portal/gadgets/show-assets/js/handlebars.js HTTP/1.1" 200 18415 "-" "Apache Shindig"
127.0.0.1 - - [11/Dec/2014:09:29:25 +0530] "GET /portal/gadgets/global-innovation-index-2013/global-innovation-index-2013.xml HTTP/1.1" 200 1044 "-" "Apache Shindig"
0:0:0:0:0:0:0:1 - - [11/Dec/2014:09:29:25 +0530] "GET //gadgets/ifr?url=http%3A%2F%2Flocalhost%3A9763%2Fportal%2Fgadgets%2Fglobal-innovation-index-2013%2Fglobal-innovation-index-2013.xml&container=default&view=default&lang=en&country=US&debug=1&nocache=1&sanitize=0&v=d8213105a7083aec18c9bce3596dddd0&testmode=0&parent=https%3A%2F%2Flocalhost%3A9443&mid=0 HTTP/1.1" 304 - "https://localhost:9443/userdashboard/" "Mozilla/5.0 (Windows NT 6.2; WOW64; rv:33.0) Gecko/20100101 Firefox/33.0"
127.0.0.1 - - [11/Dec/2014:09:29:25 +0530] "GET /portal/themes/portal/css/flot-graph.css HTTP/1.1" 200 1294 "-" "Apache Shindig"
127.0.0.1 - - [11/Dec/2014:09:29:25 +0530] "GET /portal/gadgets/show-assets/show-assets.xml HTTP/1.1" 200 1781 "-" "Apache Shindig"
127.0.0.1 - - [11/Dec/2014:09:29:25 +0530] "GET /portal/themes/portal/css/bootstrap.min.css HTTP/1.1" 200 18779 "-" "Apache Shindig"
127.0.0.1 - - [11/Dec/2014:09:29:25 +0530] "GET /portal/gadgets/global-innovation-index-2013/css/global-innovation-index-2013.css HTTP/1.1" 200 279 "-" "Apache Shindig"
127.0.0.1 - - [11/Dec/2014:09:29:25 +0530] "GET /portal/gadgets/global-innovation-index-2013/global-innovation-index-2013.xml HTTP/1.1" 200 1044 "-" "Apache Shindig"
127.0.0.1 - - [11/Dec/2014:09:29:26 +0530] "GET /portal/gadgets/global-innovation-index-2013/global-innovation-index-2013.xml HTTP/1.1" 200 1044 "-" "Apache Shindig"
127.0.0.1 - - [11/Dec/2014:09:29:26 +0530] "GET /portal/gadgets/show-assets/show-assets.xml HTTP/1.1" 200 1781 "-" "Apache Shindig"
127.0.0.1 - - [11/Dec/2014:09:29:26 +0530] "GET /portal/gadgets/show-assets/show-assets.xml HTTP/1.1" 200 1781 "-" "Apache Shindig"
127.0.0.1 - - [11/Dec/2014:09:29:26 +0530] "GET /portal/gadgets/show-assets/show-assets.xml HTTP/1.1" 200 1781 "-" "Apache Shindig"
127.0.0.1 - - [11/Dec/2014:09:29:26 +0530] "GET /portal/gadgets/show-assets/show-assets.xml HTTP/1.1" 200 1781 "-" "Apache Shindig"
127.0.0.1 - - [11/Dec/2014:09:29:26 +0530] "GET /portal/gadgets/show-assets/show-assets.xml HTTP/1.1" 200 1781 "-" "Apache Shindig"
127.0.0.1 - - [11/Dec/2014:09:29:26 +0530] "GET /portal/gadgets/global-innovation-index-2013/global-innovation-index-2013.xml HTTP/1.1" 200 1044 "-" "Apache Shindig"
0:0:0:0:0:0:0:1 - - [11/Dec/2014:09:29:26 +0530] "GET //gadgets/concat?container=default&gadget=http%3A%2F%2Flocalhost%3A9763%2Fportal%2Fgadgets%2Fglobal-innovation-index-2013%2Fglobal-innovation-index-2013.xml&debug=1&nocache=1&type=css&1=http%3A%2F%2Flocalhost%3A9763%2Fportal%2Fthemes%2Fportal%2Fcss%2Fflot-graph.css&2=http%3A%2F%2Flocalhost%3A9763%2Fportal%2Fthemes%2Fportal%2Fcss%2Fbootstrap.min.css&3=http%3A%2F%2Flocalhost%3A9763%2Fportal%2Fgadgets%2Fglobal-innovation-index-2013%2Fcss%2Fglobal-innovation-index-2013.css HTTP/1.1" 304 - "https://localhost:9443//gadgets/ifr?url=http%3A%2F%2Flocalhost%3A9763%2Fportal%2Fgadgets%2Fglobal-innovation-index-2013%2Fglobal-innovation-index-2013.xml&container=default&view=default&lang=en&country=US&debug=1&nocache=1&sanitize=0&v=d8213105a7083aec18c9bce3596dddd0&testmode=0&parent=https%3A%2F%2Flocalhost%3A9443&mid=0" "Mozilla/5.0 (Windows NT 6.2; WOW64; rv:33.0) Gecko/20100101 Firefox/33.0"
0:0:0:0:0:0:0:1 - - [11/Dec/2014:09:29:26 +0530] "GET //gadgets/concat?container=default&gadget=http%3A%2F%2Flocalhost%3A9763%2Fportal%2Fgadgets%2Fshow-assets%2Fshow-assets.xml&debug=1&nocache=1&type=js&1=http%3A%2F%2Flocalhost%3A9763%2Fportal%2Fgadgets%2Fshow-assets%2Fjs%2Fjquery-1.8.3.min.js&2=http%3A%2F%2Flocalhost%3A9763%2Fportal%2Fgadgets%2Fshow-assets%2Fjs%2Fjquery.validate.js&3=http%3A%2F%2Flocalhost%3A9763%2Fportal%2Fgadgets%2Fshow-assets%2Fjs%2Fhandlebars.js&4=http%3A%2F%2Flocalhost%3A9763%2Fportal%2Fgadgets%2Fshow-assets%2Fjs%2Fbootstrap.min.js&5=http%3A%2F%2Flocalhost%3A9763%2Fportal%2Fgadgets%2Fshow-assets%2Fjs%2Fload-assets.js&6=http%3A%2F%2Flocalhost%3A9763%2Fportal%2Fgadgets%2Fshow-assets%2Fjs%2Fjquery.nicescroll.min.js HTTP/1.1" 304 - "https://localhost:9443//gadgets/ifr?url=http%3A%2F%2Flocalhost%3A9763%2Fportal%2Fgadgets%2Fshow-assets%2Fshow-assets.xml&container=default&view=default&lang=en&country=US&debug=1&nocache=1&sanitize=0&v=d8213105a7083aec18c9bce3596dddd0&testmode=0&parent=https%3A%2F%2Flocalhost%3A9443&mid=0" "Mozilla/5.0 (Windows NT 6.2; WOW64; rv:33.0) Gecko/20100101 Firefox/33.0"
127.0.0.1 - - [11/Dec/2014:09:29:26 +0530] "GET /portal/gadgets/global-innovation-index-2013/js/GroupedBarChart.js HTTP/1.1" 200 4084 "-" "Apache Shindig"
127.0.0.1 - - [11/Dec/2014:09:29:26 +0530] "GET /portal/gadgets/global-innovation-index-2013/js/global-innovation-index-2013-core.js HTTP/1.1" 200 2124 "-" "Apache Shindig"
127.0.0.1 - - [11/Dec/2014:09:29:26 +0530] "GET /portal/gadgets/global-innovation-index-2013/js/jquery-1.11.1.min.js HTTP/1.1" 200 33747 "-" "Apache Shindig"
127.0.0.1 - - [11/Dec/2014:09:29:26 +0530] "GET /portal/gadgets/global-innovation-index-2013/js/NormRadarChart.js HTTP/1.1" 200 4003 "-" "Apache Shindig"
127.0.0.1 - - [11/Dec/2014:09:29:26 +0530] "GET /portal/gadgets/global-innovation-index-2013/js/d3-options-radar.js HTTP/1.1" 404 905 "-" "Apache Shindig"
127.0.0.1 - - [11/Dec/2014:09:29:26 +0530] "GET /portal/gadgets/global-innovation-index-2013/js/d3.min.js HTTP/1.1" 200 52017 "-" "Apache Shindig"
127.0.0.1 - - [11/Dec/2014:09:29:26 +0530] "GET /portal/gadgets/global-innovation-index-2013/global-innovation-index-2013.xml HTTP/1.1" 200 1044 "-" "Apache Shindig"
127.0.0.1 - - [11/Dec/2014:09:29:26 +0530] "GET /portal/gadgets/global-innovation-index-2013/global-innovation-index-2013.xml HTTP/1.1" 200 1044 "-" "Apache Shindig"
0:0:0:0:0:0:0:1 - - [11/Dec/2014:09:29:26 +0530] "GET /store/apis/myAsset/ HTTP/1.1" 401 975 "https://localhost:9443//gadgets/ifr?url=http%3A%2F%2Flocalhost%3A9763%2Fportal%2Fgadgets%2Fshow-assets%2Fshow-assets.xml&container=default&view=default&lang=en&country=US&debug=1&nocache=1&sanitize=0&v=d8213105a7083aec18c9bce3596dddd0&testmode=0&parent=https%3A%2F%2Flocalhost%3A9443&mid=0" "Mozilla/5.0 (Windows NT 6.2; WOW64; rv:33.0) Gecko/20100101 Firefox/33.0"
127.0.0.1 - - [11/Dec/2014:09:29:26 +0530] "GET /portal/gadgets/global-innovation-index-2013/global-innovation-index-2013.xml HTTP/1.1" 200 1044 "-" "Apache Shindig"
127.0.0.1 - - [11/Dec/2014:09:29:26 +0530] "GET /portal/gadgets/organization-map/organization-map.xml HTTP/1.1" 200 888 "-" "Apache Shindig"
127.0.0.1 - - [11/Dec/2014:09:29:26 +0530] "GET /portal/gadgets/global-innovation-index-2013/global-innovation-index-2013.xml HTTP/1.1" 200 1044 "-" "Apache Shindig"
0:0:0:0:0:0:0:1 - - [11/Dec/2014:09:29:26 +0530] "GET //gadgets/ifr?url=http%3A%2F%2Flocalhost%3A9763%2Fportal%2Fgadgets%2Forganization-map%2Forganization-map.xml&container=default&view=default&lang=en&country=US&debug=1&nocache=1&sanitize=0&v=d8213105a7083aec18c9bce3596dddd0&testmode=0&parent=https%3A%2F%2Flocalhost%3A9443&mid=0 HTTP/1.1" 304 - "https://localhost:9443/userdashboard/" "Mozilla/5.0 (Windows NT 6.2; WOW64; rv:33.0) Gecko/20100101 Firefox/33.0"
127.0.0.1 - - [11/Dec/2014:09:29:26 +0530] "GET /portal/gadgets/global-innovation-index-2013/global-innovation-index-2013.xml HTTP/1.1" 200 1044 "-" "Apache Shindig"
127.0.0.1 - - [11/Dec/2014:09:29:26 +0530] "GET /portal/themes/portal/css/flot-graph.css HTTP/1.1" 200 1294 "-" "Apache Shindig"
127.0.0.1 - - [11/Dec/2014:09:29:26 +0530] "GET /portal/gadgets/global-innovation-index-2013/global-innovation-index-2013.xml HTTP/1.1" 200 1044 "-" "Apache Shindig"
127.0.0.1 - - [11/Dec/2014:09:29:26 +0530] "GET /portal/themes/portal/css/bootstrap.min.css HTTP/1.1" 200 18779 "-" "Apache Shindig"
127.0.0.1 - - [11/Dec/2014:09:29:26 +0530] "GET /portal/gadgets/organization-map/organization-map.xml HTTP/1.1" 200 888 "-" "Apache Shindig"
0:0:0:0:0:0:0:1 - - [11/Dec/2014:09:29:26 +0530] "GET //gadgets/concat?container=default&gadget=http%3A%2F%2Flocalhost%3A9763%2Fportal%2Fgadgets%2Fglobal-innovation-index-2013%2Fglobal-innovation-index-2013.xml&debug=1&nocache=1&type=js&1=http%3A%2F%2Flocalhost%3A9763%2Fportal%2Fgadgets%2Fglobal-innovation-index-2013%2Fjs%2Fjquery-1.11.1.min.js&2=http%3A%2F%2Flocalhost%3A9763%2Fportal%2Fgadgets%2Fglobal-innovation-index-2013%2Fjs%2Fd3.min.js&3=http%3A%2F%2Flocalhost%3A9763%2Fportal%2Fgadgets%2Fglobal-innovation-index-2013%2Fjs%2FNormRadarChart.js&4=http%3A%2F%2Flocalhost%3A9763%2Fportal%2Fgadgets%2Fglobal-innovation-index-2013%2Fjs%2FGroupedBarChart.js&5=http%3A%2F%2Flocalhost%3A9763%2Fportal%2Fgadgets%2Fglobal-innovation-index-2013%2Fjs%2Fd3-options-radar.js&6=http%3A%2F%2Flocalhost%3A9763%2Fportal%2Fgadgets%2Fglobal-innovation-index-2013%2Fjs%2Fglobal-innovation-index-2013-core.js HTTP/1.1" 304 - "https://localhost:9443//gadgets/ifr?url=http%3A%2F%2Flocalhost%3A9763%2Fportal%2Fgadgets%2Fglobal-innovation-index-2013%2Fglobal-innovation-index-2013.xml&container=default&view=default&lang=en&country=US&debug=1&nocache=1&sanitize=0&v=d8213105a7083aec18c9bce3596dddd0&testmode=0&parent=https%3A%2F%2Flocalhost%3A9443&mid=0" "Mozilla/5.0 (Windows NT 6.2; WOW64; rv:33.0) Gecko/20100101 Firefox/33.0"
127.0.0.1 - - [11/Dec/2014:09:29:26 +0530] "GET /portal/gadgets/organization-map/organization-map.xml HTTP/1.1" 200 888 "-" "Apache Shindig"
0:0:0:0:0:0:0:1 - - [11/Dec/2014:09:29:27 +0530] "GET //gadgets/concat?container=default&gadget=http%3A%2F%2Flocalhost%3A9763%2Fportal%2Fgadgets%2Forganization-map%2Forganization-map.xml&debug=1&nocache=1&type=css&1=http%3A%2F%2Flocalhost%3A9763%2Fportal%2Fthemes%2Fportal%2Fcss%2Fflot-graph.css&2=http%3A%2F%2Flocalhost%3A9763%2Fportal%2Fthemes%2Fportal%2Fcss%2Fbootstrap.min.css HTTP/1.1" 304 - "https://localhost:9443//gadgets/ifr?url=http%3A%2F%2Flocalhost%3A9763%2Fportal%2Fgadgets%2Forganization-map%2Forganization-map.xml&container=default&view=default&lang=en&country=US&debug=1&nocache=1&sanitize=0&v=d8213105a7083aec18c9bce3596dddd0&testmode=0&parent=https%3A%2F%2Flocalhost%3A9443&mid=0" "Mozilla/5.0 (Windows NT 6.2; WOW64; rv:33.0) Gecko/20100101 Firefox/33.0"
127.0.0.1 - - [11/Dec/2014:09:29:27 +0530] "GET /portal/gadgets/organization-map/js/organization-map-core.js HTTP/1.1" 200 1829 "-" "Apache Shindig"
127.0.0.1 - - [11/Dec/2014:09:29:27 +0530] "GET /portal/js/flot/jquery.js HTTP/1.1" 200 81076 "-" "Apache Shindig"
127.0.0.1 - - [11/Dec/2014:09:29:27 +0530] "GET /portal/gadgets/organization-map/organization-map.xml HTTP/1.1" 200 888 "-" "Apache Shindig"
0:0:0:0:0:0:0:1 - - [11/Dec/2014:09:29:27 +0530] "GET /portal/gadgets/global-innovation-index-2013/data-files/global-innovation-index-2013-data.jag?giId=2 HTTP/1.1" 200 656 "https://localhost:9443//gadgets/ifr?url=http%3A%2F%2Flocalhost%3A9763%2Fportal%2Fgadgets%2Fglobal-innovation-index-2013%2Fglobal-innovation-index-2013.xml&container=default&view=default&lang=en&country=US&debug=1&nocache=1&sanitize=0&v=d8213105a7083aec18c9bce3596dddd0&testmode=0&parent=https%3A%2F%2Flocalhost%3A9443&mid=0" "Mozilla/5.0 (Windows NT 6.2; WOW64; rv:33.0) Gecko/20100101 Firefox/33.0"
127.0.0.1 - - [11/Dec/2014:09:29:27 +0530] "GET /portal/gadgets/organization-map/organization-map.xml HTTP/1.1" 200 888 "-" "Apache Shindig"
127.0.0.1 - - [11/Dec/2014:09:29:27 +0530] "GET /portal/gadgets/organization-map/organization-map.xml HTTP/1.1" 200 888 "-" "Apache Shindig"
0:0:0:0:0:0:0:1 - - [11/Dec/2014:09:29:27 +0530] "GET /store/apis/tag/gadget HTTP/1.1" 200 110 "https://localhost:9443//gadgets/ifr?url=http%3A%2F%2Flocalhost%3A9763%2Fportal%2Fgadgets%2Fshow-assets%2Fshow-assets.xml&container=default&view=default&lang=en&country=US&debug=1&nocache=1&sanitize=0&v=d8213105a7083aec18c9bce3596dddd0&testmode=0&parent=https%3A%2F%2Flocalhost%3A9443&mid=0" "Mozilla/5.0 (Windows NT 6.2; WOW64; rv:33.0) Gecko/20100101 Firefox/33.0"
0:0:0:0:0:0:0:1 - - [11/Dec/2014:09:29:27 +0530] "GET //gadgets/concat?container=default&gadget=http%3A%2F%2Flocalhost%3A9763%2Fportal%2Fgadgets%2Forganization-map%2Forganization-map.xml&debug=1&nocache=1&type=js&1=http%3A%2F%2Flocalhost%3A9763%2Fportal%2Fjs%2Fflot%2Fjquery.js&2=https%3A%2F%2Fmaps.googleapis.com%2Fmaps%2Fapi%2Fjs%3Fkey%3DAIzaSyBh-rKFkb1hhmElavDCGaaUQnITpIw3-MI&3=http%3A%2F%2Flocalhost%3A9763%2Fportal%2Fgadgets%2Forganization-map%2Fjs%2Forganization-map-core.js HTTP/1.1" 304 - "https://localhost:9443//gadgets/ifr?url=http%3A%2F%2Flocalhost%3A9763%2Fportal%2Fgadgets%2Forganization-map%2Forganization-map.xml&container=default&view=default&lang=en&country=US&debug=1&nocache=1&sanitize=0&v=d8213105a7083aec18c9bce3596dddd0&testmode=0&parent=https%3A%2F%2Flocalhost%3A9443&mid=0" "Mozilla/5.0 (Windows NT 6.2; WOW64; rv:33.0) Gecko/20100101 Firefox/33.0"
0:0:0:0:0:0:0:1 - - [11/Dec/2014:09:29:27 +0530] "GET /portal/gadgets/organization-map/data-files/organization-map-data.jag HTTP/1.1" 200 1157 "https://localhost:9443//gadgets/ifr?url=http%3A%2F%2Flocalhost%3A9763%2Fportal%2Fgadgets%2Forganization-map%2Forganization-map.xml&container=default&view=default&lang=en&country=US&debug=1&nocache=1&sanitize=0&v=d8213105a7083aec18c9bce3596dddd0&testmode=0&parent=https%3A%2F%2Flocalhost%3A9443&mid=0" "Mozilla/5.0 (Windows NT 6.2; WOW64; rv:33.0) Gecko/20100101 Firefox/33.0"
0:0:0:0:0:0:0:1 - - [11/Dec/2014:09:29:27 +0530] "GET /portal/gadgets/organization-map/data-files/aoi-data.jag HTTP/1.1" 200 3211 "https://localhost:9443//gadgets/ifr?url=http%3A%2F%2Flocalhost%3A9763%2Fportal%2Fgadgets%2Forganization-map%2Forganization-map.xml&container=default&view=default&lang=en&country=US&debug=1&nocache=1&sanitize=0&v=d8213105a7083aec18c9bce3596dddd0&testmode=0&parent=https%3A%2F%2Flocalhost%3A9443&mid=0" "Mozilla/5.0 (Windows NT 6.2; WOW64; rv:33.0) Gecko/20100101 Firefox/33.0"
0:0:0:0:0:0:0:1 - - [11/Dec/2014:09:29:49 +0530] "POST /userdashboard/apis/ues/layout/userdashboard HTTP/1.1" 200 4 "https://localhost:9443/userdashboard/" "Mozilla/5.0 (Windows NT 6.2; WOW64; rv:33.0) Gecko/20100101 Firefox/33.0"
0:0:0:0:0:0:0:1 - - [11/Dec/2014:09:29:52 +0530] "GET /userdashboard/logout.jag HTTP/1.1" 200 1114 "https://localhost:9443/userdashboard/" "Mozilla/5.0 (Windows NT 6.2; WOW64; rv:33.0) Gecko/20100101 Firefox/33.0"
0:0:0:0:0:0:0:1 - - [11/Dec/2014:09:29:52 +0530] "POST /sso/samlsso.jag HTTP/1.1" 200 880 "https://localhost:9443/userdashboard/logout.jag" "Mozilla/5.0 (Windows NT 6.2; WOW64; rv:33.0) Gecko/20100101 Firefox/33.0"
0:0:0:0:0:0:0:1 - - [11/Dec/2014:09:29:52 +0530] "POST /userdashboard/sso HTTP/1.1" 302 - "https://localhost:9443/sso/samlsso.jag" "Mozilla/5.0 (Windows NT 6.2; WOW64; rv:33.0) Gecko/20100101 Firefox/33.0"
0:0:0:0:0:0:0:1 - - [11/Dec/2014:09:29:52 +0530] "GET /userdashboard HTTP/1.1" 302 - "https://localhost:9443/sso/samlsso.jag" "Mozilla/5.0 (Windows NT 6.2; WOW64; rv:33.0) Gecko/20100101 Firefox/33.0"
0:0:0:0:0:0:0:1 - - [11/Dec/2014:09:29:52 +0530] "GET /userdashboard/ HTTP/1.1" 302 - "https://localhost:9443/sso/samlsso.jag" "Mozilla/5.0 (Windows NT 6.2; WOW64; rv:33.0) Gecko/20100101 Firefox/33.0"
0:0:0:0:0:0:0:1 - - [11/Dec/2014:09:29:52 +0530] "GET /userdashboard/login HTTP/1.1" 200 1372 "https://localhost:9443/sso/samlsso.jag" "Mozilla/5.0 (Windows NT 6.2; WOW64; rv:33.0) Gecko/20100101 Firefox/33.0"
0:0:0:0:0:0:0:1 - - [11/Dec/2014:09:29:52 +0530] "POST /sso/samlsso.jag HTTP/1.1" 302 - "https://localhost:9443/userdashboard/login" "Mozilla/5.0 (Windows NT 6.2; WOW64; rv:33.0) Gecko/20100101 Firefox/33.0"
0:0:0:0:0:0:0:1 - - [11/Dec/2014:09:29:52 +0530] "GET /sso/login.jag HTTP/1.1" 200 6668 "https://localhost:9443/userdashboard/login" "Mozilla/5.0 (Windows NT 6.2; WOW64; rv:33.0) Gecko/20100101 Firefox/33.0"
0:0:0:0:0:0:0:1 - - [11/Dec/2014:09:29:53 +0530] "POST /sso/researchareas.jag HTTP/1.1" 200 373 "https://localhost:9443/sso/login.jag" "Mozilla/5.0 (Windows NT 6.2; WOW64; rv:33.0) Gecko/20100101 Firefox/33.0"
0:0:0:0:0:0:0:1 - - [11/Dec/2014:09:29:53 +0530] "POST /sso/researchareas.jag HTTP/1.1" 200 261 "https://localhost:9443/sso/login.jag" "Mozilla/5.0 (Windows NT 6.2; WOW64; rv:33.0) Gecko/20100101 Firefox/33.0"
0:0:0:0:0:0:0:1 - - [11/Dec/2014:09:30:00 +0530] "POST /sso/samlsso.jag HTTP/1.1" 200 2035 "https://localhost:9443/sso/login.jag" "Mozilla/5.0 (Windows NT 6.2; WOW64; rv:33.0) Gecko/20100101 Firefox/33.0"
0:0:0:0:0:0:0:1 - - [11/Dec/2014:09:30:01 +0530] "POST /userdashboard/sso HTTP/1.1" 302 - "https://localhost:9443/sso/samlsso.jag" "Mozilla/5.0 (Windows NT 6.2; WOW64; rv:33.0) Gecko/20100101 Firefox/33.0"
0:0:0:0:0:0:0:1 - - [11/Dec/2014:09:30:01 +0530] "GET /userdashboard HTTP/1.1" 302 - "https://localhost:9443/sso/samlsso.jag" "Mozilla/5.0 (Windows NT 6.2; WOW64; rv:33.0) Gecko/20100101 Firefox/33.0"
0:0:0:0:0:0:0:1 - - [11/Dec/2014:09:30:01 +0530] "GET /userdashboard/ HTTP/1.1" 200 2537 "https://localhost:9443/sso/samlsso.jag" "Mozilla/5.0 (Windows NT 6.2; WOW64; rv:33.0) Gecko/20100101 Firefox/33.0"
0:0:0:0:0:0:0:1 - - [11/Dec/2014:09:30:02 +0530] "POST //rpc?st=-1%3A-1%3A*%3A*%3A*%3A0%3Adefault HTTP/1.1" 200 1473 "https://localhost:9443/userdashboard/" "Mozilla/5.0 (Windows NT 6.2; WOW64; rv:33.0) Gecko/20100101 Firefox/33.0"
0:0:0:0:0:0:0:1 - - [11/Dec/2014:09:30:02 +0530] "GET /userdashboard/apis/ues/layout/ HTTP/1.1" 200 287 "https://localhost:9443/userdashboard/" "Mozilla/5.0 (Windows NT 6.2; WOW64; rv:33.0) Gecko/20100101 Firefox/33.0"
127.0.0.1 - - [11/Dec/2014:09:30:02 +0530] "GET /portal/gadgets/show-assets/show-assets.xml HTTP/1.1" 200 1781 "-" "Apache Shindig"
0:0:0:0:0:0:0:1 - - [11/Dec/2014:09:30:02 +0530] "GET //gadgets/ifr?url=http%3A%2F%2Flocalhost%3A9763%2Fportal%2Fgadgets%2Fshow-assets%2Fshow-assets.xml&container=default&view=default&lang=en&country=US&debug=1&nocache=1&sanitize=0&v=d8213105a7083aec18c9bce3596dddd0&testmode=0&parent=https%3A%2F%2Flocalhost%3A9443&mid=0 HTTP/1.1" 304 - "https://localhost:9443/userdashboard/" "Mozilla/5.0 (Windows NT 6.2; WOW64; rv:33.0) Gecko/20100101 Firefox/33.0"
127.0.0.1 - - [11/Dec/2014:09:30:02 +0530] "GET /portal/gadgets/gii-2013-business-sophistication/gii-2013-business-sophistication.xml HTTP/1.1" 200 914 "-" "Apache Shindig"
127.0.0.1 - - [11/Dec/2014:09:30:02 +0530] "GET /portal/gadgets/show-assets/css/styles.css HTTP/1.1" 200 2083 "-" "Apache Shindig"
127.0.0.1 - - [11/Dec/2014:09:30:02 +0530] "GET /portal/gadgets/show-assets/css/bootstrap.min.css HTTP/1.1" 200 15992 "-" "Apache Shindig"
0:0:0:0:0:0:0:1 - - [11/Dec/2014:09:30:02 +0530] "POST //rpc?st=-1%3A-1%3A*%3A*%3A*%3A0%3Adefault HTTP/1.1" 200 1433 "https://localhost:9443/userdashboard/" "Mozilla/5.0 (Windows NT 6.2; WOW64; rv:33.0) Gecko/20100101 Firefox/33.0"
127.0.0.1 - - [11/Dec/2014:09:30:02 +0530] "GET /portal/gadgets/show-assets/show-assets.xml HTTP/1.1" 200 1781 "-" "Apache Shindig"
127.0.0.1 - - [11/Dec/2014:09:30:02 +0530] "GET /portal/gadgets/gii-2013-business-sophistication/gii-2013-business-sophistication.xml HTTP/1.1" 200 914 "-" "Apache Shindig"
127.0.0.1 - - [11/Dec/2014:09:30:02 +0530] "GET /portal/gadgets/show-assets/show-assets.xml HTTP/1.1" 200 1781 "-" "Apache Shindig"
0:0:0:0:0:0:0:1 - - [11/Dec/2014:09:30:02 +0530] "GET //gadgets/ifr?url=http%3A%2F%2Flocalhost%3A9763%2Fportal%2Fgadgets%2Fgii-2013-business-sophistication%2Fgii-2013-business-sophistication.xml&container=default&view=default&lang=en&country=US&debug=1&nocache=1&sanitize=0&v=d8213105a7083aec18c9bce3596dddd0&testmode=0&parent=https%3A%2F%2Flocalhost%3A9443&mid=0 HTTP/1.1" 200 1421 "https://localhost:9443/userdashboard/" "Mozilla/5.0 (Windows NT 6.2; WOW64; rv:33.0) Gecko/20100101 Firefox/33.0"
0:0:0:0:0:0:0:1 - - [11/Dec/2014:09:30:02 +0530] "GET //gadgets/concat?container=default&gadget=http%3A%2F%2Flocalhost%3A9763%2Fportal%2Fgadgets%2Fshow-assets%2Fshow-assets.xml&debug=1&nocache=1&type=css&1=http%3A%2F%2Flocalhost%3A9763%2Fportal%2Fgadgets%2Fshow-assets%2Fcss%2Fbootstrap.min.css&2=http%3A%2F%2Flocalhost%3A9763%2Fportal%2Fgadgets%2Fshow-assets%2Fcss%2Fstyles.css HTTP/1.1" 304 - "https://localhost:9443//gadgets/ifr?url=http%3A%2F%2Flocalhost%3A9763%2Fportal%2Fgadgets%2Fshow-assets%2Fshow-assets.xml&container=default&view=default&lang=en&country=US&debug=1&nocache=1&sanitize=0&v=d8213105a7083aec18c9bce3596dddd0&testmode=0&parent=https%3A%2F%2Flocalhost%3A9443&mid=0" "Mozilla/5.0 (Windows NT 6.2; WOW64; rv:33.0) Gecko/20100101 Firefox/33.0"
127.0.0.1 - - [11/Dec/2014:09:30:02 +0530] "GET /portal/gadgets/show-assets/js/jquery.validate.js HTTP/1.1" 200 10083 "-" "Apache Shindig"
127.0.0.1 - - [11/Dec/2014:09:30:02 +0530] "GET /portal/gadgets/show-assets/js/jquery.nicescroll.min.js HTTP/1.1" 200 14096 "-" "Apache Shindig"
127.0.0.1 - - [11/Dec/2014:09:30:02 +0530] "GET /portal/gadgets/show-assets/js/load-assets.js HTTP/1.1" 200 2917 "-" "Apache Shindig"
127.0.0.1 - - [11/Dec/2014:09:30:02 +0530] "GET /portal/gadgets/show-assets/js/bootstrap.min.js HTTP/1.1" 200 4221 "-" "Apache Shindig"
127.0.0.1 - - [11/Dec/2014:09:30:02 +0530] "GET /portal/gadgets/show-assets/js/handlebars.js HTTP/1.1" 200 18415 "-" "Apache Shindig"
127.0.0.1 - - [11/Dec/2014:09:30:02 +0530] "GET /portal/gadgets/show-assets/js/jquery-1.8.3.min.js HTTP/1.1" 200 33942 "-" "Apache Shindig"
127.0.0.1 - - [11/Dec/2014:09:30:03 +0530] "GET /portal/themes/portal/css/flot-graph.css HTTP/1.1" 200 1294 "-" "Apache Shindig"
127.0.0.1 - - [11/Dec/2014:09:30:03 +0530] "GET /portal/themes/portal/css/bootstrap.min.css HTTP/1.1" 200 18779 "-" "Apache Shindig"
127.0.0.1 - - [11/Dec/2014:09:30:03 +0530] "GET /portal/gadgets/gii-2013-business-sophistication/css/gii-2013-business-sophistication.css HTTP/1.1" 200 279 "-" "Apache Shindig"
127.0.0.1 - - [11/Dec/2014:09:30:03 +0530] "GET /portal/gadgets/gii-2013-business-sophistication/gii-2013-business-sophistication.xml HTTP/1.1" 200 914 "-" "Apache Shindig"
127.0.0.1 - - [11/Dec/2014:09:30:03 +0530] "GET /portal/gadgets/show-assets/show-assets.xml HTTP/1.1" 200 1781 "-" "Apache Shindig"
127.0.0.1 - - [11/Dec/2014:09:30:03 +0530] "GET /portal/gadgets/gii-2013-business-sophistication/gii-2013-business-sophistication.xml HTTP/1.1" 200 914 "-" "Apache Shindig"
127.0.0.1 - - [11/Dec/2014:09:30:03 +0530] "GET /portal/gadgets/show-assets/show-assets.xml HTTP/1.1" 200 1781 "-" "Apache Shindig"
127.0.0.1 - - [11/Dec/2014:09:30:03 +0530] "GET /portal/gadgets/show-assets/show-assets.xml HTTP/1.1" 200 1781 "-" "Apache Shindig"
127.0.0.1 - - [11/Dec/2014:09:30:03 +0530] "GET /portal/gadgets/show-assets/show-assets.xml HTTP/1.1" 200 1781 "-" "Apache Shindig"
127.0.0.1 - - [11/Dec/2014:09:30:03 +0530] "GET /portal/gadgets/show-assets/show-assets.xml HTTP/1.1" 200 1781 "-" "Apache Shindig"
127.0.0.1 - - [11/Dec/2014:09:30:03 +0530] "GET /portal/gadgets/gii-2013-business-sophistication/gii-2013-business-sophistication.xml HTTP/1.1" 200 914 "-" "Apache Shindig"
127.0.0.1 - - [11/Dec/2014:09:30:03 +0530] "GET /portal/gadgets/show-assets/show-assets.xml HTTP/1.1" 200 1781 "-" "Apache Shindig"
0:0:0:0:0:0:0:1 - - [11/Dec/2014:09:30:03 +0530] "GET //gadgets/concat?container=default&gadget=http%3A%2F%2Flocalhost%3A9763%2Fportal%2Fgadgets%2Fgii-2013-business-sophistication%2Fgii-2013-business-sophistication.xml&debug=1&nocache=1&type=css&1=http%3A%2F%2Flocalhost%3A9763%2Fportal%2Fthemes%2Fportal%2Fcss%2Fflot-graph.css&2=http%3A%2F%2Flocalhost%3A9763%2Fportal%2Fthemes%2Fportal%2Fcss%2Fbootstrap.min.css&3=http%3A%2F%2Flocalhost%3A9763%2Fportal%2Fgadgets%2Fgii-2013-business-sophistication%2Fcss%2Fgii-2013-business-sophistication.css HTTP/1.1" 304 - "https://localhost:9443//gadgets/ifr?url=http%3A%2F%2Flocalhost%3A9763%2Fportal%2Fgadgets%2Fgii-2013-business-sophistication%2Fgii-2013-business-sophistication.xml&container=default&view=default&lang=en&country=US&debug=1&nocache=1&sanitize=0&v=d8213105a7083aec18c9bce3596dddd0&testmode=0&parent=https%3A%2F%2Flocalhost%3A9443&mid=0" "Mozilla/5.0 (Windows NT 6.2; WOW64; rv:33.0) Gecko/20100101 Firefox/33.0"
0:0:0:0:0:0:0:1 - - [11/Dec/2014:09:30:03 +0530] "GET //gadgets/concat?container=default&gadget=http%3A%2F%2Flocalhost%3A9763%2Fportal%2Fgadgets%2Fshow-assets%2Fshow-assets.xml&debug=1&nocache=1&type=js&1=http%3A%2F%2Flocalhost%3A9763%2Fportal%2Fgadgets%2Fshow-assets%2Fjs%2Fjquery-1.8.3.min.js&2=http%3A%2F%2Flocalhost%3A9763%2Fportal%2Fgadgets%2Fshow-assets%2Fjs%2Fjquery.validate.js&3=http%3A%2F%2Flocalhost%3A9763%2Fportal%2Fgadgets%2Fshow-assets%2Fjs%2Fhandlebars.js&4=http%3A%2F%2Flocalhost%3A9763%2Fportal%2Fgadgets%2Fshow-assets%2Fjs%2Fbootstrap.min.js&5=http%3A%2F%2Flocalhost%3A9763%2Fportal%2Fgadgets%2Fshow-assets%2Fjs%2Fload-assets.js&6=http%3A%2F%2Flocalhost%3A9763%2Fportal%2Fgadgets%2Fshow-assets%2Fjs%2Fjquery.nicescroll.min.js HTTP/1.1" 304 - "https://localhost:9443//gadgets/ifr?url=http%3A%2F%2Flocalhost%3A9763%2Fportal%2Fgadgets%2Fshow-assets%2Fshow-assets.xml&container=default&view=default&lang=en&country=US&debug=1&nocache=1&sanitize=0&v=d8213105a7083aec18c9bce3596dddd0&testmode=0&parent=https%3A%2F%2Flocalhost%3A9443&mid=0" "Mozilla/5.0 (Windows NT 6.2; WOW64; rv:33.0) Gecko/20100101 Firefox/33.0"
127.0.0.1 - - [11/Dec/2014:09:30:03 +0530] "GET /portal/gadgets/gii-2013-business-sophistication/js/d3-options-radar.js HTTP/1.1" 404 905 "-" "Apache Shindig"
127.0.0.1 - - [11/Dec/2014:09:30:03 +0530] "GET /portal/gadgets/gii-2013-business-sophistication/js/gii-2013-business-sophistication-core.js HTTP/1.1" 200 2133 "-" "Apache Shindig"
127.0.0.1 - - [11/Dec/2014:09:30:03 +0530] "GET /portal/gadgets/gii-2013-business-sophistication/js/NormRadarChart.js HTTP/1.1" 200 3766 "-" "Apache Shindig"
127.0.0.1 - - [11/Dec/2014:09:30:03 +0530] "GET /portal/gadgets/gii-2013-business-sophistication/js/GroupedBarChart.js HTTP/1.1" 200 4084 "-" "Apache Shindig"
127.0.0.1 - - [11/Dec/2014:09:30:03 +0530] "GET /portal/gadgets/gii-2013-business-sophistication/js/jquery-1.11.1.min.js HTTP/1.1" 200 33747 "-" "Apache Shindig"
127.0.0.1 - - [11/Dec/2014:09:30:03 +0530] "GET /portal/gadgets/gii-2013-business-sophistication/js/d3.min.js HTTP/1.1" 200 52017 "-" "Apache Shindig"
127.0.0.1 - - [11/Dec/2014:09:30:03 +0530] "GET /portal/gadgets/gii-2013-business-sophistication/gii-2013-business-sophistication.xml HTTP/1.1" 200 914 "-" "Apache Shindig"
127.0.0.1 - - [11/Dec/2014:09:30:03 +0530] "GET /portal/gadgets/gii-2013-business-sophistication/gii-2013-business-sophistication.xml HTTP/1.1" 200 914 "-" "Apache Shindig"
127.0.0.1 - - [11/Dec/2014:09:30:03 +0530] "GET /portal/gadgets/gii-2013-business-sophistication/gii-2013-business-sophistication.xml HTTP/1.1" 200 914 "-" "Apache Shindig"
0:0:0:0:0:0:0:1 - - [11/Dec/2014:09:30:03 +0530] "GET /store/apis/myAsset/ HTTP/1.1" 401 975 "https://localhost:9443//gadgets/ifr?url=http%3A%2F%2Flocalhost%3A9763%2Fportal%2Fgadgets%2Fshow-assets%2Fshow-assets.xml&container=default&view=default&lang=en&country=US&debug=1&nocache=1&sanitize=0&v=d8213105a7083aec18c9bce3596dddd0&testmode=0&parent=https%3A%2F%2Flocalhost%3A9443&mid=0" "Mozilla/5.0 (Windows NT 6.2; WOW64; rv:33.0) Gecko/20100101 Firefox/33.0"
127.0.0.1 - - [11/Dec/2014:09:30:03 +0530] "GET /portal/gadgets/gii-2013-business-sophistication/gii-2013-business-sophistication.xml HTTP/1.1" 200 914 "-" "Apache Shindig"
127.0.0.1 - - [11/Dec/2014:09:30:04 +0530] "GET /portal/gadgets/gii-2013-business-sophistication/gii-2013-business-sophistication.xml HTTP/1.1" 200 914 "-" "Apache Shindig"
127.0.0.1 - - [11/Dec/2014:09:30:04 +0530] "GET /portal/gadgets/gii-2013-business-sophistication/gii-2013-business-sophistication.xml HTTP/1.1" 200 914 "-" "Apache Shindig"
0:0:0:0:0:0:0:1 - - [11/Dec/2014:09:30:04 +0530] "GET //gadgets/concat?container=default&gadget=http%3A%2F%2Flocalhost%3A9763%2Fportal%2Fgadgets%2Fgii-2013-business-sophistication%2Fgii-2013-business-sophistication.xml&debug=1&nocache=1&type=js&1=http%3A%2F%2Flocalhost%3A9763%2Fportal%2Fgadgets%2Fgii-2013-business-sophistication%2Fjs%2Fjquery-1.11.1.min.js&2=http%3A%2F%2Flocalhost%3A9763%2Fportal%2Fgadgets%2Fgii-2013-business-sophistication%2Fjs%2Fd3.min.js&3=http%3A%2F%2Flocalhost%3A9763%2Fportal%2Fgadgets%2Fgii-2013-business-sophistication%2Fjs%2FNormRadarChart.js&4=http%3A%2F%2Flocalhost%3A9763%2Fportal%2Fgadgets%2Fgii-2013-business-sophistication%2Fjs%2FGroupedBarChart.js&5=http%3A%2F%2Flocalhost%3A9763%2Fportal%2Fgadgets%2Fgii-2013-business-sophistication%2Fjs%2Fd3-options-radar.js&6=http%3A%2F%2Flocalhost%3A9763%2Fportal%2Fgadgets%2Fgii-2013-business-sophistication%2Fjs%2Fgii-2013-business-sophistication-core.js HTTP/1.1" 304 - "https://localhost:9443//gadgets/ifr?url=http%3A%2F%2Flocalhost%3A9763%2Fportal%2Fgadgets%2Fgii-2013-business-sophistication%2Fgii-2013-business-sophistication.xml&container=default&view=default&lang=en&country=US&debug=1&nocache=1&sanitize=0&v=d8213105a7083aec18c9bce3596dddd0&testmode=0&parent=https%3A%2F%2Flocalhost%3A9443&mid=0" "Mozilla/5.0 (Windows NT 6.2; WOW64; rv:33.0) Gecko/20100101 Firefox/33.0"
0:0:0:0:0:0:0:1 - - [11/Dec/2014:09:30:04 +0530] "GET /store/apis/tag/gadget HTTP/1.1" 200 110 "https://localhost:9443//gadgets/ifr?url=http%3A%2F%2Flocalhost%3A9763%2Fportal%2Fgadgets%2Fshow-assets%2Fshow-assets.xml&container=default&view=default&lang=en&country=US&debug=1&nocache=1&sanitize=0&v=d8213105a7083aec18c9bce3596dddd0&testmode=0&parent=https%3A%2F%2Flocalhost%3A9443&mid=0" "Mozilla/5.0 (Windows NT 6.2; WOW64; rv:33.0) Gecko/20100101 Firefox/33.0"
0:0:0:0:0:0:0:1 - - [11/Dec/2014:09:30:04 +0530] "GET /portal/gadgets/gii-2013-business-sophistication/data-files/gii-2013-business-sophistication-data.jag?pillarId=12 HTTP/1.1" 200 1525 "https://localhost:9443//gadgets/ifr?url=http%3A%2F%2Flocalhost%3A9763%2Fportal%2Fgadgets%2Fgii-2013-business-sophistication%2Fgii-2013-business-sophistication.xml&container=default&view=default&lang=en&country=US&debug=1&nocache=1&sanitize=0&v=d8213105a7083aec18c9bce3596dddd0&testmode=0&parent=https%3A%2F%2Flocalhost%3A9443&mid=0" "Mozilla/5.0 (Windows NT 6.2; WOW64; rv:33.0) Gecko/20100101 Firefox/33.0"
0:0:0:0:0:0:0:1 - - [11/Dec/2014:09:30:18 +0530] "GET /userdashboard/logout.jag HTTP/1.1" 200 1110 "https://localhost:9443/userdashboard/" "Mozilla/5.0 (Windows NT 6.2; WOW64; rv:33.0) Gecko/20100101 Firefox/33.0"
0:0:0:0:0:0:0:1 - - [11/Dec/2014:09:30:18 +0530] "POST /sso/samlsso.jag HTTP/1.1" 200 880 "https://localhost:9443/userdashboard/logout.jag" "Mozilla/5.0 (Windows NT 6.2; WOW64; rv:33.0) Gecko/20100101 Firefox/33.0"
0:0:0:0:0:0:0:1 - - [11/Dec/2014:09:30:18 +0530] "POST /userdashboard/sso HTTP/1.1" 302 - "https://localhost:9443/sso/samlsso.jag" "Mozilla/5.0 (Windows NT 6.2; WOW64; rv:33.0) Gecko/20100101 Firefox/33.0"
0:0:0:0:0:0:0:1 - - [11/Dec/2014:09:30:18 +0530] "GET /userdashboard HTTP/1.1" 302 - "https://localhost:9443/sso/samlsso.jag" "Mozilla/5.0 (Windows NT 6.2; WOW64; rv:33.0) Gecko/20100101 Firefox/33.0"
0:0:0:0:0:0:0:1 - - [11/Dec/2014:09:30:18 +0530] "GET /userdashboard/ HTTP/1.1" 302 - "https://localhost:9443/sso/samlsso.jag" "Mozilla/5.0 (Windows NT 6.2; WOW64; rv:33.0) Gecko/20100101 Firefox/33.0"
0:0:0:0:0:0:0:1 - - [11/Dec/2014:09:30:18 +0530] "GET /userdashboard/login HTTP/1.1" 200 1376 "https://localhost:9443/sso/samlsso.jag" "Mozilla/5.0 (Windows NT 6.2; WOW64; rv:33.0) Gecko/20100101 Firefox/33.0"
0:0:0:0:0:0:0:1 - - [11/Dec/2014:09:30:19 +0530] "POST /sso/samlsso.jag HTTP/1.1" 302 - "https://localhost:9443/userdashboard/login" "Mozilla/5.0 (Windows NT 6.2; WOW64; rv:33.0) Gecko/20100101 Firefox/33.0"
0:0:0:0:0:0:0:1 - - [11/Dec/2014:09:30:19 +0530] "GET /sso/login.jag HTTP/1.1" 200 6668 "https://localhost:9443/userdashboard/login" "Mozilla/5.0 (Windows NT 6.2; WOW64; rv:33.0) Gecko/20100101 Firefox/33.0"
0:0:0:0:0:0:0:1 - - [11/Dec/2014:09:30:19 +0530] "POST /sso/researchareas.jag HTTP/1.1" 200 373 "https://localhost:9443/sso/login.jag" "Mozilla/5.0 (Windows NT 6.2; WOW64; rv:33.0) Gecko/20100101 Firefox/33.0"
0:0:0:0:0:0:0:1 - - [11/Dec/2014:09:30:19 +0530] "POST /sso/researchareas.jag HTTP/1.1" 200 261 "https://localhost:9443/sso/login.jag" "Mozilla/5.0 (Windows NT 6.2; WOW64; rv:33.0) Gecko/20100101 Firefox/33.0"
0:0:0:0:0:0:0:1 - - [11/Dec/2014:09:30:26 +0530] "POST /sso/samlsso.jag HTTP/1.1" 200 2027 "https://localhost:9443/sso/login.jag" "Mozilla/5.0 (Windows NT 6.2; WOW64; rv:33.0) Gecko/20100101 Firefox/33.0"
0:0:0:0:0:0:0:1 - - [11/Dec/2014:09:30:26 +0530] "POST /userdashboard/sso HTTP/1.1" 302 - "https://localhost:9443/sso/samlsso.jag" "Mozilla/5.0 (Windows NT 6.2; WOW64; rv:33.0) Gecko/20100101 Firefox/33.0"
0:0:0:0:0:0:0:1 - - [11/Dec/2014:09:30:26 +0530] "GET /userdashboard HTTP/1.1" 302 - "https://localhost:9443/sso/samlsso.jag" "Mozilla/5.0 (Windows NT 6.2; WOW64; rv:33.0) Gecko/20100101 Firefox/33.0"
0:0:0:0:0:0:0:1 - - [11/Dec/2014:09:30:26 +0530] "GET /userdashboard/ HTTP/1.1" 200 2537 "https://localhost:9443/sso/samlsso.jag" "Mozilla/5.0 (Windows NT 6.2; WOW64; rv:33.0) Gecko/20100101 Firefox/33.0"
0:0:0:0:0:0:0:1 - - [11/Dec/2014:09:30:27 +0530] "POST //rpc?st=-1%3A-1%3A*%3A*%3A*%3A0%3Adefault HTTP/1.1" 200 1473 "https://localhost:9443/userdashboard/" "Mozilla/5.0 (Windows NT 6.2; WOW64; rv:33.0) Gecko/20100101 Firefox/33.0"
