0:0:0:0:0:0:0:1 - - [01/Dec/2014:10:56:09 +0530] "GET /help/images/personalize2.png HTTP/1.1" 404 1007 "https://localhost:9443/help/" "Mozilla/5.0 (Windows NT 6.2; WOW64; rv:33.0) Gecko/20100101 Firefox/33.0"
0:0:0:0:0:0:0:1 - - [01/Dec/2014:10:56:09 +0530] "GET /help/images/personalize4.png HTTP/1.1" 404 1007 "https://localhost:9443/help/" "Mozilla/5.0 (Windows NT 6.2; WOW64; rv:33.0) Gecko/20100101 Firefox/33.0"
0:0:0:0:0:0:0:1 - - [01/Dec/2014:10:56:09 +0530] "GET /help/images/add-gadget1.png HTTP/1.1" 404 1005 "https://localhost:9443/help/" "Mozilla/5.0 (Windows NT 6.2; WOW64; rv:33.0) Gecko/20100101 Firefox/33.0"
0:0:0:0:0:0:0:1 - - [01/Dec/2014:10:56:09 +0530] "GET /help/images/add-gadget2.png HTTP/1.1" 404 1005 "https://localhost:9443/help/" "Mozilla/5.0 (Windows NT 6.2; WOW64; rv:33.0) Gecko/20100101 Firefox/33.0"
0:0:0:0:0:0:0:1 - - [01/Dec/2014:10:56:09 +0530] "GET /help/images/add-gadget3.png HTTP/1.1" 404 1005 "https://localhost:9443/help/" "Mozilla/5.0 (Windows NT 6.2; WOW64; rv:33.0) Gecko/20100101 Firefox/33.0"
0:0:0:0:0:0:0:1 - - [01/Dec/2014:10:56:09 +0530] "GET /help/images/edit-gadget1.png HTTP/1.1" 404 1007 "https://localhost:9443/help/" "Mozilla/5.0 (Windows NT 6.2; WOW64; rv:33.0) Gecko/20100101 Firefox/33.0"
0:0:0:0:0:0:0:1 - - [01/Dec/2014:10:56:09 +0530] "GET /help/images/edit-gadget2.png HTTP/1.1" 404 1007 "https://localhost:9443/help/" "Mozilla/5.0 (Windows NT 6.2; WOW64; rv:33.0) Gecko/20100101 Firefox/33.0"
0:0:0:0:0:0:0:1 - - [01/Dec/2014:10:56:09 +0530] "GET /help/images/edit-gadget5.png HTTP/1.1" 404 1007 "https://localhost:9443/help/" "Mozilla/5.0 (Windows NT 6.2; WOW64; rv:33.0) Gecko/20100101 Firefox/33.0"
0:0:0:0:0:0:0:1 - - [01/Dec/2014:10:56:09 +0530] "GET /help/images/edit-gadget3.png HTTP/1.1" 404 1007 "https://localhost:9443/help/" "Mozilla/5.0 (Windows NT 6.2; WOW64; rv:33.0) Gecko/20100101 Firefox/33.0"
0:0:0:0:0:0:0:1 - - [01/Dec/2014:10:56:09 +0530] "GET /help/images/edit-gadget4.png HTTP/1.1" 404 1007 "https://localhost:9443/help/" "Mozilla/5.0 (Windows NT 6.2; WOW64; rv:33.0) Gecko/20100101 Firefox/33.0"
0:0:0:0:0:0:0:1 - - [01/Dec/2014:10:56:09 +0530] "GET //gadgets/concat?container=default&gadget=http%3A%2F%2Flocalhost%3A9763%2Fportal%2Fgadgets%2Fbubble-chart%2Fbubble-chart.xml&debug=1&nocache=1&type=js&1=http%3A%2F%2Flocalhost%3A9763%2Fportal%2Fjs%2Fflot%2Fexcanvas.min.js&2=http%3A%2F%2Flocalhost%3A9763%2Fportal%2Fjs%2Fflot%2Fjquery.js&3=http%3A%2F%2Flocalhost%3A9763%2Fportal%2Fjs%2Fbootstrap.js&4=http%3A%2F%2Flocalhost%3A9763%2Fportal%2Fjs%2Fflot%2Fjquery.flot.js&5=http%3A%2F%2Flocalhost%3A9763%2Fportal%2Fjs%2Fflot%2Fjquery.flot.selection.js&6=http%3A%2F%2Flocalhost%3A9763%2Fportal%2Fjs%2Fflot%2Fjumflot%2Fjquery.flot.JUMlib.js&7=http%3A%2F%2Flocalhost%3A9763%2Fportal%2Fjs%2Fflot%2Fjumflot%2Fjquery.flot.mouse.js&8=http%3A%2F%2Flocalhost%3A9763%2Fportal%2Fjs%2Fflot%2Fjumflot%2Fjquery.flot.bubbles.js&9=http%3A%2F%2Flocalhost%3A9763%2Fportal%2Fjs%2Fflot%2Fjquery.flot.navigate.js&10=http%3A%2F%2Flocalhost%3A9763%2Fportal%2Fjs%2Fflot%2Fjquery.flot.resize.js&11=http%3A%2F%2Flocalhost%3A9763%2Fportal%2Fgadgets%2Fbubble-chart%2Fjs%2Foptions-bubble.js&12=http%3A%2F%2Flocalhost%3A9763%2Fportal%2Fjs%2Fflot-chart-core.js HTTP/1.1" 304 - "https://localhost:9443//gadgets/ifr?url=http%3A%2F%2Flocalhost%3A9763%2Fportal%2Fgadgets%2Fbubble-chart%2Fbubble-chart.xml&container=default&view=default&lang=en&country=US&debug=1&nocache=1&sanitize=0&v=d8213105a7083aec18c9bce3596dddd0&testmode=0&parent=https%3A%2F%2Flocalhost%3A9443&mid=0" "Mozilla/5.0 (Windows NT 6.2; WOW64; rv:33.0) Gecko/20100101 Firefox/33.0"
0:0:0:0:0:0:0:1 - - [01/Dec/2014:10:56:09 +0530] "GET /store/apis/tag/gadget HTTP/1.1" 200 428 "https://localhost:9443//gadgets/ifr?url=http%3A%2F%2Flocalhost%3A9763%2Fportal%2Fgadgets%2Fshow-assets%2Fshow-assets.xml&container=default&view=default&lang=en&country=US&debug=1&nocache=1&sanitize=0&v=d8213105a7083aec18c9bce3596dddd0&testmode=0&parent=https%3A%2F%2Flocalhost%3A9443&mid=0" "Mozilla/5.0 (Windows NT 6.2; WOW64; rv:33.0) Gecko/20100101 Firefox/33.0"
0:0:0:0:0:0:0:1 - - [01/Dec/2014:10:56:09 +0530] "GET /help/css2/list-styles.css HTTP/1.1" 404 1001 "https://localhost:9443/help/" "Mozilla/5.0 (Windows NT 6.2; WOW64; rv:33.0) Gecko/20100101 Firefox/33.0"
0:0:0:0:0:0:0:1 - - [01/Dec/2014:10:56:09 +0530] "GET /help/font/Lato-Reg-webfont.woff HTTP/1.1" 200 19260 "https://localhost:9443/help/css/styles.css" "Mozilla/5.0 (Windows NT 6.2; WOW64; rv:33.0) Gecko/20100101 Firefox/33.0"
0:0:0:0:0:0:0:1 - - [01/Dec/2014:10:56:09 +0530] "GET /help/font/Lato-Bol-webfont.woff HTTP/1.1" 200 19432 "https://localhost:9443/help/css/styles.css" "Mozilla/5.0 (Windows NT 6.2; WOW64; rv:33.0) Gecko/20100101 Firefox/33.0"
0:0:0:0:0:0:0:1 - - [01/Dec/2014:10:56:09 +0530] "GET /help/img/logo.png HTTP/1.1" 200 4331 "https://localhost:9443/help/css/navigation.css" "Mozilla/5.0 (Windows NT 6.2; WOW64; rv:33.0) Gecko/20100101 Firefox/33.0"
0:0:0:0:0:0:0:1 - - [01/Dec/2014:10:56:09 +0530] "GET /help/font/fontawesome-webfont.woff?v=3.2.1 HTTP/1.1" 200 43572 "https://localhost:9443/help/css/font-awesome.min.css" "Mozilla/5.0 (Windows NT 6.2; WOW64; rv:33.0) Gecko/20100101 Firefox/33.0"
0:0:0:0:0:0:0:1 - - [01/Dec/2014:10:56:10 +0530] "GET /portal/apis/flot-data-files/dataFile5.jag HTTP/1.1" 200 248 "https://localhost:9443//gadgets/ifr?url=http%3A%2F%2Flocalhost%3A9763%2Fportal%2Fgadgets%2Fhorizontal-bar-chart%2Fhorizontal-bar-chart.xml&container=default&view=default&lang=en&country=US&debug=1&nocache=1&sanitize=0&v=d8213105a7083aec18c9bce3596dddd0&testmode=0&parent=https%3A%2F%2Flocalhost%3A9443&mid=0" "Mozilla/5.0 (Windows NT 6.2; WOW64; rv:33.0) Gecko/20100101 Firefox/33.0"
0:0:0:0:0:0:0:1 - - [01/Dec/2014:10:56:10 +0530] "GET /portal/apis/flot-data-files/dataFile3.jag HTTP/1.1" 200 508 "https://localhost:9443//gadgets/ifr?url=http%3A%2F%2Flocalhost%3A9763%2Fportal%2Fgadgets%2Fbubble-chart%2Fbubble-chart.xml&container=default&view=default&lang=en&country=US&debug=1&nocache=1&sanitize=0&v=d8213105a7083aec18c9bce3596dddd0&testmode=0&parent=https%3A%2F%2Flocalhost%3A9443&mid=0" "Mozilla/5.0 (Windows NT 6.2; WOW64; rv:33.0) Gecko/20100101 Firefox/33.0"
0:0:0:0:0:0:0:1 - - [01/Dec/2014:10:56:35 +0530] "GET /help/ HTTP/1.1" 200 2452 "-" "Mozilla/5.0 (Windows NT 6.2; WOW64; rv:33.0) Gecko/20100101 Firefox/33.0"
0:0:0:0:0:0:0:1 - - [01/Dec/2014:10:56:35 +0530] "GET /help/images/sign-in.png HTTP/1.1" 200 9849 "https://localhost:9443/help/" "Mozilla/5.0 (Windows NT 6.2; WOW64; rv:33.0) Gecko/20100101 Firefox/33.0"
0:0:0:0:0:0:0:1 - - [01/Dec/2014:10:56:35 +0530] "GET /help/images/personalize3.png HTTP/1.1" 200 12600 "https://localhost:9443/help/" "Mozilla/5.0 (Windows NT 6.2; WOW64; rv:33.0) Gecko/20100101 Firefox/33.0"
0:0:0:0:0:0:0:1 - - [01/Dec/2014:10:56:35 +0530] "GET /help/images/personalize2.png HTTP/1.1" 200 10605 "https://localhost:9443/help/" "Mozilla/5.0 (Windows NT 6.2; WOW64; rv:33.0) Gecko/20100101 Firefox/33.0"
0:0:0:0:0:0:0:1 - - [01/Dec/2014:10:56:35 +0530] "GET /help/images/personalize4.png HTTP/1.1" 200 13091 "https://localhost:9443/help/" "Mozilla/5.0 (Windows NT 6.2; WOW64; rv:33.0) Gecko/20100101 Firefox/33.0"
0:0:0:0:0:0:0:1 - - [01/Dec/2014:10:56:35 +0530] "GET /help/css/bootstrap.min.css HTTP/1.1" 304 - "https://localhost:9443/help/" "Mozilla/5.0 (Windows NT 6.2; WOW64; rv:33.0) Gecko/20100101 Firefox/33.0"
0:0:0:0:0:0:0:1 - - [01/Dec/2014:10:56:35 +0530] "GET /help/css/bootstrap-responsive.min.css HTTP/1.1" 304 - "https://localhost:9443/help/" "Mozilla/5.0 (Windows NT 6.2; WOW64; rv:33.0) Gecko/20100101 Firefox/33.0"
0:0:0:0:0:0:0:1 - - [01/Dec/2014:10:56:35 +0530] "GET /help/css/font-awesome.min.css HTTP/1.1" 304 - "https://localhost:9443/help/" "Mozilla/5.0 (Windows NT 6.2; WOW64; rv:33.0) Gecko/20100101 Firefox/33.0"
0:0:0:0:0:0:0:1 - - [01/Dec/2014:10:56:35 +0530] "GET /help/images/add-gadget3.png HTTP/1.1" 200 114568 "https://localhost:9443/help/" "Mozilla/5.0 (Windows NT 6.2; WOW64; rv:33.0) Gecko/20100101 Firefox/33.0"
0:0:0:0:0:0:0:1 - - [01/Dec/2014:10:56:35 +0530] "GET /help/images/edit-gadget1.png HTTP/1.1" 200 46070 "https://localhost:9443/help/" "Mozilla/5.0 (Windows NT 6.2; WOW64; rv:33.0) Gecko/20100101 Firefox/33.0"
0:0:0:0:0:0:0:1 - - [01/Dec/2014:10:56:35 +0530] "GET /help/css/font-awesome-ie7.min.css HTTP/1.1" 304 - "https://localhost:9443/help/" "Mozilla/5.0 (Windows NT 6.2; WOW64; rv:33.0) Gecko/20100101 Firefox/33.0"
0:0:0:0:0:0:0:1 - - [01/Dec/2014:10:56:35 +0530] "GET /help/css/navigation.css HTTP/1.1" 304 - "https://localhost:9443/help/" "Mozilla/5.0 (Windows NT 6.2; WOW64; rv:33.0) Gecko/20100101 Firefox/33.0"
0:0:0:0:0:0:0:1 - - [01/Dec/2014:10:56:35 +0530] "GET /help/css/jquery.gridster.min.css HTTP/1.1" 304 - "https://localhost:9443/help/" "Mozilla/5.0 (Windows NT 6.2; WOW64; rv:33.0) Gecko/20100101 Firefox/33.0"
0:0:0:0:0:0:0:1 - - [01/Dec/2014:10:56:35 +0530] "GET /help/css/portal-dashboard-designer.css HTTP/1.1" 304 - "https://localhost:9443/help/" "Mozilla/5.0 (Windows NT 6.2; WOW64; rv:33.0) Gecko/20100101 Firefox/33.0"
0:0:0:0:0:0:0:1 - - [01/Dec/2014:10:56:35 +0530] "GET /help/js/jquery-1.8.3.min.js HTTP/1.1" 304 - "https://localhost:9443/help/" "Mozilla/5.0 (Windows NT 6.2; WOW64; rv:33.0) Gecko/20100101 Firefox/33.0"
0:0:0:0:0:0:0:1 - - [01/Dec/2014:10:56:35 +0530] "GET /help/css/styles.css HTTP/1.1" 304 - "https://localhost:9443/help/" "Mozilla/5.0 (Windows NT 6.2; WOW64; rv:33.0) Gecko/20100101 Firefox/33.0"
0:0:0:0:0:0:0:1 - - [01/Dec/2014:10:56:35 +0530] "GET /help/js/jquery-ui-1.10.1.custom.min.js HTTP/1.1" 304 - "https://localhost:9443/help/" "Mozilla/5.0 (Windows NT 6.2; WOW64; rv:33.0) Gecko/20100101 Firefox/33.0"
0:0:0:0:0:0:0:1 - - [01/Dec/2014:10:56:35 +0530] "GET /help/js/bootstrap.min.js HTTP/1.1" 304 - "https://localhost:9443/help/" "Mozilla/5.0 (Windows NT 6.2; WOW64; rv:33.0) Gecko/20100101 Firefox/33.0"
0:0:0:0:0:0:0:1 - - [01/Dec/2014:10:56:35 +0530] "GET /help/js/navigation.js HTTP/1.1" 304 - "https://localhost:9443/help/" "Mozilla/5.0 (Windows NT 6.2; WOW64; rv:33.0) Gecko/20100101 Firefox/33.0"
0:0:0:0:0:0:0:1 - - [01/Dec/2014:10:56:35 +0530] "GET /help/images/add-gadget1.png HTTP/1.1" 200 15862 "https://localhost:9443/help/" "Mozilla/5.0 (Windows NT 6.2; WOW64; rv:33.0) Gecko/20100101 Firefox/33.0"
0:0:0:0:0:0:0:1 - - [01/Dec/2014:10:56:35 +0530] "GET /help/css2/list-styles.css HTTP/1.1" 404 1001 "https://localhost:9443/help/" "Mozilla/5.0 (Windows NT 6.2; WOW64; rv:33.0) Gecko/20100101 Firefox/33.0"
0:0:0:0:0:0:0:1 - - [01/Dec/2014:10:56:36 +0530] "GET /help/images/personalize1.png HTTP/1.1" 200 8608 "https://localhost:9443/help/" "Mozilla/5.0 (Windows NT 6.2; WOW64; rv:33.0) Gecko/20100101 Firefox/33.0"
0:0:0:0:0:0:0:1 - - [01/Dec/2014:10:56:36 +0530] "GET /help/images/add-gadget2.png HTTP/1.1" 200 21312 "https://localhost:9443/help/" "Mozilla/5.0 (Windows NT 6.2; WOW64; rv:33.0) Gecko/20100101 Firefox/33.0"
0:0:0:0:0:0:0:1 - - [01/Dec/2014:10:56:36 +0530] "GET /help/images/edit-gadget2.png HTTP/1.1" 200 6814 "https://localhost:9443/help/" "Mozilla/5.0 (Windows NT 6.2; WOW64; rv:33.0) Gecko/20100101 Firefox/33.0"
0:0:0:0:0:0:0:1 - - [01/Dec/2014:10:56:36 +0530] "GET /help/images/edit-gadget3.png HTTP/1.1" 200 6236 "https://localhost:9443/help/" "Mozilla/5.0 (Windows NT 6.2; WOW64; rv:33.0) Gecko/20100101 Firefox/33.0"
0:0:0:0:0:0:0:1 - - [01/Dec/2014:10:56:36 +0530] "GET /help/images/edit-gadget4.png HTTP/1.1" 200 6259 "https://localhost:9443/help/" "Mozilla/5.0 (Windows NT 6.2; WOW64; rv:33.0) Gecko/20100101 Firefox/33.0"
0:0:0:0:0:0:0:1 - - [01/Dec/2014:10:56:36 +0530] "GET /help/images/edit-gadget5.png HTTP/1.1" 200 8342 "https://localhost:9443/help/" "Mozilla/5.0 (Windows NT 6.2; WOW64; rv:33.0) Gecko/20100101 Firefox/33.0"
0:0:0:0:0:0:0:1 - - [01/Dec/2014:10:56:36 +0530] "GET /help/css2/list-styles.css HTTP/1.1" 404 1001 "https://localhost:9443/help/" "Mozilla/5.0 (Windows NT 6.2; WOW64; rv:33.0) Gecko/20100101 Firefox/33.0"
0:0:0:0:0:0:0:1 - - [01/Dec/2014:10:56:36 +0530] "GET /help/img/logo.png HTTP/1.1" 304 - "https://localhost:9443/help/css/navigation.css" "Mozilla/5.0 (Windows NT 6.2; WOW64; rv:33.0) Gecko/20100101 Firefox/33.0"
0:0:0:0:0:0:0:1 - - [01/Dec/2014:10:56:55 +0530] "GET /dashboard/ HTTP/1.1" 200 2529 "https://localhost:9443/help/" "Mozilla/5.0 (Windows NT 6.2; WOW64; rv:33.0) Gecko/20100101 Firefox/33.0"
0:0:0:0:0:0:0:1 - - [01/Dec/2014:10:56:56 +0530] "POST //rpc?st=-1%3A-1%3A*%3A*%3A*%3A0%3Adefault HTTP/1.1" 200 1473 "https://localhost:9443/dashboard/" "Mozilla/5.0 (Windows NT 6.2; WOW64; rv:33.0) Gecko/20100101 Firefox/33.0"
0:0:0:0:0:0:0:1 - - [01/Dec/2014:10:56:56 +0530] "GET /dashboard/apis/ues/layout/ HTTP/1.1" 200 4 "https://localhost:9443/dashboard/" "Mozilla/5.0 (Windows NT 6.2; WOW64; rv:33.0) Gecko/20100101 Firefox/33.0"
127.0.0.1 - - [01/Dec/2014:10:56:56 +0530] "GET /portal/gadgets/show-assets/show-assets.xml HTTP/1.1" 200 1769 "-" "Apache Shindig"
0:0:0:0:0:0:0:1 - - [01/Dec/2014:10:56:56 +0530] "GET //gadgets/ifr?url=http%3A%2F%2Flocalhost%3A9763%2Fportal%2Fgadgets%2Fshow-assets%2Fshow-assets.xml&container=default&view=default&lang=en&country=US&debug=1&nocache=1&sanitize=0&v=d8213105a7083aec18c9bce3596dddd0&testmode=0&parent=https%3A%2F%2Flocalhost%3A9443&mid=0 HTTP/1.1" 304 - "https://localhost:9443/dashboard/" "Mozilla/5.0 (Windows NT 6.2; WOW64; rv:33.0) Gecko/20100101 Firefox/33.0"
0:0:0:0:0:0:0:1 - - [01/Dec/2014:10:56:56 +0530] "POST //rpc?st=-1%3A-1%3A*%3A*%3A*%3A0%3Adefault HTTP/1.1" 200 1600 "https://localhost:9443/dashboard/" "Mozilla/5.0 (Windows NT 6.2; WOW64; rv:33.0) Gecko/20100101 Firefox/33.0"
0:0:0:0:0:0:0:1 - - [01/Dec/2014:10:56:56 +0530] "POST //rpc?st=-1%3A-1%3A*%3A*%3A*%3A0%3Adefault HTTP/1.1" 200 1648 "https://localhost:9443/dashboard/" "Mozilla/5.0 (Windows NT 6.2; WOW64; rv:33.0) Gecko/20100101 Firefox/33.0"
127.0.0.1 - - [01/Dec/2014:10:56:57 +0530] "GET /portal/gadgets/show-assets/css/styles.css HTTP/1.1" 200 2062 "-" "Apache Shindig"
127.0.0.1 - - [01/Dec/2014:10:56:57 +0530] "GET /portal/gadgets/show-assets/css/bootstrap.min.css HTTP/1.1" 200 15959 "-" "Apache Shindig"
127.0.0.1 - - [01/Dec/2014:10:56:57 +0530] "GET /portal/gadgets/bubble-chart/bubble-chart.xml HTTP/1.1" 200 1044 "-" "Apache Shindig"
127.0.0.1 - - [01/Dec/2014:10:56:57 +0530] "GET /portal/gadgets/horizontal-bar-chart/horizontal-bar-chart.xml HTTP/1.1" 200 1036 "-" "Apache Shindig"
0:0:0:0:0:0:0:1 - - [01/Dec/2014:10:56:57 +0530] "GET //gadgets/ifr?url=http%3A%2F%2Flocalhost%3A9763%2Fportal%2Fgadgets%2Fhorizontal-bar-chart%2Fhorizontal-bar-chart.xml&container=default&view=default&lang=en&country=US&debug=1&nocache=1&sanitize=0&v=d8213105a7083aec18c9bce3596dddd0&testmode=0&parent=https%3A%2F%2Flocalhost%3A9443&mid=0 HTTP/1.1" 304 - "https://localhost:9443/dashboard/" "Mozilla/5.0 (Windows NT 6.2; WOW64; rv:33.0) Gecko/20100101 Firefox/33.0"
127.0.0.1 - - [01/Dec/2014:10:56:57 +0530] "GET /portal/gadgets/show-assets/show-assets.xml HTTP/1.1" 200 1769 "-" "Apache Shindig"
0:0:0:0:0:0:0:1 - - [01/Dec/2014:10:56:57 +0530] "GET //gadgets/ifr?url=http%3A%2F%2Flocalhost%3A9763%2Fportal%2Fgadgets%2Fbubble-chart%2Fbubble-chart.xml&container=default&view=default&lang=en&country=US&debug=1&nocache=1&sanitize=0&v=d8213105a7083aec18c9bce3596dddd0&testmode=0&parent=https%3A%2F%2Flocalhost%3A9443&mid=0 HTTP/1.1" 304 - "https://localhost:9443/dashboard/" "Mozilla/5.0 (Windows NT 6.2; WOW64; rv:33.0) Gecko/20100101 Firefox/33.0"
127.0.0.1 - - [01/Dec/2014:10:56:57 +0530] "GET /portal/gadgets/show-assets/show-assets.xml HTTP/1.1" 200 1769 "-" "Apache Shindig"
0:0:0:0:0:0:0:1 - - [01/Dec/2014:10:56:57 +0530] "GET //gadgets/concat?container=default&gadget=http%3A%2F%2Flocalhost%3A9763%2Fportal%2Fgadgets%2Fshow-assets%2Fshow-assets.xml&debug=1&nocache=1&type=css&1=http%3A%2F%2Flocalhost%3A9763%2Fportal%2Fgadgets%2Fshow-assets%2Fcss%2Fbootstrap.min.css&2=http%3A%2F%2Flocalhost%3A9763%2Fportal%2Fgadgets%2Fshow-assets%2Fcss%2Fstyles.css HTTP/1.1" 304 - "https://localhost:9443//gadgets/ifr?url=http%3A%2F%2Flocalhost%3A9763%2Fportal%2Fgadgets%2Fshow-assets%2Fshow-assets.xml&container=default&view=default&lang=en&country=US&debug=1&nocache=1&sanitize=0&v=d8213105a7083aec18c9bce3596dddd0&testmode=0&parent=https%3A%2F%2Flocalhost%3A9443&mid=0" "Mozilla/5.0 (Windows NT 6.2; WOW64; rv:33.0) Gecko/20100101 Firefox/33.0"
127.0.0.1 - - [01/Dec/2014:10:56:57 +0530] "GET /portal/gadgets/show-assets/js/bootstrap.min.js HTTP/1.1" 200 4218 "-" "Apache Shindig"
127.0.0.1 - - [01/Dec/2014:10:56:57 +0530] "GET /portal/gadgets/show-assets/js/load-assets.js HTTP/1.1" 200 2901 "-" "Apache Shindig"
127.0.0.1 - - [01/Dec/2014:10:56:57 +0530] "GET /portal/gadgets/show-assets/js/jquery.nicescroll.min.js HTTP/1.1" 200 14017 "-" "Apache Shindig"
127.0.0.1 - - [01/Dec/2014:10:56:57 +0530] "GET /portal/themes/portal/css/flot-graph.css HTTP/1.1" 200 1294 "-" "Apache Shindig"
127.0.0.1 - - [01/Dec/2014:10:56:57 +0530] "GET /portal/themes/portal/css/bootstrap.min.css HTTP/1.1" 200 18754 "-" "Apache Shindig"
127.0.0.1 - - [01/Dec/2014:10:56:57 +0530] "GET /portal/gadgets/show-assets/js/jquery.validate.js HTTP/1.1" 200 10011 "-" "Apache Shindig"
127.0.0.1 - - [01/Dec/2014:10:56:57 +0530] "GET /portal/gadgets/show-assets/js/jquery-1.8.3.min.js HTTP/1.1" 200 33942 "-" "Apache Shindig"
127.0.0.1 - - [01/Dec/2014:10:56:57 +0530] "GET /portal/gadgets/show-assets/js/handlebars.js HTTP/1.1" 200 18303 "-" "Apache Shindig"
127.0.0.1 - - [01/Dec/2014:10:56:57 +0530] "GET /portal/themes/portal/css/bootstrap.min.css HTTP/1.1" 200 18754 "-" "Apache Shindig"
127.0.0.1 - - [01/Dec/2014:10:56:57 +0530] "GET /portal/themes/portal/css/flot-graph.css HTTP/1.1" 200 1294 "-" "Apache Shindig"
127.0.0.1 - - [01/Dec/2014:10:56:57 +0530] "GET /portal/gadgets/horizontal-bar-chart/horizontal-bar-chart.xml HTTP/1.1" 200 1036 "-" "Apache Shindig"
127.0.0.1 - - [01/Dec/2014:10:56:57 +0530] "GET /portal/gadgets/bubble-chart/bubble-chart.xml HTTP/1.1" 200 1044 "-" "Apache Shindig"
127.0.0.1 - - [01/Dec/2014:10:56:57 +0530] "GET /portal/gadgets/bubble-chart/bubble-chart.xml HTTP/1.1" 200 1044 "-" "Apache Shindig"
127.0.0.1 - - [01/Dec/2014:10:56:57 +0530] "GET /portal/gadgets/horizontal-bar-chart/horizontal-bar-chart.xml HTTP/1.1" 200 1036 "-" "Apache Shindig"
127.0.0.1 - - [01/Dec/2014:10:56:57 +0530] "GET /portal/gadgets/show-assets/show-assets.xml HTTP/1.1" 200 1769 "-" "Apache Shindig"
127.0.0.1 - - [01/Dec/2014:10:56:57 +0530] "GET /portal/gadgets/show-assets/show-assets.xml HTTP/1.1" 200 1769 "-" "Apache Shindig"
127.0.0.1 - - [01/Dec/2014:10:56:57 +0530] "GET /portal/gadgets/show-assets/show-assets.xml HTTP/1.1" 200 1769 "-" "Apache Shindig"
0:0:0:0:0:0:0:1 - - [01/Dec/2014:10:56:57 +0530] "GET //gadgets/concat?container=default&gadget=http%3A%2F%2Flocalhost%3A9763%2Fportal%2Fgadgets%2Fbubble-chart%2Fbubble-chart.xml&debug=1&nocache=1&type=css&1=http%3A%2F%2Flocalhost%3A9763%2Fportal%2Fthemes%2Fportal%2Fcss%2Fflot-graph.css&2=http%3A%2F%2Flocalhost%3A9763%2Fportal%2Fthemes%2Fportal%2Fcss%2Fbootstrap.min.css HTTP/1.1" 304 - "https://localhost:9443//gadgets/ifr?url=http%3A%2F%2Flocalhost%3A9763%2Fportal%2Fgadgets%2Fbubble-chart%2Fbubble-chart.xml&container=default&view=default&lang=en&country=US&debug=1&nocache=1&sanitize=0&v=d8213105a7083aec18c9bce3596dddd0&testmode=0&parent=https%3A%2F%2Flocalhost%3A9443&mid=0" "Mozilla/5.0 (Windows NT 6.2; WOW64; rv:33.0) Gecko/20100101 Firefox/33.0"
0:0:0:0:0:0:0:1 - - [01/Dec/2014:10:56:57 +0530] "GET //gadgets/concat?container=default&gadget=http%3A%2F%2Flocalhost%3A9763%2Fportal%2Fgadgets%2Fhorizontal-bar-chart%2Fhorizontal-bar-chart.xml&debug=1&nocache=1&type=css&1=http%3A%2F%2Flocalhost%3A9763%2Fportal%2Fthemes%2Fportal%2Fcss%2Fflot-graph.css&2=http%3A%2F%2Flocalhost%3A9763%2Fportal%2Fthemes%2Fportal%2Fcss%2Fbootstrap.min.css HTTP/1.1" 304 - "https://localhost:9443//gadgets/ifr?url=http%3A%2F%2Flocalhost%3A9763%2Fportal%2Fgadgets%2Fhorizontal-bar-chart%2Fhorizontal-bar-chart.xml&container=default&view=default&lang=en&country=US&debug=1&nocache=1&sanitize=0&v=d8213105a7083aec18c9bce3596dddd0&testmode=0&parent=https%3A%2F%2Flocalhost%3A9443&mid=0" "Mozilla/5.0 (Windows NT 6.2; WOW64; rv:33.0) Gecko/20100101 Firefox/33.0"
127.0.0.1 - - [01/Dec/2014:10:56:57 +0530] "GET /portal/js/flot/jumflot/jquery.flot.mouse.js HTTP/1.1" 200 3457 "-" "Apache Shindig"
127.0.0.1 - - [01/Dec/2014:10:56:57 +0530] "GET /portal/js/flot/jquery.flot.resize.js HTTP/1.1" 200 1178 "-" "Apache Shindig"
127.0.0.1 - - [01/Dec/2014:10:56:57 +0530] "GET /portal/js/flot/jquery.flot.navigate.js HTTP/1.1" 200 4603 "-" "Apache Shindig"
127.0.0.1 - - [01/Dec/2014:10:56:57 +0530] "GET /portal/js/flot/jquery.flot.selection.js HTTP/1.1" 200 3861 "-" "Apache Shindig"
127.0.0.1 - - [01/Dec/2014:10:56:57 +0530] "GET /portal/gadgets/show-assets/show-assets.xml HTTP/1.1" 200 1769 "-" "Apache Shindig"
127.0.0.1 - - [01/Dec/2014:10:56:57 +0530] "GET /portal/js/flot/jumflot/jquery.flot.JUMlib.js HTTP/1.1" 200 5243 "-" "Apache Shindig"
127.0.0.1 - - [01/Dec/2014:10:56:57 +0530] "GET /portal/js/flot/jquery.flot.resize.js HTTP/1.1" 200 1178 "-" "Apache Shindig"
127.0.0.1 - - [01/Dec/2014:10:56:57 +0530] "GET /portal/js/flot/jquery.flot.selection.js HTTP/1.1" 200 3861 "-" "Apache Shindig"
127.0.0.1 - - [01/Dec/2014:10:56:57 +0530] "GET /portal/js/flot/excanvas.min.js HTTP/1.1" 200 8433 "-" "Apache Shindig"
127.0.0.1 - - [01/Dec/2014:10:56:57 +0530] "GET /portal/js/bootstrap.js HTTP/1.1" 200 10558 "-" "Apache Shindig"
127.0.0.1 - - [01/Dec/2014:10:56:57 +0530] "GET /portal/js/flot/jumflot/jquery.flot.bubbles.js HTTP/1.1" 200 2382 "-" "Apache Shindig"
127.0.0.1 - - [01/Dec/2014:10:56:57 +0530] "GET /portal/js/flot-chart-core.js HTTP/1.1" 200 1687 "-" "Apache Shindig"
127.0.0.1 - - [01/Dec/2014:10:56:57 +0530] "GET /portal/js/flot/jquery.flot.js HTTP/1.1" 200 26419 "-" "Apache Shindig"
127.0.0.1 - - [01/Dec/2014:10:56:57 +0530] "GET /portal/gadgets/bubble-chart/js/options-bubble.js HTTP/1.1" 200 642 "-" "Apache Shindig"
127.0.0.1 - - [01/Dec/2014:10:56:57 +0530] "GET /portal/js/flot/excanvas.min.js HTTP/1.1" 200 8433 "-" "Apache Shindig"
127.0.0.1 - - [01/Dec/2014:10:56:57 +0530] "GET /portal/js/bootstrap.js HTTP/1.1" 200 10558 "-" "Apache Shindig"
127.0.0.1 - - [01/Dec/2014:10:56:57 +0530] "GET /portal/gadgets/horizontal-bar-chart/js/options-horizontal-bar.js HTTP/1.1" 200 930 "-" "Apache Shindig"
127.0.0.1 - - [01/Dec/2014:10:56:57 +0530] "GET /portal/js/flot/jquery.flot.navigate.js HTTP/1.1" 200 4603 "-" "Apache Shindig"
127.0.0.1 - - [01/Dec/2014:10:56:57 +0530] "GET /portal/js/flot-chart-core.js HTTP/1.1" 200 1687 "-" "Apache Shindig"
127.0.0.1 - - [01/Dec/2014:10:56:57 +0530] "GET /portal/js/flot/jquery.flot.js HTTP/1.1" 200 26419 "-" "Apache Shindig"
127.0.0.1 - - [01/Dec/2014:10:56:58 +0530] "GET /portal/gadgets/show-assets/show-assets.xml HTTP/1.1" 200 1769 "-" "Apache Shindig"
127.0.0.1 - - [01/Dec/2014:10:56:58 +0530] "GET /portal/gadgets/show-assets/show-assets.xml HTTP/1.1" 200 1769 "-" "Apache Shindig"
127.0.0.1 - - [01/Dec/2014:10:56:58 +0530] "GET /portal/js/flot/jquery.js HTTP/1.1" 200 81076 "-" "Apache Shindig"
127.0.0.1 - - [01/Dec/2014:10:56:58 +0530] "GET /portal/gadgets/horizontal-bar-chart/horizontal-bar-chart.xml HTTP/1.1" 200 1036 "-" "Apache Shindig"
0:0:0:0:0:0:0:1 - - [01/Dec/2014:10:56:58 +0530] "GET //gadgets/concat?container=default&gadget=http%3A%2F%2Flocalhost%3A9763%2Fportal%2Fgadgets%2Fshow-assets%2Fshow-assets.xml&debug=1&nocache=1&type=js&1=http%3A%2F%2Flocalhost%3A9763%2Fportal%2Fgadgets%2Fshow-assets%2Fjs%2Fjquery-1.8.3.min.js&2=http%3A%2F%2Flocalhost%3A9763%2Fportal%2Fgadgets%2Fshow-assets%2Fjs%2Fjquery.validate.js&3=http%3A%2F%2Flocalhost%3A9763%2Fportal%2Fgadgets%2Fshow-assets%2Fjs%2Fhandlebars.js&4=http%3A%2F%2Flocalhost%3A9763%2Fportal%2Fgadgets%2Fshow-assets%2Fjs%2Fbootstrap.min.js&5=http%3A%2F%2Flocalhost%3A9763%2Fportal%2Fgadgets%2Fshow-assets%2Fjs%2Fload-assets.js&6=http%3A%2F%2Flocalhost%3A9763%2Fportal%2Fgadgets%2Fshow-assets%2Fjs%2Fjquery.nicescroll.min.js HTTP/1.1" 304 - "https://localhost:9443//gadgets/ifr?url=http%3A%2F%2Flocalhost%3A9763%2Fportal%2Fgadgets%2Fshow-assets%2Fshow-assets.xml&container=default&view=default&lang=en&country=US&debug=1&nocache=1&sanitize=0&v=d8213105a7083aec18c9bce3596dddd0&testmode=0&parent=https%3A%2F%2Flocalhost%3A9443&mid=0" "Mozilla/5.0 (Windows NT 6.2; WOW64; rv:33.0) Gecko/20100101 Firefox/33.0"
127.0.0.1 - - [01/Dec/2014:10:56:58 +0530] "GET /portal/js/flot/jquery.js HTTP/1.1" 200 81076 "-" "Apache Shindig"
127.0.0.1 - - [01/Dec/2014:10:56:58 +0530] "GET /portal/gadgets/bubble-chart/bubble-chart.xml HTTP/1.1" 200 1044 "-" "Apache Shindig"
127.0.0.1 - - [01/Dec/2014:10:56:58 +0530] "GET /portal/gadgets/horizontal-bar-chart/horizontal-bar-chart.xml HTTP/1.1" 200 1036 "-" "Apache Shindig"
127.0.0.1 - - [01/Dec/2014:10:56:58 +0530] "GET /portal/gadgets/horizontal-bar-chart/horizontal-bar-chart.xml HTTP/1.1" 200 1036 "-" "Apache Shindig"
127.0.0.1 - - [01/Dec/2014:10:56:58 +0530] "GET /portal/gadgets/horizontal-bar-chart/horizontal-bar-chart.xml HTTP/1.1" 200 1036 "-" "Apache Shindig"
127.0.0.1 - - [01/Dec/2014:10:56:58 +0530] "GET /portal/gadgets/horizontal-bar-chart/horizontal-bar-chart.xml HTTP/1.1" 200 1036 "-" "Apache Shindig"
127.0.0.1 - - [01/Dec/2014:10:56:58 +0530] "GET /portal/gadgets/horizontal-bar-chart/horizontal-bar-chart.xml HTTP/1.1" 200 1036 "-" "Apache Shindig"
127.0.0.1 - - [01/Dec/2014:10:56:58 +0530] "GET /portal/gadgets/horizontal-bar-chart/horizontal-bar-chart.xml HTTP/1.1" 200 1036 "-" "Apache Shindig"
0:0:0:0:0:0:0:1 - - [01/Dec/2014:10:56:58 +0530] "GET /store/apis/tag/gadget HTTP/1.1" 200 428 "https://localhost:9443//gadgets/ifr?url=http%3A%2F%2Flocalhost%3A9763%2Fportal%2Fgadgets%2Fshow-assets%2Fshow-assets.xml&container=default&view=default&lang=en&country=US&debug=1&nocache=1&sanitize=0&v=d8213105a7083aec18c9bce3596dddd0&testmode=0&parent=https%3A%2F%2Flocalhost%3A9443&mid=0" "Mozilla/5.0 (Windows NT 6.2; WOW64; rv:33.0) Gecko/20100101 Firefox/33.0"
127.0.0.1 - - [01/Dec/2014:10:56:58 +0530] "GET /portal/gadgets/bubble-chart/bubble-chart.xml HTTP/1.1" 200 1044 "-" "Apache Shindig"
127.0.0.1 - - [01/Dec/2014:10:56:58 +0530] "GET /portal/gadgets/horizontal-bar-chart/horizontal-bar-chart.xml HTTP/1.1" 200 1036 "-" "Apache Shindig"
0:0:0:0:0:0:0:1 - - [01/Dec/2014:10:56:58 +0530] "GET /store/apis/myAsset/ HTTP/1.1" 401 975 "https://localhost:9443//gadgets/ifr?url=http%3A%2F%2Flocalhost%3A9763%2Fportal%2Fgadgets%2Fshow-assets%2Fshow-assets.xml&container=default&view=default&lang=en&country=US&debug=1&nocache=1&sanitize=0&v=d8213105a7083aec18c9bce3596dddd0&testmode=0&parent=https%3A%2F%2Flocalhost%3A9443&mid=0" "Mozilla/5.0 (Windows NT 6.2; WOW64; rv:33.0) Gecko/20100101 Firefox/33.0"
127.0.0.1 - - [01/Dec/2014:10:56:58 +0530] "GET /portal/gadgets/bubble-chart/bubble-chart.xml HTTP/1.1" 200 1044 "-" "Apache Shindig"
127.0.0.1 - - [01/Dec/2014:10:56:58 +0530] "GET /portal/gadgets/horizontal-bar-chart/horizontal-bar-chart.xml HTTP/1.1" 200 1036 "-" "Apache Shindig"
127.0.0.1 - - [01/Dec/2014:10:56:58 +0530] "GET /portal/gadgets/bubble-chart/bubble-chart.xml HTTP/1.1" 200 1044 "-" "Apache Shindig"
127.0.0.1 - - [01/Dec/2014:10:56:58 +0530] "GET /portal/gadgets/bubble-chart/bubble-chart.xml HTTP/1.1" 200 1044 "-" "Apache Shindig"
0:0:0:0:0:0:0:1 - - [01/Dec/2014:10:56:58 +0530] "GET //gadgets/concat?container=default&gadget=http%3A%2F%2Flocalhost%3A9763%2Fportal%2Fgadgets%2Fhorizontal-bar-chart%2Fhorizontal-bar-chart.xml&debug=1&nocache=1&type=js&1=http%3A%2F%2Flocalhost%3A9763%2Fportal%2Fjs%2Fflot%2Fexcanvas.min.js&2=http%3A%2F%2Flocalhost%3A9763%2Fportal%2Fjs%2Fflot%2Fjquery.js&3=http%3A%2F%2Flocalhost%3A9763%2Fportal%2Fjs%2Fbootstrap.js&4=http%3A%2F%2Flocalhost%3A9763%2Fportal%2Fjs%2Fflot%2Fjquery.flot.js&5=http%3A%2F%2Flocalhost%3A9763%2Fportal%2Fjs%2Fflot%2Fjquery.flot.selection.js&6=http%3A%2F%2Flocalhost%3A9763%2Fportal%2Fjs%2Fflot%2Fjquery.flot.navigate.js&7=http%3A%2F%2Flocalhost%3A9763%2Fportal%2Fjs%2Fflot%2Fjquery.flot.resize.js&8=http%3A%2F%2Flocalhost%3A9763%2Fportal%2Fgadgets%2Fhorizontal-bar-chart%2Fjs%2Foptions-horizontal-bar.js&9=http%3A%2F%2Flocalhost%3A9763%2Fportal%2Fjs%2Fflot-chart-core.js HTTP/1.1" 304 - "https://localhost:9443//gadgets/ifr?url=http%3A%2F%2Flocalhost%3A9763%2Fportal%2Fgadgets%2Fhorizontal-bar-chart%2Fhorizontal-bar-chart.xml&container=default&view=default&lang=en&country=US&debug=1&nocache=1&sanitize=0&v=d8213105a7083aec18c9bce3596dddd0&testmode=0&parent=https%3A%2F%2Flocalhost%3A9443&mid=0" "Mozilla/5.0 (Windows NT 6.2; WOW64; rv:33.0) Gecko/20100101 Firefox/33.0"
127.0.0.1 - - [01/Dec/2014:10:56:58 +0530] "GET /portal/gadgets/bubble-chart/bubble-chart.xml HTTP/1.1" 200 1044 "-" "Apache Shindig"
127.0.0.1 - - [01/Dec/2014:10:56:58 +0530] "GET /portal/gadgets/bubble-chart/bubble-chart.xml HTTP/1.1" 200 1044 "-" "Apache Shindig"
127.0.0.1 - - [01/Dec/2014:10:56:58 +0530] "GET /portal/gadgets/bubble-chart/bubble-chart.xml HTTP/1.1" 200 1044 "-" "Apache Shindig"
127.0.0.1 - - [01/Dec/2014:10:56:58 +0530] "GET /portal/gadgets/bubble-chart/bubble-chart.xml HTTP/1.1" 200 1044 "-" "Apache Shindig"
127.0.0.1 - - [01/Dec/2014:10:56:58 +0530] "GET /portal/gadgets/bubble-chart/bubble-chart.xml HTTP/1.1" 200 1044 "-" "Apache Shindig"
127.0.0.1 - - [01/Dec/2014:10:56:58 +0530] "GET /portal/gadgets/bubble-chart/bubble-chart.xml HTTP/1.1" 200 1044 "-" "Apache Shindig"
127.0.0.1 - - [01/Dec/2014:10:56:58 +0530] "GET /portal/gadgets/bubble-chart/bubble-chart.xml HTTP/1.1" 200 1044 "-" "Apache Shindig"
0:0:0:0:0:0:0:1 - - [01/Dec/2014:10:56:58 +0530] "GET //gadgets/concat?container=default&gadget=http%3A%2F%2Flocalhost%3A9763%2Fportal%2Fgadgets%2Fbubble-chart%2Fbubble-chart.xml&debug=1&nocache=1&type=js&1=http%3A%2F%2Flocalhost%3A9763%2Fportal%2Fjs%2Fflot%2Fexcanvas.min.js&2=http%3A%2F%2Flocalhost%3A9763%2Fportal%2Fjs%2Fflot%2Fjquery.js&3=http%3A%2F%2Flocalhost%3A9763%2Fportal%2Fjs%2Fbootstrap.js&4=http%3A%2F%2Flocalhost%3A9763%2Fportal%2Fjs%2Fflot%2Fjquery.flot.js&5=http%3A%2F%2Flocalhost%3A9763%2Fportal%2Fjs%2Fflot%2Fjquery.flot.selection.js&6=http%3A%2F%2Flocalhost%3A9763%2Fportal%2Fjs%2Fflot%2Fjumflot%2Fjquery.flot.JUMlib.js&7=http%3A%2F%2Flocalhost%3A9763%2Fportal%2Fjs%2Fflot%2Fjumflot%2Fjquery.flot.mouse.js&8=http%3A%2F%2Flocalhost%3A9763%2Fportal%2Fjs%2Fflot%2Fjumflot%2Fjquery.flot.bubbles.js&9=http%3A%2F%2Flocalhost%3A9763%2Fportal%2Fjs%2Fflot%2Fjquery.flot.navigate.js&10=http%3A%2F%2Flocalhost%3A9763%2Fportal%2Fjs%2Fflot%2Fjquery.flot.resize.js&11=http%3A%2F%2Flocalhost%3A9763%2Fportal%2Fgadgets%2Fbubble-chart%2Fjs%2Foptions-bubble.js&12=http%3A%2F%2Flocalhost%3A9763%2Fportal%2Fjs%2Fflot-chart-core.js HTTP/1.1" 304 - "https://localhost:9443//gadgets/ifr?url=http%3A%2F%2Flocalhost%3A9763%2Fportal%2Fgadgets%2Fbubble-chart%2Fbubble-chart.xml&container=default&view=default&lang=en&country=US&debug=1&nocache=1&sanitize=0&v=d8213105a7083aec18c9bce3596dddd0&testmode=0&parent=https%3A%2F%2Flocalhost%3A9443&mid=0" "Mozilla/5.0 (Windows NT 6.2; WOW64; rv:33.0) Gecko/20100101 Firefox/33.0"
0:0:0:0:0:0:0:1 - - [01/Dec/2014:10:56:59 +0530] "GET /portal/apis/flot-data-files/dataFile5.jag HTTP/1.1" 200 248 "https://localhost:9443//gadgets/ifr?url=http%3A%2F%2Flocalhost%3A9763%2Fportal%2Fgadgets%2Fhorizontal-bar-chart%2Fhorizontal-bar-chart.xml&container=default&view=default&lang=en&country=US&debug=1&nocache=1&sanitize=0&v=d8213105a7083aec18c9bce3596dddd0&testmode=0&parent=https%3A%2F%2Flocalhost%3A9443&mid=0" "Mozilla/5.0 (Windows NT 6.2; WOW64; rv:33.0) Gecko/20100101 Firefox/33.0"
0:0:0:0:0:0:0:1 - - [01/Dec/2014:10:56:59 +0530] "GET /portal/apis/flot-data-files/dataFile3.jag HTTP/1.1" 200 508 "https://localhost:9443//gadgets/ifr?url=http%3A%2F%2Flocalhost%3A9763%2Fportal%2Fgadgets%2Fbubble-chart%2Fbubble-chart.xml&container=default&view=default&lang=en&country=US&debug=1&nocache=1&sanitize=0&v=d8213105a7083aec18c9bce3596dddd0&testmode=0&parent=https%3A%2F%2Flocalhost%3A9443&mid=0" "Mozilla/5.0 (Windows NT 6.2; WOW64; rv:33.0) Gecko/20100101 Firefox/33.0"
0:0:0:0:0:0:0:1 - - [01/Dec/2014:11:01:52 +0530] "GET /dashboard/ HTTP/1.1" 200 2529 "-" "Mozilla/5.0 (Windows NT 6.2; WOW64; rv:33.0) Gecko/20100101 Firefox/33.0"
0:0:0:0:0:0:0:1 - - [01/Dec/2014:11:01:53 +0530] "POST //rpc?st=-1%3A-1%3A*%3A*%3A*%3A0%3Adefault HTTP/1.1" 200 1473 "https://localhost:9443/dashboard/" "Mozilla/5.0 (Windows NT 6.2; WOW64; rv:33.0) Gecko/20100101 Firefox/33.0"
127.0.0.1 - - [01/Dec/2014:11:01:53 +0530] "GET /portal/gadgets/show-assets/show-assets.xml HTTP/1.1" 200 1769 "-" "Apache Shindig"
0:0:0:0:0:0:0:1 - - [01/Dec/2014:11:01:53 +0530] "GET /dashboard/apis/ues/layout/ HTTP/1.1" 200 4 "https://localhost:9443/dashboard/" "Mozilla/5.0 (Windows NT 6.2; WOW64; rv:33.0) Gecko/20100101 Firefox/33.0"
0:0:0:0:0:0:0:1 - - [01/Dec/2014:11:01:53 +0530] "GET //gadgets/ifr?url=http%3A%2F%2Flocalhost%3A9763%2Fportal%2Fgadgets%2Fshow-assets%2Fshow-assets.xml&container=default&view=default&lang=en&country=US&debug=1&nocache=1&sanitize=0&v=d8213105a7083aec18c9bce3596dddd0&testmode=0&parent=https%3A%2F%2Flocalhost%3A9443&mid=0 HTTP/1.1" 304 - "https://localhost:9443/dashboard/" "Mozilla/5.0 (Windows NT 6.2; WOW64; rv:33.0) Gecko/20100101 Firefox/33.0"
0:0:0:0:0:0:0:1 - - [01/Dec/2014:11:01:53 +0530] "POST //rpc?st=-1%3A-1%3A*%3A*%3A*%3A0%3Adefault HTTP/1.1" 200 1600 "https://localhost:9443/dashboard/" "Mozilla/5.0 (Windows NT 6.2; WOW64; rv:33.0) Gecko/20100101 Firefox/33.0"
0:0:0:0:0:0:0:1 - - [01/Dec/2014:11:01:53 +0530] "POST //rpc?st=-1%3A-1%3A*%3A*%3A*%3A0%3Adefault HTTP/1.1" 200 1648 "https://localhost:9443/dashboard/" "Mozilla/5.0 (Windows NT 6.2; WOW64; rv:33.0) Gecko/20100101 Firefox/33.0"
127.0.0.1 - - [01/Dec/2014:11:01:53 +0530] "GET /portal/gadgets/bubble-chart/bubble-chart.xml HTTP/1.1" 200 1044 "-" "Apache Shindig"
127.0.0.1 - - [01/Dec/2014:11:01:53 +0530] "GET /portal/gadgets/show-assets/css/bootstrap.min.css HTTP/1.1" 200 15959 "-" "Apache Shindig"
127.0.0.1 - - [01/Dec/2014:11:01:53 +0530] "GET /portal/gadgets/show-assets/css/styles.css HTTP/1.1" 200 2062 "-" "Apache Shindig"
0:0:0:0:0:0:0:1 - - [01/Dec/2014:11:01:53 +0530] "GET //gadgets/ifr?url=http%3A%2F%2Flocalhost%3A9763%2Fportal%2Fgadgets%2Fbubble-chart%2Fbubble-chart.xml&container=default&view=default&lang=en&country=US&debug=1&nocache=1&sanitize=0&v=d8213105a7083aec18c9bce3596dddd0&testmode=0&parent=https%3A%2F%2Flocalhost%3A9443&mid=0 HTTP/1.1" 304 - "https://localhost:9443/dashboard/" "Mozilla/5.0 (Windows NT 6.2; WOW64; rv:33.0) Gecko/20100101 Firefox/33.0"
127.0.0.1 - - [01/Dec/2014:11:01:53 +0530] "GET /portal/gadgets/show-assets/show-assets.xml HTTP/1.1" 200 1769 "-" "Apache Shindig"
127.0.0.1 - - [01/Dec/2014:11:01:53 +0530] "GET /portal/gadgets/horizontal-bar-chart/horizontal-bar-chart.xml HTTP/1.1" 200 1036 "-" "Apache Shindig"
0:0:0:0:0:0:0:1 - - [01/Dec/2014:11:01:53 +0530] "GET //gadgets/ifr?url=http%3A%2F%2Flocalhost%3A9763%2Fportal%2Fgadgets%2Fhorizontal-bar-chart%2Fhorizontal-bar-chart.xml&container=default&view=default&lang=en&country=US&debug=1&nocache=1&sanitize=0&v=d8213105a7083aec18c9bce3596dddd0&testmode=0&parent=https%3A%2F%2Flocalhost%3A9443&mid=0 HTTP/1.1" 304 - "https://localhost:9443/dashboard/" "Mozilla/5.0 (Windows NT 6.2; WOW64; rv:33.0) Gecko/20100101 Firefox/33.0"
127.0.0.1 - - [01/Dec/2014:11:01:53 +0530] "GET /portal/themes/portal/css/flot-graph.css HTTP/1.1" 200 1294 "-" "Apache Shindig"
127.0.0.1 - - [01/Dec/2014:11:01:53 +0530] "GET /portal/themes/portal/css/bootstrap.min.css HTTP/1.1" 200 18754 "-" "Apache Shindig"
127.0.0.1 - - [01/Dec/2014:11:01:53 +0530] "GET /portal/themes/portal/css/flot-graph.css HTTP/1.1" 200 1294 "-" "Apache Shindig"
127.0.0.1 - - [01/Dec/2014:11:01:53 +0530] "GET /portal/gadgets/show-assets/show-assets.xml HTTP/1.1" 200 1769 "-" "Apache Shindig"
127.0.0.1 - - [01/Dec/2014:11:01:53 +0530] "GET /portal/gadgets/bubble-chart/bubble-chart.xml HTTP/1.1" 200 1044 "-" "Apache Shindig"
127.0.0.1 - - [01/Dec/2014:11:01:53 +0530] "GET /portal/themes/portal/css/bootstrap.min.css HTTP/1.1" 200 18754 "-" "Apache Shindig"
127.0.0.1 - - [01/Dec/2014:11:01:53 +0530] "GET /portal/gadgets/horizontal-bar-chart/horizontal-bar-chart.xml HTTP/1.1" 200 1036 "-" "Apache Shindig"
0:0:0:0:0:0:0:1 - - [01/Dec/2014:11:01:54 +0530] "GET //gadgets/concat?container=default&gadget=http%3A%2F%2Flocalhost%3A9763%2Fportal%2Fgadgets%2Fshow-assets%2Fshow-assets.xml&debug=1&nocache=1&type=css&1=http%3A%2F%2Flocalhost%3A9763%2Fportal%2Fgadgets%2Fshow-assets%2Fcss%2Fbootstrap.min.css&2=http%3A%2F%2Flocalhost%3A9763%2Fportal%2Fgadgets%2Fshow-assets%2Fcss%2Fstyles.css HTTP/1.1" 304 - "https://localhost:9443//gadgets/ifr?url=http%3A%2F%2Flocalhost%3A9763%2Fportal%2Fgadgets%2Fshow-assets%2Fshow-assets.xml&container=default&view=default&lang=en&country=US&debug=1&nocache=1&sanitize=0&v=d8213105a7083aec18c9bce3596dddd0&testmode=0&parent=https%3A%2F%2Flocalhost%3A9443&mid=0" "Mozilla/5.0 (Windows NT 6.2; WOW64; rv:33.0) Gecko/20100101 Firefox/33.0"
127.0.0.1 - - [01/Dec/2014:11:01:54 +0530] "GET /portal/gadgets/bubble-chart/bubble-chart.xml HTTP/1.1" 200 1044 "-" "Apache Shindig"
127.0.0.1 - - [01/Dec/2014:11:01:54 +0530] "GET /portal/gadgets/show-assets/js/bootstrap.min.js HTTP/1.1" 200 4218 "-" "Apache Shindig"
127.0.0.1 - - [01/Dec/2014:11:01:54 +0530] "GET /portal/gadgets/show-assets/js/load-assets.js HTTP/1.1" 200 2901 "-" "Apache Shindig"
127.0.0.1 - - [01/Dec/2014:11:01:54 +0530] "GET /portal/gadgets/horizontal-bar-chart/horizontal-bar-chart.xml HTTP/1.1" 200 1036 "-" "Apache Shindig"
127.0.0.1 - - [01/Dec/2014:11:01:54 +0530] "GET /portal/gadgets/show-assets/js/jquery.validate.js HTTP/1.1" 200 10011 "-" "Apache Shindig"
127.0.0.1 - - [01/Dec/2014:11:01:54 +0530] "GET /portal/gadgets/show-assets/js/handlebars.js HTTP/1.1" 200 18303 "-" "Apache Shindig"
127.0.0.1 - - [01/Dec/2014:11:01:54 +0530] "GET /portal/gadgets/show-assets/js/jquery.nicescroll.min.js HTTP/1.1" 200 14017 "-" "Apache Shindig"
127.0.0.1 - - [01/Dec/2014:11:01:54 +0530] "GET /portal/gadgets/show-assets/js/jquery-1.8.3.min.js HTTP/1.1" 200 33942 "-" "Apache Shindig"
0:0:0:0:0:0:0:1 - - [01/Dec/2014:11:01:54 +0530] "GET //gadgets/concat?container=default&gadget=http%3A%2F%2Flocalhost%3A9763%2Fportal%2Fgadgets%2Fbubble-chart%2Fbubble-chart.xml&debug=1&nocache=1&type=css&1=http%3A%2F%2Flocalhost%3A9763%2Fportal%2Fthemes%2Fportal%2Fcss%2Fflot-graph.css&2=http%3A%2F%2Flocalhost%3A9763%2Fportal%2Fthemes%2Fportal%2Fcss%2Fbootstrap.min.css HTTP/1.1" 304 - "https://localhost:9443//gadgets/ifr?url=http%3A%2F%2Flocalhost%3A9763%2Fportal%2Fgadgets%2Fbubble-chart%2Fbubble-chart.xml&container=default&view=default&lang=en&country=US&debug=1&nocache=1&sanitize=0&v=d8213105a7083aec18c9bce3596dddd0&testmode=0&parent=https%3A%2F%2Flocalhost%3A9443&mid=0" "Mozilla/5.0 (Windows NT 6.2; WOW64; rv:33.0) Gecko/20100101 Firefox/33.0"
127.0.0.1 - - [01/Dec/2014:11:01:54 +0530] "GET /portal/js/flot/excanvas.min.js HTTP/1.1" 200 8433 "-" "Apache Shindig"
127.0.0.1 - - [01/Dec/2014:11:01:54 +0530] "GET /portal/js/bootstrap.js HTTP/1.1" 200 10558 "-" "Apache Shindig"
127.0.0.1 - - [01/Dec/2014:11:01:54 +0530] "GET /portal/js/flot-chart-core.js HTTP/1.1" 200 1687 "-" "Apache Shindig"
127.0.0.1 - - [01/Dec/2014:11:01:54 +0530] "GET /portal/gadgets/bubble-chart/js/options-bubble.js HTTP/1.1" 200 642 "-" "Apache Shindig"
127.0.0.1 - - [01/Dec/2014:11:01:54 +0530] "GET /portal/gadgets/show-assets/show-assets.xml HTTP/1.1" 200 1769 "-" "Apache Shindig"
127.0.0.1 - - [01/Dec/2014:11:01:54 +0530] "GET /portal/js/flot/jquery.flot.resize.js HTTP/1.1" 200 1178 "-" "Apache Shindig"
127.0.0.1 - - [01/Dec/2014:11:01:54 +0530] "GET /portal/js/flot/jumflot/jquery.flot.mouse.js HTTP/1.1" 200 3457 "-" "Apache Shindig"
127.0.0.1 - - [01/Dec/2014:11:01:54 +0530] "GET /portal/js/flot/jquery.flot.js HTTP/1.1" 200 26419 "-" "Apache Shindig"
0:0:0:0:0:0:0:1 - - [01/Dec/2014:11:01:54 +0530] "GET //gadgets/concat?container=default&gadget=http%3A%2F%2Flocalhost%3A9763%2Fportal%2Fgadgets%2Fhorizontal-bar-chart%2Fhorizontal-bar-chart.xml&debug=1&nocache=1&type=css&1=http%3A%2F%2Flocalhost%3A9763%2Fportal%2Fthemes%2Fportal%2Fcss%2Fflot-graph.css&2=http%3A%2F%2Flocalhost%3A9763%2Fportal%2Fthemes%2Fportal%2Fcss%2Fbootstrap.min.css HTTP/1.1" 304 - "https://localhost:9443//gadgets/ifr?url=http%3A%2F%2Flocalhost%3A9763%2Fportal%2Fgadgets%2Fhorizontal-bar-chart%2Fhorizontal-bar-chart.xml&container=default&view=default&lang=en&country=US&debug=1&nocache=1&sanitize=0&v=d8213105a7083aec18c9bce3596dddd0&testmode=0&parent=https%3A%2F%2Flocalhost%3A9443&mid=0" "Mozilla/5.0 (Windows NT 6.2; WOW64; rv:33.0) Gecko/20100101 Firefox/33.0"
127.0.0.1 - - [01/Dec/2014:11:01:54 +0530] "GET /portal/js/flot/jquery.flot.navigate.js HTTP/1.1" 200 4603 "-" "Apache Shindig"
127.0.0.1 - - [01/Dec/2014:11:01:54 +0530] "GET /portal/js/flot/jquery.flot.selection.js HTTP/1.1" 200 3861 "-" "Apache Shindig"
127.0.0.1 - - [01/Dec/2014:11:01:54 +0530] "GET /portal/js/flot/jumflot/jquery.flot.JUMlib.js HTTP/1.1" 200 5243 "-" "Apache Shindig"
127.0.0.1 - - [01/Dec/2014:11:01:54 +0530] "GET /portal/js/flot/jumflot/jquery.flot.bubbles.js HTTP/1.1" 200 2382 "-" "Apache Shindig"
127.0.0.1 - - [01/Dec/2014:11:01:54 +0530] "GET /portal/gadgets/bubble-chart/bubble-chart.xml HTTP/1.1" 200 1044 "-" "Apache Shindig"
127.0.0.1 - - [01/Dec/2014:11:01:54 +0530] "GET /portal/js/flot/excanvas.min.js HTTP/1.1" 200 8433 "-" "Apache Shindig"
127.0.0.1 - - [01/Dec/2014:11:01:54 +0530] "GET /portal/js/flot-chart-core.js HTTP/1.1" 200 1687 "-" "Apache Shindig"
127.0.0.1 - - [01/Dec/2014:11:01:54 +0530] "GET /portal/js/flot/jquery.flot.selection.js HTTP/1.1" 200 3861 "-" "Apache Shindig"
127.0.0.1 - - [01/Dec/2014:11:01:54 +0530] "GET /portal/js/bootstrap.js HTTP/1.1" 200 10558 "-" "Apache Shindig"
127.0.0.1 - - [01/Dec/2014:11:01:54 +0530] "GET /portal/js/flot/jquery.flot.navigate.js HTTP/1.1" 200 4603 "-" "Apache Shindig"
127.0.0.1 - - [01/Dec/2014:11:01:54 +0530] "GET /portal/gadgets/show-assets/show-assets.xml HTTP/1.1" 200 1769 "-" "Apache Shindig"
127.0.0.1 - - [01/Dec/2014:11:01:54 +0530] "GET /portal/gadgets/horizontal-bar-chart/js/options-horizontal-bar.js HTTP/1.1" 200 930 "-" "Apache Shindig"
127.0.0.1 - - [01/Dec/2014:11:01:54 +0530] "GET /portal/js/flot/jquery.flot.resize.js HTTP/1.1" 200 1178 "-" "Apache Shindig"
127.0.0.1 - - [01/Dec/2014:11:01:54 +0530] "GET /portal/js/flot/jquery.js HTTP/1.1" 200 81076 "-" "Apache Shindig"
127.0.0.1 - - [01/Dec/2014:11:01:54 +0530] "GET /portal/js/flot/jquery.flot.js HTTP/1.1" 200 26419 "-" "Apache Shindig"
127.0.0.1 - - [01/Dec/2014:11:01:54 +0530] "GET /portal/js/flot/jquery.js HTTP/1.1" 200 81076 "-" "Apache Shindig"
127.0.0.1 - - [01/Dec/2014:11:01:54 +0530] "GET /portal/gadgets/horizontal-bar-chart/horizontal-bar-chart.xml HTTP/1.1" 200 1036 "-" "Apache Shindig"
127.0.0.1 - - [01/Dec/2014:11:01:55 +0530] "GET /portal/gadgets/show-assets/show-assets.xml HTTP/1.1" 200 1769 "-" "Apache Shindig"
127.0.0.1 - - [01/Dec/2014:11:01:55 +0530] "GET /portal/gadgets/show-assets/show-assets.xml HTTP/1.1" 200 1769 "-" "Apache Shindig"
127.0.0.1 - - [01/Dec/2014:11:01:55 +0530] "GET /portal/gadgets/bubble-chart/bubble-chart.xml HTTP/1.1" 200 1044 "-" "Apache Shindig"
127.0.0.1 - - [01/Dec/2014:11:01:55 +0530] "GET /portal/gadgets/show-assets/show-assets.xml HTTP/1.1" 200 1769 "-" "Apache Shindig"
127.0.0.1 - - [01/Dec/2014:11:01:55 +0530] "GET /portal/gadgets/horizontal-bar-chart/horizontal-bar-chart.xml HTTP/1.1" 200 1036 "-" "Apache Shindig"
127.0.0.1 - - [01/Dec/2014:11:01:55 +0530] "GET /portal/gadgets/show-assets/show-assets.xml HTTP/1.1" 200 1769 "-" "Apache Shindig"
127.0.0.1 - - [01/Dec/2014:11:01:55 +0530] "GET /portal/gadgets/bubble-chart/bubble-chart.xml HTTP/1.1" 200 1044 "-" "Apache Shindig"
127.0.0.1 - - [01/Dec/2014:11:01:55 +0530] "GET /portal/gadgets/horizontal-bar-chart/horizontal-bar-chart.xml HTTP/1.1" 200 1036 "-" "Apache Shindig"
127.0.0.1 - - [01/Dec/2014:11:01:55 +0530] "GET /portal/gadgets/bubble-chart/bubble-chart.xml HTTP/1.1" 200 1044 "-" "Apache Shindig"
0:0:0:0:0:0:0:1 - - [01/Dec/2014:11:01:55 +0530] "GET //gadgets/concat?container=default&gadget=http%3A%2F%2Flocalhost%3A9763%2Fportal%2Fgadgets%2Fshow-assets%2Fshow-assets.xml&debug=1&nocache=1&type=js&1=http%3A%2F%2Flocalhost%3A9763%2Fportal%2Fgadgets%2Fshow-assets%2Fjs%2Fjquery-1.8.3.min.js&2=http%3A%2F%2Flocalhost%3A9763%2Fportal%2Fgadgets%2Fshow-assets%2Fjs%2Fjquery.validate.js&3=http%3A%2F%2Flocalhost%3A9763%2Fportal%2Fgadgets%2Fshow-assets%2Fjs%2Fhandlebars.js&4=http%3A%2F%2Flocalhost%3A9763%2Fportal%2Fgadgets%2Fshow-assets%2Fjs%2Fbootstrap.min.js&5=http%3A%2F%2Flocalhost%3A9763%2Fportal%2Fgadgets%2Fshow-assets%2Fjs%2Fload-assets.js&6=http%3A%2F%2Flocalhost%3A9763%2Fportal%2Fgadgets%2Fshow-assets%2Fjs%2Fjquery.nicescroll.min.js HTTP/1.1" 304 - "https://localhost:9443//gadgets/ifr?url=http%3A%2F%2Flocalhost%3A9763%2Fportal%2Fgadgets%2Fshow-assets%2Fshow-assets.xml&container=default&view=default&lang=en&country=US&debug=1&nocache=1&sanitize=0&v=d8213105a7083aec18c9bce3596dddd0&testmode=0&parent=https%3A%2F%2Flocalhost%3A9443&mid=0" "Mozilla/5.0 (Windows NT 6.2; WOW64; rv:33.0) Gecko/20100101 Firefox/33.0"
127.0.0.1 - - [01/Dec/2014:11:01:55 +0530] "GET /portal/gadgets/horizontal-bar-chart/horizontal-bar-chart.xml HTTP/1.1" 200 1036 "-" "Apache Shindig"
127.0.0.1 - - [01/Dec/2014:11:01:55 +0530] "GET /portal/gadgets/bubble-chart/bubble-chart.xml HTTP/1.1" 200 1044 "-" "Apache Shindig"
127.0.0.1 - - [01/Dec/2014:11:01:55 +0530] "GET /portal/gadgets/bubble-chart/bubble-chart.xml HTTP/1.1" 200 1044 "-" "Apache Shindig"
127.0.0.1 - - [01/Dec/2014:11:01:55 +0530] "GET /portal/gadgets/horizontal-bar-chart/horizontal-bar-chart.xml HTTP/1.1" 200 1036 "-" "Apache Shindig"
127.0.0.1 - - [01/Dec/2014:11:01:55 +0530] "GET /portal/gadgets/bubble-chart/bubble-chart.xml HTTP/1.1" 200 1044 "-" "Apache Shindig"
127.0.0.1 - - [01/Dec/2014:11:01:55 +0530] "GET /portal/gadgets/horizontal-bar-chart/horizontal-bar-chart.xml HTTP/1.1" 200 1036 "-" "Apache Shindig"
127.0.0.1 - - [01/Dec/2014:11:01:55 +0530] "GET /portal/gadgets/bubble-chart/bubble-chart.xml HTTP/1.1" 200 1044 "-" "Apache Shindig"
127.0.0.1 - - [01/Dec/2014:11:01:55 +0530] "GET /portal/gadgets/horizontal-bar-chart/horizontal-bar-chart.xml HTTP/1.1" 200 1036 "-" "Apache Shindig"
127.0.0.1 - - [01/Dec/2014:11:01:55 +0530] "GET /portal/gadgets/horizontal-bar-chart/horizontal-bar-chart.xml HTTP/1.1" 200 1036 "-" "Apache Shindig"
127.0.0.1 - - [01/Dec/2014:11:01:55 +0530] "GET /portal/gadgets/bubble-chart/bubble-chart.xml HTTP/1.1" 200 1044 "-" "Apache Shindig"
127.0.0.1 - - [01/Dec/2014:11:01:55 +0530] "GET /portal/gadgets/bubble-chart/bubble-chart.xml HTTP/1.1" 200 1044 "-" "Apache Shindig"
127.0.0.1 - - [01/Dec/2014:11:01:55 +0530] "GET /portal/gadgets/horizontal-bar-chart/horizontal-bar-chart.xml HTTP/1.1" 200 1036 "-" "Apache Shindig"
127.0.0.1 - - [01/Dec/2014:11:01:55 +0530] "GET /portal/gadgets/bubble-chart/bubble-chart.xml HTTP/1.1" 200 1044 "-" "Apache Shindig"
0:0:0:0:0:0:0:1 - - [01/Dec/2014:11:01:55 +0530] "GET /store/apis/myAsset/ HTTP/1.1" 401 975 "https://localhost:9443//gadgets/ifr?url=http%3A%2F%2Flocalhost%3A9763%2Fportal%2Fgadgets%2Fshow-assets%2Fshow-assets.xml&container=default&view=default&lang=en&country=US&debug=1&nocache=1&sanitize=0&v=d8213105a7083aec18c9bce3596dddd0&testmode=0&parent=https%3A%2F%2Flocalhost%3A9443&mid=0" "Mozilla/5.0 (Windows NT 6.2; WOW64; rv:33.0) Gecko/20100101 Firefox/33.0"
0:0:0:0:0:0:0:1 - - [01/Dec/2014:11:01:55 +0530] "GET //gadgets/concat?container=default&gadget=http%3A%2F%2Flocalhost%3A9763%2Fportal%2Fgadgets%2Fhorizontal-bar-chart%2Fhorizontal-bar-chart.xml&debug=1&nocache=1&type=js&1=http%3A%2F%2Flocalhost%3A9763%2Fportal%2Fjs%2Fflot%2Fexcanvas.min.js&2=http%3A%2F%2Flocalhost%3A9763%2Fportal%2Fjs%2Fflot%2Fjquery.js&3=http%3A%2F%2Flocalhost%3A9763%2Fportal%2Fjs%2Fbootstrap.js&4=http%3A%2F%2Flocalhost%3A9763%2Fportal%2Fjs%2Fflot%2Fjquery.flot.js&5=http%3A%2F%2Flocalhost%3A9763%2Fportal%2Fjs%2Fflot%2Fjquery.flot.selection.js&6=http%3A%2F%2Flocalhost%3A9763%2Fportal%2Fjs%2Fflot%2Fjquery.flot.navigate.js&7=http%3A%2F%2Flocalhost%3A9763%2Fportal%2Fjs%2Fflot%2Fjquery.flot.resize.js&8=http%3A%2F%2Flocalhost%3A9763%2Fportal%2Fgadgets%2Fhorizontal-bar-chart%2Fjs%2Foptions-horizontal-bar.js&9=http%3A%2F%2Flocalhost%3A9763%2Fportal%2Fjs%2Fflot-chart-core.js HTTP/1.1" 304 - "https://localhost:9443//gadgets/ifr?url=http%3A%2F%2Flocalhost%3A9763%2Fportal%2Fgadgets%2Fhorizontal-bar-chart%2Fhorizontal-bar-chart.xml&container=default&view=default&lang=en&country=US&debug=1&nocache=1&sanitize=0&v=d8213105a7083aec18c9bce3596dddd0&testmode=0&parent=https%3A%2F%2Flocalhost%3A9443&mid=0" "Mozilla/5.0 (Windows NT 6.2; WOW64; rv:33.0) Gecko/20100101 Firefox/33.0"
0:0:0:0:0:0:0:1 - - [01/Dec/2014:11:01:55 +0530] "GET /store/apis/tag/gadget HTTP/1.1" 200 428 "https://localhost:9443//gadgets/ifr?url=http%3A%2F%2Flocalhost%3A9763%2Fportal%2Fgadgets%2Fshow-assets%2Fshow-assets.xml&container=default&view=default&lang=en&country=US&debug=1&nocache=1&sanitize=0&v=d8213105a7083aec18c9bce3596dddd0&testmode=0&parent=https%3A%2F%2Flocalhost%3A9443&mid=0" "Mozilla/5.0 (Windows NT 6.2; WOW64; rv:33.0) Gecko/20100101 Firefox/33.0"
127.0.0.1 - - [01/Dec/2014:11:01:55 +0530] "GET /portal/gadgets/bubble-chart/bubble-chart.xml HTTP/1.1" 200 1044 "-" "Apache Shindig"
