0:0:0:0:0:0:0:1 - - [01/Dec/2014:10:54:40 +0530] "GET //gadgets/ifr?url=http%3A%2F%2Flocalhost%3A9763%2Fportal%2Fgadgets%2Fintro-gadget-1%2Fintro-gadget-1.xml&container=default&view=default&lang=en&country=US&debug=1&nocache=1&sanitize=0&v=d8213105a7083aec18c9bce3596dddd0&testmode=0&parent=https%3A%2F%2Flocalhost%3A9443&mid=0 HTTP/1.1" 304 - "https://localhost:9443/portal/" "Mozilla/5.0 (Windows NT 6.2; WOW64; rv:33.0) Gecko/20100101 Firefox/33.0"
0:0:0:0:0:0:0:1 - - [01/Dec/2014:10:54:40 +0530] "GET //gadgets/ifr?url=http%3A%2F%2Flocalhost%3A9763%2Fportal%2Fgadgets%2Fintro-gadget-2%2Fintro-gadget-2.xml&container=default&view=default&lang=en&country=US&debug=1&nocache=1&sanitize=0&v=d8213105a7083aec18c9bce3596dddd0&testmode=0&parent=https%3A%2F%2Flocalhost%3A9443&mid=0 HTTP/1.1" 304 - "https://localhost:9443/portal/" "Mozilla/5.0 (Windows NT 6.2; WOW64; rv:33.0) Gecko/20100101 Firefox/33.0"
127.0.0.1 - - [01/Dec/2014:10:54:40 +0530] "GET /portal/themes/portal/css/flot-graph.css HTTP/1.1" 200 1294 "-" "Apache Shindig"
127.0.0.1 - - [01/Dec/2014:10:54:40 +0530] "GET /portal/gadgets/intro-gadget-1/intro-gadget-1.xml HTTP/1.1" 200 881 "-" "Apache Shindig"
0:0:0:0:0:0:0:1 - - [01/Dec/2014:10:54:40 +0530] "GET //gadgets/proxy?container=default&gadget=http%3A%2F%2Flocalhost%3A9763%2Fportal%2Fgadgets%2Fintro-gadget-1%2Fintro-gadget-1.xml&debug=1&nocache=1&html_tag_context=link&url=http%3A%2F%2Flocalhost%3A9763%2Fportal%2Fthemes%2Fportal%2Fcss%2Fflot-graph.css HTTP/1.1" 304 - "https://localhost:9443//gadgets/ifr?url=http%3A%2F%2Flocalhost%3A9763%2Fportal%2Fgadgets%2Fintro-gadget-1%2Fintro-gadget-1.xml&container=default&view=default&lang=en&country=US&debug=1&nocache=1&sanitize=0&v=d8213105a7083aec18c9bce3596dddd0&testmode=0&parent=https%3A%2F%2Flocalhost%3A9443&mid=0" "Mozilla/5.0 (Windows NT 6.2; WOW64; rv:33.0) Gecko/20100101 Firefox/33.0"
127.0.0.1 - - [01/Dec/2014:10:54:40 +0530] "GET /portal/gadgets/intro-gadget-1/js/intro-gadget-1.js HTTP/1.1" 200 1848 "-" "Apache Shindig"
127.0.0.1 - - [01/Dec/2014:10:54:40 +0530] "GET /portal/js/flot/excanvas.min.js HTTP/1.1" 200 8433 "-" "Apache Shindig"
127.0.0.1 - - [01/Dec/2014:10:54:40 +0530] "GET /portal/js/flot/jquery.flot.js HTTP/1.1" 200 26419 "-" "Apache Shindig"
127.0.0.1 - - [01/Dec/2014:10:54:40 +0530] "GET /portal/themes/portal/css/flot-graph.css HTTP/1.1" 200 1294 "-" "Apache Shindig"
127.0.0.1 - - [01/Dec/2014:10:54:40 +0530] "GET /portal/js/flot/jquery.js HTTP/1.1" 200 81076 "-" "Apache Shindig"
127.0.0.1 - - [01/Dec/2014:10:54:40 +0530] "GET /portal/gadgets/intro-gadget-2/intro-gadget-2.xml HTTP/1.1" 200 959 "-" "Apache Shindig"
0:0:0:0:0:0:0:1 - - [01/Dec/2014:10:54:40 +0530] "GET //gadgets/proxy?container=default&gadget=http%3A%2F%2Flocalhost%3A9763%2Fportal%2Fgadgets%2Fintro-gadget-2%2Fintro-gadget-2.xml&debug=1&nocache=1&html_tag_context=link&url=http%3A%2F%2Flocalhost%3A9763%2Fportal%2Fthemes%2Fportal%2Fcss%2Fflot-graph.css HTTP/1.1" 304 - "https://localhost:9443//gadgets/ifr?url=http%3A%2F%2Flocalhost%3A9763%2Fportal%2Fgadgets%2Fintro-gadget-2%2Fintro-gadget-2.xml&container=default&view=default&lang=en&country=US&debug=1&nocache=1&sanitize=0&v=d8213105a7083aec18c9bce3596dddd0&testmode=0&parent=https%3A%2F%2Flocalhost%3A9443&mid=0" "Mozilla/5.0 (Windows NT 6.2; WOW64; rv:33.0) Gecko/20100101 Firefox/33.0"
127.0.0.1 - - [01/Dec/2014:10:54:40 +0530] "GET /portal/js/flot/excanvas.min.js HTTP/1.1" 200 8433 "-" "Apache Shindig"
127.0.0.1 - - [01/Dec/2014:10:54:40 +0530] "GET /portal/js/flot/jquery.flot.js HTTP/1.1" 200 26419 "-" "Apache Shindig"
127.0.0.1 - - [01/Dec/2014:10:54:41 +0530] "GET /portal/gadgets/intro-gadget-2/js/intro-gadget-2.js HTTP/1.1" 200 1866 "-" "Apache Shindig"
127.0.0.1 - - [01/Dec/2014:10:54:41 +0530] "GET /portal/gadgets/intro-gadget-2/intro-gadget-2.xml HTTP/1.1" 200 959 "-" "Apache Shindig"
127.0.0.1 - - [01/Dec/2014:10:54:41 +0530] "GET /portal/gadgets/intro-gadget-1/intro-gadget-1.xml HTTP/1.1" 200 881 "-" "Apache Shindig"
127.0.0.1 - - [01/Dec/2014:10:54:41 +0530] "GET /portal/js/flot/jquery.js HTTP/1.1" 200 81076 "-" "Apache Shindig"
127.0.0.1 - - [01/Dec/2014:10:54:41 +0530] "GET /portal/gadgets/intro-gadget-1/intro-gadget-1.xml HTTP/1.1" 200 881 "-" "Apache Shindig"
127.0.0.1 - - [01/Dec/2014:10:54:41 +0530] "GET /portal/gadgets/intro-gadget-1/intro-gadget-1.xml HTTP/1.1" 200 881 "-" "Apache Shindig"
127.0.0.1 - - [01/Dec/2014:10:54:41 +0530] "GET /portal/gadgets/intro-gadget-1/intro-gadget-1.xml HTTP/1.1" 200 881 "-" "Apache Shindig"
127.0.0.1 - - [01/Dec/2014:10:54:41 +0530] "GET /portal/gadgets/intro-gadget-2/intro-gadget-2.xml HTTP/1.1" 200 959 "-" "Apache Shindig"
0:0:0:0:0:0:0:1 - - [01/Dec/2014:10:54:41 +0530] "GET //gadgets/concat?container=default&gadget=http%3A%2F%2Flocalhost%3A9763%2Fportal%2Fgadgets%2Fintro-gadget-1%2Fintro-gadget-1.xml&debug=1&nocache=1&type=js&1=http%3A%2F%2Flocalhost%3A9763%2Fportal%2Fjs%2Fflot%2Fexcanvas.min.js&2=http%3A%2F%2Flocalhost%3A9763%2Fportal%2Fjs%2Fflot%2Fjquery.js&3=http%3A%2F%2Flocalhost%3A9763%2Fportal%2Fjs%2Fflot%2Fjquery.flot.js&4=http%3A%2F%2Flocalhost%3A9763%2Fportal%2Fgadgets%2Fintro-gadget-1%2Fjs%2Fintro-gadget-1.js HTTP/1.1" 304 - "https://localhost:9443//gadgets/ifr?url=http%3A%2F%2Flocalhost%3A9763%2Fportal%2Fgadgets%2Fintro-gadget-1%2Fintro-gadget-1.xml&container=default&view=default&lang=en&country=US&debug=1&nocache=1&sanitize=0&v=d8213105a7083aec18c9bce3596dddd0&testmode=0&parent=https%3A%2F%2Flocalhost%3A9443&mid=0" "Mozilla/5.0 (Windows NT 6.2; WOW64; rv:33.0) Gecko/20100101 Firefox/33.0"
127.0.0.1 - - [01/Dec/2014:10:54:41 +0530] "GET /portal/gadgets/intro-gadget-2/intro-gadget-2.xml HTTP/1.1" 200 959 "-" "Apache Shindig"
127.0.0.1 - - [01/Dec/2014:10:54:41 +0530] "GET /portal/gadgets/intro-gadget-2/intro-gadget-2.xml HTTP/1.1" 200 959 "-" "Apache Shindig"
0:0:0:0:0:0:0:1 - - [01/Dec/2014:10:54:41 +0530] "GET //gadgets/concat?container=default&gadget=http%3A%2F%2Flocalhost%3A9763%2Fportal%2Fgadgets%2Fintro-gadget-2%2Fintro-gadget-2.xml&debug=1&nocache=1&type=js&1=http%3A%2F%2Flocalhost%3A9763%2Fportal%2Fjs%2Fflot%2Fexcanvas.min.js&2=http%3A%2F%2Flocalhost%3A9763%2Fportal%2Fjs%2Fflot%2Fjquery.js&3=http%3A%2F%2Flocalhost%3A9763%2Fportal%2Fjs%2Fflot%2Fjquery.flot.js&4=http%3A%2F%2Flocalhost%3A9763%2Fportal%2Fgadgets%2Fintro-gadget-2%2Fjs%2Fintro-gadget-2.js HTTP/1.1" 304 - "https://localhost:9443//gadgets/ifr?url=http%3A%2F%2Flocalhost%3A9763%2Fportal%2Fgadgets%2Fintro-gadget-2%2Fintro-gadget-2.xml&container=default&view=default&lang=en&country=US&debug=1&nocache=1&sanitize=0&v=d8213105a7083aec18c9bce3596dddd0&testmode=0&parent=https%3A%2F%2Flocalhost%3A9443&mid=0" "Mozilla/5.0 (Windows NT 6.2; WOW64; rv:33.0) Gecko/20100101 Firefox/33.0"
127.0.0.1 - - [01/Dec/2014:10:54:41 +0530] "GET /portal/gadgets/intro-gadget-1/img/title.png HTTP/1.1" 200 4159 "-" "Apache Shindig"
127.0.0.1 - - [01/Dec/2014:10:54:41 +0530] "GET /portal/gadgets/intro-gadget-1/intro-gadget-1.xml HTTP/1.1" 200 881 "-" "Apache Shindig"
0:0:0:0:0:0:0:1 - - [01/Dec/2014:10:54:41 +0530] "GET //gadgets/proxy?container=default&gadget=http%3A%2F%2Flocalhost%3A9763%2Fportal%2Fgadgets%2Fintro-gadget-1%2Fintro-gadget-1.xml&debug=1&nocache=1&html_tag_context=img&url=http%3A%2F%2Flocalhost%3A9763%2Fportal%2Fgadgets%2Fintro-gadget-1%2Fimg%2Ftitle.png HTTP/1.1" 304 - "https://localhost:9443//gadgets/ifr?url=http%3A%2F%2Flocalhost%3A9763%2Fportal%2Fgadgets%2Fintro-gadget-1%2Fintro-gadget-1.xml&container=default&view=default&lang=en&country=US&debug=1&nocache=1&sanitize=0&v=d8213105a7083aec18c9bce3596dddd0&testmode=0&parent=https%3A%2F%2Flocalhost%3A9443&mid=0" "Mozilla/5.0 (Windows NT 6.2; WOW64; rv:33.0) Gecko/20100101 Firefox/33.0"
127.0.0.1 - - [01/Dec/2014:10:54:41 +0530] "GET /portal/gadgets/intro-gadget-2/img/title.png HTTP/1.1" 200 3185 "-" "Apache Shindig"
127.0.0.1 - - [01/Dec/2014:10:54:41 +0530] "GET /portal/gadgets/intro-gadget-2/intro-gadget-2.xml HTTP/1.1" 200 959 "-" "Apache Shindig"
0:0:0:0:0:0:0:1 - - [01/Dec/2014:10:54:41 +0530] "GET //gadgets/proxy?container=default&gadget=http%3A%2F%2Flocalhost%3A9763%2Fportal%2Fgadgets%2Fintro-gadget-2%2Fintro-gadget-2.xml&debug=1&nocache=1&html_tag_context=img&url=http%3A%2F%2Flocalhost%3A9763%2Fportal%2Fgadgets%2Fintro-gadget-2%2Fimg%2Ftitle.png HTTP/1.1" 304 - "https://localhost:9443//gadgets/ifr?url=http%3A%2F%2Flocalhost%3A9763%2Fportal%2Fgadgets%2Fintro-gadget-2%2Fintro-gadget-2.xml&container=default&view=default&lang=en&country=US&debug=1&nocache=1&sanitize=0&v=d8213105a7083aec18c9bce3596dddd0&testmode=0&parent=https%3A%2F%2Flocalhost%3A9443&mid=0" "Mozilla/5.0 (Windows NT 6.2; WOW64; rv:33.0) Gecko/20100101 Firefox/33.0"
0:0:0:0:0:0:0:1 - - [01/Dec/2014:10:54:49 +0530] "POST /sso/samlsso.jag HTTP/1.1" 200 2017 "https://localhost:9443/portal/" "Mozilla/5.0 (Windows NT 6.2; WOW64; rv:33.0) Gecko/20100101 Firefox/33.0"
0:0:0:0:0:0:0:1 - - [01/Dec/2014:10:54:49 +0530] "POST /portal/sso.jag HTTP/1.1" 302 - "https://localhost:9443/sso/samlsso.jag" "Mozilla/5.0 (Windows NT 6.2; WOW64; rv:33.0) Gecko/20100101 Firefox/33.0"
0:0:0:0:0:0:0:1 - - [01/Dec/2014:10:54:49 +0530] "GET /portal HTTP/1.1" 302 - "https://localhost:9443/sso/samlsso.jag" "Mozilla/5.0 (Windows NT 6.2; WOW64; rv:33.0) Gecko/20100101 Firefox/33.0"
0:0:0:0:0:0:0:1 - - [01/Dec/2014:10:54:50 +0530] "GET /portal/ HTTP/1.1" 302 - "https://localhost:9443/sso/samlsso.jag" "Mozilla/5.0 (Windows NT 6.2; WOW64; rv:33.0) Gecko/20100101 Firefox/33.0"
0:0:0:0:0:0:0:1 - - [01/Dec/2014:10:54:50 +0530] "GET /portal/dashboard.jag HTTP/1.1" 200 3114 "https://localhost:9443/sso/samlsso.jag" "Mozilla/5.0 (Windows NT 6.2; WOW64; rv:33.0) Gecko/20100101 Firefox/33.0"
0:0:0:0:0:0:0:1 - - [01/Dec/2014:10:54:51 +0530] "GET /portal/apis/browser.jag?action=browse&cmd=open&target=&init=1&tree=1&_=1417411491254 HTTP/1.1" 200 3136 "https://localhost:9443/portal/dashboard.jag" "Mozilla/5.0 (Windows NT 6.2; WOW64; rv:33.0) Gecko/20100101 Firefox/33.0"
0:0:0:0:0:0:0:1 - - [01/Dec/2014:10:55:00 +0530] "POST /portal/apis/browser.jag HTTP/1.1" 200 18 "https://localhost:9443/portal/dashboard.jag" "Mozilla/5.0 (Windows NT 6.2; WOW64; rv:33.0) Gecko/20100101 Firefox/33.0"
0:0:0:0:0:0:0:1 - - [01/Dec/2014:10:55:00 +0530] "POST /portal/apis/browser.jag HTTP/1.1" 200 18 "https://localhost:9443/portal/dashboard.jag" "Mozilla/5.0 (Windows NT 6.2; WOW64; rv:33.0) Gecko/20100101 Firefox/33.0"
0:0:0:0:0:0:0:1 - - [01/Dec/2014:10:55:01 +0530] "POST /portal/apis/browser.jag HTTP/1.1" 200 18 "https://localhost:9443/portal/dashboard.jag" "Mozilla/5.0 (Windows NT 6.2; WOW64; rv:33.0) Gecko/20100101 Firefox/33.0"
0:0:0:0:0:0:0:1 - - [01/Dec/2014:10:55:01 +0530] "POST /portal/apis/browser.jag HTTP/1.1" 200 18 "https://localhost:9443/portal/dashboard.jag" "Mozilla/5.0 (Windows NT 6.2; WOW64; rv:33.0) Gecko/20100101 Firefox/33.0"
0:0:0:0:0:0:0:1 - - [01/Dec/2014:10:55:03 +0530] "POST /portal/apis/browser.jag HTTP/1.1" 200 38 "https://localhost:9443/portal/dashboard.jag" "Mozilla/5.0 (Windows NT 6.2; WOW64; rv:33.0) Gecko/20100101 Firefox/33.0"
0:0:0:0:0:0:0:1 - - [01/Dec/2014:10:55:04 +0530] "GET /portal/apis/browser.jag?action=browse&cmd=tree&target=l1_Lw&_=1417411503810 HTTP/1.1" 200 2849 "https://localhost:9443/portal/dashboard.jag" "Mozilla/5.0 (Windows NT 6.2; WOW64; rv:33.0) Gecko/20100101 Firefox/33.0"
0:0:0:0:0:0:0:1 - - [01/Dec/2014:10:55:04 +0530] "GET /portal/apis/browser.jag?action=browse&cmd=open&init=1&target=l1_Lw&tree=1&_=1417411503805 HTTP/1.1" 200 3551 "https://localhost:9443/portal/dashboard.jag" "Mozilla/5.0 (Windows NT 6.2; WOW64; rv:33.0) Gecko/20100101 Firefox/33.0"
0:0:0:0:0:0:0:1 - - [01/Dec/2014:10:55:04 +0530] "GET /portal/designer.jag?dashboard=help&layout=columns HTTP/1.1" 200 3233 "https://localhost:9443/portal/dashboard.jag" "Mozilla/5.0 (Windows NT 6.2; WOW64; rv:33.0) Gecko/20100101 Firefox/33.0"
0:0:0:0:0:0:0:1 - - [01/Dec/2014:10:55:04 +0530] "GET /portal/themes/portal/js/portal-gadgets-js.jag HTTP/1.1" 200 268 "https://localhost:9443/portal/designer.jag?dashboard=help&layout=columns" "Mozilla/5.0 (Windows NT 6.2; WOW64; rv:33.0) Gecko/20100101 Firefox/33.0"
0:0:0:0:0:0:0:1 - - [01/Dec/2014:10:55:05 +0530] "POST //rpc?st=-1%3A-1%3A*%3A*%3A*%3A0%3Adefault HTTP/1.1" 200 1473 "https://localhost:9443/portal/designer.jag?dashboard=help&layout=columns" "Mozilla/5.0 (Windows NT 6.2; WOW64; rv:33.0) Gecko/20100101 Firefox/33.0"
127.0.0.1 - - [01/Dec/2014:10:55:05 +0530] "GET /portal/gadgets/show-assets/show-assets.xml HTTP/1.1" 200 1769 "-" "Apache Shindig"
0:0:0:0:0:0:0:1 - - [01/Dec/2014:10:55:05 +0530] "GET //gadgets/ifr?url=http%3A%2F%2Flocalhost%3A9763%2Fportal%2Fgadgets%2Fshow-assets%2Fshow-assets.xml&container=default&view=default&lang=en&country=US&debug=1&nocache=1&sanitize=0&v=d8213105a7083aec18c9bce3596dddd0&testmode=0&parent=https%3A%2F%2Flocalhost%3A9443&mid=0 HTTP/1.1" 304 - "https://localhost:9443/portal/designer.jag?dashboard=help&layout=columns" "Mozilla/5.0 (Windows NT 6.2; WOW64; rv:33.0) Gecko/20100101 Firefox/33.0"
127.0.0.1 - - [01/Dec/2014:10:55:05 +0530] "GET /portal/gadgets/show-assets/css/styles.css HTTP/1.1" 200 2062 "-" "Apache Shindig"
127.0.0.1 - - [01/Dec/2014:10:55:05 +0530] "GET /portal/gadgets/show-assets/css/bootstrap.min.css HTTP/1.1" 200 15959 "-" "Apache Shindig"
127.0.0.1 - - [01/Dec/2014:10:55:05 +0530] "GET /portal/gadgets/show-assets/show-assets.xml HTTP/1.1" 200 1769 "-" "Apache Shindig"
127.0.0.1 - - [01/Dec/2014:10:55:05 +0530] "GET /portal/gadgets/show-assets/show-assets.xml HTTP/1.1" 200 1769 "-" "Apache Shindig"
0:0:0:0:0:0:0:1 - - [01/Dec/2014:10:55:05 +0530] "GET //gadgets/concat?container=default&gadget=http%3A%2F%2Flocalhost%3A9763%2Fportal%2Fgadgets%2Fshow-assets%2Fshow-assets.xml&debug=1&nocache=1&type=css&1=http%3A%2F%2Flocalhost%3A9763%2Fportal%2Fgadgets%2Fshow-assets%2Fcss%2Fbootstrap.min.css&2=http%3A%2F%2Flocalhost%3A9763%2Fportal%2Fgadgets%2Fshow-assets%2Fcss%2Fstyles.css HTTP/1.1" 304 - "https://localhost:9443//gadgets/ifr?url=http%3A%2F%2Flocalhost%3A9763%2Fportal%2Fgadgets%2Fshow-assets%2Fshow-assets.xml&container=default&view=default&lang=en&country=US&debug=1&nocache=1&sanitize=0&v=d8213105a7083aec18c9bce3596dddd0&testmode=0&parent=https%3A%2F%2Flocalhost%3A9443&mid=0" "Mozilla/5.0 (Windows NT 6.2; WOW64; rv:33.0) Gecko/20100101 Firefox/33.0"
127.0.0.1 - - [01/Dec/2014:10:55:05 +0530] "GET /portal/gadgets/show-assets/js/bootstrap.min.js HTTP/1.1" 200 4218 "-" "Apache Shindig"
127.0.0.1 - - [01/Dec/2014:10:55:05 +0530] "GET /portal/gadgets/show-assets/js/jquery.nicescroll.min.js HTTP/1.1" 200 14017 "-" "Apache Shindig"
127.0.0.1 - - [01/Dec/2014:10:55:05 +0530] "GET /portal/gadgets/show-assets/js/jquery.validate.js HTTP/1.1" 200 10011 "-" "Apache Shindig"
127.0.0.1 - - [01/Dec/2014:10:55:06 +0530] "GET /portal/gadgets/show-assets/js/load-assets.js HTTP/1.1" 200 2901 "-" "Apache Shindig"
127.0.0.1 - - [01/Dec/2014:10:55:06 +0530] "GET /portal/gadgets/show-assets/js/jquery-1.8.3.min.js HTTP/1.1" 200 33942 "-" "Apache Shindig"
127.0.0.1 - - [01/Dec/2014:10:55:06 +0530] "GET /portal/gadgets/show-assets/js/handlebars.js HTTP/1.1" 200 18303 "-" "Apache Shindig"
127.0.0.1 - - [01/Dec/2014:10:55:06 +0530] "GET /portal/gadgets/show-assets/show-assets.xml HTTP/1.1" 200 1769 "-" "Apache Shindig"
127.0.0.1 - - [01/Dec/2014:10:55:06 +0530] "GET /portal/gadgets/show-assets/show-assets.xml HTTP/1.1" 200 1769 "-" "Apache Shindig"
127.0.0.1 - - [01/Dec/2014:10:55:06 +0530] "GET /portal/gadgets/show-assets/show-assets.xml HTTP/1.1" 200 1769 "-" "Apache Shindig"
127.0.0.1 - - [01/Dec/2014:10:55:06 +0530] "GET /portal/gadgets/show-assets/show-assets.xml HTTP/1.1" 200 1769 "-" "Apache Shindig"
127.0.0.1 - - [01/Dec/2014:10:55:06 +0530] "GET /portal/gadgets/show-assets/show-assets.xml HTTP/1.1" 200 1769 "-" "Apache Shindig"
127.0.0.1 - - [01/Dec/2014:10:55:06 +0530] "GET /portal/gadgets/show-assets/show-assets.xml HTTP/1.1" 200 1769 "-" "Apache Shindig"
0:0:0:0:0:0:0:1 - - [01/Dec/2014:10:55:06 +0530] "GET //gadgets/concat?container=default&gadget=http%3A%2F%2Flocalhost%3A9763%2Fportal%2Fgadgets%2Fshow-assets%2Fshow-assets.xml&debug=1&nocache=1&type=js&1=http%3A%2F%2Flocalhost%3A9763%2Fportal%2Fgadgets%2Fshow-assets%2Fjs%2Fjquery-1.8.3.min.js&2=http%3A%2F%2Flocalhost%3A9763%2Fportal%2Fgadgets%2Fshow-assets%2Fjs%2Fjquery.validate.js&3=http%3A%2F%2Flocalhost%3A9763%2Fportal%2Fgadgets%2Fshow-assets%2Fjs%2Fhandlebars.js&4=http%3A%2F%2Flocalhost%3A9763%2Fportal%2Fgadgets%2Fshow-assets%2Fjs%2Fbootstrap.min.js&5=http%3A%2F%2Flocalhost%3A9763%2Fportal%2Fgadgets%2Fshow-assets%2Fjs%2Fload-assets.js&6=http%3A%2F%2Flocalhost%3A9763%2Fportal%2Fgadgets%2Fshow-assets%2Fjs%2Fjquery.nicescroll.min.js HTTP/1.1" 304 - "https://localhost:9443//gadgets/ifr?url=http%3A%2F%2Flocalhost%3A9763%2Fportal%2Fgadgets%2Fshow-assets%2Fshow-assets.xml&container=default&view=default&lang=en&country=US&debug=1&nocache=1&sanitize=0&v=d8213105a7083aec18c9bce3596dddd0&testmode=0&parent=https%3A%2F%2Flocalhost%3A9443&mid=0" "Mozilla/5.0 (Windows NT 6.2; WOW64; rv:33.0) Gecko/20100101 Firefox/33.0"
0:0:0:0:0:0:0:1 - - [01/Dec/2014:10:55:06 +0530] "GET /store/apis/myAsset/ HTTP/1.1" 401 975 "https://localhost:9443//gadgets/ifr?url=http%3A%2F%2Flocalhost%3A9763%2Fportal%2Fgadgets%2Fshow-assets%2Fshow-assets.xml&container=default&view=default&lang=en&country=US&debug=1&nocache=1&sanitize=0&v=d8213105a7083aec18c9bce3596dddd0&testmode=0&parent=https%3A%2F%2Flocalhost%3A9443&mid=0" "Mozilla/5.0 (Windows NT 6.2; WOW64; rv:33.0) Gecko/20100101 Firefox/33.0"
0:0:0:0:0:0:0:1 - - [01/Dec/2014:10:55:06 +0530] "GET /store/apis/tag/gadget HTTP/1.1" 200 428 "https://localhost:9443//gadgets/ifr?url=http%3A%2F%2Flocalhost%3A9763%2Fportal%2Fgadgets%2Fshow-assets%2Fshow-assets.xml&container=default&view=default&lang=en&country=US&debug=1&nocache=1&sanitize=0&v=d8213105a7083aec18c9bce3596dddd0&testmode=0&parent=https%3A%2F%2Flocalhost%3A9443&mid=0" "Mozilla/5.0 (Windows NT 6.2; WOW64; rv:33.0) Gecko/20100101 Firefox/33.0"
0:0:0:0:0:0:0:1 - - [01/Dec/2014:10:55:16 +0530] "POST /portal/apis/dashboard/help HTTP/1.1" 200 4 "https://localhost:9443/portal/designer.jag?dashboard=help&layout=columns" "Mozilla/5.0 (Windows NT 6.2; WOW64; rv:33.0) Gecko/20100101 Firefox/33.0"
0:0:0:0:0:0:0:1 - - [01/Dec/2014:10:55:59 +0530] "GET /portal/logout.jag HTTP/1.1" 200 1108 "https://localhost:9443/portal/dashboard.jag" "Mozilla/5.0 (Windows NT 6.2; WOW64; rv:33.0) Gecko/20100101 Firefox/33.0"
0:0:0:0:0:0:0:1 - - [01/Dec/2014:10:55:59 +0530] "POST /sso/samlsso.jag HTTP/1.1" 200 872 "https://localhost:9443/portal/logout.jag" "Mozilla/5.0 (Windows NT 6.2; WOW64; rv:33.0) Gecko/20100101 Firefox/33.0"
127.0.0.1 - - [01/Dec/2014:10:56:00 +0530] "POST /user/sso HTTP/1.1" 200 - "-" "Apache-HttpClient/4.1.1 (java 1.5)"
0:0:0:0:0:0:0:1 - - [01/Dec/2014:10:56:00 +0530] "POST /portal/sso.jag HTTP/1.1" 302 - "https://localhost:9443/sso/samlsso.jag" "Mozilla/5.0 (Windows NT 6.2; WOW64; rv:33.0) Gecko/20100101 Firefox/33.0"
0:0:0:0:0:0:0:1 - - [01/Dec/2014:10:56:00 +0530] "GET /portal HTTP/1.1" 302 - "https://localhost:9443/sso/samlsso.jag" "Mozilla/5.0 (Windows NT 6.2; WOW64; rv:33.0) Gecko/20100101 Firefox/33.0"
0:0:0:0:0:0:0:1 - - [01/Dec/2014:10:56:00 +0530] "GET /portal/ HTTP/1.1" 200 4486 "https://localhost:9443/sso/samlsso.jag" "Mozilla/5.0 (Windows NT 6.2; WOW64; rv:33.0) Gecko/20100101 Firefox/33.0"
0:0:0:0:0:0:0:1 - - [01/Dec/2014:10:56:00 +0530] "GET /portal/themes/portal/js/portal-gadgets-js.jag HTTP/1.1" 200 268 "https://localhost:9443/portal/" "Mozilla/5.0 (Windows NT 6.2; WOW64; rv:33.0) Gecko/20100101 Firefox/33.0"
0:0:0:0:0:0:0:1 - - [01/Dec/2014:10:56:01 +0530] "POST //rpc?st=-1%3A-1%3A*%3A*%3A*%3A0%3Adefault HTTP/1.1" 200 1294 "https://localhost:9443/portal/" "Mozilla/5.0 (Windows NT 6.2; WOW64; rv:33.0) Gecko/20100101 Firefox/33.0"
0:0:0:0:0:0:0:1 - - [01/Dec/2014:10:56:01 +0530] "POST //rpc?st=-1%3A-1%3A*%3A*%3A*%3A0%3Adefault HTTP/1.1" 200 1273 "https://localhost:9443/portal/" "Mozilla/5.0 (Windows NT 6.2; WOW64; rv:33.0) Gecko/20100101 Firefox/33.0"
0:0:0:0:0:0:0:1 - - [01/Dec/2014:10:56:01 +0530] "GET /portal/themes/portal/img/jslider.png HTTP/1.1" 404 898 "https://localhost:9443/portal/themes/portal/css/jslider.css" "Mozilla/5.0 (Windows NT 6.2; WOW64; rv:33.0) Gecko/20100101 Firefox/33.0"
127.0.0.1 - - [01/Dec/2014:10:56:01 +0530] "GET /portal/gadgets/intro-gadget-2/intro-gadget-2.xml HTTP/1.1" 200 959 "-" "Apache Shindig"
127.0.0.1 - - [01/Dec/2014:10:56:01 +0530] "GET /portal/gadgets/intro-gadget-1/intro-gadget-1.xml HTTP/1.1" 200 881 "-" "Apache Shindig"
0:0:0:0:0:0:0:1 - - [01/Dec/2014:10:56:01 +0530] "GET //gadgets/ifr?url=http%3A%2F%2Flocalhost%3A9763%2Fportal%2Fgadgets%2Fintro-gadget-2%2Fintro-gadget-2.xml&container=default&view=default&lang=en&country=US&debug=1&nocache=1&sanitize=0&v=d8213105a7083aec18c9bce3596dddd0&testmode=0&parent=https%3A%2F%2Flocalhost%3A9443&mid=0 HTTP/1.1" 304 - "https://localhost:9443/portal/" "Mozilla/5.0 (Windows NT 6.2; WOW64; rv:33.0) Gecko/20100101 Firefox/33.0"
0:0:0:0:0:0:0:1 - - [01/Dec/2014:10:56:01 +0530] "GET //gadgets/ifr?url=http%3A%2F%2Flocalhost%3A9763%2Fportal%2Fgadgets%2Fintro-gadget-1%2Fintro-gadget-1.xml&container=default&view=default&lang=en&country=US&debug=1&nocache=1&sanitize=0&v=d8213105a7083aec18c9bce3596dddd0&testmode=0&parent=https%3A%2F%2Flocalhost%3A9443&mid=0 HTTP/1.1" 304 - "https://localhost:9443/portal/" "Mozilla/5.0 (Windows NT 6.2; WOW64; rv:33.0) Gecko/20100101 Firefox/33.0"
127.0.0.1 - - [01/Dec/2014:10:56:01 +0530] "GET /portal/themes/portal/css/flot-graph.css HTTP/1.1" 200 1294 "-" "Apache Shindig"
127.0.0.1 - - [01/Dec/2014:10:56:01 +0530] "GET /portal/gadgets/intro-gadget-2/intro-gadget-2.xml HTTP/1.1" 200 959 "-" "Apache Shindig"
0:0:0:0:0:0:0:1 - - [01/Dec/2014:10:56:01 +0530] "GET //gadgets/proxy?container=default&gadget=http%3A%2F%2Flocalhost%3A9763%2Fportal%2Fgadgets%2Fintro-gadget-2%2Fintro-gadget-2.xml&debug=1&nocache=1&html_tag_context=link&url=http%3A%2F%2Flocalhost%3A9763%2Fportal%2Fthemes%2Fportal%2Fcss%2Fflot-graph.css HTTP/1.1" 304 - "https://localhost:9443//gadgets/ifr?url=http%3A%2F%2Flocalhost%3A9763%2Fportal%2Fgadgets%2Fintro-gadget-2%2Fintro-gadget-2.xml&container=default&view=default&lang=en&country=US&debug=1&nocache=1&sanitize=0&v=d8213105a7083aec18c9bce3596dddd0&testmode=0&parent=https%3A%2F%2Flocalhost%3A9443&mid=0" "Mozilla/5.0 (Windows NT 6.2; WOW64; rv:33.0) Gecko/20100101 Firefox/33.0"
127.0.0.1 - - [01/Dec/2014:10:56:01 +0530] "GET /portal/gadgets/intro-gadget-2/js/intro-gadget-2.js HTTP/1.1" 200 1866 "-" "Apache Shindig"
127.0.0.1 - - [01/Dec/2014:10:56:01 +0530] "GET /portal/js/flot/excanvas.min.js HTTP/1.1" 200 8433 "-" "Apache Shindig"
127.0.0.1 - - [01/Dec/2014:10:56:01 +0530] "GET /portal/js/flot/jquery.flot.js HTTP/1.1" 200 26419 "-" "Apache Shindig"
127.0.0.1 - - [01/Dec/2014:10:56:01 +0530] "GET /portal/gadgets/intro-gadget-2/intro-gadget-2.xml HTTP/1.1" 200 959 "-" "Apache Shindig"
127.0.0.1 - - [01/Dec/2014:10:56:01 +0530] "GET /portal/themes/portal/css/flot-graph.css HTTP/1.1" 200 1294 "-" "Apache Shindig"
127.0.0.1 - - [01/Dec/2014:10:56:01 +0530] "GET /portal/gadgets/intro-gadget-1/intro-gadget-1.xml HTTP/1.1" 200 881 "-" "Apache Shindig"
0:0:0:0:0:0:0:1 - - [01/Dec/2014:10:56:01 +0530] "GET //gadgets/proxy?container=default&gadget=http%3A%2F%2Flocalhost%3A9763%2Fportal%2Fgadgets%2Fintro-gadget-1%2Fintro-gadget-1.xml&debug=1&nocache=1&html_tag_context=link&url=http%3A%2F%2Flocalhost%3A9763%2Fportal%2Fthemes%2Fportal%2Fcss%2Fflot-graph.css HTTP/1.1" 304 - "https://localhost:9443//gadgets/ifr?url=http%3A%2F%2Flocalhost%3A9763%2Fportal%2Fgadgets%2Fintro-gadget-1%2Fintro-gadget-1.xml&container=default&view=default&lang=en&country=US&debug=1&nocache=1&sanitize=0&v=d8213105a7083aec18c9bce3596dddd0&testmode=0&parent=https%3A%2F%2Flocalhost%3A9443&mid=0" "Mozilla/5.0 (Windows NT 6.2; WOW64; rv:33.0) Gecko/20100101 Firefox/33.0"
127.0.0.1 - - [01/Dec/2014:10:56:01 +0530] "GET /portal/gadgets/intro-gadget-1/js/intro-gadget-1.js HTTP/1.1" 200 1848 "-" "Apache Shindig"
127.0.0.1 - - [01/Dec/2014:10:56:01 +0530] "GET /portal/js/flot/excanvas.min.js HTTP/1.1" 200 8433 "-" "Apache Shindig"
127.0.0.1 - - [01/Dec/2014:10:56:01 +0530] "GET /portal/js/flot/jquery.js HTTP/1.1" 200 81076 "-" "Apache Shindig"
127.0.0.1 - - [01/Dec/2014:10:56:01 +0530] "GET /portal/js/flot/jquery.flot.js HTTP/1.1" 200 26419 "-" "Apache Shindig"
127.0.0.1 - - [01/Dec/2014:10:56:02 +0530] "GET /portal/gadgets/intro-gadget-1/intro-gadget-1.xml HTTP/1.1" 200 881 "-" "Apache Shindig"
127.0.0.1 - - [01/Dec/2014:10:56:02 +0530] "GET /portal/js/flot/jquery.js HTTP/1.1" 200 81076 "-" "Apache Shindig"
127.0.0.1 - - [01/Dec/2014:10:56:02 +0530] "GET /portal/gadgets/intro-gadget-2/intro-gadget-2.xml HTTP/1.1" 200 959 "-" "Apache Shindig"
127.0.0.1 - - [01/Dec/2014:10:56:02 +0530] "GET /portal/gadgets/intro-gadget-2/intro-gadget-2.xml HTTP/1.1" 200 959 "-" "Apache Shindig"
127.0.0.1 - - [01/Dec/2014:10:56:02 +0530] "GET /portal/gadgets/intro-gadget-2/intro-gadget-2.xml HTTP/1.1" 200 959 "-" "Apache Shindig"
127.0.0.1 - - [01/Dec/2014:10:56:02 +0530] "GET /portal/gadgets/intro-gadget-1/intro-gadget-1.xml HTTP/1.1" 200 881 "-" "Apache Shindig"
127.0.0.1 - - [01/Dec/2014:10:56:02 +0530] "GET /portal/gadgets/intro-gadget-1/intro-gadget-1.xml HTTP/1.1" 200 881 "-" "Apache Shindig"
0:0:0:0:0:0:0:1 - - [01/Dec/2014:10:56:02 +0530] "GET //gadgets/concat?container=default&gadget=http%3A%2F%2Flocalhost%3A9763%2Fportal%2Fgadgets%2Fintro-gadget-2%2Fintro-gadget-2.xml&debug=1&nocache=1&type=js&1=http%3A%2F%2Flocalhost%3A9763%2Fportal%2Fjs%2Fflot%2Fexcanvas.min.js&2=http%3A%2F%2Flocalhost%3A9763%2Fportal%2Fjs%2Fflot%2Fjquery.js&3=http%3A%2F%2Flocalhost%3A9763%2Fportal%2Fjs%2Fflot%2Fjquery.flot.js&4=http%3A%2F%2Flocalhost%3A9763%2Fportal%2Fgadgets%2Fintro-gadget-2%2Fjs%2Fintro-gadget-2.js HTTP/1.1" 304 - "https://localhost:9443//gadgets/ifr?url=http%3A%2F%2Flocalhost%3A9763%2Fportal%2Fgadgets%2Fintro-gadget-2%2Fintro-gadget-2.xml&container=default&view=default&lang=en&country=US&debug=1&nocache=1&sanitize=0&v=d8213105a7083aec18c9bce3596dddd0&testmode=0&parent=https%3A%2F%2Flocalhost%3A9443&mid=0" "Mozilla/5.0 (Windows NT 6.2; WOW64; rv:33.0) Gecko/20100101 Firefox/33.0"
127.0.0.1 - - [01/Dec/2014:10:56:02 +0530] "GET /portal/gadgets/intro-gadget-1/intro-gadget-1.xml HTTP/1.1" 200 881 "-" "Apache Shindig"
0:0:0:0:0:0:0:1 - - [01/Dec/2014:10:56:02 +0530] "GET //gadgets/concat?container=default&gadget=http%3A%2F%2Flocalhost%3A9763%2Fportal%2Fgadgets%2Fintro-gadget-1%2Fintro-gadget-1.xml&debug=1&nocache=1&type=js&1=http%3A%2F%2Flocalhost%3A9763%2Fportal%2Fjs%2Fflot%2Fexcanvas.min.js&2=http%3A%2F%2Flocalhost%3A9763%2Fportal%2Fjs%2Fflot%2Fjquery.js&3=http%3A%2F%2Flocalhost%3A9763%2Fportal%2Fjs%2Fflot%2Fjquery.flot.js&4=http%3A%2F%2Flocalhost%3A9763%2Fportal%2Fgadgets%2Fintro-gadget-1%2Fjs%2Fintro-gadget-1.js HTTP/1.1" 304 - "https://localhost:9443//gadgets/ifr?url=http%3A%2F%2Flocalhost%3A9763%2Fportal%2Fgadgets%2Fintro-gadget-1%2Fintro-gadget-1.xml&container=default&view=default&lang=en&country=US&debug=1&nocache=1&sanitize=0&v=d8213105a7083aec18c9bce3596dddd0&testmode=0&parent=https%3A%2F%2Flocalhost%3A9443&mid=0" "Mozilla/5.0 (Windows NT 6.2; WOW64; rv:33.0) Gecko/20100101 Firefox/33.0"
127.0.0.1 - - [01/Dec/2014:10:56:02 +0530] "GET /portal/gadgets/intro-gadget-2/img/title.png HTTP/1.1" 200 3185 "-" "Apache Shindig"
127.0.0.1 - - [01/Dec/2014:10:56:02 +0530] "GET /portal/gadgets/intro-gadget-2/intro-gadget-2.xml HTTP/1.1" 200 959 "-" "Apache Shindig"
0:0:0:0:0:0:0:1 - - [01/Dec/2014:10:56:02 +0530] "GET //gadgets/proxy?container=default&gadget=http%3A%2F%2Flocalhost%3A9763%2Fportal%2Fgadgets%2Fintro-gadget-2%2Fintro-gadget-2.xml&debug=1&nocache=1&html_tag_context=img&url=http%3A%2F%2Flocalhost%3A9763%2Fportal%2Fgadgets%2Fintro-gadget-2%2Fimg%2Ftitle.png HTTP/1.1" 304 - "https://localhost:9443//gadgets/ifr?url=http%3A%2F%2Flocalhost%3A9763%2Fportal%2Fgadgets%2Fintro-gadget-2%2Fintro-gadget-2.xml&container=default&view=default&lang=en&country=US&debug=1&nocache=1&sanitize=0&v=d8213105a7083aec18c9bce3596dddd0&testmode=0&parent=https%3A%2F%2Flocalhost%3A9443&mid=0" "Mozilla/5.0 (Windows NT 6.2; WOW64; rv:33.0) Gecko/20100101 Firefox/33.0"
127.0.0.1 - - [01/Dec/2014:10:56:02 +0530] "GET /portal/gadgets/intro-gadget-1/img/title.png HTTP/1.1" 200 4159 "-" "Apache Shindig"
127.0.0.1 - - [01/Dec/2014:10:56:02 +0530] "GET /portal/gadgets/intro-gadget-1/intro-gadget-1.xml HTTP/1.1" 200 881 "-" "Apache Shindig"
0:0:0:0:0:0:0:1 - - [01/Dec/2014:10:56:02 +0530] "GET //gadgets/proxy?container=default&gadget=http%3A%2F%2Flocalhost%3A9763%2Fportal%2Fgadgets%2Fintro-gadget-1%2Fintro-gadget-1.xml&debug=1&nocache=1&html_tag_context=img&url=http%3A%2F%2Flocalhost%3A9763%2Fportal%2Fgadgets%2Fintro-gadget-1%2Fimg%2Ftitle.png HTTP/1.1" 304 - "https://localhost:9443//gadgets/ifr?url=http%3A%2F%2Flocalhost%3A9763%2Fportal%2Fgadgets%2Fintro-gadget-1%2Fintro-gadget-1.xml&container=default&view=default&lang=en&country=US&debug=1&nocache=1&sanitize=0&v=d8213105a7083aec18c9bce3596dddd0&testmode=0&parent=https%3A%2F%2Flocalhost%3A9443&mid=0" "Mozilla/5.0 (Windows NT 6.2; WOW64; rv:33.0) Gecko/20100101 Firefox/33.0"
0:0:0:0:0:0:0:1 - - [01/Dec/2014:10:56:05 +0530] "GET /dashboard/ HTTP/1.1" 200 2529 "-" "Mozilla/5.0 (Windows NT 6.2; WOW64; rv:33.0) Gecko/20100101 Firefox/33.0"
0:0:0:0:0:0:0:1 - - [01/Dec/2014:10:56:06 +0530] "POST //rpc?st=-1%3A-1%3A*%3A*%3A*%3A0%3Adefault HTTP/1.1" 200 1473 "https://localhost:9443/dashboard/" "Mozilla/5.0 (Windows NT 6.2; WOW64; rv:33.0) Gecko/20100101 Firefox/33.0"
0:0:0:0:0:0:0:1 - - [01/Dec/2014:10:56:06 +0530] "GET /dashboard/font/fontawesome-webfont.woff?v=3.2.1 HTTP/1.1" 304 - "https://localhost:9443/dashboard/css/font-awesome.min.css" "Mozilla/5.0 (Windows NT 6.2; WOW64; rv:33.0) Gecko/20100101 Firefox/33.0"
127.0.0.1 - - [01/Dec/2014:10:56:06 +0530] "GET /portal/gadgets/show-assets/show-assets.xml HTTP/1.1" 200 1769 "-" "Apache Shindig"
0:0:0:0:0:0:0:1 - - [01/Dec/2014:10:56:06 +0530] "GET /dashboard/apis/ues/layout/ HTTP/1.1" 200 4 "https://localhost:9443/dashboard/" "Mozilla/5.0 (Windows NT 6.2; WOW64; rv:33.0) Gecko/20100101 Firefox/33.0"
0:0:0:0:0:0:0:1 - - [01/Dec/2014:10:56:06 +0530] "GET //gadgets/ifr?url=http%3A%2F%2Flocalhost%3A9763%2Fportal%2Fgadgets%2Fshow-assets%2Fshow-assets.xml&container=default&view=default&lang=en&country=US&debug=1&nocache=1&sanitize=0&v=d8213105a7083aec18c9bce3596dddd0&testmode=0&parent=https%3A%2F%2Flocalhost%3A9443&mid=0 HTTP/1.1" 304 - "https://localhost:9443/dashboard/" "Mozilla/5.0 (Windows NT 6.2; WOW64; rv:33.0) Gecko/20100101 Firefox/33.0"
0:0:0:0:0:0:0:1 - - [01/Dec/2014:10:56:06 +0530] "POST //rpc?st=-1%3A-1%3A*%3A*%3A*%3A0%3Adefault HTTP/1.1" 200 1600 "https://localhost:9443/dashboard/" "Mozilla/5.0 (Windows NT 6.2; WOW64; rv:33.0) Gecko/20100101 Firefox/33.0"
0:0:0:0:0:0:0:1 - - [01/Dec/2014:10:56:06 +0530] "POST //rpc?st=-1%3A-1%3A*%3A*%3A*%3A0%3Adefault HTTP/1.1" 200 1648 "https://localhost:9443/dashboard/" "Mozilla/5.0 (Windows NT 6.2; WOW64; rv:33.0) Gecko/20100101 Firefox/33.0"
127.0.0.1 - - [01/Dec/2014:10:56:07 +0530] "GET /portal/gadgets/show-assets/css/styles.css HTTP/1.1" 200 2062 "-" "Apache Shindig"
127.0.0.1 - - [01/Dec/2014:10:56:07 +0530] "GET /portal/gadgets/show-assets/css/bootstrap.min.css HTTP/1.1" 200 15959 "-" "Apache Shindig"
127.0.0.1 - - [01/Dec/2014:10:56:07 +0530] "GET /portal/gadgets/show-assets/show-assets.xml HTTP/1.1" 200 1769 "-" "Apache Shindig"
127.0.0.1 - - [01/Dec/2014:10:56:07 +0530] "GET /portal/gadgets/horizontal-bar-chart/horizontal-bar-chart.xml HTTP/1.1" 200 1036 "-" "Apache Shindig"
127.0.0.1 - - [01/Dec/2014:10:56:07 +0530] "GET /portal/gadgets/bubble-chart/bubble-chart.xml HTTP/1.1" 200 1044 "-" "Apache Shindig"
0:0:0:0:0:0:0:1 - - [01/Dec/2014:10:56:07 +0530] "GET //gadgets/ifr?url=http%3A%2F%2Flocalhost%3A9763%2Fportal%2Fgadgets%2Fhorizontal-bar-chart%2Fhorizontal-bar-chart.xml&container=default&view=default&lang=en&country=US&debug=1&nocache=1&sanitize=0&v=d8213105a7083aec18c9bce3596dddd0&testmode=0&parent=https%3A%2F%2Flocalhost%3A9443&mid=0 HTTP/1.1" 304 - "https://localhost:9443/dashboard/" "Mozilla/5.0 (Windows NT 6.2; WOW64; rv:33.0) Gecko/20100101 Firefox/33.0"
0:0:0:0:0:0:0:1 - - [01/Dec/2014:10:56:07 +0530] "GET //gadgets/ifr?url=http%3A%2F%2Flocalhost%3A9763%2Fportal%2Fgadgets%2Fbubble-chart%2Fbubble-chart.xml&container=default&view=default&lang=en&country=US&debug=1&nocache=1&sanitize=0&v=d8213105a7083aec18c9bce3596dddd0&testmode=0&parent=https%3A%2F%2Flocalhost%3A9443&mid=0 HTTP/1.1" 304 - "https://localhost:9443/dashboard/" "Mozilla/5.0 (Windows NT 6.2; WOW64; rv:33.0) Gecko/20100101 Firefox/33.0"
127.0.0.1 - - [01/Dec/2014:10:56:07 +0530] "GET /portal/gadgets/show-assets/show-assets.xml HTTP/1.1" 200 1769 "-" "Apache Shindig"
127.0.0.1 - - [01/Dec/2014:10:56:07 +0530] "GET /portal/themes/portal/css/flot-graph.css HTTP/1.1" 200 1294 "-" "Apache Shindig"
127.0.0.1 - - [01/Dec/2014:10:56:07 +0530] "GET /portal/themes/portal/css/bootstrap.min.css HTTP/1.1" 200 18754 "-" "Apache Shindig"
0:0:0:0:0:0:0:1 - - [01/Dec/2014:10:56:07 +0530] "GET //gadgets/concat?container=default&gadget=http%3A%2F%2Flocalhost%3A9763%2Fportal%2Fgadgets%2Fshow-assets%2Fshow-assets.xml&debug=1&nocache=1&type=css&1=http%3A%2F%2Flocalhost%3A9763%2Fportal%2Fgadgets%2Fshow-assets%2Fcss%2Fbootstrap.min.css&2=http%3A%2F%2Flocalhost%3A9763%2Fportal%2Fgadgets%2Fshow-assets%2Fcss%2Fstyles.css HTTP/1.1" 304 - "https://localhost:9443//gadgets/ifr?url=http%3A%2F%2Flocalhost%3A9763%2Fportal%2Fgadgets%2Fshow-assets%2Fshow-assets.xml&container=default&view=default&lang=en&country=US&debug=1&nocache=1&sanitize=0&v=d8213105a7083aec18c9bce3596dddd0&testmode=0&parent=https%3A%2F%2Flocalhost%3A9443&mid=0" "Mozilla/5.0 (Windows NT 6.2; WOW64; rv:33.0) Gecko/20100101 Firefox/33.0"
127.0.0.1 - - [01/Dec/2014:10:56:07 +0530] "GET /portal/gadgets/horizontal-bar-chart/horizontal-bar-chart.xml HTTP/1.1" 200 1036 "-" "Apache Shindig"
127.0.0.1 - - [01/Dec/2014:10:56:07 +0530] "GET /portal/gadgets/show-assets/js/bootstrap.min.js HTTP/1.1" 200 4218 "-" "Apache Shindig"
127.0.0.1 - - [01/Dec/2014:10:56:07 +0530] "GET /portal/gadgets/show-assets/js/jquery.validate.js HTTP/1.1" 200 10011 "-" "Apache Shindig"
127.0.0.1 - - [01/Dec/2014:10:56:07 +0530] "GET /portal/gadgets/show-assets/js/handlebars.js HTTP/1.1" 200 18303 "-" "Apache Shindig"
127.0.0.1 - - [01/Dec/2014:10:56:07 +0530] "GET /portal/gadgets/show-assets/js/jquery-1.8.3.min.js HTTP/1.1" 200 33942 "-" "Apache Shindig"
127.0.0.1 - - [01/Dec/2014:10:56:07 +0530] "GET /portal/gadgets/horizontal-bar-chart/horizontal-bar-chart.xml HTTP/1.1" 200 1036 "-" "Apache Shindig"
127.0.0.1 - - [01/Dec/2014:10:56:07 +0530] "GET /portal/gadgets/show-assets/js/load-assets.js HTTP/1.1" 200 2901 "-" "Apache Shindig"
127.0.0.1 - - [01/Dec/2014:10:56:07 +0530] "GET /portal/gadgets/show-assets/js/jquery.nicescroll.min.js HTTP/1.1" 200 14017 "-" "Apache Shindig"
127.0.0.1 - - [01/Dec/2014:10:56:07 +0530] "GET /portal/themes/portal/css/flot-graph.css HTTP/1.1" 200 1294 "-" "Apache Shindig"
127.0.0.1 - - [01/Dec/2014:10:56:07 +0530] "GET /portal/themes/portal/css/bootstrap.min.css HTTP/1.1" 200 18754 "-" "Apache Shindig"
127.0.0.1 - - [01/Dec/2014:10:56:07 +0530] "GET /portal/gadgets/bubble-chart/bubble-chart.xml HTTP/1.1" 200 1044 "-" "Apache Shindig"
127.0.0.1 - - [01/Dec/2014:10:56:07 +0530] "GET /portal/gadgets/show-assets/show-assets.xml HTTP/1.1" 200 1769 "-" "Apache Shindig"
127.0.0.1 - - [01/Dec/2014:10:56:07 +0530] "GET /portal/gadgets/bubble-chart/bubble-chart.xml HTTP/1.1" 200 1044 "-" "Apache Shindig"
127.0.0.1 - - [01/Dec/2014:10:56:07 +0530] "GET /portal/gadgets/show-assets/show-assets.xml HTTP/1.1" 200 1769 "-" "Apache Shindig"
127.0.0.1 - - [01/Dec/2014:10:56:08 +0530] "GET /portal/gadgets/show-assets/show-assets.xml HTTP/1.1" 200 1769 "-" "Apache Shindig"
0:0:0:0:0:0:0:1 - - [01/Dec/2014:10:56:08 +0530] "GET //gadgets/concat?container=default&gadget=http%3A%2F%2Flocalhost%3A9763%2Fportal%2Fgadgets%2Fhorizontal-bar-chart%2Fhorizontal-bar-chart.xml&debug=1&nocache=1&type=css&1=http%3A%2F%2Flocalhost%3A9763%2Fportal%2Fthemes%2Fportal%2Fcss%2Fflot-graph.css&2=http%3A%2F%2Flocalhost%3A9763%2Fportal%2Fthemes%2Fportal%2Fcss%2Fbootstrap.min.css HTTP/1.1" 304 - "https://localhost:9443//gadgets/ifr?url=http%3A%2F%2Flocalhost%3A9763%2Fportal%2Fgadgets%2Fhorizontal-bar-chart%2Fhorizontal-bar-chart.xml&container=default&view=default&lang=en&country=US&debug=1&nocache=1&sanitize=0&v=d8213105a7083aec18c9bce3596dddd0&testmode=0&parent=https%3A%2F%2Flocalhost%3A9443&mid=0" "Mozilla/5.0 (Windows NT 6.2; WOW64; rv:33.0) Gecko/20100101 Firefox/33.0"
127.0.0.1 - - [01/Dec/2014:10:56:08 +0530] "GET /portal/gadgets/show-assets/show-assets.xml HTTP/1.1" 200 1769 "-" "Apache Shindig"
127.0.0.1 - - [01/Dec/2014:10:56:08 +0530] "GET /portal/js/flot/jquery.flot.navigate.js HTTP/1.1" 200 4603 "-" "Apache Shindig"
127.0.0.1 - - [01/Dec/2014:10:56:08 +0530] "GET /portal/js/flot/jquery.flot.resize.js HTTP/1.1" 200 1178 "-" "Apache Shindig"
127.0.0.1 - - [01/Dec/2014:10:56:08 +0530] "GET /portal/js/flot/excanvas.min.js HTTP/1.1" 200 8433 "-" "Apache Shindig"
127.0.0.1 - - [01/Dec/2014:10:56:08 +0530] "GET /portal/js/flot/jquery.flot.selection.js HTTP/1.1" 200 3861 "-" "Apache Shindig"
127.0.0.1 - - [01/Dec/2014:10:56:08 +0530] "GET /portal/gadgets/horizontal-bar-chart/js/options-horizontal-bar.js HTTP/1.1" 200 930 "-" "Apache Shindig"
127.0.0.1 - - [01/Dec/2014:10:56:08 +0530] "GET /portal/js/flot-chart-core.js HTTP/1.1" 200 1687 "-" "Apache Shindig"
127.0.0.1 - - [01/Dec/2014:10:56:08 +0530] "GET /portal/js/bootstrap.js HTTP/1.1" 200 10558 "-" "Apache Shindig"
127.0.0.1 - - [01/Dec/2014:10:56:08 +0530] "GET /portal/gadgets/show-assets/show-assets.xml HTTP/1.1" 200 1769 "-" "Apache Shindig"
127.0.0.1 - - [01/Dec/2014:10:56:08 +0530] "GET /portal/js/flot/jquery.flot.js HTTP/1.1" 200 26419 "-" "Apache Shindig"
127.0.0.1 - - [01/Dec/2014:10:56:08 +0530] "GET /portal/gadgets/show-assets/show-assets.xml HTTP/1.1" 200 1769 "-" "Apache Shindig"
0:0:0:0:0:0:0:1 - - [01/Dec/2014:10:56:08 +0530] "GET //gadgets/concat?container=default&gadget=http%3A%2F%2Flocalhost%3A9763%2Fportal%2Fgadgets%2Fbubble-chart%2Fbubble-chart.xml&debug=1&nocache=1&type=css&1=http%3A%2F%2Flocalhost%3A9763%2Fportal%2Fthemes%2Fportal%2Fcss%2Fflot-graph.css&2=http%3A%2F%2Flocalhost%3A9763%2Fportal%2Fthemes%2Fportal%2Fcss%2Fbootstrap.min.css HTTP/1.1" 304 - "https://localhost:9443//gadgets/ifr?url=http%3A%2F%2Flocalhost%3A9763%2Fportal%2Fgadgets%2Fbubble-chart%2Fbubble-chart.xml&container=default&view=default&lang=en&country=US&debug=1&nocache=1&sanitize=0&v=d8213105a7083aec18c9bce3596dddd0&testmode=0&parent=https%3A%2F%2Flocalhost%3A9443&mid=0" "Mozilla/5.0 (Windows NT 6.2; WOW64; rv:33.0) Gecko/20100101 Firefox/33.0"
127.0.0.1 - - [01/Dec/2014:10:56:08 +0530] "GET /portal/js/flot/excanvas.min.js HTTP/1.1" 200 8433 "-" "Apache Shindig"
127.0.0.1 - - [01/Dec/2014:10:56:08 +0530] "GET /portal/js/flot/jquery.js HTTP/1.1" 200 81076 "-" "Apache Shindig"
127.0.0.1 - - [01/Dec/2014:10:56:08 +0530] "GET /portal/js/flot/jquery.flot.resize.js HTTP/1.1" 200 1178 "-" "Apache Shindig"
127.0.0.1 - - [01/Dec/2014:10:56:08 +0530] "GET /portal/gadgets/bubble-chart/js/options-bubble.js HTTP/1.1" 200 642 "-" "Apache Shindig"
127.0.0.1 - - [01/Dec/2014:10:56:08 +0530] "GET /portal/js/flot/jumflot/jquery.flot.bubbles.js HTTP/1.1" 200 2382 "-" "Apache Shindig"
127.0.0.1 - - [01/Dec/2014:10:56:08 +0530] "GET /portal/js/flot-chart-core.js HTTP/1.1" 200 1687 "-" "Apache Shindig"
0:0:0:0:0:0:0:1 - - [01/Dec/2014:10:56:08 +0530] "GET //gadgets/concat?container=default&gadget=http%3A%2F%2Flocalhost%3A9763%2Fportal%2Fgadgets%2Fshow-assets%2Fshow-assets.xml&debug=1&nocache=1&type=js&1=http%3A%2F%2Flocalhost%3A9763%2Fportal%2Fgadgets%2Fshow-assets%2Fjs%2Fjquery-1.8.3.min.js&2=http%3A%2F%2Flocalhost%3A9763%2Fportal%2Fgadgets%2Fshow-assets%2Fjs%2Fjquery.validate.js&3=http%3A%2F%2Flocalhost%3A9763%2Fportal%2Fgadgets%2Fshow-assets%2Fjs%2Fhandlebars.js&4=http%3A%2F%2Flocalhost%3A9763%2Fportal%2Fgadgets%2Fshow-assets%2Fjs%2Fbootstrap.min.js&5=http%3A%2F%2Flocalhost%3A9763%2Fportal%2Fgadgets%2Fshow-assets%2Fjs%2Fload-assets.js&6=http%3A%2F%2Flocalhost%3A9763%2Fportal%2Fgadgets%2Fshow-assets%2Fjs%2Fjquery.nicescroll.min.js HTTP/1.1" 304 - "https://localhost:9443//gadgets/ifr?url=http%3A%2F%2Flocalhost%3A9763%2Fportal%2Fgadgets%2Fshow-assets%2Fshow-assets.xml&container=default&view=default&lang=en&country=US&debug=1&nocache=1&sanitize=0&v=d8213105a7083aec18c9bce3596dddd0&testmode=0&parent=https%3A%2F%2Flocalhost%3A9443&mid=0" "Mozilla/5.0 (Windows NT 6.2; WOW64; rv:33.0) Gecko/20100101 Firefox/33.0"
127.0.0.1 - - [01/Dec/2014:10:56:08 +0530] "GET /portal/js/flot/jquery.flot.js HTTP/1.1" 200 26419 "-" "Apache Shindig"
127.0.0.1 - - [01/Dec/2014:10:56:08 +0530] "GET /portal/js/flot/jumflot/jquery.flot.JUMlib.js HTTP/1.1" 200 5243 "-" "Apache Shindig"
127.0.0.1 - - [01/Dec/2014:10:56:08 +0530] "GET /portal/gadgets/horizontal-bar-chart/horizontal-bar-chart.xml HTTP/1.1" 200 1036 "-" "Apache Shindig"
127.0.0.1 - - [01/Dec/2014:10:56:08 +0530] "GET /portal/js/flot/jumflot/jquery.flot.mouse.js HTTP/1.1" 200 3457 "-" "Apache Shindig"
127.0.0.1 - - [01/Dec/2014:10:56:08 +0530] "GET /portal/js/bootstrap.js HTTP/1.1" 200 10558 "-" "Apache Shindig"
127.0.0.1 - - [01/Dec/2014:10:56:08 +0530] "GET /portal/js/flot/jquery.flot.navigate.js HTTP/1.1" 200 4603 "-" "Apache Shindig"
127.0.0.1 - - [01/Dec/2014:10:56:08 +0530] "GET /portal/js/flot/jquery.flot.selection.js HTTP/1.1" 200 3861 "-" "Apache Shindig"
0:0:0:0:0:0:0:1 - - [01/Dec/2014:10:56:08 +0530] "GET /help/ HTTP/1.1" 200 2452 "https://localhost:9443/dashboard/" "Mozilla/5.0 (Windows NT 6.2; WOW64; rv:33.0) Gecko/20100101 Firefox/33.0"
127.0.0.1 - - [01/Dec/2014:10:56:08 +0530] "GET /portal/js/flot/jquery.js HTTP/1.1" 200 81076 "-" "Apache Shindig"
127.0.0.1 - - [01/Dec/2014:10:56:08 +0530] "GET /portal/gadgets/bubble-chart/bubble-chart.xml HTTP/1.1" 200 1044 "-" "Apache Shindig"
127.0.0.1 - - [01/Dec/2014:10:56:08 +0530] "GET /portal/gadgets/horizontal-bar-chart/horizontal-bar-chart.xml HTTP/1.1" 200 1036 "-" "Apache Shindig"
127.0.0.1 - - [01/Dec/2014:10:56:09 +0530] "GET /portal/gadgets/horizontal-bar-chart/horizontal-bar-chart.xml HTTP/1.1" 200 1036 "-" "Apache Shindig"
127.0.0.1 - - [01/Dec/2014:10:56:09 +0530] "GET /portal/gadgets/horizontal-bar-chart/horizontal-bar-chart.xml HTTP/1.1" 200 1036 "-" "Apache Shindig"
127.0.0.1 - - [01/Dec/2014:10:56:09 +0530] "GET /portal/gadgets/horizontal-bar-chart/horizontal-bar-chart.xml HTTP/1.1" 200 1036 "-" "Apache Shindig"
127.0.0.1 - - [01/Dec/2014:10:56:09 +0530] "GET /portal/gadgets/horizontal-bar-chart/horizontal-bar-chart.xml HTTP/1.1" 200 1036 "-" "Apache Shindig"
127.0.0.1 - - [01/Dec/2014:10:56:09 +0530] "GET /portal/gadgets/horizontal-bar-chart/horizontal-bar-chart.xml HTTP/1.1" 200 1036 "-" "Apache Shindig"
127.0.0.1 - - [01/Dec/2014:10:56:09 +0530] "GET /portal/gadgets/horizontal-bar-chart/horizontal-bar-chart.xml HTTP/1.1" 200 1036 "-" "Apache Shindig"
127.0.0.1 - - [01/Dec/2014:10:56:09 +0530] "GET /portal/gadgets/bubble-chart/bubble-chart.xml HTTP/1.1" 200 1044 "-" "Apache Shindig"
127.0.0.1 - - [01/Dec/2014:10:56:09 +0530] "GET /portal/gadgets/horizontal-bar-chart/horizontal-bar-chart.xml HTTP/1.1" 200 1036 "-" "Apache Shindig"
127.0.0.1 - - [01/Dec/2014:10:56:09 +0530] "GET /portal/gadgets/bubble-chart/bubble-chart.xml HTTP/1.1" 200 1044 "-" "Apache Shindig"
127.0.0.1 - - [01/Dec/2014:10:56:09 +0530] "GET /portal/gadgets/bubble-chart/bubble-chart.xml HTTP/1.1" 200 1044 "-" "Apache Shindig"
127.0.0.1 - - [01/Dec/2014:10:56:09 +0530] "GET /portal/gadgets/bubble-chart/bubble-chart.xml HTTP/1.1" 200 1044 "-" "Apache Shindig"
0:0:0:0:0:0:0:1 - - [01/Dec/2014:10:56:09 +0530] "GET /help/css/font-awesome.min.css HTTP/1.1" 200 4456 "https://localhost:9443/help/" "Mozilla/5.0 (Windows NT 6.2; WOW64; rv:33.0) Gecko/20100101 Firefox/33.0"
0:0:0:0:0:0:0:1 - - [01/Dec/2014:10:56:09 +0530] "GET //gadgets/concat?container=default&gadget=http%3A%2F%2Flocalhost%3A9763%2Fportal%2Fgadgets%2Fhorizontal-bar-chart%2Fhorizontal-bar-chart.xml&debug=1&nocache=1&type=js&1=http%3A%2F%2Flocalhost%3A9763%2Fportal%2Fjs%2Fflot%2Fexcanvas.min.js&2=http%3A%2F%2Flocalhost%3A9763%2Fportal%2Fjs%2Fflot%2Fjquery.js&3=http%3A%2F%2Flocalhost%3A9763%2Fportal%2Fjs%2Fbootstrap.js&4=http%3A%2F%2Flocalhost%3A9763%2Fportal%2Fjs%2Fflot%2Fjquery.flot.js&5=http%3A%2F%2Flocalhost%3A9763%2Fportal%2Fjs%2Fflot%2Fjquery.flot.selection.js&6=http%3A%2F%2Flocalhost%3A9763%2Fportal%2Fjs%2Fflot%2Fjquery.flot.navigate.js&7=http%3A%2F%2Flocalhost%3A9763%2Fportal%2Fjs%2Fflot%2Fjquery.flot.resize.js&8=http%3A%2F%2Flocalhost%3A9763%2Fportal%2Fgadgets%2Fhorizontal-bar-chart%2Fjs%2Foptions-horizontal-bar.js&9=http%3A%2F%2Flocalhost%3A9763%2Fportal%2Fjs%2Fflot-chart-core.js HTTP/1.1" 304 - "https://localhost:9443//gadgets/ifr?url=http%3A%2F%2Flocalhost%3A9763%2Fportal%2Fgadgets%2Fhorizontal-bar-chart%2Fhorizontal-bar-chart.xml&container=default&view=default&lang=en&country=US&debug=1&nocache=1&sanitize=0&v=d8213105a7083aec18c9bce3596dddd0&testmode=0&parent=https%3A%2F%2Flocalhost%3A9443&mid=0" "Mozilla/5.0 (Windows NT 6.2; WOW64; rv:33.0) Gecko/20100101 Firefox/33.0"
127.0.0.1 - - [01/Dec/2014:10:56:09 +0530] "GET /portal/gadgets/bubble-chart/bubble-chart.xml HTTP/1.1" 200 1044 "-" "Apache Shindig"
0:0:0:0:0:0:0:1 - - [01/Dec/2014:10:56:09 +0530] "GET /help/css/bootstrap-responsive.min.css HTTP/1.1" 200 4003 "https://localhost:9443/help/" "Mozilla/5.0 (Windows NT 6.2; WOW64; rv:33.0) Gecko/20100101 Firefox/33.0"
0:0:0:0:0:0:0:1 - - [01/Dec/2014:10:56:09 +0530] "GET /help/css/navigation.css HTTP/1.1" 200 1095 "https://localhost:9443/help/" "Mozilla/5.0 (Windows NT 6.2; WOW64; rv:33.0) Gecko/20100101 Firefox/33.0"
0:0:0:0:0:0:0:1 - - [01/Dec/2014:10:56:09 +0530] "GET /help/css/jquery.gridster.min.css HTTP/1.1" 200 1220 "https://localhost:9443/help/" "Mozilla/5.0 (Windows NT 6.2; WOW64; rv:33.0) Gecko/20100101 Firefox/33.0"
0:0:0:0:0:0:0:1 - - [01/Dec/2014:10:56:09 +0530] "GET /help/css/bootstrap.min.css HTTP/1.1" 200 18754 "https://localhost:9443/help/" "Mozilla/5.0 (Windows NT 6.2; WOW64; rv:33.0) Gecko/20100101 Firefox/33.0"
127.0.0.1 - - [01/Dec/2014:10:56:09 +0530] "GET /portal/gadgets/bubble-chart/bubble-chart.xml HTTP/1.1" 200 1044 "-" "Apache Shindig"
0:0:0:0:0:0:0:1 - - [01/Dec/2014:10:56:09 +0530] "GET /help/css/portal-dashboard-designer.css HTTP/1.1" 200 3076 "https://localhost:9443/help/" "Mozilla/5.0 (Windows NT 6.2; WOW64; rv:33.0) Gecko/20100101 Firefox/33.0"
0:0:0:0:0:0:0:1 - - [01/Dec/2014:10:56:09 +0530] "GET /help/css/styles.css HTTP/1.1" 200 2323 "https://localhost:9443/help/" "Mozilla/5.0 (Windows NT 6.2; WOW64; rv:33.0) Gecko/20100101 Firefox/33.0"
127.0.0.1 - - [01/Dec/2014:10:56:09 +0530] "GET /portal/gadgets/bubble-chart/bubble-chart.xml HTTP/1.1" 200 1044 "-" "Apache Shindig"
0:0:0:0:0:0:0:1 - - [01/Dec/2014:10:56:09 +0530] "GET /help/js/jquery-1.8.3.min.js HTTP/1.1" 200 33942 "https://localhost:9443/help/" "Mozilla/5.0 (Windows NT 6.2; WOW64; rv:33.0) Gecko/20100101 Firefox/33.0"
127.0.0.1 - - [01/Dec/2014:10:56:09 +0530] "GET /portal/gadgets/bubble-chart/bubble-chart.xml HTTP/1.1" 200 1044 "-" "Apache Shindig"
127.0.0.1 - - [01/Dec/2014:10:56:09 +0530] "GET /portal/gadgets/bubble-chart/bubble-chart.xml HTTP/1.1" 200 1044 "-" "Apache Shindig"
127.0.0.1 - - [01/Dec/2014:10:56:09 +0530] "GET /portal/gadgets/bubble-chart/bubble-chart.xml HTTP/1.1" 200 1044 "-" "Apache Shindig"
0:0:0:0:0:0:0:1 - - [01/Dec/2014:10:56:09 +0530] "GET /help/css2/list-styles.css HTTP/1.1" 404 1001 "https://localhost:9443/help/" "Mozilla/5.0 (Windows NT 6.2; WOW64; rv:33.0) Gecko/20100101 Firefox/33.0"
0:0:0:0:0:0:0:1 - - [01/Dec/2014:10:56:09 +0530] "GET /help/css/font-awesome-ie7.min.css HTTP/1.1" 200 3385 "https://localhost:9443/help/" "Mozilla/5.0 (Windows NT 6.2; WOW64; rv:33.0) Gecko/20100101 Firefox/33.0"
0:0:0:0:0:0:0:1 - - [01/Dec/2014:10:56:09 +0530] "GET /help/js/jquery-ui-1.10.1.custom.min.js HTTP/1.1" 200 24620 "https://localhost:9443/help/" "Mozilla/5.0 (Windows NT 6.2; WOW64; rv:33.0) Gecko/20100101 Firefox/33.0"
127.0.0.1 - - [01/Dec/2014:10:56:09 +0530] "GET /portal/gadgets/bubble-chart/bubble-chart.xml HTTP/1.1" 200 1044 "-" "Apache Shindig"
0:0:0:0:0:0:0:1 - - [01/Dec/2014:10:56:09 +0530] "GET /help/js/navigation.js HTTP/1.1" 200 1030 "https://localhost:9443/help/" "Mozilla/5.0 (Windows NT 6.2; WOW64; rv:33.0) Gecko/20100101 Firefox/33.0"
0:0:0:0:0:0:0:1 - - [01/Dec/2014:10:56:09 +0530] "GET /help/js/bootstrap.min.js HTTP/1.1" 200 7004 "https://localhost:9443/help/" "Mozilla/5.0 (Windows NT 6.2; WOW64; rv:33.0) Gecko/20100101 Firefox/33.0"
0:0:0:0:0:0:0:1 - - [01/Dec/2014:10:56:09 +0530] "GET /store/apis/myAsset/ HTTP/1.1" 401 975 "https://localhost:9443//gadgets/ifr?url=http%3A%2F%2Flocalhost%3A9763%2Fportal%2Fgadgets%2Fshow-assets%2Fshow-assets.xml&container=default&view=default&lang=en&country=US&debug=1&nocache=1&sanitize=0&v=d8213105a7083aec18c9bce3596dddd0&testmode=0&parent=https%3A%2F%2Flocalhost%3A9443&mid=0" "Mozilla/5.0 (Windows NT 6.2; WOW64; rv:33.0) Gecko/20100101 Firefox/33.0"
0:0:0:0:0:0:0:1 - - [01/Dec/2014:10:56:09 +0530] "GET /help/images/sign-in.png HTTP/1.1" 404 997 "https://localhost:9443/help/" "Mozilla/5.0 (Windows NT 6.2; WOW64; rv:33.0) Gecko/20100101 Firefox/33.0"
0:0:0:0:0:0:0:1 - - [01/Dec/2014:10:56:09 +0530] "GET /help/images/personalize3.png HTTP/1.1" 404 1007 "https://localhost:9443/help/" "Mozilla/5.0 (Windows NT 6.2; WOW64; rv:33.0) Gecko/20100101 Firefox/33.0"
0:0:0:0:0:0:0:1 - - [01/Dec/2014:10:56:09 +0530] "GET /help/images/personalize1.png HTTP/1.1" 404 1007 "https://localhost:9443/help/" "Mozilla/5.0 (Windows NT 6.2; WOW64; rv:33.0) Gecko/20100101 Firefox/33.0"
