127.0.0.1 - - [10/Dec/2014:18:08:26 +0530] "GET /portal/gadgets/publications-people/jslider/css/jslider.round.plastic.css HTTP/1.1" 200 253 "-" "Apache Shindig"
0:0:0:0:0:0:0:1 - - [10/Dec/2014:18:08:26 +0530] "GET //gadgets/proxy?container=default&gadget=http%3A%2F%2Flocalhost%3A9763%2Fportal%2Fgadgets%2Fpublications-people%2Fjslider%2Fcss%2Fjslider.round.plastic.css&debug=0&nocache=1&url=http%3A%2F%2Flocalhost%3A9763%2Fportal%2Fgadgets%2Fpublications-people%2Fjslider%2Fimg%2Fjslider.round.plastic.png HTTP/1.1" 200 1956 "https://localhost:9443//gadgets/concat?container=default&gadget=http%3A%2F%2Flocalhost%3A9763%2Fportal%2Fgadgets%2Fpublications-people%2Fpublications-people.xml&debug=1&nocache=1&type=css&1=http%3A%2F%2Flocalhost%3A9763%2Fportal%2Fthemes%2Fportal%2Fcss%2Fflot-graph.css&2=http%3A%2F%2Flocalhost%3A9763%2Fportal%2Fthemes%2Fportal%2Fcss%2Fbootstrap.min.css&3=http%3A%2F%2Flocalhost%3A9763%2Fportal%2Fgadgets%2Fpublications-people%2Fcss%2Fstyles.css&4=http%3A%2F%2Flocalhost%3A9763%2Fportal%2Fgadgets%2Fpublications-people%2Fjslider%2Fcss%2Fjslider.css&5=http%3A%2F%2Flocalhost%3A9763%2Fportal%2Fgadgets%2Fpublications-people%2Fjslider%2Fcss%2Fjslider.blue.css&6=http%3A%2F%2Flocalhost%3A9763%2Fportal%2Fgadgets%2Fpublications-people%2Fjslider%2Fcss%2Fjslider.plastic.css&7=http%3A%2F%2Flocalhost%3A9763%2Fportal%2Fgadgets%2Fpublications-people%2Fjslider%2Fcss%2Fjslider.round.css&8=http%3A%2F%2Flocalhost%3A9763%2Fportal%2Fgadgets%2Fpublications-people%2Fjslider%2Fcss%2Fjslider.round.plastic.css" "Mozilla/5.0 (Windows NT 6.2; WOW64; rv:33.0) Gecko/20100101 Firefox/33.0"
127.0.0.1 - - [10/Dec/2014:18:08:26 +0530] "GET /portal/gadgets/people-organizations/jslider/img/jslider.round.plastic.png HTTP/1.1" 200 1956 "-" "Apache Shindig"
127.0.0.1 - - [10/Dec/2014:18:08:26 +0530] "GET /portal/gadgets/people-organizations/jslider/css/jslider.round.plastic.css HTTP/1.1" 200 253 "-" "Apache Shindig"
0:0:0:0:0:0:0:1 - - [10/Dec/2014:18:08:26 +0530] "GET //gadgets/proxy?container=default&gadget=http%3A%2F%2Flocalhost%3A9763%2Fportal%2Fgadgets%2Fpeople-organizations%2Fjslider%2Fcss%2Fjslider.round.plastic.css&debug=0&nocache=1&url=http%3A%2F%2Flocalhost%3A9763%2Fportal%2Fgadgets%2Fpeople-organizations%2Fjslider%2Fimg%2Fjslider.round.plastic.png HTTP/1.1" 200 1956 "https://localhost:9443//gadgets/concat?container=default&gadget=http%3A%2F%2Flocalhost%3A9763%2Fportal%2Fgadgets%2Fpeople-organizations%2Fpeople-organizations.xml&debug=1&nocache=1&type=css&1=http%3A%2F%2Flocalhost%3A9763%2Fportal%2Fthemes%2Fportal%2Fcss%2Fflot-graph.css&2=http%3A%2F%2Flocalhost%3A9763%2Fportal%2Fthemes%2Fportal%2Fcss%2Fbootstrap.min.css&3=http%3A%2F%2Flocalhost%3A9763%2Fportal%2Fgadgets%2Fpeople-organizations%2Fcss%2Ffa%2Fcss%2Ffont-awesome.min.css&4=http%3A%2F%2Flocalhost%3A9763%2Fportal%2Fgadgets%2Fpeople-organizations%2Fcss%2Fstyles.css&5=http%3A%2F%2Flocalhost%3A9763%2Fportal%2Fgadgets%2Fpeople-organizations%2Fjslider%2Fcss%2Fjslider.css&6=http%3A%2F%2Flocalhost%3A9763%2Fportal%2Fgadgets%2Fpeople-organizations%2Fjslider%2Fcss%2Fjslider.blue.css&7=http%3A%2F%2Flocalhost%3A9763%2Fportal%2Fgadgets%2Fpeople-organizations%2Fjslider%2Fcss%2Fjslider.plastic.css&8=http%3A%2F%2Flocalhost%3A9763%2Fportal%2Fgadgets%2Fpeople-organizations%2Fjslider%2Fcss%2Fjslider.round.css&9=http%3A%2F%2Flocalhost%3A9763%2Fportal%2Fgadgets%2Fpeople-organizations%2Fjslider%2Fcss%2Fjslider.round.plastic.css" "Mozilla/5.0 (Windows NT 6.2; WOW64; rv:33.0) Gecko/20100101 Firefox/33.0"
0:0:0:0:0:0:0:1 - - [10/Dec/2014:18:08:28 +0530] "GET /images/organizations/org.png HTTP/1.1" 200 4129 "https://localhost:9443//gadgets/ifr?url=http%3A%2F%2Flocalhost%3A9763%2Fportal%2Fgadgets%2Forganization-map%2Forganization-map.xml&container=default&view=default&lang=en&country=US&debug=1&nocache=1&sanitize=0&v=d8213105a7083aec18c9bce3596dddd0&testmode=0&parent=https%3A%2F%2Flocalhost%3A9443&mid=0" "Mozilla/5.0 (Windows NT 6.2; WOW64; rv:33.0) Gecko/20100101 Firefox/33.0"
0:0:0:0:0:0:0:1 - - [10/Dec/2014:18:08:33 +0530] "GET /help/ HTTP/1.1" 200 2925 "https://localhost:9443/dashboard/" "Mozilla/5.0 (Windows NT 6.2; WOW64; rv:33.0) Gecko/20100101 Firefox/33.0"
0:0:0:0:0:0:0:1 - - [10/Dec/2014:18:08:34 +0530] "GET /help/css/bootstrap-responsive.min.css HTTP/1.1" 200 4009 "https://localhost:9443/help/" "Mozilla/5.0 (Windows NT 6.2; WOW64; rv:33.0) Gecko/20100101 Firefox/33.0"
0:0:0:0:0:0:0:1 - - [10/Dec/2014:18:08:34 +0530] "GET /help/css/font-awesome.min.css HTTP/1.1" 200 4470 "https://localhost:9443/help/" "Mozilla/5.0 (Windows NT 6.2; WOW64; rv:33.0) Gecko/20100101 Firefox/33.0"
0:0:0:0:0:0:0:1 - - [10/Dec/2014:18:08:34 +0530] "GET /help/css/font-awesome-ie7.min.css HTTP/1.1" 200 3412 "https://localhost:9443/help/" "Mozilla/5.0 (Windows NT 6.2; WOW64; rv:33.0) Gecko/20100101 Firefox/33.0"
0:0:0:0:0:0:0:1 - - [10/Dec/2014:18:08:34 +0530] "GET /help/css/navigation.css HTTP/1.1" 200 1108 "https://localhost:9443/help/" "Mozilla/5.0 (Windows NT 6.2; WOW64; rv:33.0) Gecko/20100101 Firefox/33.0"
0:0:0:0:0:0:0:1 - - [10/Dec/2014:18:08:34 +0530] "GET /help/css/bootstrap.min.css HTTP/1.1" 200 18779 "https://localhost:9443/help/" "Mozilla/5.0 (Windows NT 6.2; WOW64; rv:33.0) Gecko/20100101 Firefox/33.0"
0:0:0:0:0:0:0:1 - - [10/Dec/2014:18:08:34 +0530] "GET /help/css/jquery.gridster.min.css HTTP/1.1" 200 1220 "https://localhost:9443/help/" "Mozilla/5.0 (Windows NT 6.2; WOW64; rv:33.0) Gecko/20100101 Firefox/33.0"
0:0:0:0:0:0:0:1 - - [10/Dec/2014:18:08:34 +0530] "GET /help/css/portal-dashboard-designer.css HTTP/1.1" 200 3105 "https://localhost:9443/help/" "Mozilla/5.0 (Windows NT 6.2; WOW64; rv:33.0) Gecko/20100101 Firefox/33.0"
0:0:0:0:0:0:0:1 - - [10/Dec/2014:18:08:34 +0530] "GET /help/css/styles.css HTTP/1.1" 200 2323 "https://localhost:9443/help/" "Mozilla/5.0 (Windows NT 6.2; WOW64; rv:33.0) Gecko/20100101 Firefox/33.0"
0:0:0:0:0:0:0:1 - - [10/Dec/2014:18:08:34 +0530] "GET /help/js/jquery-1.8.3.min.js HTTP/1.1" 200 33942 "https://localhost:9443/help/" "Mozilla/5.0 (Windows NT 6.2; WOW64; rv:33.0) Gecko/20100101 Firefox/33.0"
0:0:0:0:0:0:0:1 - - [10/Dec/2014:18:08:34 +0530] "GET /help/js/navigation.js HTTP/1.1" 200 1037 "https://localhost:9443/help/" "Mozilla/5.0 (Windows NT 6.2; WOW64; rv:33.0) Gecko/20100101 Firefox/33.0"
0:0:0:0:0:0:0:1 - - [10/Dec/2014:18:08:34 +0530] "GET /help/js/bootstrap.min.js HTTP/1.1" 200 7007 "https://localhost:9443/help/" "Mozilla/5.0 (Windows NT 6.2; WOW64; rv:33.0) Gecko/20100101 Firefox/33.0"
0:0:0:0:0:0:0:1 - - [10/Dec/2014:18:08:34 +0530] "GET /help/css2/list-styles.css HTTP/1.1" 200 766 "https://localhost:9443/help/" "Mozilla/5.0 (Windows NT 6.2; WOW64; rv:33.0) Gecko/20100101 Firefox/33.0"
0:0:0:0:0:0:0:1 - - [10/Dec/2014:18:08:34 +0530] "GET /help/js/jquery-ui-1.10.1.custom.min.js HTTP/1.1" 200 24626 "https://localhost:9443/help/" "Mozilla/5.0 (Windows NT 6.2; WOW64; rv:33.0) Gecko/20100101 Firefox/33.0"
0:0:0:0:0:0:0:1 - - [10/Dec/2014:18:08:34 +0530] "GET /help/images/edit-gadget5.png HTTP/1.1" 200 8342 "https://localhost:9443/help/" "Mozilla/5.0 (Windows NT 6.2; WOW64; rv:33.0) Gecko/20100101 Firefox/33.0"
0:0:0:0:0:0:0:1 - - [10/Dec/2014:18:08:34 +0530] "GET /help/images/personalize1.png HTTP/1.1" 200 8608 "https://localhost:9443/help/" "Mozilla/5.0 (Windows NT 6.2; WOW64; rv:33.0) Gecko/20100101 Firefox/33.0"
0:0:0:0:0:0:0:1 - - [10/Dec/2014:18:08:34 +0530] "GET /help/images/sign-in.png HTTP/1.1" 200 9849 "https://localhost:9443/help/" "Mozilla/5.0 (Windows NT 6.2; WOW64; rv:33.0) Gecko/20100101 Firefox/33.0"
0:0:0:0:0:0:0:1 - - [10/Dec/2014:18:08:34 +0530] "GET /help/images/personalize2.png HTTP/1.1" 200 10605 "https://localhost:9443/help/" "Mozilla/5.0 (Windows NT 6.2; WOW64; rv:33.0) Gecko/20100101 Firefox/33.0"
0:0:0:0:0:0:0:1 - - [10/Dec/2014:18:08:34 +0530] "GET /help/images/personalize3.png HTTP/1.1" 200 12600 "https://localhost:9443/help/" "Mozilla/5.0 (Windows NT 6.2; WOW64; rv:33.0) Gecko/20100101 Firefox/33.0"
0:0:0:0:0:0:0:1 - - [10/Dec/2014:18:08:34 +0530] "GET /help/images/add-gadget2.png HTTP/1.1" 200 21312 "https://localhost:9443/help/" "Mozilla/5.0 (Windows NT 6.2; WOW64; rv:33.0) Gecko/20100101 Firefox/33.0"
0:0:0:0:0:0:0:1 - - [10/Dec/2014:18:08:34 +0530] "GET /help/images/add-gadget1.png HTTP/1.1" 200 15862 "https://localhost:9443/help/" "Mozilla/5.0 (Windows NT 6.2; WOW64; rv:33.0) Gecko/20100101 Firefox/33.0"
0:0:0:0:0:0:0:1 - - [10/Dec/2014:18:08:34 +0530] "GET /help/images/personalize4.png HTTP/1.1" 200 13091 "https://localhost:9443/help/" "Mozilla/5.0 (Windows NT 6.2; WOW64; rv:33.0) Gecko/20100101 Firefox/33.0"
0:0:0:0:0:0:0:1 - - [10/Dec/2014:18:08:34 +0530] "GET /help/images/edit-gadget3.png HTTP/1.1" 200 6236 "https://localhost:9443/help/" "Mozilla/5.0 (Windows NT 6.2; WOW64; rv:33.0) Gecko/20100101 Firefox/33.0"
0:0:0:0:0:0:0:1 - - [10/Dec/2014:18:08:34 +0530] "GET /help/images/edit-gadget2.png HTTP/1.1" 200 6814 "https://localhost:9443/help/" "Mozilla/5.0 (Windows NT 6.2; WOW64; rv:33.0) Gecko/20100101 Firefox/33.0"
0:0:0:0:0:0:0:1 - - [10/Dec/2014:18:08:34 +0530] "GET /help/images/edit-gadget4.png HTTP/1.1" 200 6259 "https://localhost:9443/help/" "Mozilla/5.0 (Windows NT 6.2; WOW64; rv:33.0) Gecko/20100101 Firefox/33.0"
0:0:0:0:0:0:0:1 - - [10/Dec/2014:18:08:34 +0530] "GET /help/images/edit-gadget1.png HTTP/1.1" 200 46070 "https://localhost:9443/help/" "Mozilla/5.0 (Windows NT 6.2; WOW64; rv:33.0) Gecko/20100101 Firefox/33.0"
0:0:0:0:0:0:0:1 - - [10/Dec/2014:18:08:34 +0530] "GET /help/images/add-gadget3.png HTTP/1.1" 200 114568 "https://localhost:9443/help/" "Mozilla/5.0 (Windows NT 6.2; WOW64; rv:33.0) Gecko/20100101 Firefox/33.0"
0:0:0:0:0:0:0:1 - - [10/Dec/2014:18:08:34 +0530] "GET /help/font/Lato-Reg-webfont.woff HTTP/1.1" 200 19260 "https://localhost:9443/help/css/styles.css" "Mozilla/5.0 (Windows NT 6.2; WOW64; rv:33.0) Gecko/20100101 Firefox/33.0"
0:0:0:0:0:0:0:1 - - [10/Dec/2014:18:08:34 +0530] "GET /help/img/logo.png HTTP/1.1" 200 21341 "https://localhost:9443/help/css/navigation.css" "Mozilla/5.0 (Windows NT 6.2; WOW64; rv:33.0) Gecko/20100101 Firefox/33.0"
0:0:0:0:0:0:0:1 - - [10/Dec/2014:18:08:34 +0530] "GET /help/font/fontawesome-webfont.woff?v=3.2.1 HTTP/1.1" 200 43572 "https://localhost:9443/help/css/font-awesome.min.css" "Mozilla/5.0 (Windows NT 6.2; WOW64; rv:33.0) Gecko/20100101 Firefox/33.0"
0:0:0:0:0:0:0:1 - - [10/Dec/2014:18:08:34 +0530] "GET /help/font/Lato-Bol-webfont.woff HTTP/1.1" 200 19432 "https://localhost:9443/help/css/styles.css" "Mozilla/5.0 (Windows NT 6.2; WOW64; rv:33.0) Gecko/20100101 Firefox/33.0"
0:0:0:0:0:0:0:1 - - [10/Dec/2014:18:08:40 +0530] "GET /user/ HTTP/1.1" 302 - "https://localhost:9443/dashboard/" "Mozilla/5.0 (Windows NT 6.2; WOW64; rv:33.0) Gecko/20100101 Firefox/33.0"
0:0:0:0:0:0:0:1 - - [10/Dec/2014:18:08:44 +0530] "GET /user/login HTTP/1.1" 200 1346 "https://localhost:9443/dashboard/" "Mozilla/5.0 (Windows NT 6.2; WOW64; rv:33.0) Gecko/20100101 Firefox/33.0"
0:0:0:0:0:0:0:1 - - [10/Dec/2014:18:08:45 +0530] "POST /sso/samlsso.jag HTTP/1.1" 302 - "https://localhost:9443/user/login" "Mozilla/5.0 (Windows NT 6.2; WOW64; rv:33.0) Gecko/20100101 Firefox/33.0"
0:0:0:0:0:0:0:1 - - [10/Dec/2014:18:08:45 +0530] "GET /sso/login.jag HTTP/1.1" 200 5562 "https://localhost:9443/user/login" "Mozilla/5.0 (Windows NT 6.2; WOW64; rv:33.0) Gecko/20100101 Firefox/33.0"
0:0:0:0:0:0:0:1 - - [10/Dec/2014:18:08:45 +0530] "GET /sso/css/jquerymessagebox/msgBoxLight.css HTTP/1.1" 200 925 "https://localhost:9443/sso/login.jag" "Mozilla/5.0 (Windows NT 6.2; WOW64; rv:33.0) Gecko/20100101 Firefox/33.0"
0:0:0:0:0:0:0:1 - - [10/Dec/2014:18:08:45 +0530] "GET /sso/css/bootstrap-responsive.css HTTP/1.1" 200 4251 "https://localhost:9443/sso/login.jag" "Mozilla/5.0 (Windows NT 6.2; WOW64; rv:33.0) Gecko/20100101 Firefox/33.0"
0:0:0:0:0:0:0:1 - - [10/Dec/2014:18:08:45 +0530] "GET /sso/css/styles.css HTTP/1.1" 200 1090 "https://localhost:9443/sso/login.jag" "Mozilla/5.0 (Windows NT 6.2; WOW64; rv:33.0) Gecko/20100101 Firefox/33.0"
0:0:0:0:0:0:0:1 - - [10/Dec/2014:18:08:45 +0530] "GET /sso/css/font-awesome.min.css HTTP/1.1" 200 4456 "https://localhost:9443/sso/login.jag" "Mozilla/5.0 (Windows NT 6.2; WOW64; rv:33.0) Gecko/20100101 Firefox/33.0"
0:0:0:0:0:0:0:1 - - [10/Dec/2014:18:08:45 +0530] "GET /sso/css/forms/registerform.css HTTP/1.1" 200 1955 "https://localhost:9443/sso/login.jag" "Mozilla/5.0 (Windows NT 6.2; WOW64; rv:33.0) Gecko/20100101 Firefox/33.0"
0:0:0:0:0:0:0:1 - - [10/Dec/2014:18:08:45 +0530] "GET /sso/css/bootstrap.min.css HTTP/1.1" 200 18754 "https://localhost:9443/sso/login.jag" "Mozilla/5.0 (Windows NT 6.2; WOW64; rv:33.0) Gecko/20100101 Firefox/33.0"
0:0:0:0:0:0:0:1 - - [10/Dec/2014:18:08:45 +0530] "GET /sso/js/jquerymessagebox/jquery.msgBox.js HTTP/1.1" 200 3390 "https://localhost:9443/sso/login.jag" "Mozilla/5.0 (Windows NT 6.2; WOW64; rv:33.0) Gecko/20100101 Firefox/33.0"
0:0:0:0:0:0:0:1 - - [10/Dec/2014:18:08:45 +0530] "GET /sso/js/jquery-1.8.3.min.js HTTP/1.1" 200 33942 "https://localhost:9443/sso/login.jag" "Mozilla/5.0 (Windows NT 6.2; WOW64; rv:33.0) Gecko/20100101 Firefox/33.0"
0:0:0:0:0:0:0:1 - - [10/Dec/2014:18:08:45 +0530] "GET /sso/js/bootstrap.min.js HTTP/1.1" 200 7004 "https://localhost:9443/sso/login.jag" "Mozilla/5.0 (Windows NT 6.2; WOW64; rv:33.0) Gecko/20100101 Firefox/33.0"
0:0:0:0:0:0:0:1 - - [10/Dec/2014:18:08:45 +0530] "GET /sso/img/banner-bg-pattern.jpg HTTP/1.1" 200 5203 "https://localhost:9443/sso/css/styles.css" "Mozilla/5.0 (Windows NT 6.2; WOW64; rv:33.0) Gecko/20100101 Firefox/33.0"
0:0:0:0:0:0:0:1 - - [10/Dec/2014:18:08:45 +0530] "GET /sso/img/form-separator.png HTTP/1.1" 200 921 "https://localhost:9443/sso/css/styles.css" "Mozilla/5.0 (Windows NT 6.2; WOW64; rv:33.0) Gecko/20100101 Firefox/33.0"
0:0:0:0:0:0:0:1 - - [10/Dec/2014:18:08:45 +0530] "GET /sso/font/Lato-Reg-webfont.woff HTTP/1.1" 200 19260 "https://localhost:9443/sso/css/styles.css" "Mozilla/5.0 (Windows NT 6.2; WOW64; rv:33.0) Gecko/20100101 Firefox/33.0"
0:0:0:0:0:0:0:1 - - [10/Dec/2014:18:08:45 +0530] "GET /sso/font/Lato-Bol-webfont.woff HTTP/1.1" 200 19432 "https://localhost:9443/sso/css/styles.css" "Mozilla/5.0 (Windows NT 6.2; WOW64; rv:33.0) Gecko/20100101 Firefox/33.0"
0:0:0:0:0:0:0:1 - - [10/Dec/2014:18:08:45 +0530] "GET /sso/font/fontawesome-webfont.woff?v=3.2.1 HTTP/1.1" 200 43572 "https://localhost:9443/sso/css/font-awesome.min.css" "Mozilla/5.0 (Windows NT 6.2; WOW64; rv:33.0) Gecko/20100101 Firefox/33.0"
0:0:0:0:0:0:0:1 - - [10/Dec/2014:18:08:45 +0530] "POST /sso/researchareas.jag HTTP/1.1" 200 373 "https://localhost:9443/sso/login.jag" "Mozilla/5.0 (Windows NT 6.2; WOW64; rv:33.0) Gecko/20100101 Firefox/33.0"
0:0:0:0:0:0:0:1 - - [10/Dec/2014:18:08:45 +0530] "POST /sso/researchareas.jag HTTP/1.1" 200 261 "https://localhost:9443/sso/login.jag" "Mozilla/5.0 (Windows NT 6.2; WOW64; rv:33.0) Gecko/20100101 Firefox/33.0"
0:0:0:0:0:0:0:1 - - [10/Dec/2014:18:08:51 +0530] "POST /sso/researchareas.jag HTTP/1.1" 200 820 "https://localhost:9443/sso/login.jag" "Mozilla/5.0 (Windows NT 6.2; WOW64; rv:33.0) Gecko/20100101 Firefox/33.0"
0:0:0:0:0:0:0:1 - - [10/Dec/2014:18:08:52 +0530] "POST /sso/researchareas.jag HTTP/1.1" 200 171 "https://localhost:9443/sso/login.jag" "Mozilla/5.0 (Windows NT 6.2; WOW64; rv:33.0) Gecko/20100101 Firefox/33.0"
0:0:0:0:0:0:0:1 - - [10/Dec/2014:18:09:02 +0530] "POST /sso/samlsso.jag HTTP/1.1" 302 - "https://localhost:9443/sso/login.jag" "Mozilla/5.0 (Windows NT 6.2; WOW64; rv:33.0) Gecko/20100101 Firefox/33.0"
0:0:0:0:0:0:0:1 - - [10/Dec/2014:18:09:02 +0530] "GET /sso/login.jag HTTP/1.1" 200 5604 "https://localhost:9443/sso/login.jag" "Mozilla/5.0 (Windows NT 6.2; WOW64; rv:33.0) Gecko/20100101 Firefox/33.0"
0:0:0:0:0:0:0:1 - - [10/Dec/2014:18:09:03 +0530] "POST /sso/researchareas.jag HTTP/1.1" 200 373 "https://localhost:9443/sso/login.jag" "Mozilla/5.0 (Windows NT 6.2; WOW64; rv:33.0) Gecko/20100101 Firefox/33.0"
0:0:0:0:0:0:0:1 - - [10/Dec/2014:18:09:03 +0530] "POST /sso/researchareas.jag HTTP/1.1" 200 261 "https://localhost:9443/sso/login.jag" "Mozilla/5.0 (Windows NT 6.2; WOW64; rv:33.0) Gecko/20100101 Firefox/33.0"
0:0:0:0:0:0:0:1 - - [10/Dec/2014:18:09:15 +0530] "GET /admin HTTP/1.1" 302 - "-" "Mozilla/5.0 (Windows NT 6.2; WOW64; rv:33.0) Gecko/20100101 Firefox/33.0"
0:0:0:0:0:0:0:1 - - [10/Dec/2014:18:09:15 +0530] "GET /admin/carbon HTTP/1.1" 302 - "-" "Mozilla/5.0 (Windows NT 6.2; WOW64; rv:33.0) Gecko/20100101 Firefox/33.0"
0:0:0:0:0:0:0:1 - - [10/Dec/2014:18:09:15 +0530] "GET /admin/carbon/admin/index.jsp HTTP/1.1" 302 - "-" "Mozilla/5.0 (Windows NT 6.2; WOW64; rv:33.0) Gecko/20100101 Firefox/33.0"
0:0:0:0:0:0:0:1 - - [10/Dec/2014:18:09:20 +0530] "GET /admin/carbon/admin/login.jsp HTTP/1.1" 200 3389 "-" "Mozilla/5.0 (Windows NT 6.2; WOW64; rv:33.0) Gecko/20100101 Firefox/33.0"
0:0:0:0:0:0:0:1 - - [10/Dec/2014:18:09:20 +0530] "GET /admin/carbon/styles/css/main.css HTTP/1.1" 200 1405 "https://localhost:9443/admin/carbon/admin/login.jsp" "Mozilla/5.0 (Windows NT 6.2; WOW64; rv:33.0) Gecko/20100101 Firefox/33.0"
0:0:0:0:0:0:0:1 - - [10/Dec/2014:18:09:20 +0530] "GET /admin/carbon/admin/css/global.css HTTP/1.1" 200 5268 "https://localhost:9443/admin/carbon/admin/login.jsp" "Mozilla/5.0 (Windows NT 6.2; WOW64; rv:33.0) Gecko/20100101 Firefox/33.0"
0:0:0:0:0:0:0:1 - - [10/Dec/2014:18:09:20 +0530] "GET /admin/carbon/dialog/css/jqueryui/jqueryui-themeroller.css HTTP/1.1" 200 4020 "https://localhost:9443/admin/carbon/admin/login.jsp" "Mozilla/5.0 (Windows NT 6.2; WOW64; rv:33.0) Gecko/20100101 Firefox/33.0"
0:0:0:0:0:0:0:1 - - [10/Dec/2014:18:09:20 +0530] "GET /admin/carbon/dialog/css/dialog.css HTTP/1.1" 200 556 "https://localhost:9443/admin/carbon/admin/login.jsp" "Mozilla/5.0 (Windows NT 6.2; WOW64; rv:33.0) Gecko/20100101 Firefox/33.0"
0:0:0:0:0:0:0:1 - - [10/Dec/2014:18:09:20 +0530] "GET /admin/carbon/admin/css/carbonFormStyles.css HTTP/1.1" 200 1970 "https://localhost:9443/admin/carbon/admin/login.jsp" "Mozilla/5.0 (Windows NT 6.2; WOW64; rv:33.0) Gecko/20100101 Firefox/33.0"
0:0:0:0:0:0:0:1 - - [10/Dec/2014:18:09:20 +0530] "GET /admin/carbon/admin/js/jquery.form.js HTTP/1.1" 200 6750 "https://localhost:9443/admin/carbon/admin/login.jsp" "Mozilla/5.0 (Windows NT 6.2; WOW64; rv:33.0) Gecko/20100101 Firefox/33.0"
0:0:0:0:0:0:0:1 - - [10/Dec/2014:18:09:20 +0530] "GET /admin/carbon/admin/js/jquery.validate.js HTTP/1.1" 200 10290 "https://localhost:9443/admin/carbon/admin/login.jsp" "Mozilla/5.0 (Windows NT 6.2; WOW64; rv:33.0) Gecko/20100101 Firefox/33.0"
0:0:0:0:0:0:0:1 - - [10/Dec/2014:18:09:20 +0530] "GET /admin/carbon/admin/js/jquery.cookie.js HTTP/1.1" 200 1529 "https://localhost:9443/admin/carbon/admin/login.jsp" "Mozilla/5.0 (Windows NT 6.2; WOW64; rv:33.0) Gecko/20100101 Firefox/33.0"
0:0:0:0:0:0:0:1 - - [10/Dec/2014:18:09:20 +0530] "GET /admin/carbon/dialog/js/jqueryui/jquery-ui.min.js HTTP/1.1" 200 25705 "https://localhost:9443/admin/carbon/admin/login.jsp" "Mozilla/5.0 (Windows NT 6.2; WOW64; rv:33.0) Gecko/20100101 Firefox/33.0"
0:0:0:0:0:0:0:1 - - [10/Dec/2014:18:09:20 +0530] "GET /admin/carbon/admin/js/jquery-1.5.2.min.js HTTP/1.1" 200 30375 "https://localhost:9443/admin/carbon/admin/login.jsp" "Mozilla/5.0 (Windows NT 6.2; WOW64; rv:33.0) Gecko/20100101 Firefox/33.0"
0:0:0:0:0:0:0:1 - - [10/Dec/2014:18:09:20 +0530] "GET /admin/carbon/admin/js/jquery.ui.core.min.js HTTP/1.1" 200 1996 "https://localhost:9443/admin/carbon/admin/login.jsp" "Mozilla/5.0 (Windows NT 6.2; WOW64; rv:33.0) Gecko/20100101 Firefox/33.0"
0:0:0:0:0:0:0:1 - - [10/Dec/2014:18:09:20 +0530] "GET /admin/carbon/admin/js/jquery.ui.widget.min.js HTTP/1.1" 200 1344 "https://localhost:9443/admin/carbon/admin/login.jsp" "Mozilla/5.0 (Windows NT 6.2; WOW64; rv:33.0) Gecko/20100101 Firefox/33.0"
0:0:0:0:0:0:0:1 - - [10/Dec/2014:18:09:20 +0530] "GET /admin/carbon/admin/js/jquery.ui.tabs.min.js HTTP/1.1" 200 3594 "https://localhost:9443/admin/carbon/admin/login.jsp" "Mozilla/5.0 (Windows NT 6.2; WOW64; rv:33.0) Gecko/20100101 Firefox/33.0"
0:0:0:0:0:0:0:1 - - [10/Dec/2014:18:09:20 +0530] "GET /admin/carbon/admin/js/cookies.js HTTP/1.1" 200 1136 "https://localhost:9443/admin/carbon/admin/login.jsp" "Mozilla/5.0 (Windows NT 6.2; WOW64; rv:33.0) Gecko/20100101 Firefox/33.0"
0:0:0:0:0:0:0:1 - - [10/Dec/2014:18:09:20 +0530] "GET /admin/carbon/admin/js/customControls.js HTTP/1.1" 200 1193 "https://localhost:9443/admin/carbon/admin/login.jsp" "Mozilla/5.0 (Windows NT 6.2; WOW64; rv:33.0) Gecko/20100101 Firefox/33.0"
0:0:0:0:0:0:0:1 - - [10/Dec/2014:18:09:20 +0530] "GET /admin/carbon/admin/js/WSRequest.js HTTP/1.1" 200 12981 "https://localhost:9443/admin/carbon/admin/login.jsp" "Mozilla/5.0 (Windows NT 6.2; WOW64; rv:33.0) Gecko/20100101 Firefox/33.0"
0:0:0:0:0:0:0:1 - - [10/Dec/2014:18:09:20 +0530] "GET /admin/carbon/admin/js/main.js HTTP/1.1" 200 15361 "https://localhost:9443/admin/carbon/admin/login.jsp" "Mozilla/5.0 (Windows NT 6.2; WOW64; rv:33.0) Gecko/20100101 Firefox/33.0"
0:0:0:0:0:0:0:1 - - [10/Dec/2014:18:09:20 +0530] "GET /admin/carbon/admin/js/template.js HTTP/1.1" 200 3390 "https://localhost:9443/admin/carbon/admin/login.jsp" "Mozilla/5.0 (Windows NT 6.2; WOW64; rv:33.0) Gecko/20100101 Firefox/33.0"
0:0:0:0:0:0:0:1 - - [10/Dec/2014:18:09:20 +0530] "GET /admin/carbon/yui/build/yahoo-dom-event/yahoo-dom-event.js HTTP/1.1" 200 10684 "https://localhost:9443/admin/carbon/admin/login.jsp" "Mozilla/5.0 (Windows NT 6.2; WOW64; rv:33.0) Gecko/20100101 Firefox/33.0"
0:0:0:0:0:0:0:1 - - [10/Dec/2014:18:09:20 +0530] "GET /admin/carbon/dialog/js/dialog.js HTTP/1.1" 200 2127 "https://localhost:9443/admin/carbon/admin/login.jsp" "Mozilla/5.0 (Windows NT 6.2; WOW64; rv:33.0) Gecko/20100101 Firefox/33.0"
0:0:0:0:0:0:0:1 - - [10/Dec/2014:18:09:20 +0530] "GET /admin/carbon/yui/build/yahoo/yahoo-min.js HTTP/1.1" 200 2523 "https://localhost:9443/admin/carbon/admin/login.jsp" "Mozilla/5.0 (Windows NT 6.2; WOW64; rv:33.0) Gecko/20100101 Firefox/33.0"
0:0:0:0:0:0:0:1 - - [10/Dec/2014:18:09:20 +0530] "GET /admin/carbon/yui/build/animation/animation-min.js HTTP/1.1" 200 4768 "https://localhost:9443/admin/carbon/admin/login.jsp" "Mozilla/5.0 (Windows NT 6.2; WOW64; rv:33.0) Gecko/20100101 Firefox/33.0"
0:0:0:0:0:0:0:1 - - [10/Dec/2014:18:09:20 +0530] "GET /admin/carbon/admin/images/1px.gif HTTP/1.1" 200 43 "https://localhost:9443/admin/carbon/admin/login.jsp" "Mozilla/5.0 (Windows NT 6.2; WOW64; rv:33.0) Gecko/20100101 Firefox/33.0"
0:0:0:0:0:0:0:1 - - [10/Dec/2014:18:09:20 +0530] "GET /admin/carbon/admin/images/issue-tracker.gif HTTP/1.1" 200 1821 "https://localhost:9443/admin/carbon/admin/login.jsp" "Mozilla/5.0 (Windows NT 6.2; WOW64; rv:33.0) Gecko/20100101 Firefox/33.0"
0:0:0:0:0:0:0:1 - - [10/Dec/2014:18:09:20 +0530] "GET /admin/carbon/admin/images/forum.gif HTTP/1.1" 200 1977 "https://localhost:9443/admin/carbon/admin/login.jsp" "Mozilla/5.0 (Windows NT 6.2; WOW64; rv:33.0) Gecko/20100101 Firefox/33.0"
0:0:0:0:0:0:0:1 - - [10/Dec/2014:18:09:20 +0530] "GET /admin/carbon/yui/build/selector/selector-min.js HTTP/1.1" 200 2895 "https://localhost:9443/admin/carbon/admin/login.jsp" "Mozilla/5.0 (Windows NT 6.2; WOW64; rv:33.0) Gecko/20100101 Firefox/33.0"
0:0:0:0:0:0:0:1 - - [10/Dec/2014:18:09:20 +0530] "GET /admin/carbon/admin/images/user-guide.gif HTTP/1.1" 200 2228 "https://localhost:9443/admin/carbon/admin/login.jsp" "Mozilla/5.0 (Windows NT 6.2; WOW64; rv:33.0) Gecko/20100101 Firefox/33.0"
0:0:0:0:0:0:0:1 - - [10/Dec/2014:18:09:20 +0530] "GET /admin/carbon/admin/images/mailing-list.gif HTTP/1.1" 200 2131 "https://localhost:9443/admin/carbon/admin/login.jsp" "Mozilla/5.0 (Windows NT 6.2; WOW64; rv:33.0) Gecko/20100101 Firefox/33.0"
0:0:0:0:0:0:0:1 - - [10/Dec/2014:18:09:20 +0530] "GET /admin/carbon/admin/images/favicon.ico HTTP/1.1" 200 9889 "-" "Mozilla/5.0 (Windows NT 6.2; WOW64; rv:33.0) Gecko/20100101 Firefox/33.0"
0:0:0:0:0:0:0:1 - - [10/Dec/2014:18:09:21 +0530] "GET /admin/carbon/styles/images/logo.png HTTP/1.1" 200 4331 "https://localhost:9443/admin/carbon/styles/css/main.css" "Mozilla/5.0 (Windows NT 6.2; WOW64; rv:33.0) Gecko/20100101 Firefox/33.0"
0:0:0:0:0:0:0:1 - - [10/Dec/2014:18:09:21 +0530] "GET /admin/carbon/admin/images/help.gif HTTP/1.1" 200 411 "https://localhost:9443/admin/carbon/admin/css/global.css" "Mozilla/5.0 (Windows NT 6.2; WOW64; rv:33.0) Gecko/20100101 Firefox/33.0"
0:0:0:0:0:0:0:1 - - [10/Dec/2014:18:09:51 +0530] "POST /sso/researchareas.jag HTTP/1.1" 200 373 "https://localhost:9443/sso/login.jag" "Mozilla/5.0 (Windows NT 6.2; WOW64; rv:33.0) Gecko/20100101 Firefox/33.0"
0:0:0:0:0:0:0:1 - - [10/Dec/2014:18:09:51 +0530] "POST /sso/researchareas.jag HTTP/1.1" 200 261 "https://localhost:9443/sso/login.jag" "Mozilla/5.0 (Windows NT 6.2; WOW64; rv:33.0) Gecko/20100101 Firefox/33.0"
0:0:0:0:0:0:0:1 - - [10/Dec/2014:18:09:54 +0530] "POST /sso/samlsso.jag HTTP/1.1" 302 - "https://localhost:9443/sso/login.jag" "Mozilla/5.0 (Windows NT 6.2; WOW64; rv:33.0) Gecko/20100101 Firefox/33.0"
0:0:0:0:0:0:0:1 - - [10/Dec/2014:18:09:54 +0530] "GET /sso/login.jag HTTP/1.1" 200 6721 "https://localhost:9443/sso/login.jag" "Mozilla/5.0 (Windows NT 6.2; WOW64; rv:33.0) Gecko/20100101 Firefox/33.0"
0:0:0:0:0:0:0:1 - - [10/Dec/2014:18:09:54 +0530] "POST /sso/researchareas.jag HTTP/1.1" 200 373 "https://localhost:9443/sso/login.jag" "Mozilla/5.0 (Windows NT 6.2; WOW64; rv:33.0) Gecko/20100101 Firefox/33.0"
0:0:0:0:0:0:0:1 - - [10/Dec/2014:18:09:55 +0530] "POST /sso/researchareas.jag HTTP/1.1" 200 261 "https://localhost:9443/sso/login.jag" "Mozilla/5.0 (Windows NT 6.2; WOW64; rv:33.0) Gecko/20100101 Firefox/33.0"
0:0:0:0:0:0:0:1 - - [10/Dec/2014:18:10:05 +0530] "GET /dashboard HTTP/1.1" 302 - "-" "Mozilla/5.0 (Windows NT 6.2; WOW64; rv:33.0) Gecko/20100101 Firefox/33.0"
0:0:0:0:0:0:0:1 - - [10/Dec/2014:18:10:05 +0530] "GET /dashboard/ HTTP/1.1" 200 2599 "-" "Mozilla/5.0 (Windows NT 6.2; WOW64; rv:33.0) Gecko/20100101 Firefox/33.0"
0:0:0:0:0:0:0:1 - - [10/Dec/2014:18:10:05 +0530] "GET /dashboard/css/bootstrap-responsive.min.css HTTP/1.1" 200 4009 "https://localhost:9443/dashboard/" "Mozilla/5.0 (Windows NT 6.2; WOW64; rv:33.0) Gecko/20100101 Firefox/33.0"
0:0:0:0:0:0:0:1 - - [10/Dec/2014:18:10:05 +0530] "GET /dashboard/css/font-awesome.min.css HTTP/1.1" 200 4470 "https://localhost:9443/dashboard/" "Mozilla/5.0 (Windows NT 6.2; WOW64; rv:33.0) Gecko/20100101 Firefox/33.0"
0:0:0:0:0:0:0:1 - - [10/Dec/2014:18:10:05 +0530] "GET /dashboard/css/styles.css HTTP/1.1" 200 2323 "https://localhost:9443/dashboard/" "Mozilla/5.0 (Windows NT 6.2; WOW64; rv:33.0) Gecko/20100101 Firefox/33.0"
0:0:0:0:0:0:0:1 - - [10/Dec/2014:18:10:05 +0530] "GET /dashboard/css/bootstrap.min.css HTTP/1.1" 200 18779 "https://localhost:9443/dashboard/" "Mozilla/5.0 (Windows NT 6.2; WOW64; rv:33.0) Gecko/20100101 Firefox/33.0"
0:0:0:0:0:0:0:1 - - [10/Dec/2014:18:10:05 +0530] "GET /dashboard/css/font-awesome-ie7.min.css HTTP/1.1" 200 3412 "https://localhost:9443/dashboard/" "Mozilla/5.0 (Windows NT 6.2; WOW64; rv:33.0) Gecko/20100101 Firefox/33.0"
0:0:0:0:0:0:0:1 - - [10/Dec/2014:18:10:05 +0530] "GET /dashboard/css/jquery.gridster.min.css HTTP/1.1" 200 1220 "https://localhost:9443/dashboard/" "Mozilla/5.0 (Windows NT 6.2; WOW64; rv:33.0) Gecko/20100101 Firefox/33.0"
0:0:0:0:0:0:0:1 - - [10/Dec/2014:18:10:05 +0530] "GET /dashboard/css/navigation.css HTTP/1.1" 200 1108 "https://localhost:9443/dashboard/" "Mozilla/5.0 (Windows NT 6.2; WOW64; rv:33.0) Gecko/20100101 Firefox/33.0"
0:0:0:0:0:0:0:1 - - [10/Dec/2014:18:10:05 +0530] "GET /dashboard/css/portal-dashboard-designer.css HTTP/1.1" 200 3105 "https://localhost:9443/dashboard/" "Mozilla/5.0 (Windows NT 6.2; WOW64; rv:33.0) Gecko/20100101 Firefox/33.0"
0:0:0:0:0:0:0:1 - - [10/Dec/2014:18:10:05 +0530] "GET /dashboard/js/navigation.js HTTP/1.1" 200 1037 "https://localhost:9443/dashboard/" "Mozilla/5.0 (Windows NT 6.2; WOW64; rv:33.0) Gecko/20100101 Firefox/33.0"
0:0:0:0:0:0:0:1 - - [10/Dec/2014:18:10:05 +0530] "GET /dashboard/js/bootstrap.min.js HTTP/1.1" 200 7007 "https://localhost:9443/dashboard/" "Mozilla/5.0 (Windows NT 6.2; WOW64; rv:33.0) Gecko/20100101 Firefox/33.0"
0:0:0:0:0:0:0:1 - - [10/Dec/2014:18:10:05 +0530] "GET /dashboard/js/handlebars.js HTTP/1.1" 200 12909 "https://localhost:9443/dashboard/" "Mozilla/5.0 (Windows NT 6.2; WOW64; rv:33.0) Gecko/20100101 Firefox/33.0"
0:0:0:0:0:0:0:1 - - [10/Dec/2014:18:10:05 +0530] "GET /dashboard/js/UESContainer.js HTTP/1.1" 200 972 "https://localhost:9443/dashboard/" "Mozilla/5.0 (Windows NT 6.2; WOW64; rv:33.0) Gecko/20100101 Firefox/33.0"
0:0:0:0:0:0:0:1 - - [10/Dec/2014:18:10:05 +0530] "GET /dashboard/js/portal-dashboard-designer.js HTTP/1.1" 200 4893 "https://localhost:9443/dashboard/" "Mozilla/5.0 (Windows NT 6.2; WOW64; rv:33.0) Gecko/20100101 Firefox/33.0"
0:0:0:0:0:0:0:1 - - [10/Dec/2014:18:10:05 +0530] "GET /dashboard/js/jquery.gridster.with-extras.min.js HTTP/1.1" 200 22185 "https://localhost:9443/dashboard/" "Mozilla/5.0 (Windows NT 6.2; WOW64; rv:33.0) Gecko/20100101 Firefox/33.0"
0:0:0:0:0:0:0:1 - - [10/Dec/2014:18:10:05 +0530] "GET /dashboard/js/jquery-1.8.3.min.js HTTP/1.1" 200 33942 "https://localhost:9443/dashboard/" "Mozilla/5.0 (Windows NT 6.2; WOW64; rv:33.0) Gecko/20100101 Firefox/33.0"
0:0:0:0:0:0:0:1 - - [10/Dec/2014:18:10:05 +0530] "GET /dashboard/js/shindig.js HTTP/1.1" 200 34564 "https://localhost:9443/dashboard/" "Mozilla/5.0 (Windows NT 6.2; WOW64; rv:33.0) Gecko/20100101 Firefox/33.0"
0:0:0:0:0:0:0:1 - - [10/Dec/2014:18:10:05 +0530] "GET /dashboard/js/jquery-ui-1.10.1.custom.min.js HTTP/1.1" 200 24626 "https://localhost:9443/dashboard/" "Mozilla/5.0 (Windows NT 6.2; WOW64; rv:33.0) Gecko/20100101 Firefox/33.0"
0:0:0:0:0:0:0:1 - - [10/Dec/2014:18:10:06 +0530] "GET /dashboard/img/logo.png HTTP/1.1" 200 21341 "https://localhost:9443/dashboard/css/navigation.css" "Mozilla/5.0 (Windows NT 6.2; WOW64; rv:33.0) Gecko/20100101 Firefox/33.0"
0:0:0:0:0:0:0:1 - - [10/Dec/2014:18:10:06 +0530] "GET /dashboard/img/designer-sprite.png HTTP/1.1" 200 10674 "https://localhost:9443/dashboard/css/portal-dashboard-designer.css" "Mozilla/5.0 (Windows NT 6.2; WOW64; rv:33.0) Gecko/20100101 Firefox/33.0"
0:0:0:0:0:0:0:1 - - [10/Dec/2014:18:10:06 +0530] "GET /dashboard/font/Lato-Reg-webfont.woff HTTP/1.1" 200 19260 "https://localhost:9443/dashboard/css/styles.css" "Mozilla/5.0 (Windows NT 6.2; WOW64; rv:33.0) Gecko/20100101 Firefox/33.0"
0:0:0:0:0:0:0:1 - - [10/Dec/2014:18:10:06 +0530] "GET /dashboard/font/Lato-Bol-webfont.woff HTTP/1.1" 200 19432 "https://localhost:9443/dashboard/css/styles.css" "Mozilla/5.0 (Windows NT 6.2; WOW64; rv:33.0) Gecko/20100101 Firefox/33.0"
0:0:0:0:0:0:0:1 - - [10/Dec/2014:18:10:06 +0530] "GET /dashboard/font/fontawesome-webfont.woff?v=3.2.1 HTTP/1.1" 200 43572 "https://localhost:9443/dashboard/css/font-awesome.min.css" "Mozilla/5.0 (Windows NT 6.2; WOW64; rv:33.0) Gecko/20100101 Firefox/33.0"
0:0:0:0:0:0:0:1 - - [10/Dec/2014:18:10:06 +0530] "POST //rpc?st=-1%3A-1%3A*%3A*%3A*%3A0%3Adefault HTTP/1.1" 200 1473 "https://localhost:9443/dashboard/" "Mozilla/5.0 (Windows NT 6.2; WOW64; rv:33.0) Gecko/20100101 Firefox/33.0"
0:0:0:0:0:0:0:1 - - [10/Dec/2014:18:10:06 +0530] "GET /dashboard/apis/ues/layout/ HTTP/1.1" 200 8 "https://localhost:9443/dashboard/" "Mozilla/5.0 (Windows NT 6.2; WOW64; rv:33.0) Gecko/20100101 Firefox/33.0"
127.0.0.1 - - [10/Dec/2014:18:10:07 +0530] "GET /portal/gadgets/show-assets/show-assets.xml HTTP/1.1" 200 1781 "-" "Apache Shindig"
0:0:0:0:0:0:0:1 - - [10/Dec/2014:18:10:07 +0530] "GET //gadgets/ifr?url=http%3A%2F%2Flocalhost%3A9763%2Fportal%2Fgadgets%2Fshow-assets%2Fshow-assets.xml&container=default&view=default&lang=en&country=US&debug=1&nocache=1&sanitize=0&v=d8213105a7083aec18c9bce3596dddd0&testmode=0&parent=https%3A%2F%2Flocalhost%3A9443&mid=0 HTTP/1.1" 200 2434 "https://localhost:9443/dashboard/" "Mozilla/5.0 (Windows NT 6.2; WOW64; rv:33.0) Gecko/20100101 Firefox/33.0"
0:0:0:0:0:0:0:1 - - [10/Dec/2014:18:10:07 +0530] "GET /dashboard/ HTTP/1.1" 200 2599 "-" "Mozilla/5.0 (Windows NT 6.2; WOW64; rv:33.0) Gecko/20100101 Firefox/33.0"
0:0:0:0:0:0:0:1 - - [10/Dec/2014:18:10:08 +0530] "POST //rpc?st=-1%3A-1%3A*%3A*%3A*%3A0%3Adefault HTTP/1.1" 200 1473 "https://localhost:9443/dashboard/" "Mozilla/5.0 (Windows NT 6.2; WOW64; rv:33.0) Gecko/20100101 Firefox/33.0"
0:0:0:0:0:0:0:1 - - [10/Dec/2014:18:10:08 +0530] "GET /dashboard/apis/ues/layout/ HTTP/1.1" 200 5 "https://localhost:9443/dashboard/" "Mozilla/5.0 (Windows NT 6.2; WOW64; rv:33.0) Gecko/20100101 Firefox/33.0"
127.0.0.1 - - [10/Dec/2014:18:10:08 +0530] "GET /portal/gadgets/show-assets/show-assets.xml HTTP/1.1" 200 1781 "-" "Apache Shindig"
0:0:0:0:0:0:0:1 - - [10/Dec/2014:18:10:08 +0530] "GET //gadgets/ifr?url=http%3A%2F%2Flocalhost%3A9763%2Fportal%2Fgadgets%2Fshow-assets%2Fshow-assets.xml&container=default&view=default&lang=en&country=US&debug=1&nocache=1&sanitize=0&v=d8213105a7083aec18c9bce3596dddd0&testmode=0&parent=https%3A%2F%2Flocalhost%3A9443&mid=0 HTTP/1.1" 200 2434 "https://localhost:9443/dashboard/" "Mozilla/5.0 (Windows NT 6.2; WOW64; rv:33.0) Gecko/20100101 Firefox/33.0"
0:0:0:0:0:0:0:1 - - [10/Dec/2014:18:10:08 +0530] "POST //rpc?st=-1%3A-1%3A*%3A*%3A*%3A0%3Adefault HTTP/1.1" 200 1387 "https://localhost:9443/dashboard/" "Mozilla/5.0 (Windows NT 6.2; WOW64; rv:33.0) Gecko/20100101 Firefox/33.0"
0:0:0:0:0:0:0:1 - - [10/Dec/2014:18:10:08 +0530] "POST //rpc?st=-1%3A-1%3A*%3A*%3A*%3A0%3Adefault HTTP/1.1" 200 1657 "https://localhost:9443/dashboard/" "Mozilla/5.0 (Windows NT 6.2; WOW64; rv:33.0) Gecko/20100101 Firefox/33.0"
0:0:0:0:0:0:0:1 - - [10/Dec/2014:18:10:08 +0530] "POST //rpc?st=-1%3A-1%3A*%3A*%3A*%3A0%3Adefault HTTP/1.1" 200 1380 "https://localhost:9443/dashboard/" "Mozilla/5.0 (Windows NT 6.2; WOW64; rv:33.0) Gecko/20100101 Firefox/33.0"
0:0:0:0:0:0:0:1 - - [10/Dec/2014:18:10:08 +0530] "POST //rpc?st=-1%3A-1%3A*%3A*%3A*%3A0%3Adefault HTTP/1.1" 200 998 "https://localhost:9443/dashboard/" "Mozilla/5.0 (Windows NT 6.2; WOW64; rv:33.0) Gecko/20100101 Firefox/33.0"
127.0.0.1 - - [10/Dec/2014:18:10:08 +0530] "GET /portal/gadgets/publications-people/publications-people.xml HTTP/1.1" 200 1254 "-" "Apache Shindig"
0:0:0:0:0:0:0:1 - - [10/Dec/2014:18:10:08 +0530] "GET //gadgets/ifr?url=http%3A%2F%2Flocalhost%3A9763%2Fportal%2Fgadgets%2Fpublications-people%2Fpublications-people.xml&container=default&view=default&lang=en&country=US&debug=1&nocache=1&sanitize=0&v=d8213105a7083aec18c9bce3596dddd0&testmode=0&parent=https%3A%2F%2Flocalhost%3A9443&mid=0 HTTP/1.1" 200 1771 "https://localhost:9443/dashboard/" "Mozilla/5.0 (Windows NT 6.2; WOW64; rv:33.0) Gecko/20100101 Firefox/33.0"
0:0:0:0:0:0:0:1 - - [10/Dec/2014:18:10:08 +0530] "GET //gadgets/js/pubsub-2:dynamic-height:core!core:rpc.js?container=default&nocache=0&debug=1&c=0&v=1026902a266299e7832e6c212a82f9fc&jsload=0 HTTP/1.1" 200 23879 "https://localhost:9443//gadgets/ifr?url=http%3A%2F%2Flocalhost%3A9763%2Fportal%2Fgadgets%2Fshow-assets%2Fshow-assets.xml&container=default&view=default&lang=en&country=US&debug=1&nocache=1&sanitize=0&v=d8213105a7083aec18c9bce3596dddd0&testmode=0&parent=https%3A%2F%2Flocalhost%3A9443&mid=0" "Mozilla/5.0 (Windows NT 6.2; WOW64; rv:33.0) Gecko/20100101 Firefox/33.0"
127.0.0.1 - - [10/Dec/2014:18:10:08 +0530] "GET /portal/gadgets/show-assets/css/styles.css HTTP/1.1" 200 2083 "-" "Apache Shindig"
127.0.0.1 - - [10/Dec/2014:18:10:08 +0530] "GET /portal/gadgets/show-assets/css/bootstrap.min.css HTTP/1.1" 200 15992 "-" "Apache Shindig"
127.0.0.1 - - [10/Dec/2014:18:10:08 +0530] "GET /portal/gadgets/show-assets/show-assets.xml HTTP/1.1" 200 1781 "-" "Apache Shindig"
0:0:0:0:0:0:0:1 - - [10/Dec/2014:18:10:08 +0530] "GET //gadgets/js/core:rpc.js?container=default&nocache=0&debug=1&c=0&v=0340451bd365756d7f0c9f9ea168177b&jsload=0 HTTP/1.1" 200 58354 "https://localhost:9443//gadgets/ifr?url=http%3A%2F%2Flocalhost%3A9763%2Fportal%2Fgadgets%2Fshow-assets%2Fshow-assets.xml&container=default&view=default&lang=en&country=US&debug=1&nocache=1&sanitize=0&v=d8213105a7083aec18c9bce3596dddd0&testmode=0&parent=https%3A%2F%2Flocalhost%3A9443&mid=0" "Mozilla/5.0 (Windows NT 6.2; WOW64; rv:33.0) Gecko/20100101 Firefox/33.0"
127.0.0.1 - - [10/Dec/2014:18:10:08 +0530] "GET /portal/gadgets/global-innovation-index-2013/global-innovation-index-2013.xml HTTP/1.1" 200 1044 "-" "Apache Shindig"
127.0.0.1 - - [10/Dec/2014:18:10:08 +0530] "GET /portal/gadgets/people-organizations/people-organizations.xml HTTP/1.1" 200 1259 "-" "Apache Shindig"
127.0.0.1 - - [10/Dec/2014:18:10:08 +0530] "GET /portal/gadgets/organization-map/organization-map.xml HTTP/1.1" 200 888 "-" "Apache Shindig"
0:0:0:0:0:0:0:1 - - [10/Dec/2014:18:10:08 +0530] "GET //gadgets/ifr?url=http%3A%2F%2Flocalhost%3A9763%2Fportal%2Fgadgets%2Fglobal-innovation-index-2013%2Fglobal-innovation-index-2013.xml&container=default&view=default&lang=en&country=US&debug=1&nocache=1&sanitize=0&v=d8213105a7083aec18c9bce3596dddd0&testmode=0&parent=https%3A%2F%2Flocalhost%3A9443&mid=0 HTTP/1.1" 200 1417 "https://localhost:9443/dashboard/" "Mozilla/5.0 (Windows NT 6.2; WOW64; rv:33.0) Gecko/20100101 Firefox/33.0"
0:0:0:0:0:0:0:1 - - [10/Dec/2014:18:10:08 +0530] "GET //gadgets/ifr?url=http%3A%2F%2Flocalhost%3A9763%2Fportal%2Fgadgets%2Forganization-map%2Forganization-map.xml&container=default&view=default&lang=en&country=US&debug=1&nocache=1&sanitize=0&v=d8213105a7083aec18c9bce3596dddd0&testmode=0&parent=https%3A%2F%2Flocalhost%3A9443&mid=0 HTTP/1.1" 200 1381 "https://localhost:9443/dashboard/" "Mozilla/5.0 (Windows NT 6.2; WOW64; rv:33.0) Gecko/20100101 Firefox/33.0"
0:0:0:0:0:0:0:1 - - [10/Dec/2014:18:10:08 +0530] "GET //gadgets/ifr?url=http%3A%2F%2Flocalhost%3A9763%2Fportal%2Fgadgets%2Fpeople-organizations%2Fpeople-organizations.xml&container=default&view=default&lang=en&country=US&debug=1&nocache=1&sanitize=0&v=d8213105a7083aec18c9bce3596dddd0&testmode=0&parent=https%3A%2F%2Flocalhost%3A9443&mid=0 HTTP/1.1" 200 1792 "https://localhost:9443/dashboard/" "Mozilla/5.0 (Windows NT 6.2; WOW64; rv:33.0) Gecko/20100101 Firefox/33.0"
127.0.0.1 - - [10/Dec/2014:18:10:09 +0530] "GET /portal/gadgets/show-assets/show-assets.xml HTTP/1.1" 200 1781 "-" "Apache Shindig"
0:0:0:0:0:0:0:1 - - [10/Dec/2014:18:10:09 +0530] "GET //gadgets/concat?container=default&gadget=http%3A%2F%2Flocalhost%3A9763%2Fportal%2Fgadgets%2Fshow-assets%2Fshow-assets.xml&debug=1&nocache=1&type=css&1=http%3A%2F%2Flocalhost%3A9763%2Fportal%2Fgadgets%2Fshow-assets%2Fcss%2Fbootstrap.min.css&2=http%3A%2F%2Flocalhost%3A9763%2Fportal%2Fgadgets%2Fshow-assets%2Fcss%2Fstyles.css HTTP/1.1" 200 14264 "https://localhost:9443//gadgets/ifr?url=http%3A%2F%2Flocalhost%3A9763%2Fportal%2Fgadgets%2Fshow-assets%2Fshow-assets.xml&container=default&view=default&lang=en&country=US&debug=1&nocache=1&sanitize=0&v=d8213105a7083aec18c9bce3596dddd0&testmode=0&parent=https%3A%2F%2Flocalhost%3A9443&mid=0" "Mozilla/5.0 (Windows NT 6.2; WOW64; rv:33.0) Gecko/20100101 Firefox/33.0"
127.0.0.1 - - [10/Dec/2014:18:10:09 +0530] "GET /portal/gadgets/show-assets/js/jquery.validate.js HTTP/1.1" 200 10083 "-" "Apache Shindig"
127.0.0.1 - - [10/Dec/2014:18:10:09 +0530] "GET /portal/gadgets/show-assets/js/jquery-1.8.3.min.js HTTP/1.1" 200 33942 "-" "Apache Shindig"
127.0.0.1 - - [10/Dec/2014:18:10:09 +0530] "GET /portal/gadgets/show-assets/js/jquery.nicescroll.min.js HTTP/1.1" 200 14096 "-" "Apache Shindig"
127.0.0.1 - - [10/Dec/2014:18:10:09 +0530] "GET /portal/gadgets/show-assets/js/load-assets.js HTTP/1.1" 200 2917 "-" "Apache Shindig"
0:0:0:0:0:0:0:1 - - [10/Dec/2014:18:10:09 +0530] "GET //gadgets/js/setprefs:core!core:rpc.js?container=default&nocache=0&debug=1&c=0&v=6efc1002b527b14edcbc6ffebf5962e2&jsload=0 HTTP/1.1" 200 1404 "https://localhost:9443//gadgets/ifr?url=http%3A%2F%2Flocalhost%3A9763%2Fportal%2Fgadgets%2Fpublications-people%2Fpublications-people.xml&container=default&view=default&lang=en&country=US&debug=1&nocache=1&sanitize=0&v=d8213105a7083aec18c9bce3596dddd0&testmode=0&parent=https%3A%2F%2Flocalhost%3A9443&mid=0" "Mozilla/5.0 (Windows NT 6.2; WOW64; rv:33.0) Gecko/20100101 Firefox/33.0"
127.0.0.1 - - [10/Dec/2014:18:10:09 +0530] "GET /portal/gadgets/show-assets/js/bootstrap.min.js HTTP/1.1" 200 4221 "-" "Apache Shindig"
127.0.0.1 - - [10/Dec/2014:18:10:09 +0530] "GET /portal/gadgets/publications-people/jslider/css/jslider.round.plastic.css HTTP/1.1" 200 253 "-" "Apache Shindig"
127.0.0.1 - - [10/Dec/2014:18:10:09 +0530] "GET /portal/gadgets/show-assets/js/handlebars.js HTTP/1.1" 200 18415 "-" "Apache Shindig"
127.0.0.1 - - [10/Dec/2014:18:10:09 +0530] "GET /portal/gadgets/publications-people/jslider/css/jslider.plastic.css HTTP/1.1" 200 129 "-" "Apache Shindig"
127.0.0.1 - - [10/Dec/2014:18:10:09 +0530] "GET /portal/gadgets/publications-people/jslider/css/jslider.round.css HTTP/1.1" 200 221 "-" "Apache Shindig"
127.0.0.1 - - [10/Dec/2014:18:10:09 +0530] "GET /portal/gadgets/publications-people/jslider/css/jslider.css HTTP/1.1" 200 739 "-" "Apache Shindig"
127.0.0.1 - - [10/Dec/2014:18:10:09 +0530] "GET /portal/themes/portal/css/flot-graph.css HTTP/1.1" 200 1294 "-" "Apache Shindig"
127.0.0.1 - - [10/Dec/2014:18:10:09 +0530] "GET /portal/gadgets/publications-people/css/styles.css HTTP/1.1" 200 424 "-" "Apache Shindig"
127.0.0.1 - - [10/Dec/2014:18:10:09 +0530] "GET /portal/gadgets/publications-people/jslider/css/jslider.blue.css HTTP/1.1" 200 122 "-" "Apache Shindig"
127.0.0.1 - - [10/Dec/2014:18:10:09 +0530] "GET /portal/gadgets/publications-people/publications-people.xml HTTP/1.1" 200 1254 "-" "Apache Shindig"
127.0.0.1 - - [10/Dec/2014:18:10:09 +0530] "GET /portal/themes/portal/css/bootstrap.min.css HTTP/1.1" 200 18779 "-" "Apache Shindig"
127.0.0.1 - - [10/Dec/2014:18:10:09 +0530] "GET /portal/gadgets/show-assets/show-assets.xml HTTP/1.1" 200 1781 "-" "Apache Shindig"
127.0.0.1 - - [10/Dec/2014:18:10:09 +0530] "GET /portal/gadgets/show-assets/show-assets.xml HTTP/1.1" 200 1781 "-" "Apache Shindig"
127.0.0.1 - - [10/Dec/2014:18:10:09 +0530] "GET /portal/gadgets/publications-people/publications-people.xml HTTP/1.1" 200 1254 "-" "Apache Shindig"
127.0.0.1 - - [10/Dec/2014:18:10:09 +0530] "GET /portal/themes/portal/css/flot-graph.css HTTP/1.1" 200 1294 "-" "Apache Shindig"
0:0:0:0:0:0:0:1 - - [10/Dec/2014:18:10:09 +0530] "GET //gadgets/js/core!core:rpc.js?container=default&nocache=0&debug=1&c=0&v=10ffc1a5848b6380548a5e2dcd177677&jsload=0 HTTP/1.1" 200 404 "https://localhost:9443//gadgets/ifr?url=http%3A%2F%2Flocalhost%3A9763%2Fportal%2Fgadgets%2Forganization-map%2Forganization-map.xml&container=default&view=default&lang=en&country=US&debug=1&nocache=1&sanitize=0&v=d8213105a7083aec18c9bce3596dddd0&testmode=0&parent=https%3A%2F%2Flocalhost%3A9443&mid=0" "Mozilla/5.0 (Windows NT 6.2; WOW64; rv:33.0) Gecko/20100101 Firefox/33.0"
127.0.0.1 - - [10/Dec/2014:18:10:09 +0530] "GET /portal/themes/portal/css/bootstrap.min.css HTTP/1.1" 200 18779 "-" "Apache Shindig"
127.0.0.1 - - [10/Dec/2014:18:10:09 +0530] "GET /portal/gadgets/global-innovation-index-2013/css/global-innovation-index-2013.css HTTP/1.1" 200 279 "-" "Apache Shindig"
127.0.0.1 - - [10/Dec/2014:18:10:09 +0530] "GET /portal/themes/portal/css/flot-graph.css HTTP/1.1" 200 1294 "-" "Apache Shindig"
127.0.0.1 - - [10/Dec/2014:18:10:09 +0530] "GET /portal/themes/portal/css/bootstrap.min.css HTTP/1.1" 200 18779 "-" "Apache Shindig"
127.0.0.1 - - [10/Dec/2014:18:10:09 +0530] "GET /portal/themes/portal/css/flot-graph.css HTTP/1.1" 200 1294 "-" "Apache Shindig"
127.0.0.1 - - [10/Dec/2014:18:10:09 +0530] "GET /portal/gadgets/show-assets/show-assets.xml HTTP/1.1" 200 1781 "-" "Apache Shindig"
127.0.0.1 - - [10/Dec/2014:18:10:09 +0530] "GET /portal/gadgets/people-organizations/jslider/css/jslider.blue.css HTTP/1.1" 200 122 "-" "Apache Shindig"
127.0.0.1 - - [10/Dec/2014:18:10:09 +0530] "GET /portal/gadgets/people-organizations/css/fa/css/font-awesome.min.css HTTP/1.1" 200 5124 "-" "Apache Shindig"
127.0.0.1 - - [10/Dec/2014:18:10:09 +0530] "GET /portal/gadgets/people-organizations/css/styles.css HTTP/1.1" 200 424 "-" "Apache Shindig"
127.0.0.1 - - [10/Dec/2014:18:10:09 +0530] "GET /portal/gadgets/people-organizations/jslider/css/jslider.round.css HTTP/1.1" 200 221 "-" "Apache Shindig"
127.0.0.1 - - [10/Dec/2014:18:10:09 +0530] "GET /portal/gadgets/people-organizations/jslider/css/jslider.plastic.css HTTP/1.1" 200 129 "-" "Apache Shindig"
127.0.0.1 - - [10/Dec/2014:18:10:09 +0530] "GET /portal/gadgets/people-organizations/jslider/css/jslider.css HTTP/1.1" 200 739 "-" "Apache Shindig"
127.0.0.1 - - [10/Dec/2014:18:10:09 +0530] "GET /portal/gadgets/organization-map/organization-map.xml HTTP/1.1" 200 888 "-" "Apache Shindig"
127.0.0.1 - - [10/Dec/2014:18:10:09 +0530] "GET /portal/themes/portal/css/bootstrap.min.css HTTP/1.1" 200 18779 "-" "Apache Shindig"
127.0.0.1 - - [10/Dec/2014:18:10:09 +0530] "GET /portal/gadgets/global-innovation-index-2013/global-innovation-index-2013.xml HTTP/1.1" 200 1044 "-" "Apache Shindig"
127.0.0.1 - - [10/Dec/2014:18:10:09 +0530] "GET /portal/gadgets/people-organizations/people-organizations.xml HTTP/1.1" 200 1259 "-" "Apache Shindig"
127.0.0.1 - - [10/Dec/2014:18:10:09 +0530] "GET /portal/gadgets/people-organizations/jslider/css/jslider.round.plastic.css HTTP/1.1" 200 253 "-" "Apache Shindig"
127.0.0.1 - - [10/Dec/2014:18:10:09 +0530] "GET /portal/gadgets/organization-map/organization-map.xml HTTP/1.1" 200 888 "-" "Apache Shindig"
127.0.0.1 - - [10/Dec/2014:18:10:09 +0530] "GET /portal/gadgets/show-assets/show-assets.xml HTTP/1.1" 200 1781 "-" "Apache Shindig"
127.0.0.1 - - [10/Dec/2014:18:10:09 +0530] "GET /portal/gadgets/global-innovation-index-2013/global-innovation-index-2013.xml HTTP/1.1" 200 1044 "-" "Apache Shindig"
127.0.0.1 - - [10/Dec/2014:18:10:09 +0530] "GET /portal/gadgets/people-organizations/people-organizations.xml HTTP/1.1" 200 1259 "-" "Apache Shindig"
127.0.0.1 - - [10/Dec/2014:18:10:09 +0530] "GET /portal/gadgets/show-assets/show-assets.xml HTTP/1.1" 200 1781 "-" "Apache Shindig"
127.0.0.1 - - [10/Dec/2014:18:10:10 +0530] "GET /portal/gadgets/show-assets/show-assets.xml HTTP/1.1" 200 1781 "-" "Apache Shindig"
127.0.0.1 - - [10/Dec/2014:18:10:10 +0530] "GET /portal/gadgets/people-organizations/people-organizations.xml HTTP/1.1" 200 1259 "-" "Apache Shindig"
127.0.0.1 - - [10/Dec/2014:18:10:10 +0530] "GET /portal/gadgets/publications-people/publications-people.xml HTTP/1.1" 200 1254 "-" "Apache Shindig"
127.0.0.1 - - [10/Dec/2014:18:10:10 +0530] "GET /portal/gadgets/publications-people/publications-people.xml HTTP/1.1" 200 1254 "-" "Apache Shindig"
127.0.0.1 - - [10/Dec/2014:18:10:10 +0530] "GET /portal/gadgets/people-organizations/people-organizations.xml HTTP/1.1" 200 1259 "-" "Apache Shindig"
127.0.0.1 - - [10/Dec/2014:18:10:10 +0530] "GET /portal/gadgets/publications-people/publications-people.xml HTTP/1.1" 200 1254 "-" "Apache Shindig"
127.0.0.1 - - [10/Dec/2014:18:10:10 +0530] "GET /portal/gadgets/global-innovation-index-2013/global-innovation-index-2013.xml HTTP/1.1" 200 1044 "-" "Apache Shindig"
127.0.0.1 - - [10/Dec/2014:18:10:10 +0530] "GET /portal/gadgets/people-organizations/people-organizations.xml HTTP/1.1" 200 1259 "-" "Apache Shindig"
0:0:0:0:0:0:0:1 - - [10/Dec/2014:18:10:10 +0530] "GET //gadgets/concat?container=default&gadget=http%3A%2F%2Flocalhost%3A9763%2Fportal%2Fgadgets%2Forganization-map%2Forganization-map.xml&debug=1&nocache=1&type=css&1=http%3A%2F%2Flocalhost%3A9763%2Fportal%2Fthemes%2Fportal%2Fcss%2Fflot-graph.css&2=http%3A%2F%2Flocalhost%3A9763%2Fportal%2Fthemes%2Fportal%2Fcss%2Fbootstrap.min.css HTTP/1.1" 200 16230 "https://localhost:9443//gadgets/ifr?url=http%3A%2F%2Flocalhost%3A9763%2Fportal%2Fgadgets%2Forganization-map%2Forganization-map.xml&container=default&view=default&lang=en&country=US&debug=1&nocache=1&sanitize=0&v=d8213105a7083aec18c9bce3596dddd0&testmode=0&parent=https%3A%2F%2Flocalhost%3A9443&mid=0" "Mozilla/5.0 (Windows NT 6.2; WOW64; rv:33.0) Gecko/20100101 Firefox/33.0"
127.0.0.1 - - [10/Dec/2014:18:10:10 +0530] "GET /portal/gadgets/publications-people/publications-people.xml HTTP/1.1" 200 1254 "-" "Apache Shindig"
127.0.0.1 - - [10/Dec/2014:18:10:10 +0530] "GET /portal/gadgets/people-organizations/people-organizations.xml HTTP/1.1" 200 1259 "-" "Apache Shindig"
127.0.0.1 - - [10/Dec/2014:18:10:10 +0530] "GET /portal/gadgets/publications-people/publications-people.xml HTTP/1.1" 200 1254 "-" "Apache Shindig"
0:0:0:0:0:0:0:1 - - [10/Dec/2014:18:10:10 +0530] "GET //gadgets/concat?container=default&gadget=http%3A%2F%2Flocalhost%3A9763%2Fportal%2Fgadgets%2Fglobal-innovation-index-2013%2Fglobal-innovation-index-2013.xml&debug=1&nocache=1&type=css&1=http%3A%2F%2Flocalhost%3A9763%2Fportal%2Fthemes%2Fportal%2Fcss%2Fflot-graph.css&2=http%3A%2F%2Flocalhost%3A9763%2Fportal%2Fthemes%2Fportal%2Fcss%2Fbootstrap.min.css&3=http%3A%2F%2Flocalhost%3A9763%2Fportal%2Fgadgets%2Fglobal-innovation-index-2013%2Fcss%2Fglobal-innovation-index-2013.css HTTP/1.1" 200 16373 "https://localhost:9443//gadgets/ifr?url=http%3A%2F%2Flocalhost%3A9763%2Fportal%2Fgadgets%2Fglobal-innovation-index-2013%2Fglobal-innovation-index-2013.xml&container=default&view=default&lang=en&country=US&debug=1&nocache=1&sanitize=0&v=d8213105a7083aec18c9bce3596dddd0&testmode=0&parent=https%3A%2F%2Flocalhost%3A9443&mid=0" "Mozilla/5.0 (Windows NT 6.2; WOW64; rv:33.0) Gecko/20100101 Firefox/33.0"
127.0.0.1 - - [10/Dec/2014:18:10:10 +0530] "GET /portal/gadgets/people-organizations/people-organizations.xml HTTP/1.1" 200 1259 "-" "Apache Shindig"
127.0.0.1 - - [10/Dec/2014:18:10:10 +0530] "GET /portal/gadgets/organization-map/js/organization-map-core.js HTTP/1.1" 200 1829 "-" "Apache Shindig"
