0:0:0:0:0:0:0:1 - - [01/Dec/2014:10:31:40 +0530] "GET / HTTP/1.1" 304 - "-" "Mozilla/5.0 (Windows NT 6.2; WOW64; rv:33.0) Gecko/20100101 Firefox/33.0"
0:0:0:0:0:0:0:1 - - [01/Dec/2014:10:31:40 +0530] "GET /portal HTTP/1.1" 302 - "-" "Mozilla/5.0 (Windows NT 6.2; WOW64; rv:33.0) Gecko/20100101 Firefox/33.0"
0:0:0:0:0:0:0:1 - - [01/Dec/2014:10:31:45 +0530] "GET /portal/ HTTP/1.1" 200 4483 "-" "Mozilla/5.0 (Windows NT 6.2; WOW64; rv:33.0) Gecko/20100101 Firefox/33.0"
0:0:0:0:0:0:0:1 - - [01/Dec/2014:10:31:45 +0530] "GET /portal/themes/portal/js/portal-gadgets-js.jag HTTP/1.1" 200 268 "https://localhost:9443/portal/" "Mozilla/5.0 (Windows NT 6.2; WOW64; rv:33.0) Gecko/20100101 Firefox/33.0"
0:0:0:0:0:0:0:1 - - [01/Dec/2014:10:31:46 +0530] "GET /portal/themes/portal/img/jslider.png HTTP/1.1" 404 898 "https://localhost:9443/portal/themes/portal/css/jslider.css" "Mozilla/5.0 (Windows NT 6.2; WOW64; rv:33.0) Gecko/20100101 Firefox/33.0"
127.0.0.1 - - [01/Dec/2014:10:31:47 +0530] "GET /portal/gadgets/intro-gadget-1/intro-gadget-1.xml HTTP/1.1" 200 881 "-" "Apache Shindig"
127.0.0.1 - - [01/Dec/2014:10:31:47 +0530] "GET /portal/gadgets/intro-gadget-2/intro-gadget-2.xml HTTP/1.1" 200 959 "-" "Apache Shindig"
0:0:0:0:0:0:0:1 - - [01/Dec/2014:10:31:48 +0530] "POST //rpc?st=-1%3A-1%3A*%3A*%3A*%3A0%3Adefault HTTP/1.1" 200 1294 "https://localhost:9443/portal/" "Mozilla/5.0 (Windows NT 6.2; WOW64; rv:33.0) Gecko/20100101 Firefox/33.0"
0:0:0:0:0:0:0:1 - - [01/Dec/2014:10:31:48 +0530] "POST //rpc?st=-1%3A-1%3A*%3A*%3A*%3A0%3Adefault HTTP/1.1" 200 1273 "https://localhost:9443/portal/" "Mozilla/5.0 (Windows NT 6.2; WOW64; rv:33.0) Gecko/20100101 Firefox/33.0"
0:0:0:0:0:0:0:1 - - [01/Dec/2014:10:31:49 +0530] "POST /sso/samlsso.jag HTTP/1.1" 302 - "https://localhost:9443/portal/" "Mozilla/5.0 (Windows NT 6.2; WOW64; rv:33.0) Gecko/20100101 Firefox/33.0"
0:0:0:0:0:0:0:1 - - [01/Dec/2014:10:31:49 +0530] "GET /sso/login.jag HTTP/1.1" 200 1670 "https://localhost:9443/portal/" "Mozilla/5.0 (Windows NT 6.2; WOW64; rv:33.0) Gecko/20100101 Firefox/33.0"
0:0:0:0:0:0:0:1 - - [01/Dec/2014:10:31:49 +0530] "GET /sso/css/font-awesome.min.css HTTP/1.1" 200 4456 "https://localhost:9443/sso/login.jag" "Mozilla/5.0 (Windows NT 6.2; WOW64; rv:33.0) Gecko/20100101 Firefox/33.0"
0:0:0:0:0:0:0:1 - - [01/Dec/2014:10:31:49 +0530] "GET /sso/css/bootstrap-responsive.css HTTP/1.1" 200 4251 "https://localhost:9443/sso/login.jag" "Mozilla/5.0 (Windows NT 6.2; WOW64; rv:33.0) Gecko/20100101 Firefox/33.0"
0:0:0:0:0:0:0:1 - - [01/Dec/2014:10:31:49 +0530] "GET /sso/css/styles.css HTTP/1.1" 200 1090 "https://localhost:9443/sso/login.jag" "Mozilla/5.0 (Windows NT 6.2; WOW64; rv:33.0) Gecko/20100101 Firefox/33.0"
0:0:0:0:0:0:0:1 - - [01/Dec/2014:10:31:49 +0530] "GET /assets/ico/favicon.png HTTP/1.1" 404 995 "-" "Mozilla/5.0 (Windows NT 6.2; WOW64; rv:33.0) Gecko/20100101 Firefox/33.0"
0:0:0:0:0:0:0:1 - - [01/Dec/2014:10:31:49 +0530] "GET /sso/css/bootstrap.min.css HTTP/1.1" 200 18754 "https://localhost:9443/sso/login.jag" "Mozilla/5.0 (Windows NT 6.2; WOW64; rv:33.0) Gecko/20100101 Firefox/33.0"
0:0:0:0:0:0:0:1 - - [01/Dec/2014:10:31:49 +0530] "GET /sso/js/bootstrap.min.js HTTP/1.1" 200 7004 "https://localhost:9443/sso/login.jag" "Mozilla/5.0 (Windows NT 6.2; WOW64; rv:33.0) Gecko/20100101 Firefox/33.0"
0:0:0:0:0:0:0:1 - - [01/Dec/2014:10:31:49 +0530] "GET /assets/ico/favicon.png HTTP/1.1" 404 995 "-" "Mozilla/5.0 (Windows NT 6.2; WOW64; rv:33.0) Gecko/20100101 Firefox/33.0"
0:0:0:0:0:0:0:1 - - [01/Dec/2014:10:31:49 +0530] "GET /sso/img/logo-banner.png HTTP/1.1" 200 4826 "https://localhost:9443/sso/login.jag" "Mozilla/5.0 (Windows NT 6.2; WOW64; rv:33.0) Gecko/20100101 Firefox/33.0"
0:0:0:0:0:0:0:1 - - [01/Dec/2014:10:31:49 +0530] "GET /sso/js/jquery.validate.js HTTP/1.1" 200 10011 "https://localhost:9443/sso/login.jag" "Mozilla/5.0 (Windows NT 6.2; WOW64; rv:33.0) Gecko/20100101 Firefox/33.0"
0:0:0:0:0:0:0:1 - - [01/Dec/2014:10:31:49 +0530] "GET /sso/js/jquery-1.8.3.min.js HTTP/1.1" 200 33942 "https://localhost:9443/sso/login.jag" "Mozilla/5.0 (Windows NT 6.2; WOW64; rv:33.0) Gecko/20100101 Firefox/33.0"
0:0:0:0:0:0:0:1 - - [01/Dec/2014:10:31:50 +0530] "GET /sso/img/banner-bg-pattern.jpg HTTP/1.1" 200 5203 "https://localhost:9443/sso/css/styles.css" "Mozilla/5.0 (Windows NT 6.2; WOW64; rv:33.0) Gecko/20100101 Firefox/33.0"
0:0:0:0:0:0:0:1 - - [01/Dec/2014:10:31:50 +0530] "GET /sso/img/form-separator.png HTTP/1.1" 200 921 "https://localhost:9443/sso/css/styles.css" "Mozilla/5.0 (Windows NT 6.2; WOW64; rv:33.0) Gecko/20100101 Firefox/33.0"
0:0:0:0:0:0:0:1 - - [01/Dec/2014:10:31:50 +0530] "GET /sso/img/wso2-logo-small.png HTTP/1.1" 200 3416 "https://localhost:9443/sso/css/styles.css" "Mozilla/5.0 (Windows NT 6.2; WOW64; rv:33.0) Gecko/20100101 Firefox/33.0"
0:0:0:0:0:0:0:1 - - [01/Dec/2014:10:31:50 +0530] "GET /sso/font/Lato-Bol-webfont.woff HTTP/1.1" 200 19432 "https://localhost:9443/sso/css/styles.css" "Mozilla/5.0 (Windows NT 6.2; WOW64; rv:33.0) Gecko/20100101 Firefox/33.0"
0:0:0:0:0:0:0:1 - - [01/Dec/2014:10:31:50 +0530] "GET /sso/font/Lato-Reg-webfont.woff HTTP/1.1" 200 19260 "https://localhost:9443/sso/css/styles.css" "Mozilla/5.0 (Windows NT 6.2; WOW64; rv:33.0) Gecko/20100101 Firefox/33.0"
0:0:0:0:0:0:0:1 - - [01/Dec/2014:10:31:50 +0530] "GET /sso/font/fontawesome-webfont.woff?v=3.2.1 HTTP/1.1" 200 43572 "https://localhost:9443/sso/css/font-awesome.min.css" "Mozilla/5.0 (Windows NT 6.2; WOW64; rv:33.0) Gecko/20100101 Firefox/33.0"
0:0:0:0:0:0:0:1 - - [01/Dec/2014:10:31:58 +0530] "POST /sso/samlsso.jag HTTP/1.1" 200 2016 "https://localhost:9443/sso/login.jag" "Mozilla/5.0 (Windows NT 6.2; WOW64; rv:33.0) Gecko/20100101 Firefox/33.0"
0:0:0:0:0:0:0:1 - - [01/Dec/2014:10:31:59 +0530] "POST /portal/sso.jag HTTP/1.1" 302 - "https://localhost:9443/sso/samlsso.jag" "Mozilla/5.0 (Windows NT 6.2; WOW64; rv:33.0) Gecko/20100101 Firefox/33.0"
0:0:0:0:0:0:0:1 - - [01/Dec/2014:10:31:59 +0530] "GET /portal HTTP/1.1" 302 - "https://localhost:9443/sso/samlsso.jag" "Mozilla/5.0 (Windows NT 6.2; WOW64; rv:33.0) Gecko/20100101 Firefox/33.0"
0:0:0:0:0:0:0:1 - - [01/Dec/2014:10:31:59 +0530] "GET /portal/ HTTP/1.1" 302 - "https://localhost:9443/sso/samlsso.jag" "Mozilla/5.0 (Windows NT 6.2; WOW64; rv:33.0) Gecko/20100101 Firefox/33.0"
0:0:0:0:0:0:0:1 - - [01/Dec/2014:10:32:00 +0530] "GET /portal/dashboard.jag HTTP/1.1" 200 3114 "https://localhost:9443/sso/samlsso.jag" "Mozilla/5.0 (Windows NT 6.2; WOW64; rv:33.0) Gecko/20100101 Firefox/33.0"
0:0:0:0:0:0:0:1 - - [01/Dec/2014:10:32:00 +0530] "GET /portal/themes/portal/css/elfinderTheme.css HTTP/1.1" 200 4580 "https://localhost:9443/portal/dashboard.jag" "Mozilla/5.0 (Windows NT 6.2; WOW64; rv:33.0) Gecko/20100101 Firefox/33.0"
0:0:0:0:0:0:0:1 - - [01/Dec/2014:10:32:00 +0530] "GET /portal/themes/portal/css/elfinder.min.css HTTP/1.1" 200 6044 "https://localhost:9443/portal/dashboard.jag" "Mozilla/5.0 (Windows NT 6.2; WOW64; rv:33.0) Gecko/20100101 Firefox/33.0"
0:0:0:0:0:0:0:1 - - [01/Dec/2014:10:32:00 +0530] "GET /portal/themes/portal/css/portal-dashboard.css HTTP/1.1" 200 756 "https://localhost:9443/portal/dashboard.jag" "Mozilla/5.0 (Windows NT 6.2; WOW64; rv:33.0) Gecko/20100101 Firefox/33.0"
0:0:0:0:0:0:0:1 - - [01/Dec/2014:10:32:00 +0530] "GET /portal/themes/portal/css/token-input-facebook.css HTTP/1.1" 200 680 "https://localhost:9443/portal/dashboard.jag" "Mozilla/5.0 (Windows NT 6.2; WOW64; rv:33.0) Gecko/20100101 Firefox/33.0"
0:0:0:0:0:0:0:1 - - [01/Dec/2014:10:32:00 +0530] "GET /portal/themes/portal/css/theme.css HTTP/1.1" 200 2500 "https://localhost:9443/portal/dashboard.jag" "Mozilla/5.0 (Windows NT 6.2; WOW64; rv:33.0) Gecko/20100101 Firefox/33.0"
0:0:0:0:0:0:0:1 - - [01/Dec/2014:10:32:00 +0530] "GET /portal/themes/portal/css/token-input.css HTTP/1.1" 200 675 "https://localhost:9443/portal/dashboard.jag" "Mozilla/5.0 (Windows NT 6.2; WOW64; rv:33.0) Gecko/20100101 Firefox/33.0"
0:0:0:0:0:0:0:1 - - [01/Dec/2014:10:32:00 +0530] "GET /portal/themes/portal/js/portal-dashboard-browser.js HTTP/1.1" 200 3150 "https://localhost:9443/portal/dashboard.jag" "Mozilla/5.0 (Windows NT 6.2; WOW64; rv:33.0) Gecko/20100101 Firefox/33.0"
0:0:0:0:0:0:0:1 - - [01/Dec/2014:10:32:00 +0530] "GET /portal/themes/portal/js/jquery.nicescroll.min.js HTTP/1.1" 200 14017 "https://localhost:9443/portal/dashboard.jag" "Mozilla/5.0 (Windows NT 6.2; WOW64; rv:33.0) Gecko/20100101 Firefox/33.0"
0:0:0:0:0:0:0:1 - - [01/Dec/2014:10:32:00 +0530] "GET /portal/themes/portal/js/jquery-ui-1.10.1.custom.min.js HTTP/1.1" 200 24620 "https://localhost:9443/portal/dashboard.jag" "Mozilla/5.0 (Windows NT 6.2; WOW64; rv:33.0) Gecko/20100101 Firefox/33.0"
0:0:0:0:0:0:0:1 - - [01/Dec/2014:10:32:00 +0530] "GET /portal/themes/portal/js/elfinder.full.js HTTP/1.1" 200 73171 "https://localhost:9443/portal/dashboard.jag" "Mozilla/5.0 (Windows NT 6.2; WOW64; rv:33.0) Gecko/20100101 Firefox/33.0"
0:0:0:0:0:0:0:1 - - [01/Dec/2014:10:32:01 +0530] "GET /portal/themes/portal/img/logo.png HTTP/1.1" 200 4331 "https://localhost:9443/portal/themes/portal/css/navigation.css" "Mozilla/5.0 (Windows NT 6.2; WOW64; rv:33.0) Gecko/20100101 Firefox/33.0"
0:0:0:0:0:0:0:1 - - [01/Dec/2014:10:32:01 +0530] "GET /portal/themes/portal/js/jquery.tokeninput.js HTTP/1.1" 200 8176 "https://localhost:9443/portal/dashboard.jag" "Mozilla/5.0 (Windows NT 6.2; WOW64; rv:33.0) Gecko/20100101 Firefox/33.0"
0:0:0:0:0:0:0:1 - - [01/Dec/2014:10:32:02 +0530] "GET /portal/themes/portal/img/resize.png HTTP/1.1" 200 101 "https://localhost:9443/portal/themes/portal/css/elfinder.min.css" "Mozilla/5.0 (Windows NT 6.2; WOW64; rv:33.0) Gecko/20100101 Firefox/33.0"
0:0:0:0:0:0:0:1 - - [01/Dec/2014:10:32:02 +0530] "GET /portal/themes/portal/img/toolbar.png HTTP/1.1" 200 25273 "https://localhost:9443/portal/themes/portal/css/elfinder.min.css" "Mozilla/5.0 (Windows NT 6.2; WOW64; rv:33.0) Gecko/20100101 Firefox/33.0"
0:0:0:0:0:0:0:1 - - [01/Dec/2014:10:32:02 +0530] "GET /portal/apis/browser.jag?action=browse&cmd=open&target=&init=1&tree=1&_=1417410122393 HTTP/1.1" 200 2322 "https://localhost:9443/portal/dashboard.jag" "Mozilla/5.0 (Windows NT 6.2; WOW64; rv:33.0) Gecko/20100101 Firefox/33.0"
0:0:0:0:0:0:0:1 - - [01/Dec/2014:10:32:04 +0530] "GET /portal/themes/portal/img/external_link_icon.gif HTTP/1.1" 200 99 "https://localhost:9443/portal/themes/portal/css/theme.css" "Mozilla/5.0 (Windows NT 6.2; WOW64; rv:33.0) Gecko/20100101 Firefox/33.0"
0:0:0:0:0:0:0:1 - - [01/Dec/2014:10:32:04 +0530] "GET /portal/themes/portal/img/icons-big.png HTTP/1.1" 200 40190 "https://localhost:9443/portal/themes/portal/css/theme.css" "Mozilla/5.0 (Windows NT 6.2; WOW64; rv:33.0) Gecko/20100101 Firefox/33.0"
0:0:0:0:0:0:0:1 - - [01/Dec/2014:10:32:04 +0530] "GET /portal/themes/portal/img/arrows-normal.png HTTP/1.1" 200 312 "https://localhost:9443/portal/themes/portal/css/elfinder.min.css" "Mozilla/5.0 (Windows NT 6.2; WOW64; rv:33.0) Gecko/20100101 Firefox/33.0"
0:0:0:0:0:0:0:1 - - [01/Dec/2014:10:32:04 +0530] "GET /portal/themes/portal/img/arrows-active.png HTTP/1.1" 200 1092 "https://localhost:9443/portal/themes/portal/css/elfinder.min.css" "Mozilla/5.0 (Windows NT 6.2; WOW64; rv:33.0) Gecko/20100101 Firefox/33.0"
0:0:0:0:0:0:0:1 - - [01/Dec/2014:10:32:07 +0530] "GET /portal/themes/portal/img/designer-sprite.png HTTP/1.1" 200 10674 "https://localhost:9443/portal/themes/portal/css/portal-dashboard.css" "Mozilla/5.0 (Windows NT 6.2; WOW64; rv:33.0) Gecko/20100101 Firefox/33.0"
0:0:0:0:0:0:0:1 - - [01/Dec/2014:10:32:11 +0530] "POST /portal/apis/browser.jag HTTP/1.1" 200 18 "https://localhost:9443/portal/dashboard.jag" "Mozilla/5.0 (Windows NT 6.2; WOW64; rv:33.0) Gecko/20100101 Firefox/33.0"
0:0:0:0:0:0:0:1 - - [01/Dec/2014:10:32:12 +0530] "POST /portal/apis/browser.jag HTTP/1.1" 200 18 "https://localhost:9443/portal/dashboard.jag" "Mozilla/5.0 (Windows NT 6.2; WOW64; rv:33.0) Gecko/20100101 Firefox/33.0"
0:0:0:0:0:0:0:1 - - [01/Dec/2014:10:32:12 +0530] "POST /portal/apis/browser.jag HTTP/1.1" 200 18 "https://localhost:9443/portal/dashboard.jag" "Mozilla/5.0 (Windows NT 6.2; WOW64; rv:33.0) Gecko/20100101 Firefox/33.0"
0:0:0:0:0:0:0:1 - - [01/Dec/2014:10:32:12 +0530] "POST /portal/apis/browser.jag HTTP/1.1" 200 18 "https://localhost:9443/portal/dashboard.jag" "Mozilla/5.0 (Windows NT 6.2; WOW64; rv:33.0) Gecko/20100101 Firefox/33.0"
0:0:0:0:0:0:0:1 - - [01/Dec/2014:10:32:13 +0530] "POST /portal/apis/browser.jag HTTP/1.1" 200 38 "https://localhost:9443/portal/dashboard.jag" "Mozilla/5.0 (Windows NT 6.2; WOW64; rv:33.0) Gecko/20100101 Firefox/33.0"
0:0:0:0:0:0:0:1 - - [01/Dec/2014:10:32:13 +0530] "GET /portal/apis/browser.jag?action=browse&cmd=open&init=1&target=l1_Lw&tree=1&_=1417410133508 HTTP/1.1" 200 2737 "https://localhost:9443/portal/dashboard.jag" "Mozilla/5.0 (Windows NT 6.2; WOW64; rv:33.0) Gecko/20100101 Firefox/33.0"
0:0:0:0:0:0:0:1 - - [01/Dec/2014:10:32:13 +0530] "GET /portal/apis/browser.jag?action=browse&cmd=tree&target=l1_Lw&_=1417410133512 HTTP/1.1" 200 2035 "https://localhost:9443/portal/dashboard.jag" "Mozilla/5.0 (Windows NT 6.2; WOW64; rv:33.0) Gecko/20100101 Firefox/33.0"
0:0:0:0:0:0:0:1 - - [01/Dec/2014:10:32:14 +0530] "GET /portal/designer.jag?dashboard=user&layout=columns HTTP/1.1" 200 3231 "https://localhost:9443/portal/dashboard.jag" "Mozilla/5.0 (Windows NT 6.2; WOW64; rv:33.0) Gecko/20100101 Firefox/33.0"
0:0:0:0:0:0:0:1 - - [01/Dec/2014:10:32:14 +0530] "GET /portal/themes/portal/css/jquery.gridster.min.css HTTP/1.1" 200 1220 "https://localhost:9443/portal/designer.jag?dashboard=user&layout=columns" "Mozilla/5.0 (Windows NT 6.2; WOW64; rv:33.0) Gecko/20100101 Firefox/33.0"
0:0:0:0:0:0:0:1 - - [01/Dec/2014:10:32:14 +0530] "GET /portal/themes/portal/css/portal-dashboard-designer.css HTTP/1.1" 200 3076 "https://localhost:9443/portal/designer.jag?dashboard=user&layout=columns" "Mozilla/5.0 (Windows NT 6.2; WOW64; rv:33.0) Gecko/20100101 Firefox/33.0"
0:0:0:0:0:0:0:1 - - [01/Dec/2014:10:32:14 +0530] "GET /portal/themes/portal/js/alert.js HTTP/1.1" 200 205 "https://localhost:9443/portal/designer.jag?dashboard=user&layout=columns" "Mozilla/5.0 (Windows NT 6.2; WOW64; rv:33.0) Gecko/20100101 Firefox/33.0"
0:0:0:0:0:0:0:1 - - [01/Dec/2014:10:32:14 +0530] "GET /portal/themes/portal/js/portal-dashboard-designer.js HTTP/1.1" 200 4383 "https://localhost:9443/portal/designer.jag?dashboard=user&layout=columns" "Mozilla/5.0 (Windows NT 6.2; WOW64; rv:33.0) Gecko/20100101 Firefox/33.0"
0:0:0:0:0:0:0:1 - - [01/Dec/2014:10:32:14 +0530] "GET /portal/themes/portal/js/jquery.gridster.with-extras.min.js HTTP/1.1" 200 22017 "https://localhost:9443/portal/designer.jag?dashboard=user&layout=columns" "Mozilla/5.0 (Windows NT 6.2; WOW64; rv:33.0) Gecko/20100101 Firefox/33.0"
0:0:0:0:0:0:0:1 - - [01/Dec/2014:10:32:14 +0530] "GET /portal/themes/portal/js/portal-gadgets-js.jag HTTP/1.1" 200 268 "https://localhost:9443/portal/designer.jag?dashboard=user&layout=columns" "Mozilla/5.0 (Windows NT 6.2; WOW64; rv:33.0) Gecko/20100101 Firefox/33.0"
127.0.0.1 - - [01/Dec/2014:10:32:15 +0530] "GET /portal/gadgets/show-assets/show-assets.xml HTTP/1.1" 200 1769 "-" "Apache Shindig"
0:0:0:0:0:0:0:1 - - [01/Dec/2014:10:32:15 +0530] "POST //rpc?st=-1%3A-1%3A*%3A*%3A*%3A0%3Adefault HTTP/1.1" 200 1473 "https://localhost:9443/portal/designer.jag?dashboard=user&layout=columns" "Mozilla/5.0 (Windows NT 6.2; WOW64; rv:33.0) Gecko/20100101 Firefox/33.0"
127.0.0.1 - - [01/Dec/2014:10:32:16 +0530] "GET /portal/gadgets/show-assets/show-assets.xml HTTP/1.1" 200 1769 "-" "Apache Shindig"
0:0:0:0:0:0:0:1 - - [01/Dec/2014:10:32:16 +0530] "GET //gadgets/ifr?url=http%3A%2F%2Flocalhost%3A9763%2Fportal%2Fgadgets%2Fshow-assets%2Fshow-assets.xml&container=default&view=default&lang=en&country=US&debug=1&nocache=1&sanitize=0&v=d8213105a7083aec18c9bce3596dddd0&testmode=0&parent=https%3A%2F%2Flocalhost%3A9443&mid=0 HTTP/1.1" 304 - "https://localhost:9443/portal/designer.jag?dashboard=user&layout=columns" "Mozilla/5.0 (Windows NT 6.2; WOW64; rv:33.0) Gecko/20100101 Firefox/33.0"
127.0.0.1 - - [01/Dec/2014:10:32:16 +0530] "GET /portal/gadgets/show-assets/js/load-assets.js HTTP/1.1" 200 2901 "-" "Apache Shindig"
127.0.0.1 - - [01/Dec/2014:10:32:16 +0530] "GET /portal/gadgets/show-assets/css/styles.css HTTP/1.1" 200 2062 "-" "Apache Shindig"
127.0.0.1 - - [01/Dec/2014:10:32:17 +0530] "GET /portal/gadgets/show-assets/js/handlebars.js HTTP/1.1" 200 18303 "-" "Apache Shindig"
127.0.0.1 - - [01/Dec/2014:10:32:17 +0530] "GET /portal/gadgets/show-assets/css/bootstrap.min.css HTTP/1.1" 200 15959 "-" "Apache Shindig"
127.0.0.1 - - [01/Dec/2014:10:32:17 +0530] "GET /portal/gadgets/show-assets/js/bootstrap.min.js HTTP/1.1" 200 4218 "-" "Apache Shindig"
127.0.0.1 - - [01/Dec/2014:10:32:17 +0530] "GET /portal/gadgets/show-assets/js/jquery-1.8.3.min.js HTTP/1.1" 200 33942 "-" "Apache Shindig"
127.0.0.1 - - [01/Dec/2014:10:32:17 +0530] "GET /portal/gadgets/show-assets/show-assets.xml HTTP/1.1" 200 1769 "-" "Apache Shindig"
127.0.0.1 - - [01/Dec/2014:10:32:17 +0530] "GET /portal/gadgets/show-assets/js/jquery.nicescroll.min.js HTTP/1.1" 200 14017 "-" "Apache Shindig"
127.0.0.1 - - [01/Dec/2014:10:32:17 +0530] "GET /portal/gadgets/show-assets/js/jquery.validate.js HTTP/1.1" 200 10011 "-" "Apache Shindig"
127.0.0.1 - - [01/Dec/2014:10:32:17 +0530] "GET /portal/gadgets/show-assets/show-assets.xml HTTP/1.1" 200 1769 "-" "Apache Shindig"
127.0.0.1 - - [01/Dec/2014:10:32:17 +0530] "GET /portal/gadgets/show-assets/show-assets.xml HTTP/1.1" 200 1769 "-" "Apache Shindig"
127.0.0.1 - - [01/Dec/2014:10:32:17 +0530] "GET /portal/gadgets/show-assets/show-assets.xml HTTP/1.1" 200 1769 "-" "Apache Shindig"
127.0.0.1 - - [01/Dec/2014:10:32:17 +0530] "GET /portal/gadgets/show-assets/show-assets.xml HTTP/1.1" 200 1769 "-" "Apache Shindig"
127.0.0.1 - - [01/Dec/2014:10:32:17 +0530] "GET /portal/gadgets/show-assets/show-assets.xml HTTP/1.1" 200 1769 "-" "Apache Shindig"
127.0.0.1 - - [01/Dec/2014:10:32:17 +0530] "GET /portal/gadgets/show-assets/show-assets.xml HTTP/1.1" 200 1769 "-" "Apache Shindig"
0:0:0:0:0:0:0:1 - - [01/Dec/2014:10:32:17 +0530] "GET //gadgets/concat?container=default&gadget=http%3A%2F%2Flocalhost%3A9763%2Fportal%2Fgadgets%2Fshow-assets%2Fshow-assets.xml&debug=1&nocache=1&type=js&1=http%3A%2F%2Flocalhost%3A9763%2Fportal%2Fgadgets%2Fshow-assets%2Fjs%2Fjquery-1.8.3.min.js&2=http%3A%2F%2Flocalhost%3A9763%2Fportal%2Fgadgets%2Fshow-assets%2Fjs%2Fjquery.validate.js&3=http%3A%2F%2Flocalhost%3A9763%2Fportal%2Fgadgets%2Fshow-assets%2Fjs%2Fhandlebars.js&4=http%3A%2F%2Flocalhost%3A9763%2Fportal%2Fgadgets%2Fshow-assets%2Fjs%2Fbootstrap.min.js&5=http%3A%2F%2Flocalhost%3A9763%2Fportal%2Fgadgets%2Fshow-assets%2Fjs%2Fload-assets.js&6=http%3A%2F%2Flocalhost%3A9763%2Fportal%2Fgadgets%2Fshow-assets%2Fjs%2Fjquery.nicescroll.min.js HTTP/1.1" 200 82651 "https://localhost:9443//gadgets/ifr?url=http%3A%2F%2Flocalhost%3A9763%2Fportal%2Fgadgets%2Fshow-assets%2Fshow-assets.xml&container=default&view=default&lang=en&country=US&debug=1&nocache=1&sanitize=0&v=d8213105a7083aec18c9bce3596dddd0&testmode=0&parent=https%3A%2F%2Flocalhost%3A9443&mid=0" "Mozilla/5.0 (Windows NT 6.2; WOW64; rv:33.0) Gecko/20100101 Firefox/33.0"
127.0.0.1 - - [01/Dec/2014:10:32:18 +0530] "GET /portal/gadgets/show-assets/show-assets.xml HTTP/1.1" 200 1769 "-" "Apache Shindig"
0:0:0:0:0:0:0:1 - - [01/Dec/2014:10:32:18 +0530] "GET //gadgets/concat?container=default&gadget=http%3A%2F%2Flocalhost%3A9763%2Fportal%2Fgadgets%2Fshow-assets%2Fshow-assets.xml&debug=1&nocache=1&type=css&1=http%3A%2F%2Flocalhost%3A9763%2Fportal%2Fgadgets%2Fshow-assets%2Fcss%2Fbootstrap.min.css&2=http%3A%2F%2Flocalhost%3A9763%2Fportal%2Fgadgets%2Fshow-assets%2Fcss%2Fstyles.css HTTP/1.1" 304 - "https://localhost:9443//gadgets/ifr?url=http%3A%2F%2Flocalhost%3A9763%2Fportal%2Fgadgets%2Fshow-assets%2Fshow-assets.xml&container=default&view=default&lang=en&country=US&debug=1&nocache=1&sanitize=0&v=d8213105a7083aec18c9bce3596dddd0&testmode=0&parent=https%3A%2F%2Flocalhost%3A9443&mid=0" "Mozilla/5.0 (Windows NT 6.2; WOW64; rv:33.0) Gecko/20100101 Firefox/33.0"
0:0:0:0:0:0:0:1 - - [01/Dec/2014:10:32:19 +0530] "GET /store/apis/myAsset/ HTTP/1.1" 401 975 "https://localhost:9443//gadgets/ifr?url=http%3A%2F%2Flocalhost%3A9763%2Fportal%2Fgadgets%2Fshow-assets%2Fshow-assets.xml&container=default&view=default&lang=en&country=US&debug=1&nocache=1&sanitize=0&v=d8213105a7083aec18c9bce3596dddd0&testmode=0&parent=https%3A%2F%2Flocalhost%3A9443&mid=0" "Mozilla/5.0 (Windows NT 6.2; WOW64; rv:33.0) Gecko/20100101 Firefox/33.0"
0:0:0:0:0:0:0:1 - - [01/Dec/2014:10:32:19 +0530] "GET /store/apis/tag/gadget HTTP/1.1" 200 428 "https://localhost:9443//gadgets/ifr?url=http%3A%2F%2Flocalhost%3A9763%2Fportal%2Fgadgets%2Fshow-assets%2Fshow-assets.xml&container=default&view=default&lang=en&country=US&debug=1&nocache=1&sanitize=0&v=d8213105a7083aec18c9bce3596dddd0&testmode=0&parent=https%3A%2F%2Flocalhost%3A9443&mid=0" "Mozilla/5.0 (Windows NT 6.2; WOW64; rv:33.0) Gecko/20100101 Firefox/33.0"
0:0:0:0:0:0:0:1 - - [01/Dec/2014:10:32:27 +0530] "POST /portal/apis/dashboard/user HTTP/1.1" 200 4 "https://localhost:9443/portal/designer.jag?dashboard=user&layout=columns" "Mozilla/5.0 (Windows NT 6.2; WOW64; rv:33.0) Gecko/20100101 Firefox/33.0"
0:0:0:0:0:0:0:1 - - [01/Dec/2014:10:32:40 +0530] "POST /portal/apis/browser.jag HTTP/1.1" 200 18 "https://localhost:9443/portal/dashboard.jag" "Mozilla/5.0 (Windows NT 6.2; WOW64; rv:33.0) Gecko/20100101 Firefox/33.0"
0:0:0:0:0:0:0:1 - - [01/Dec/2014:10:32:40 +0530] "POST /portal/apis/browser.jag HTTP/1.1" 200 18 "https://localhost:9443/portal/dashboard.jag" "Mozilla/5.0 (Windows NT 6.2; WOW64; rv:33.0) Gecko/20100101 Firefox/33.0"
0:0:0:0:0:0:0:1 - - [01/Dec/2014:10:32:40 +0530] "POST /portal/apis/browser.jag HTTP/1.1" 200 18 "https://localhost:9443/portal/dashboard.jag" "Mozilla/5.0 (Windows NT 6.2; WOW64; rv:33.0) Gecko/20100101 Firefox/33.0"
0:0:0:0:0:0:0:1 - - [01/Dec/2014:10:32:40 +0530] "POST /portal/apis/browser.jag HTTP/1.1" 200 19 "https://localhost:9443/portal/dashboard.jag" "Mozilla/5.0 (Windows NT 6.2; WOW64; rv:33.0) Gecko/20100101 Firefox/33.0"
0:0:0:0:0:0:0:1 - - [01/Dec/2014:10:32:41 +0530] "POST /portal/apis/browser.jag HTTP/1.1" 200 18 "https://localhost:9443/portal/dashboard.jag" "Mozilla/5.0 (Windows NT 6.2; WOW64; rv:33.0) Gecko/20100101 Firefox/33.0"
0:0:0:0:0:0:0:1 - - [01/Dec/2014:10:32:41 +0530] "POST /portal/apis/browser.jag HTTP/1.1" 200 18 "https://localhost:9443/portal/dashboard.jag" "Mozilla/5.0 (Windows NT 6.2; WOW64; rv:33.0) Gecko/20100101 Firefox/33.0"
0:0:0:0:0:0:0:1 - - [01/Dec/2014:10:32:42 +0530] "POST /portal/apis/browser.jag HTTP/1.1" 200 18 "https://localhost:9443/portal/dashboard.jag" "Mozilla/5.0 (Windows NT 6.2; WOW64; rv:33.0) Gecko/20100101 Firefox/33.0"
0:0:0:0:0:0:0:1 - - [01/Dec/2014:10:32:43 +0530] "POST /portal/apis/browser.jag HTTP/1.1" 200 18 "https://localhost:9443/portal/dashboard.jag" "Mozilla/5.0 (Windows NT 6.2; WOW64; rv:33.0) Gecko/20100101 Firefox/33.0"
0:0:0:0:0:0:0:1 - - [01/Dec/2014:10:32:44 +0530] "POST /portal/apis/browser.jag HTTP/1.1" 200 18 "https://localhost:9443/portal/dashboard.jag" "Mozilla/5.0 (Windows NT 6.2; WOW64; rv:33.0) Gecko/20100101 Firefox/33.0"
0:0:0:0:0:0:0:1 - - [01/Dec/2014:10:32:44 +0530] "POST /portal/apis/browser.jag HTTP/1.1" 200 18 "https://localhost:9443/portal/dashboard.jag" "Mozilla/5.0 (Windows NT 6.2; WOW64; rv:33.0) Gecko/20100101 Firefox/33.0"
0:0:0:0:0:0:0:1 - - [01/Dec/2014:10:32:45 +0530] "POST /portal/apis/browser.jag HTTP/1.1" 200 18 "https://localhost:9443/portal/dashboard.jag" "Mozilla/5.0 (Windows NT 6.2; WOW64; rv:33.0) Gecko/20100101 Firefox/33.0"
0:0:0:0:0:0:0:1 - - [01/Dec/2014:10:32:45 +0530] "POST /portal/apis/browser.jag HTTP/1.1" 200 18 "https://localhost:9443/portal/dashboard.jag" "Mozilla/5.0 (Windows NT 6.2; WOW64; rv:33.0) Gecko/20100101 Firefox/33.0"
0:0:0:0:0:0:0:1 - - [01/Dec/2014:10:32:46 +0530] "POST /portal/apis/browser.jag HTTP/1.1" 200 18 "https://localhost:9443/portal/dashboard.jag" "Mozilla/5.0 (Windows NT 6.2; WOW64; rv:33.0) Gecko/20100101 Firefox/33.0"
0:0:0:0:0:0:0:1 - - [01/Dec/2014:10:32:50 +0530] "POST /portal/apis/browser.jag HTTP/1.1" 200 50 "https://localhost:9443/portal/dashboard.jag" "Mozilla/5.0 (Windows NT 6.2; WOW64; rv:33.0) Gecko/20100101 Firefox/33.0"
0:0:0:0:0:0:0:1 - - [01/Dec/2014:10:32:50 +0530] "GET /portal/apis/browser.jag?action=browse&cmd=tree&target=l1_Lw&_=1417410170441 HTTP/1.1" 200 2321 "https://localhost:9443/portal/dashboard.jag" "Mozilla/5.0 (Windows NT 6.2; WOW64; rv:33.0) Gecko/20100101 Firefox/33.0"
0:0:0:0:0:0:0:1 - - [01/Dec/2014:10:32:50 +0530] "GET /portal/apis/browser.jag?action=browse&cmd=open&init=1&target=l1_Lw&tree=1&_=1417410170436 HTTP/1.1" 200 3023 "https://localhost:9443/portal/dashboard.jag" "Mozilla/5.0 (Windows NT 6.2; WOW64; rv:33.0) Gecko/20100101 Firefox/33.0"
0:0:0:0:0:0:0:1 - - [01/Dec/2014:10:32:51 +0530] "GET /portal/designer.jag?dashboard=userdashboard&layout=columns HTTP/1.1" 200 3236 "https://localhost:9443/portal/dashboard.jag" "Mozilla/5.0 (Windows NT 6.2; WOW64; rv:33.0) Gecko/20100101 Firefox/33.0"
0:0:0:0:0:0:0:1 - - [01/Dec/2014:10:32:51 +0530] "GET /portal/themes/portal/js/portal-gadgets-js.jag HTTP/1.1" 200 268 "https://localhost:9443/portal/designer.jag?dashboard=userdashboard&layout=columns" "Mozilla/5.0 (Windows NT 6.2; WOW64; rv:33.0) Gecko/20100101 Firefox/33.0"
0:0:0:0:0:0:0:1 - - [01/Dec/2014:10:32:52 +0530] "POST //rpc?st=-1%3A-1%3A*%3A*%3A*%3A0%3Adefault HTTP/1.1" 200 1473 "https://localhost:9443/portal/designer.jag?dashboard=userdashboard&layout=columns" "Mozilla/5.0 (Windows NT 6.2; WOW64; rv:33.0) Gecko/20100101 Firefox/33.0"
127.0.0.1 - - [01/Dec/2014:10:32:52 +0530] "GET /portal/gadgets/show-assets/show-assets.xml HTTP/1.1" 200 1769 "-" "Apache Shindig"
0:0:0:0:0:0:0:1 - - [01/Dec/2014:10:32:52 +0530] "GET //gadgets/ifr?url=http%3A%2F%2Flocalhost%3A9763%2Fportal%2Fgadgets%2Fshow-assets%2Fshow-assets.xml&container=default&view=default&lang=en&country=US&debug=1&nocache=1&sanitize=0&v=d8213105a7083aec18c9bce3596dddd0&testmode=0&parent=https%3A%2F%2Flocalhost%3A9443&mid=0 HTTP/1.1" 304 - "https://localhost:9443/portal/designer.jag?dashboard=userdashboard&layout=columns" "Mozilla/5.0 (Windows NT 6.2; WOW64; rv:33.0) Gecko/20100101 Firefox/33.0"
127.0.0.1 - - [01/Dec/2014:10:32:52 +0530] "GET /portal/gadgets/show-assets/css/bootstrap.min.css HTTP/1.1" 200 15959 "-" "Apache Shindig"
127.0.0.1 - - [01/Dec/2014:10:32:52 +0530] "GET /portal/gadgets/show-assets/css/styles.css HTTP/1.1" 200 2062 "-" "Apache Shindig"
127.0.0.1 - - [01/Dec/2014:10:32:52 +0530] "GET /portal/gadgets/show-assets/show-assets.xml HTTP/1.1" 200 1769 "-" "Apache Shindig"
127.0.0.1 - - [01/Dec/2014:10:32:52 +0530] "GET /portal/gadgets/show-assets/show-assets.xml HTTP/1.1" 200 1769 "-" "Apache Shindig"
0:0:0:0:0:0:0:1 - - [01/Dec/2014:10:32:52 +0530] "GET //gadgets/concat?container=default&gadget=http%3A%2F%2Flocalhost%3A9763%2Fportal%2Fgadgets%2Fshow-assets%2Fshow-assets.xml&debug=1&nocache=1&type=css&1=http%3A%2F%2Flocalhost%3A9763%2Fportal%2Fgadgets%2Fshow-assets%2Fcss%2Fbootstrap.min.css&2=http%3A%2F%2Flocalhost%3A9763%2Fportal%2Fgadgets%2Fshow-assets%2Fcss%2Fstyles.css HTTP/1.1" 304 - "https://localhost:9443//gadgets/ifr?url=http%3A%2F%2Flocalhost%3A9763%2Fportal%2Fgadgets%2Fshow-assets%2Fshow-assets.xml&container=default&view=default&lang=en&country=US&debug=1&nocache=1&sanitize=0&v=d8213105a7083aec18c9bce3596dddd0&testmode=0&parent=https%3A%2F%2Flocalhost%3A9443&mid=0" "Mozilla/5.0 (Windows NT 6.2; WOW64; rv:33.0) Gecko/20100101 Firefox/33.0"
127.0.0.1 - - [01/Dec/2014:10:32:53 +0530] "GET /portal/gadgets/show-assets/js/bootstrap.min.js HTTP/1.1" 200 4218 "-" "Apache Shindig"
127.0.0.1 - - [01/Dec/2014:10:32:53 +0530] "GET /portal/gadgets/show-assets/js/jquery.validate.js HTTP/1.1" 200 10011 "-" "Apache Shindig"
127.0.0.1 - - [01/Dec/2014:10:32:53 +0530] "GET /portal/gadgets/show-assets/js/load-assets.js HTTP/1.1" 200 2901 "-" "Apache Shindig"
127.0.0.1 - - [01/Dec/2014:10:32:53 +0530] "GET /portal/gadgets/show-assets/js/handlebars.js HTTP/1.1" 200 18303 "-" "Apache Shindig"
127.0.0.1 - - [01/Dec/2014:10:32:53 +0530] "GET /portal/gadgets/show-assets/js/jquery-1.8.3.min.js HTTP/1.1" 200 33942 "-" "Apache Shindig"
127.0.0.1 - - [01/Dec/2014:10:32:53 +0530] "GET /portal/gadgets/show-assets/js/jquery.nicescroll.min.js HTTP/1.1" 200 14017 "-" "Apache Shindig"
127.0.0.1 - - [01/Dec/2014:10:32:53 +0530] "GET /portal/gadgets/show-assets/show-assets.xml HTTP/1.1" 200 1769 "-" "Apache Shindig"
127.0.0.1 - - [01/Dec/2014:10:32:53 +0530] "GET /portal/gadgets/show-assets/show-assets.xml HTTP/1.1" 200 1769 "-" "Apache Shindig"
127.0.0.1 - - [01/Dec/2014:10:32:53 +0530] "GET /portal/gadgets/show-assets/show-assets.xml HTTP/1.1" 200 1769 "-" "Apache Shindig"
127.0.0.1 - - [01/Dec/2014:10:32:53 +0530] "GET /portal/gadgets/show-assets/show-assets.xml HTTP/1.1" 200 1769 "-" "Apache Shindig"
127.0.0.1 - - [01/Dec/2014:10:32:53 +0530] "GET /portal/gadgets/show-assets/show-assets.xml HTTP/1.1" 200 1769 "-" "Apache Shindig"
127.0.0.1 - - [01/Dec/2014:10:32:53 +0530] "GET /portal/gadgets/show-assets/show-assets.xml HTTP/1.1" 200 1769 "-" "Apache Shindig"
0:0:0:0:0:0:0:1 - - [01/Dec/2014:10:32:53 +0530] "GET //gadgets/concat?container=default&gadget=http%3A%2F%2Flocalhost%3A9763%2Fportal%2Fgadgets%2Fshow-assets%2Fshow-assets.xml&debug=1&nocache=1&type=js&1=http%3A%2F%2Flocalhost%3A9763%2Fportal%2Fgadgets%2Fshow-assets%2Fjs%2Fjquery-1.8.3.min.js&2=http%3A%2F%2Flocalhost%3A9763%2Fportal%2Fgadgets%2Fshow-assets%2Fjs%2Fjquery.validate.js&3=http%3A%2F%2Flocalhost%3A9763%2Fportal%2Fgadgets%2Fshow-assets%2Fjs%2Fhandlebars.js&4=http%3A%2F%2Flocalhost%3A9763%2Fportal%2Fgadgets%2Fshow-assets%2Fjs%2Fbootstrap.min.js&5=http%3A%2F%2Flocalhost%3A9763%2Fportal%2Fgadgets%2Fshow-assets%2Fjs%2Fload-assets.js&6=http%3A%2F%2Flocalhost%3A9763%2Fportal%2Fgadgets%2Fshow-assets%2Fjs%2Fjquery.nicescroll.min.js HTTP/1.1" 304 - "https://localhost:9443//gadgets/ifr?url=http%3A%2F%2Flocalhost%3A9763%2Fportal%2Fgadgets%2Fshow-assets%2Fshow-assets.xml&container=default&view=default&lang=en&country=US&debug=1&nocache=1&sanitize=0&v=d8213105a7083aec18c9bce3596dddd0&testmode=0&parent=https%3A%2F%2Flocalhost%3A9443&mid=0" "Mozilla/5.0 (Windows NT 6.2; WOW64; rv:33.0) Gecko/20100101 Firefox/33.0"
0:0:0:0:0:0:0:1 - - [01/Dec/2014:10:32:53 +0530] "GET /store/apis/myAsset/ HTTP/1.1" 401 975 "https://localhost:9443//gadgets/ifr?url=http%3A%2F%2Flocalhost%3A9763%2Fportal%2Fgadgets%2Fshow-assets%2Fshow-assets.xml&container=default&view=default&lang=en&country=US&debug=1&nocache=1&sanitize=0&v=d8213105a7083aec18c9bce3596dddd0&testmode=0&parent=https%3A%2F%2Flocalhost%3A9443&mid=0" "Mozilla/5.0 (Windows NT 6.2; WOW64; rv:33.0) Gecko/20100101 Firefox/33.0"
0:0:0:0:0:0:0:1 - - [01/Dec/2014:10:32:53 +0530] "GET /store/apis/tag/gadget HTTP/1.1" 200 428 "https://localhost:9443//gadgets/ifr?url=http%3A%2F%2Flocalhost%3A9763%2Fportal%2Fgadgets%2Fshow-assets%2Fshow-assets.xml&container=default&view=default&lang=en&country=US&debug=1&nocache=1&sanitize=0&v=d8213105a7083aec18c9bce3596dddd0&testmode=0&parent=https%3A%2F%2Flocalhost%3A9443&mid=0" "Mozilla/5.0 (Windows NT 6.2; WOW64; rv:33.0) Gecko/20100101 Firefox/33.0"
0:0:0:0:0:0:0:1 - - [01/Dec/2014:10:33:06 +0530] "POST /portal/apis/dashboard/userdashboard HTTP/1.1" 200 4 "https://localhost:9443/portal/designer.jag?dashboard=userdashboard&layout=columns" "Mozilla/5.0 (Windows NT 6.2; WOW64; rv:33.0) Gecko/20100101 Firefox/33.0"
0:0:0:0:0:0:0:1 - - [01/Dec/2014:10:33:25 +0530] "GET /userdashboard HTTP/1.1" 302 - "https://localhost:9443/portal/dashboard.jag" "Mozilla/5.0 (Windows NT 6.2; WOW64; rv:33.0) Gecko/20100101 Firefox/33.0"
0:0:0:0:0:0:0:1 - - [01/Dec/2014:10:33:25 +0530] "GET /userdashboard/ HTTP/1.1" 302 - "https://localhost:9443/portal/dashboard.jag" "Mozilla/5.0 (Windows NT 6.2; WOW64; rv:33.0) Gecko/20100101 Firefox/33.0"
0:0:0:0:0:0:0:1 - - [01/Dec/2014:10:33:25 +0530] "GET /userdashboard/login HTTP/1.1" 200 1372 "https://localhost:9443/portal/dashboard.jag" "Mozilla/5.0 (Windows NT 6.2; WOW64; rv:33.0) Gecko/20100101 Firefox/33.0"
0:0:0:0:0:0:0:1 - - [01/Dec/2014:10:33:25 +0530] "POST /sso/samlsso.jag HTTP/1.1" 200 2020 "https://localhost:9443/userdashboard/login" "Mozilla/5.0 (Windows NT 6.2; WOW64; rv:33.0) Gecko/20100101 Firefox/33.0"
0:0:0:0:0:0:0:1 - - [01/Dec/2014:10:33:26 +0530] "POST /userdashboard/sso HTTP/1.1" 302 - "https://localhost:9443/sso/samlsso.jag" "Mozilla/5.0 (Windows NT 6.2; WOW64; rv:33.0) Gecko/20100101 Firefox/33.0"
0:0:0:0:0:0:0:1 - - [01/Dec/2014:10:33:26 +0530] "GET /userdashboard HTTP/1.1" 302 - "https://localhost:9443/sso/samlsso.jag" "Mozilla/5.0 (Windows NT 6.2; WOW64; rv:33.0) Gecko/20100101 Firefox/33.0"
0:0:0:0:0:0:0:1 - - [01/Dec/2014:10:33:26 +0530] "GET /userdashboard/ HTTP/1.1" 200 2455 "https://localhost:9443/sso/samlsso.jag" "Mozilla/5.0 (Windows NT 6.2; WOW64; rv:33.0) Gecko/20100101 Firefox/33.0"
0:0:0:0:0:0:0:1 - - [01/Dec/2014:10:33:26 +0530] "GET /userdashboard/css/font-awesome.min.css HTTP/1.1" 200 4456 "https://localhost:9443/userdashboard/" "Mozilla/5.0 (Windows NT 6.2; WOW64; rv:33.0) Gecko/20100101 Firefox/33.0"
0:0:0:0:0:0:0:1 - - [01/Dec/2014:10:33:26 +0530] "GET /userdashboard/css/bootstrap-responsive.min.css HTTP/1.1" 200 4003 "https://localhost:9443/userdashboard/" "Mozilla/5.0 (Windows NT 6.2; WOW64; rv:33.0) Gecko/20100101 Firefox/33.0"
0:0:0:0:0:0:0:1 - - [01/Dec/2014:10:33:26 +0530] "GET /userdashboard/css/bootstrap.min.css HTTP/1.1" 200 18754 "https://localhost:9443/userdashboard/" "Mozilla/5.0 (Windows NT 6.2; WOW64; rv:33.0) Gecko/20100101 Firefox/33.0"
0:0:0:0:0:0:0:1 - - [01/Dec/2014:10:33:26 +0530] "GET /userdashboard/css/portal-dashboard-designer.css HTTP/1.1" 200 3076 "https://localhost:9443/userdashboard/" "Mozilla/5.0 (Windows NT 6.2; WOW64; rv:33.0) Gecko/20100101 Firefox/33.0"
0:0:0:0:0:0:0:1 - - [01/Dec/2014:10:33:26 +0530] "GET /userdashboard/css/styles.css HTTP/1.1" 200 2323 "https://localhost:9443/userdashboard/" "Mozilla/5.0 (Windows NT 6.2; WOW64; rv:33.0) Gecko/20100101 Firefox/33.0"
0:0:0:0:0:0:0:1 - - [01/Dec/2014:10:33:26 +0530] "GET /userdashboard/css/font-awesome-ie7.min.css HTTP/1.1" 200 3385 "https://localhost:9443/userdashboard/" "Mozilla/5.0 (Windows NT 6.2; WOW64; rv:33.0) Gecko/20100101 Firefox/33.0"
0:0:0:0:0:0:0:1 - - [01/Dec/2014:10:33:26 +0530] "GET /userdashboard/css/jquery.gridster.min.css HTTP/1.1" 200 1220 "https://localhost:9443/userdashboard/" "Mozilla/5.0 (Windows NT 6.2; WOW64; rv:33.0) Gecko/20100101 Firefox/33.0"
0:0:0:0:0:0:0:1 - - [01/Dec/2014:10:33:26 +0530] "GET /userdashboard/css/navigation.css HTTP/1.1" 200 1095 "https://localhost:9443/userdashboard/" "Mozilla/5.0 (Windows NT 6.2; WOW64; rv:33.0) Gecko/20100101 Firefox/33.0"
0:0:0:0:0:0:0:1 - - [01/Dec/2014:10:33:26 +0530] "GET /userdashboard/js/handlebars.js HTTP/1.1" 200 12827 "https://localhost:9443/userdashboard/" "Mozilla/5.0 (Windows NT 6.2; WOW64; rv:33.0) Gecko/20100101 Firefox/33.0"
0:0:0:0:0:0:0:1 - - [01/Dec/2014:10:33:26 +0530] "GET /userdashboard/js/bootstrap.min.js HTTP/1.1" 200 7004 "https://localhost:9443/userdashboard/" "Mozilla/5.0 (Windows NT 6.2; WOW64; rv:33.0) Gecko/20100101 Firefox/33.0"
0:0:0:0:0:0:0:1 - - [01/Dec/2014:10:33:26 +0530] "GET /userdashboard/js/jquery.gridster.with-extras.min.js HTTP/1.1" 200 22017 "https://localhost:9443/userdashboard/" "Mozilla/5.0 (Windows NT 6.2; WOW64; rv:33.0) Gecko/20100101 Firefox/33.0"
0:0:0:0:0:0:0:1 - - [01/Dec/2014:10:33:26 +0530] "GET /userdashboard/js/navigation.js HTTP/1.1" 200 1030 "https://localhost:9443/userdashboard/" "Mozilla/5.0 (Windows NT 6.2; WOW64; rv:33.0) Gecko/20100101 Firefox/33.0"
0:0:0:0:0:0:0:1 - - [01/Dec/2014:10:33:26 +0530] "GET /userdashboard/js/jquery-ui-1.10.1.custom.min.js HTTP/1.1" 200 24620 "https://localhost:9443/userdashboard/" "Mozilla/5.0 (Windows NT 6.2; WOW64; rv:33.0) Gecko/20100101 Firefox/33.0"
0:0:0:0:0:0:0:1 - - [01/Dec/2014:10:33:26 +0530] "GET /userdashboard/js/portal-dashboard-designer.js HTTP/1.1" 200 4855 "https://localhost:9443/userdashboard/" "Mozilla/5.0 (Windows NT 6.2; WOW64; rv:33.0) Gecko/20100101 Firefox/33.0"
0:0:0:0:0:0:0:1 - - [01/Dec/2014:10:33:26 +0530] "GET /userdashboard/js/jquery-1.8.3.min.js HTTP/1.1" 200 33942 "https://localhost:9443/userdashboard/" "Mozilla/5.0 (Windows NT 6.2; WOW64; rv:33.0) Gecko/20100101 Firefox/33.0"
0:0:0:0:0:0:0:1 - - [01/Dec/2014:10:33:26 +0530] "GET /userdashboard/js/UESContainer.js HTTP/1.1" 200 972 "https://localhost:9443/userdashboard/" "Mozilla/5.0 (Windows NT 6.2; WOW64; rv:33.0) Gecko/20100101 Firefox/33.0"
0:0:0:0:0:0:0:1 - - [01/Dec/2014:10:33:26 +0530] "GET /userdashboard/js/shindig.js HTTP/1.1" 200 34461 "https://localhost:9443/userdashboard/" "Mozilla/5.0 (Windows NT 6.2; WOW64; rv:33.0) Gecko/20100101 Firefox/33.0"
0:0:0:0:0:0:0:1 - - [01/Dec/2014:10:33:26 +0530] "GET /userdashboard/img/logo.png HTTP/1.1" 200 4331 "https://localhost:9443/userdashboard/css/navigation.css" "Mozilla/5.0 (Windows NT 6.2; WOW64; rv:33.0) Gecko/20100101 Firefox/33.0"
0:0:0:0:0:0:0:1 - - [01/Dec/2014:10:33:26 +0530] "GET /userdashboard/img/designer-sprite.png HTTP/1.1" 200 10674 "https://localhost:9443/userdashboard/css/portal-dashboard-designer.css" "Mozilla/5.0 (Windows NT 6.2; WOW64; rv:33.0) Gecko/20100101 Firefox/33.0"
0:0:0:0:0:0:0:1 - - [01/Dec/2014:10:33:26 +0530] "GET /userdashboard/font/Lato-Reg-webfont.woff HTTP/1.1" 200 19260 "https://localhost:9443/userdashboard/css/styles.css" "Mozilla/5.0 (Windows NT 6.2; WOW64; rv:33.0) Gecko/20100101 Firefox/33.0"
0:0:0:0:0:0:0:1 - - [01/Dec/2014:10:33:26 +0530] "GET /userdashboard/font/fontawesome-webfont.woff?v=3.2.1 HTTP/1.1" 200 43572 "https://localhost:9443/userdashboard/css/font-awesome.min.css" "Mozilla/5.0 (Windows NT 6.2; WOW64; rv:33.0) Gecko/20100101 Firefox/33.0"
0:0:0:0:0:0:0:1 - - [01/Dec/2014:10:33:26 +0530] "GET /userdashboard/font/Lato-Bol-webfont.woff HTTP/1.1" 200 19432 "https://localhost:9443/userdashboard/css/styles.css" "Mozilla/5.0 (Windows NT 6.2; WOW64; rv:33.0) Gecko/20100101 Firefox/33.0"
0:0:0:0:0:0:0:1 - - [01/Dec/2014:10:33:26 +0530] "POST //rpc?st=-1%3A-1%3A*%3A*%3A*%3A0%3Adefault HTTP/1.1" 200 1473 "https://localhost:9443/userdashboard/" "Mozilla/5.0 (Windows NT 6.2; WOW64; rv:33.0) Gecko/20100101 Firefox/33.0"
0:0:0:0:0:0:0:1 - - [01/Dec/2014:10:33:27 +0530] "GET /userdashboard/apis/ues/layout/ HTTP/1.1" 200 4 "https://localhost:9443/userdashboard/" "Mozilla/5.0 (Windows NT 6.2; WOW64; rv:33.0) Gecko/20100101 Firefox/33.0"
127.0.0.1 - - [01/Dec/2014:10:33:27 +0530] "GET /portal/gadgets/show-assets/show-assets.xml HTTP/1.1" 200 1769 "-" "Apache Shindig"
0:0:0:0:0:0:0:1 - - [01/Dec/2014:10:33:27 +0530] "GET //gadgets/ifr?url=http%3A%2F%2Flocalhost%3A9763%2Fportal%2Fgadgets%2Fshow-assets%2Fshow-assets.xml&container=default&view=default&lang=en&country=US&debug=1&nocache=1&sanitize=0&v=d8213105a7083aec18c9bce3596dddd0&testmode=0&parent=https%3A%2F%2Flocalhost%3A9443&mid=0 HTTP/1.1" 304 - "https://localhost:9443/userdashboard/" "Mozilla/5.0 (Windows NT 6.2; WOW64; rv:33.0) Gecko/20100101 Firefox/33.0"
127.0.0.1 - - [01/Dec/2014:10:33:27 +0530] "GET /portal/gadgets/show-assets/css/styles.css HTTP/1.1" 200 2062 "-" "Apache Shindig"
127.0.0.1 - - [01/Dec/2014:10:33:27 +0530] "GET /portal/gadgets/show-assets/css/bootstrap.min.css HTTP/1.1" 200 15959 "-" "Apache Shindig"
127.0.0.1 - - [01/Dec/2014:10:33:27 +0530] "GET /portal/gadgets/show-assets/show-assets.xml HTTP/1.1" 200 1769 "-" "Apache Shindig"
127.0.0.1 - - [01/Dec/2014:10:33:27 +0530] "GET /portal/gadgets/show-assets/show-assets.xml HTTP/1.1" 200 1769 "-" "Apache Shindig"
0:0:0:0:0:0:0:1 - - [01/Dec/2014:10:33:27 +0530] "GET //gadgets/concat?container=default&gadget=http%3A%2F%2Flocalhost%3A9763%2Fportal%2Fgadgets%2Fshow-assets%2Fshow-assets.xml&debug=1&nocache=1&type=css&1=http%3A%2F%2Flocalhost%3A9763%2Fportal%2Fgadgets%2Fshow-assets%2Fcss%2Fbootstrap.min.css&2=http%3A%2F%2Flocalhost%3A9763%2Fportal%2Fgadgets%2Fshow-assets%2Fcss%2Fstyles.css HTTP/1.1" 304 - "https://localhost:9443//gadgets/ifr?url=http%3A%2F%2Flocalhost%3A9763%2Fportal%2Fgadgets%2Fshow-assets%2Fshow-assets.xml&container=default&view=default&lang=en&country=US&debug=1&nocache=1&sanitize=0&v=d8213105a7083aec18c9bce3596dddd0&testmode=0&parent=https%3A%2F%2Flocalhost%3A9443&mid=0" "Mozilla/5.0 (Windows NT 6.2; WOW64; rv:33.0) Gecko/20100101 Firefox/33.0"
127.0.0.1 - - [01/Dec/2014:10:33:27 +0530] "GET /portal/gadgets/show-assets/js/load-assets.js HTTP/1.1" 200 2901 "-" "Apache Shindig"
127.0.0.1 - - [01/Dec/2014:10:33:27 +0530] "GET /portal/gadgets/show-assets/js/jquery.validate.js HTTP/1.1" 200 10011 "-" "Apache Shindig"
127.0.0.1 - - [01/Dec/2014:10:33:27 +0530] "GET /portal/gadgets/show-assets/js/bootstrap.min.js HTTP/1.1" 200 4218 "-" "Apache Shindig"
127.0.0.1 - - [01/Dec/2014:10:33:27 +0530] "GET /portal/gadgets/show-assets/js/jquery.nicescroll.min.js HTTP/1.1" 200 14017 "-" "Apache Shindig"
127.0.0.1 - - [01/Dec/2014:10:33:27 +0530] "GET /portal/gadgets/show-assets/js/handlebars.js HTTP/1.1" 200 18303 "-" "Apache Shindig"
127.0.0.1 - - [01/Dec/2014:10:33:27 +0530] "GET /portal/gadgets/show-assets/js/jquery-1.8.3.min.js HTTP/1.1" 200 33942 "-" "Apache Shindig"
127.0.0.1 - - [01/Dec/2014:10:33:27 +0530] "GET /portal/gadgets/show-assets/show-assets.xml HTTP/1.1" 200 1769 "-" "Apache Shindig"
127.0.0.1 - - [01/Dec/2014:10:33:27 +0530] "GET /portal/gadgets/show-assets/show-assets.xml HTTP/1.1" 200 1769 "-" "Apache Shindig"
127.0.0.1 - - [01/Dec/2014:10:33:27 +0530] "GET /portal/gadgets/show-assets/show-assets.xml HTTP/1.1" 200 1769 "-" "Apache Shindig"
127.0.0.1 - - [01/Dec/2014:10:33:27 +0530] "GET /portal/gadgets/show-assets/show-assets.xml HTTP/1.1" 200 1769 "-" "Apache Shindig"
127.0.0.1 - - [01/Dec/2014:10:33:27 +0530] "GET /portal/gadgets/show-assets/show-assets.xml HTTP/1.1" 200 1769 "-" "Apache Shindig"
127.0.0.1 - - [01/Dec/2014:10:33:28 +0530] "GET /portal/gadgets/show-assets/show-assets.xml HTTP/1.1" 200 1769 "-" "Apache Shindig"
0:0:0:0:0:0:0:1 - - [01/Dec/2014:10:33:28 +0530] "GET //gadgets/concat?container=default&gadget=http%3A%2F%2Flocalhost%3A9763%2Fportal%2Fgadgets%2Fshow-assets%2Fshow-assets.xml&debug=1&nocache=1&type=js&1=http%3A%2F%2Flocalhost%3A9763%2Fportal%2Fgadgets%2Fshow-assets%2Fjs%2Fjquery-1.8.3.min.js&2=http%3A%2F%2Flocalhost%3A9763%2Fportal%2Fgadgets%2Fshow-assets%2Fjs%2Fjquery.validate.js&3=http%3A%2F%2Flocalhost%3A9763%2Fportal%2Fgadgets%2Fshow-assets%2Fjs%2Fhandlebars.js&4=http%3A%2F%2Flocalhost%3A9763%2Fportal%2Fgadgets%2Fshow-assets%2Fjs%2Fbootstrap.min.js&5=http%3A%2F%2Flocalhost%3A9763%2Fportal%2Fgadgets%2Fshow-assets%2Fjs%2Fload-assets.js&6=http%3A%2F%2Flocalhost%3A9763%2Fportal%2Fgadgets%2Fshow-assets%2Fjs%2Fjquery.nicescroll.min.js HTTP/1.1" 304 - "https://localhost:9443//gadgets/ifr?url=http%3A%2F%2Flocalhost%3A9763%2Fportal%2Fgadgets%2Fshow-assets%2Fshow-assets.xml&container=default&view=default&lang=en&country=US&debug=1&nocache=1&sanitize=0&v=d8213105a7083aec18c9bce3596dddd0&testmode=0&parent=https%3A%2F%2Flocalhost%3A9443&mid=0" "Mozilla/5.0 (Windows NT 6.2; WOW64; rv:33.0) Gecko/20100101 Firefox/33.0"
0:0:0:0:0:0:0:1 - - [01/Dec/2014:10:33:28 +0530] "GET /store/apis/myAsset/ HTTP/1.1" 401 975 "https://localhost:9443//gadgets/ifr?url=http%3A%2F%2Flocalhost%3A9763%2Fportal%2Fgadgets%2Fshow-assets%2Fshow-assets.xml&container=default&view=default&lang=en&country=US&debug=1&nocache=1&sanitize=0&v=d8213105a7083aec18c9bce3596dddd0&testmode=0&parent=https%3A%2F%2Flocalhost%3A9443&mid=0" "Mozilla/5.0 (Windows NT 6.2; WOW64; rv:33.0) Gecko/20100101 Firefox/33.0"
0:0:0:0:0:0:0:1 - - [01/Dec/2014:10:33:28 +0530] "GET /store/apis/tag/gadget HTTP/1.1" 200 428 "https://localhost:9443//gadgets/ifr?url=http%3A%2F%2Flocalhost%3A9763%2Fportal%2Fgadgets%2Fshow-assets%2Fshow-assets.xml&container=default&view=default&lang=en&country=US&debug=1&nocache=1&sanitize=0&v=d8213105a7083aec18c9bce3596dddd0&testmode=0&parent=https%3A%2F%2Flocalhost%3A9443&mid=0" "Mozilla/5.0 (Windows NT 6.2; WOW64; rv:33.0) Gecko/20100101 Firefox/33.0"
0:0:0:0:0:0:0:1 - - [01/Dec/2014:10:33:36 +0530] "POST /portal/apis/browser.jag HTTP/1.1" 200 18 "https://localhost:9443/portal/dashboard.jag" "Mozilla/5.0 (Windows NT 6.2; WOW64; rv:33.0) Gecko/20100101 Firefox/33.0"
0:0:0:0:0:0:0:1 - - [01/Dec/2014:10:33:36 +0530] "POST /portal/apis/browser.jag HTTP/1.1" 200 18 "https://localhost:9443/portal/dashboard.jag" "Mozilla/5.0 (Windows NT 6.2; WOW64; rv:33.0) Gecko/20100101 Firefox/33.0"
0:0:0:0:0:0:0:1 - - [01/Dec/2014:10:33:37 +0530] "POST /portal/apis/browser.jag HTTP/1.1" 200 18 "https://localhost:9443/portal/dashboard.jag" "Mozilla/5.0 (Windows NT 6.2; WOW64; rv:33.0) Gecko/20100101 Firefox/33.0"
0:0:0:0:0:0:0:1 - - [01/Dec/2014:10:33:37 +0530] "POST /portal/apis/browser.jag HTTP/1.1" 200 18 "https://localhost:9443/portal/dashboard.jag" "Mozilla/5.0 (Windows NT 6.2; WOW64; rv:33.0) Gecko/20100101 Firefox/33.0"
0:0:0:0:0:0:0:1 - - [01/Dec/2014:10:33:37 +0530] "POST /portal/apis/browser.jag HTTP/1.1" 200 18 "https://localhost:9443/portal/dashboard.jag" "Mozilla/5.0 (Windows NT 6.2; WOW64; rv:33.0) Gecko/20100101 Firefox/33.0"
0:0:0:0:0:0:0:1 - - [01/Dec/2014:10:33:37 +0530] "POST /portal/apis/browser.jag HTTP/1.1" 200 18 "https://localhost:9443/portal/dashboard.jag" "Mozilla/5.0 (Windows NT 6.2; WOW64; rv:33.0) Gecko/20100101 Firefox/33.0"
0:0:0:0:0:0:0:1 - - [01/Dec/2014:10:33:38 +0530] "POST /portal/apis/browser.jag HTTP/1.1" 200 18 "https://localhost:9443/portal/dashboard.jag" "Mozilla/5.0 (Windows NT 6.2; WOW64; rv:33.0) Gecko/20100101 Firefox/33.0"
0:0:0:0:0:0:0:1 - - [01/Dec/2014:10:33:38 +0530] "POST /portal/apis/browser.jag HTTP/1.1" 200 18 "https://localhost:9443/portal/dashboard.jag" "Mozilla/5.0 (Windows NT 6.2; WOW64; rv:33.0) Gecko/20100101 Firefox/33.0"
0:0:0:0:0:0:0:1 - - [01/Dec/2014:10:33:38 +0530] "POST /portal/apis/browser.jag HTTP/1.1" 200 18 "https://localhost:9443/portal/dashboard.jag" "Mozilla/5.0 (Windows NT 6.2; WOW64; rv:33.0) Gecko/20100101 Firefox/33.0"
0:0:0:0:0:0:0:1 - - [01/Dec/2014:10:33:42 +0530] "POST /portal/apis/browser.jag HTTP/1.1" 200 44 "https://localhost:9443/portal/dashboard.jag" "Mozilla/5.0 (Windows NT 6.2; WOW64; rv:33.0) Gecko/20100101 Firefox/33.0"
0:0:0:0:0:0:0:1 - - [01/Dec/2014:10:33:42 +0530] "GET /portal/apis/browser.jag?action=browse&cmd=tree&target=l1_Lw&_=1417410222426 HTTP/1.1" 200 2593 "https://localhost:9443/portal/dashboard.jag" "Mozilla/5.0 (Windows NT 6.2; WOW64; rv:33.0) Gecko/20100101 Firefox/33.0"
0:0:0:0:0:0:0:1 - - [01/Dec/2014:10:33:42 +0530] "GET /portal/apis/browser.jag?action=browse&cmd=open&init=1&target=l1_Lw&tree=1&_=1417410222421 HTTP/1.1" 200 3295 "https://localhost:9443/portal/dashboard.jag" "Mozilla/5.0 (Windows NT 6.2; WOW64; rv:33.0) Gecko/20100101 Firefox/33.0"
0:0:0:0:0:0:0:1 - - [01/Dec/2014:10:33:42 +0530] "GET /portal/designer.jag?dashboard=dashboard&layout=columns HTTP/1.1" 200 3234 "https://localhost:9443/portal/dashboard.jag" "Mozilla/5.0 (Windows NT 6.2; WOW64; rv:33.0) Gecko/20100101 Firefox/33.0"
0:0:0:0:0:0:0:1 - - [01/Dec/2014:10:33:43 +0530] "GET /portal/themes/portal/js/portal-gadgets-js.jag HTTP/1.1" 200 268 "https://localhost:9443/portal/designer.jag?dashboard=dashboard&layout=columns" "Mozilla/5.0 (Windows NT 6.2; WOW64; rv:33.0) Gecko/20100101 Firefox/33.0"
0:0:0:0:0:0:0:1 - - [01/Dec/2014:10:33:44 +0530] "POST //rpc?st=-1%3A-1%3A*%3A*%3A*%3A0%3Adefault HTTP/1.1" 200 1473 "https://localhost:9443/portal/designer.jag?dashboard=dashboard&layout=columns" "Mozilla/5.0 (Windows NT 6.2; WOW64; rv:33.0) Gecko/20100101 Firefox/33.0"
127.0.0.1 - - [01/Dec/2014:10:33:44 +0530] "GET /portal/gadgets/show-assets/show-assets.xml HTTP/1.1" 200 1769 "-" "Apache Shindig"
0:0:0:0:0:0:0:1 - - [01/Dec/2014:10:33:44 +0530] "GET //gadgets/ifr?url=http%3A%2F%2Flocalhost%3A9763%2Fportal%2Fgadgets%2Fshow-assets%2Fshow-assets.xml&container=default&view=default&lang=en&country=US&debug=1&nocache=1&sanitize=0&v=d8213105a7083aec18c9bce3596dddd0&testmode=0&parent=https%3A%2F%2Flocalhost%3A9443&mid=0 HTTP/1.1" 304 - "https://localhost:9443/portal/designer.jag?dashboard=dashboard&layout=columns" "Mozilla/5.0 (Windows NT 6.2; WOW64; rv:33.0) Gecko/20100101 Firefox/33.0"
127.0.0.1 - - [01/Dec/2014:10:33:44 +0530] "GET /portal/gadgets/show-assets/css/styles.css HTTP/1.1" 200 2062 "-" "Apache Shindig"
127.0.0.1 - - [01/Dec/2014:10:33:44 +0530] "GET /portal/gadgets/show-assets/css/bootstrap.min.css HTTP/1.1" 200 15959 "-" "Apache Shindig"
127.0.0.1 - - [01/Dec/2014:10:33:44 +0530] "GET /portal/gadgets/show-assets/show-assets.xml HTTP/1.1" 200 1769 "-" "Apache Shindig"
127.0.0.1 - - [01/Dec/2014:10:33:44 +0530] "GET /portal/gadgets/show-assets/show-assets.xml HTTP/1.1" 200 1769 "-" "Apache Shindig"
0:0:0:0:0:0:0:1 - - [01/Dec/2014:10:33:44 +0530] "GET //gadgets/concat?container=default&gadget=http%3A%2F%2Flocalhost%3A9763%2Fportal%2Fgadgets%2Fshow-assets%2Fshow-assets.xml&debug=1&nocache=1&type=css&1=http%3A%2F%2Flocalhost%3A9763%2Fportal%2Fgadgets%2Fshow-assets%2Fcss%2Fbootstrap.min.css&2=http%3A%2F%2Flocalhost%3A9763%2Fportal%2Fgadgets%2Fshow-assets%2Fcss%2Fstyles.css HTTP/1.1" 304 - "https://localhost:9443//gadgets/ifr?url=http%3A%2F%2Flocalhost%3A9763%2Fportal%2Fgadgets%2Fshow-assets%2Fshow-assets.xml&container=default&view=default&lang=en&country=US&debug=1&nocache=1&sanitize=0&v=d8213105a7083aec18c9bce3596dddd0&testmode=0&parent=https%3A%2F%2Flocalhost%3A9443&mid=0" "Mozilla/5.0 (Windows NT 6.2; WOW64; rv:33.0) Gecko/20100101 Firefox/33.0"
127.0.0.1 - - [01/Dec/2014:10:33:44 +0530] "GET /portal/gadgets/show-assets/js/handlebars.js HTTP/1.1" 200 18303 "-" "Apache Shindig"
127.0.0.1 - - [01/Dec/2014:10:33:44 +0530] "GET /portal/gadgets/show-assets/js/bootstrap.min.js HTTP/1.1" 200 4218 "-" "Apache Shindig"
127.0.0.1 - - [01/Dec/2014:10:33:44 +0530] "GET /portal/gadgets/show-assets/js/jquery.validate.js HTTP/1.1" 200 10011 "-" "Apache Shindig"
