0:0:0:0:0:0:0:1 - - [11/Dec/2014:08:11:07 +0530] "GET //gadgets/concat?container=default&gadget=http%3A%2F%2Flocalhost%3A9763%2Fportal%2Fgadgets%2Forganization-map%2Forganization-map.xml&debug=1&nocache=1&type=js&1=http%3A%2F%2Flocalhost%3A9763%2Fportal%2Fjs%2Fflot%2Fjquery.js&2=https%3A%2F%2Fmaps.googleapis.com%2Fmaps%2Fapi%2Fjs%3Fkey%3DAIzaSyBh-rKFkb1hhmElavDCGaaUQnITpIw3-MI&3=http%3A%2F%2Flocalhost%3A9763%2Fportal%2Fgadgets%2Forganization-map%2Fjs%2Forganization-map-core.js HTTP/1.1" 200 82939 "https://localhost:9443//gadgets/ifr?url=http%3A%2F%2Flocalhost%3A9763%2Fportal%2Fgadgets%2Forganization-map%2Forganization-map.xml&container=default&view=default&lang=en&country=US&debug=1&nocache=1&sanitize=0&v=214468d299c47d27c0bb4826b63b9784&testmode=0&parent=https%3A%2F%2Flocalhost%3A9443&mid=0" "Mozilla/5.0 (Windows NT 6.2; WOW64; rv:33.0) Gecko/20100101 Firefox/33.0"
0:0:0:0:0:0:0:1 - - [11/Dec/2014:08:11:07 +0530] "GET /store/apis/tag/gadget HTTP/1.1" 200 110 "https://localhost:9443//gadgets/ifr?url=http%3A%2F%2Flocalhost%3A9763%2Fportal%2Fgadgets%2Fshow-assets%2Fshow-assets.xml&container=default&view=default&lang=en&country=US&debug=1&nocache=1&sanitize=0&v=214468d299c47d27c0bb4826b63b9784&testmode=0&parent=https%3A%2F%2Flocalhost%3A9443&mid=0" "Mozilla/5.0 (Windows NT 6.2; WOW64; rv:33.0) Gecko/20100101 Firefox/33.0"
127.0.0.1 - - [11/Dec/2014:08:11:07 +0530] "GET /portal/gadgets/publications-people/publications-people.xml HTTP/1.1" 200 1254 "-" "Apache Shindig"
127.0.0.1 - - [11/Dec/2014:08:11:07 +0530] "GET /portal/gadgets/global-innovation-index-2013/global-innovation-index-2013.xml HTTP/1.1" 200 1044 "-" "Apache Shindig"
127.0.0.1 - - [11/Dec/2014:08:11:07 +0530] "GET /portal/gadgets/people-organizations/people-organizations.xml HTTP/1.1" 200 1259 "-" "Apache Shindig"
127.0.0.1 - - [11/Dec/2014:08:11:07 +0530] "GET /portal/gadgets/publications-people/publications-people.xml HTTP/1.1" 200 1254 "-" "Apache Shindig"
127.0.0.1 - - [11/Dec/2014:08:11:07 +0530] "GET /portal/gadgets/people-organizations/people-organizations.xml HTTP/1.1" 200 1259 "-" "Apache Shindig"
127.0.0.1 - - [11/Dec/2014:08:11:07 +0530] "GET /portal/gadgets/publications-people/publications-people.xml HTTP/1.1" 200 1254 "-" "Apache Shindig"
127.0.0.1 - - [11/Dec/2014:08:11:07 +0530] "GET /portal/gadgets/people-organizations/people-organizations.xml HTTP/1.1" 200 1259 "-" "Apache Shindig"
127.0.0.1 - - [11/Dec/2014:08:11:07 +0530] "GET /portal/gadgets/publications-people/publications-people.xml HTTP/1.1" 200 1254 "-" "Apache Shindig"
127.0.0.1 - - [11/Dec/2014:08:11:07 +0530] "GET /portal/gadgets/people-organizations/people-organizations.xml HTTP/1.1" 200 1259 "-" "Apache Shindig"
127.0.0.1 - - [11/Dec/2014:08:11:07 +0530] "GET /portal/gadgets/global-innovation-index-2013/global-innovation-index-2013.xml HTTP/1.1" 200 1044 "-" "Apache Shindig"
127.0.0.1 - - [11/Dec/2014:08:11:07 +0530] "GET /portal/gadgets/publications-people/publications-people.xml HTTP/1.1" 200 1254 "-" "Apache Shindig"
127.0.0.1 - - [11/Dec/2014:08:11:07 +0530] "GET /portal/gadgets/people-organizations/people-organizations.xml HTTP/1.1" 200 1259 "-" "Apache Shindig"
127.0.0.1 - - [11/Dec/2014:08:11:07 +0530] "GET /portal/gadgets/global-innovation-index-2013/global-innovation-index-2013.xml HTTP/1.1" 200 1044 "-" "Apache Shindig"
127.0.0.1 - - [11/Dec/2014:08:11:07 +0530] "GET /portal/gadgets/publications-people/publications-people.xml HTTP/1.1" 200 1254 "-" "Apache Shindig"
127.0.0.1 - - [11/Dec/2014:08:11:07 +0530] "GET /portal/gadgets/people-organizations/people-organizations.xml HTTP/1.1" 200 1259 "-" "Apache Shindig"
127.0.0.1 - - [11/Dec/2014:08:11:07 +0530] "GET /portal/gadgets/publications-people/publications-people.xml HTTP/1.1" 200 1254 "-" "Apache Shindig"
127.0.0.1 - - [11/Dec/2014:08:11:07 +0530] "GET /portal/gadgets/people-organizations/people-organizations.xml HTTP/1.1" 200 1259 "-" "Apache Shindig"
127.0.0.1 - - [11/Dec/2014:08:11:07 +0530] "GET /portal/gadgets/publications-people/publications-people.xml HTTP/1.1" 200 1254 "-" "Apache Shindig"
127.0.0.1 - - [11/Dec/2014:08:11:07 +0530] "GET /portal/gadgets/people-organizations/people-organizations.xml HTTP/1.1" 200 1259 "-" "Apache Shindig"
127.0.0.1 - - [11/Dec/2014:08:11:07 +0530] "GET /portal/gadgets/publications-people/publications-people.xml HTTP/1.1" 200 1254 "-" "Apache Shindig"
0:0:0:0:0:0:0:1 - - [11/Dec/2014:08:11:07 +0530] "GET //gadgets/concat?container=default&gadget=http%3A%2F%2Flocalhost%3A9763%2Fportal%2Fgadgets%2Fglobal-innovation-index-2013%2Fglobal-innovation-index-2013.xml&debug=1&nocache=1&type=js&1=http%3A%2F%2Flocalhost%3A9763%2Fportal%2Fgadgets%2Fglobal-innovation-index-2013%2Fjs%2Fjquery-1.11.1.min.js&2=http%3A%2F%2Flocalhost%3A9763%2Fportal%2Fgadgets%2Fglobal-innovation-index-2013%2Fjs%2Fd3.min.js&3=http%3A%2F%2Flocalhost%3A9763%2Fportal%2Fgadgets%2Fglobal-innovation-index-2013%2Fjs%2FNormRadarChart.js&4=http%3A%2F%2Flocalhost%3A9763%2Fportal%2Fgadgets%2Fglobal-innovation-index-2013%2Fjs%2FGroupedBarChart.js&5=http%3A%2F%2Flocalhost%3A9763%2Fportal%2Fgadgets%2Fglobal-innovation-index-2013%2Fjs%2Fd3-options-radar.js&6=http%3A%2F%2Flocalhost%3A9763%2Fportal%2Fgadgets%2Fglobal-innovation-index-2013%2Fjs%2Fglobal-innovation-index-2013-core.js HTTP/1.1" 200 95114 "https://localhost:9443//gadgets/ifr?url=http%3A%2F%2Flocalhost%3A9763%2Fportal%2Fgadgets%2Fglobal-innovation-index-2013%2Fglobal-innovation-index-2013.xml&container=default&view=default&lang=en&country=US&debug=1&nocache=1&sanitize=0&v=214468d299c47d27c0bb4826b63b9784&testmode=0&parent=https%3A%2F%2Flocalhost%3A9443&mid=0" "Mozilla/5.0 (Windows NT 6.2; WOW64; rv:33.0) Gecko/20100101 Firefox/33.0"
127.0.0.1 - - [11/Dec/2014:08:11:07 +0530] "GET /portal/gadgets/people-organizations/people-organizations.xml HTTP/1.1" 200 1259 "-" "Apache Shindig"
127.0.0.1 - - [11/Dec/2014:08:11:07 +0530] "GET /portal/gadgets/publications-people/publications-people.xml HTTP/1.1" 200 1254 "-" "Apache Shindig"
127.0.0.1 - - [11/Dec/2014:08:11:07 +0530] "GET /portal/gadgets/people-organizations/people-organizations.xml HTTP/1.1" 200 1259 "-" "Apache Shindig"
127.0.0.1 - - [11/Dec/2014:08:11:07 +0530] "GET /portal/gadgets/publications-people/publications-people.xml HTTP/1.1" 200 1254 "-" "Apache Shindig"
127.0.0.1 - - [11/Dec/2014:08:11:07 +0530] "GET /portal/gadgets/people-organizations/people-organizations.xml HTTP/1.1" 200 1259 "-" "Apache Shindig"
127.0.0.1 - - [11/Dec/2014:08:11:07 +0530] "GET /portal/gadgets/publications-people/publications-people.xml HTTP/1.1" 200 1254 "-" "Apache Shindig"
0:0:0:0:0:0:0:1 - - [11/Dec/2014:08:11:08 +0530] "GET //gadgets/concat?container=default&gadget=http%3A%2F%2Flocalhost%3A9763%2Fportal%2Fgadgets%2Fpeople-organizations%2Fpeople-organizations.xml&debug=1&nocache=1&type=js&1=http%3A%2F%2Flocalhost%3A9763%2Fportal%2Fgadgets%2Fpeople-organizations%2Fjs%2Fjquery-1.11.1.min.js&2=http%3A%2F%2Flocalhost%3A9763%2Fportal%2Fgadgets%2Fpeople-organizations%2Fjs%2Fd3.min.js&3=http%3A%2F%2Flocalhost%3A9763%2Fportal%2Fgadgets%2Fpeople-organizations%2Fjslider%2Fjs%2Fjshashtable-2.1_src.js&4=http%3A%2F%2Flocalhost%3A9763%2Fportal%2Fgadgets%2Fpeople-organizations%2Fjslider%2Fjs%2Fjquery.numberformatter-1.2.3.js&5=http%3A%2F%2Flocalhost%3A9763%2Fportal%2Fgadgets%2Fpeople-organizations%2Fjslider%2Fjs%2Ftmpl.js&6=http%3A%2F%2Flocalhost%3A9763%2Fportal%2Fgadgets%2Fpeople-organizations%2Fjslider%2Fjs%2Fjquery.dependClass-0.1.js&7=http%3A%2F%2Flocalhost%3A9763%2Fportal%2Fgadgets%2Fpeople-organizations%2Fjslider%2Fjs%2Fdraggable-0.1.js&8=http%3A%2F%2Flocalhost%3A9763%2Fportal%2Fgadgets%2Fpeople-organizations%2Fjslider%2Fjs%2Fjquery.slider.js&9=http%3A%2F%2Flocalhost%3A9763%2Fportal%2Fgadgets%2Fpeople-organizations%2Fjs%2FBarChart.js&10=http%3A%2F%2Flocalhost%3A9763%2Fportal%2Fgadgets%2Fpeople-organizations%2Fjs%2FLineChart.js&11=http%3A%2F%2Flocalhost%3A9763%2Fportal%2Fgadgets%2Fpeople-organizations%2Fjs%2FPieChart.js&12=http%3A%2F%2Flocalhost%3A9763%2Fportal%2Fgadgets%2Fpeople-organizations%2Fjs%2Fpeople-organizations-core.js HTTP/1.1" 200 108110 "https://localhost:9443//gadgets/ifr?url=http%3A%2F%2Flocalhost%3A9763%2Fportal%2Fgadgets%2Fpeople-organizations%2Fpeople-organizations.xml&container=default&view=default&lang=en&country=US&debug=1&nocache=1&sanitize=0&v=214468d299c47d27c0bb4826b63b9784&testmode=0&parent=https%3A%2F%2Flocalhost%3A9443&mid=0" "Mozilla/5.0 (Windows NT 6.2; WOW64; rv:33.0) Gecko/20100101 Firefox/33.0"
0:0:0:0:0:0:0:1 - - [11/Dec/2014:08:11:08 +0530] "GET //gadgets/concat?container=default&gadget=http%3A%2F%2Flocalhost%3A9763%2Fportal%2Fgadgets%2Fpublications-people%2Fpublications-people.xml&debug=1&nocache=1&type=js&1=http%3A%2F%2Flocalhost%3A9763%2Fportal%2Fgadgets%2Fpublications-people%2Fjs%2Fjquery-1.11.1.min.js&2=http%3A%2F%2Flocalhost%3A9763%2Fportal%2Fgadgets%2Fpublications-people%2Fjs%2Fd3.min.js&3=http%3A%2F%2Flocalhost%3A9763%2Fportal%2Fgadgets%2Fpublications-people%2Fjslider%2Fjs%2Fjshashtable-2.1_src.js&4=http%3A%2F%2Flocalhost%3A9763%2Fportal%2Fgadgets%2Fpublications-people%2Fjslider%2Fjs%2Fjquery.numberformatter-1.2.3.js&5=http%3A%2F%2Flocalhost%3A9763%2Fportal%2Fgadgets%2Fpublications-people%2Fjslider%2Fjs%2Ftmpl.js&6=http%3A%2F%2Flocalhost%3A9763%2Fportal%2Fgadgets%2Fpublications-people%2Fjslider%2Fjs%2Fjquery.dependClass-0.1.js&7=http%3A%2F%2Flocalhost%3A9763%2Fportal%2Fgadgets%2Fpublications-people%2Fjslider%2Fjs%2Fdraggable-0.1.js&8=http%3A%2F%2Flocalhost%3A9763%2Fportal%2Fgadgets%2Fpublications-people%2Fjslider%2Fjs%2Fjquery.slider.js&9=http%3A%2F%2Flocalhost%3A9763%2Fportal%2Fgadgets%2Fpublications-people%2Fjs%2FBarChart.js&10=http%3A%2F%2Flocalhost%3A9763%2Fportal%2Fgadgets%2Fpublications-people%2Fjs%2FLineChart.js&11=http%3A%2F%2Flocalhost%3A9763%2Fportal%2Fgadgets%2Fpublications-people%2Fjs%2FPieChart.js&12=http%3A%2F%2Flocalhost%3A9763%2Fportal%2Fgadgets%2Fpublications-people%2Fjs%2Fpublications-people-core.js HTTP/1.1" 200 107686 "https://localhost:9443//gadgets/ifr?url=http%3A%2F%2Flocalhost%3A9763%2Fportal%2Fgadgets%2Fpublications-people%2Fpublications-people.xml&container=default&view=default&lang=en&country=US&debug=1&nocache=1&sanitize=0&v=214468d299c47d27c0bb4826b63b9784&testmode=0&parent=https%3A%2F%2Flocalhost%3A9443&mid=0" "Mozilla/5.0 (Windows NT 6.2; WOW64; rv:33.0) Gecko/20100101 Firefox/33.0"
0:0:0:0:0:0:0:1 - - [11/Dec/2014:08:11:08 +0530] "GET /favicon.ico HTTP/1.1" 404 973 "-" "Mozilla/5.0 (Windows NT 6.2; WOW64; rv:33.0) Gecko/20100101 Firefox/33.0"
0:0:0:0:0:0:0:1 - - [11/Dec/2014:08:11:08 +0530] "GET /favicon.ico HTTP/1.1" 404 973 "-" "Mozilla/5.0 (Windows NT 6.2; WOW64; rv:33.0) Gecko/20100101 Firefox/33.0"
0:0:0:0:0:0:0:1 - - [11/Dec/2014:08:11:08 +0530] "GET /portal/gadgets/global-innovation-index-2013/data-files/global-innovation-index-2013-data.jag?giId=2 HTTP/1.1" 200 656 "https://localhost:9443//gadgets/ifr?url=http%3A%2F%2Flocalhost%3A9763%2Fportal%2Fgadgets%2Fglobal-innovation-index-2013%2Fglobal-innovation-index-2013.xml&container=default&view=default&lang=en&country=US&debug=1&nocache=1&sanitize=0&v=214468d299c47d27c0bb4826b63b9784&testmode=0&parent=https%3A%2F%2Flocalhost%3A9443&mid=0" "Mozilla/5.0 (Windows NT 6.2; WOW64; rv:33.0) Gecko/20100101 Firefox/33.0"
0:0:0:0:0:0:0:1 - - [11/Dec/2014:08:11:08 +0530] "GET /portal/gadgets/publications-people/data-files/aoi-data.jag HTTP/1.1" 200 3211 "https://localhost:9443//gadgets/ifr?url=http%3A%2F%2Flocalhost%3A9763%2Fportal%2Fgadgets%2Fpublications-people%2Fpublications-people.xml&container=default&view=default&lang=en&country=US&debug=1&nocache=1&sanitize=0&v=214468d299c47d27c0bb4826b63b9784&testmode=0&parent=https%3A%2F%2Flocalhost%3A9443&mid=0" "Mozilla/5.0 (Windows NT 6.2; WOW64; rv:33.0) Gecko/20100101 Firefox/33.0"
0:0:0:0:0:0:0:1 - - [11/Dec/2014:08:11:08 +0530] "GET /portal/gadgets/people-organizations/data-files/aoi-data.jag HTTP/1.1" 200 3211 "https://localhost:9443//gadgets/ifr?url=http%3A%2F%2Flocalhost%3A9763%2Fportal%2Fgadgets%2Fpeople-organizations%2Fpeople-organizations.xml&container=default&view=default&lang=en&country=US&debug=1&nocache=1&sanitize=0&v=214468d299c47d27c0bb4826b63b9784&testmode=0&parent=https%3A%2F%2Flocalhost%3A9443&mid=0" "Mozilla/5.0 (Windows NT 6.2; WOW64; rv:33.0) Gecko/20100101 Firefox/33.0"
0:0:0:0:0:0:0:1 - - [11/Dec/2014:08:11:08 +0530] "GET /portal/gadgets/publications-people/data-files/publications-people-data.jag?pid=&aoiId=0&saoiId=0&ssaoiId=0 HTTP/1.1" 200 1291 "https://localhost:9443//gadgets/ifr?url=http%3A%2F%2Flocalhost%3A9763%2Fportal%2Fgadgets%2Fpublications-people%2Fpublications-people.xml&container=default&view=default&lang=en&country=US&debug=1&nocache=1&sanitize=0&v=214468d299c47d27c0bb4826b63b9784&testmode=0&parent=https%3A%2F%2Flocalhost%3A9443&mid=0" "Mozilla/5.0 (Windows NT 6.2; WOW64; rv:33.0) Gecko/20100101 Firefox/33.0"
0:0:0:0:0:0:0:1 - - [11/Dec/2014:08:11:08 +0530] "GET /portal/gadgets/people-organizations/data-files/people-organizations-data.jag?type=org&id=0&aoiId=0&saoiId=0&ssaoiId=0 HTTP/1.1" 200 1050 "https://localhost:9443//gadgets/ifr?url=http%3A%2F%2Flocalhost%3A9763%2Fportal%2Fgadgets%2Fpeople-organizations%2Fpeople-organizations.xml&container=default&view=default&lang=en&country=US&debug=1&nocache=1&sanitize=0&v=214468d299c47d27c0bb4826b63b9784&testmode=0&parent=https%3A%2F%2Flocalhost%3A9443&mid=0" "Mozilla/5.0 (Windows NT 6.2; WOW64; rv:33.0) Gecko/20100101 Firefox/33.0"
127.0.0.1 - - [11/Dec/2014:08:11:09 +0530] "GET /portal/gadgets/publications-people/jslider/img/jslider.round.plastic.png HTTP/1.1" 200 1956 "-" "Apache Shindig"
127.0.0.1 - - [11/Dec/2014:08:11:09 +0530] "GET /portal/gadgets/publications-people/jslider/css/jslider.round.plastic.css HTTP/1.1" 200 253 "-" "Apache Shindig"
0:0:0:0:0:0:0:1 - - [11/Dec/2014:08:11:09 +0530] "GET //gadgets/proxy?container=default&gadget=http%3A%2F%2Flocalhost%3A9763%2Fportal%2Fgadgets%2Fpublications-people%2Fjslider%2Fcss%2Fjslider.round.plastic.css&debug=0&nocache=1&url=http%3A%2F%2Flocalhost%3A9763%2Fportal%2Fgadgets%2Fpublications-people%2Fjslider%2Fimg%2Fjslider.round.plastic.png HTTP/1.1" 200 1956 "https://localhost:9443//gadgets/concat?container=default&gadget=http%3A%2F%2Flocalhost%3A9763%2Fportal%2Fgadgets%2Fpublications-people%2Fpublications-people.xml&debug=1&nocache=1&type=css&1=http%3A%2F%2Flocalhost%3A9763%2Fportal%2Fthemes%2Fportal%2Fcss%2Fflot-graph.css&2=http%3A%2F%2Flocalhost%3A9763%2Fportal%2Fthemes%2Fportal%2Fcss%2Fbootstrap.min.css&3=http%3A%2F%2Flocalhost%3A9763%2Fportal%2Fgadgets%2Fpublications-people%2Fcss%2Fstyles.css&4=http%3A%2F%2Flocalhost%3A9763%2Fportal%2Fgadgets%2Fpublications-people%2Fjslider%2Fcss%2Fjslider.css&5=http%3A%2F%2Flocalhost%3A9763%2Fportal%2Fgadgets%2Fpublications-people%2Fjslider%2Fcss%2Fjslider.blue.css&6=http%3A%2F%2Flocalhost%3A9763%2Fportal%2Fgadgets%2Fpublications-people%2Fjslider%2Fcss%2Fjslider.plastic.css&7=http%3A%2F%2Flocalhost%3A9763%2Fportal%2Fgadgets%2Fpublications-people%2Fjslider%2Fcss%2Fjslider.round.css&8=http%3A%2F%2Flocalhost%3A9763%2Fportal%2Fgadgets%2Fpublications-people%2Fjslider%2Fcss%2Fjslider.round.plastic.css" "Mozilla/5.0 (Windows NT 6.2; WOW64; rv:33.0) Gecko/20100101 Firefox/33.0"
127.0.0.1 - - [11/Dec/2014:08:11:09 +0530] "GET /portal/gadgets/people-organizations/jslider/img/jslider.round.plastic.png HTTP/1.1" 200 1956 "-" "Apache Shindig"
127.0.0.1 - - [11/Dec/2014:08:11:09 +0530] "GET /portal/gadgets/people-organizations/jslider/css/jslider.round.plastic.css HTTP/1.1" 200 253 "-" "Apache Shindig"
0:0:0:0:0:0:0:1 - - [11/Dec/2014:08:11:09 +0530] "GET //gadgets/proxy?container=default&gadget=http%3A%2F%2Flocalhost%3A9763%2Fportal%2Fgadgets%2Fpeople-organizations%2Fjslider%2Fcss%2Fjslider.round.plastic.css&debug=0&nocache=1&url=http%3A%2F%2Flocalhost%3A9763%2Fportal%2Fgadgets%2Fpeople-organizations%2Fjslider%2Fimg%2Fjslider.round.plastic.png HTTP/1.1" 200 1956 "https://localhost:9443//gadgets/concat?container=default&gadget=http%3A%2F%2Flocalhost%3A9763%2Fportal%2Fgadgets%2Fpeople-organizations%2Fpeople-organizations.xml&debug=1&nocache=1&type=css&1=http%3A%2F%2Flocalhost%3A9763%2Fportal%2Fthemes%2Fportal%2Fcss%2Fflot-graph.css&2=http%3A%2F%2Flocalhost%3A9763%2Fportal%2Fthemes%2Fportal%2Fcss%2Fbootstrap.min.css&3=http%3A%2F%2Flocalhost%3A9763%2Fportal%2Fgadgets%2Fpeople-organizations%2Fcss%2Ffa%2Fcss%2Ffont-awesome.min.css&4=http%3A%2F%2Flocalhost%3A9763%2Fportal%2Fgadgets%2Fpeople-organizations%2Fcss%2Fstyles.css&5=http%3A%2F%2Flocalhost%3A9763%2Fportal%2Fgadgets%2Fpeople-organizations%2Fjslider%2Fcss%2Fjslider.css&6=http%3A%2F%2Flocalhost%3A9763%2Fportal%2Fgadgets%2Fpeople-organizations%2Fjslider%2Fcss%2Fjslider.blue.css&7=http%3A%2F%2Flocalhost%3A9763%2Fportal%2Fgadgets%2Fpeople-organizations%2Fjslider%2Fcss%2Fjslider.plastic.css&8=http%3A%2F%2Flocalhost%3A9763%2Fportal%2Fgadgets%2Fpeople-organizations%2Fjslider%2Fcss%2Fjslider.round.css&9=http%3A%2F%2Flocalhost%3A9763%2Fportal%2Fgadgets%2Fpeople-organizations%2Fjslider%2Fcss%2Fjslider.round.plastic.css" "Mozilla/5.0 (Windows NT 6.2; WOW64; rv:33.0) Gecko/20100101 Firefox/33.0"
0:0:0:0:0:0:0:1 - - [11/Dec/2014:08:11:17 +0530] "GET /user/ HTTP/1.1" 302 - "https://localhost:9443/dashboard/" "Mozilla/5.0 (Windows NT 6.2; WOW64; rv:33.0) Gecko/20100101 Firefox/33.0"
0:0:0:0:0:0:0:1 - - [11/Dec/2014:08:11:20 +0530] "GET /user/login HTTP/1.1" 200 1346 "https://localhost:9443/dashboard/" "Mozilla/5.0 (Windows NT 6.2; WOW64; rv:33.0) Gecko/20100101 Firefox/33.0"
0:0:0:0:0:0:0:1 - - [11/Dec/2014:08:11:21 +0530] "POST /sso/samlsso.jag HTTP/1.1" 302 - "https://localhost:9443/user/login" "Mozilla/5.0 (Windows NT 6.2; WOW64; rv:33.0) Gecko/20100101 Firefox/33.0"
0:0:0:0:0:0:0:1 - - [11/Dec/2014:08:11:22 +0530] "GET /sso/login.jag HTTP/1.1" 200 6668 "https://localhost:9443/user/login" "Mozilla/5.0 (Windows NT 6.2; WOW64; rv:33.0) Gecko/20100101 Firefox/33.0"
0:0:0:0:0:0:0:1 - - [11/Dec/2014:08:11:22 +0530] "GET /assets/ico/favicon.png HTTP/1.1" 404 995 "-" "Mozilla/5.0 (Windows NT 6.2; WOW64; rv:33.0) Gecko/20100101 Firefox/33.0"
0:0:0:0:0:0:0:1 - - [11/Dec/2014:08:11:22 +0530] "GET /assets/ico/favicon.png HTTP/1.1" 404 995 "-" "Mozilla/5.0 (Windows NT 6.2; WOW64; rv:33.0) Gecko/20100101 Firefox/33.0"
0:0:0:0:0:0:0:1 - - [11/Dec/2014:08:11:22 +0530] "POST /sso/researchareas.jag HTTP/1.1" 200 373 "https://localhost:9443/sso/login.jag" "Mozilla/5.0 (Windows NT 6.2; WOW64; rv:33.0) Gecko/20100101 Firefox/33.0"
0:0:0:0:0:0:0:1 - - [11/Dec/2014:08:11:22 +0530] "POST /sso/researchareas.jag HTTP/1.1" 200 261 "https://localhost:9443/sso/login.jag" "Mozilla/5.0 (Windows NT 6.2; WOW64; rv:33.0) Gecko/20100101 Firefox/33.0"
0:0:0:0:0:0:0:1 - - [11/Dec/2014:08:11:22 +0530] "GET /sso/font/fontawesome-webfont.woff?v=3.2.1 HTTP/1.1" 304 - "https://localhost:9443/sso/css/font-awesome.min.css" "Mozilla/5.0 (Windows NT 6.2; WOW64; rv:33.0) Gecko/20100101 Firefox/33.0"
0:0:0:0:0:0:0:1 - - [11/Dec/2014:08:11:33 +0530] "GET /admin HTTP/1.1" 302 - "-" "Mozilla/5.0 (Windows NT 6.2; WOW64; rv:33.0) Gecko/20100101 Firefox/33.0"
0:0:0:0:0:0:0:1 - - [11/Dec/2014:08:11:33 +0530] "GET /admin/carbon HTTP/1.1" 302 - "-" "Mozilla/5.0 (Windows NT 6.2; WOW64; rv:33.0) Gecko/20100101 Firefox/33.0"
0:0:0:0:0:0:0:1 - - [11/Dec/2014:08:11:33 +0530] "GET /admin/carbon/admin/index.jsp HTTP/1.1" 302 - "-" "Mozilla/5.0 (Windows NT 6.2; WOW64; rv:33.0) Gecko/20100101 Firefox/33.0"
0:0:0:0:0:0:0:1 - - [11/Dec/2014:08:11:39 +0530] "GET /admin/carbon/admin/login.jsp HTTP/1.1" 200 3385 "-" "Mozilla/5.0 (Windows NT 6.2; WOW64; rv:33.0) Gecko/20100101 Firefox/33.0"
0:0:0:0:0:0:0:1 - - [11/Dec/2014:08:11:39 +0530] "GET /admin/carbon/styles/css/main.css HTTP/1.1" 200 1405 "https://localhost:9443/admin/carbon/admin/login.jsp" "Mozilla/5.0 (Windows NT 6.2; WOW64; rv:33.0) Gecko/20100101 Firefox/33.0"
0:0:0:0:0:0:0:1 - - [11/Dec/2014:08:11:39 +0530] "GET /admin/carbon/admin/css/carbonFormStyles.css HTTP/1.1" 200 1970 "https://localhost:9443/admin/carbon/admin/login.jsp" "Mozilla/5.0 (Windows NT 6.2; WOW64; rv:33.0) Gecko/20100101 Firefox/33.0"
0:0:0:0:0:0:0:1 - - [11/Dec/2014:08:11:39 +0530] "GET /admin/carbon/dialog/css/jqueryui/jqueryui-themeroller.css HTTP/1.1" 200 4020 "https://localhost:9443/admin/carbon/admin/login.jsp" "Mozilla/5.0 (Windows NT 6.2; WOW64; rv:33.0) Gecko/20100101 Firefox/33.0"
0:0:0:0:0:0:0:1 - - [11/Dec/2014:08:11:39 +0530] "GET /admin/carbon/admin/js/jquery.form.js HTTP/1.1" 200 6750 "https://localhost:9443/admin/carbon/admin/login.jsp" "Mozilla/5.0 (Windows NT 6.2; WOW64; rv:33.0) Gecko/20100101 Firefox/33.0"
0:0:0:0:0:0:0:1 - - [11/Dec/2014:08:11:39 +0530] "GET /admin/carbon/dialog/css/dialog.css HTTP/1.1" 200 556 "https://localhost:9443/admin/carbon/admin/login.jsp" "Mozilla/5.0 (Windows NT 6.2; WOW64; rv:33.0) Gecko/20100101 Firefox/33.0"
0:0:0:0:0:0:0:1 - - [11/Dec/2014:08:11:40 +0530] "GET /admin/carbon/admin/js/jquery.cookie.js HTTP/1.1" 200 1529 "https://localhost:9443/admin/carbon/admin/login.jsp" "Mozilla/5.0 (Windows NT 6.2; WOW64; rv:33.0) Gecko/20100101 Firefox/33.0"
0:0:0:0:0:0:0:1 - - [11/Dec/2014:08:11:40 +0530] "GET /admin/carbon/admin/js/jquery.validate.js HTTP/1.1" 200 10290 "https://localhost:9443/admin/carbon/admin/login.jsp" "Mozilla/5.0 (Windows NT 6.2; WOW64; rv:33.0) Gecko/20100101 Firefox/33.0"
0:0:0:0:0:0:0:1 - - [11/Dec/2014:08:11:40 +0530] "GET /admin/carbon/admin/js/jquery.ui.core.min.js HTTP/1.1" 200 1996 "https://localhost:9443/admin/carbon/admin/login.jsp" "Mozilla/5.0 (Windows NT 6.2; WOW64; rv:33.0) Gecko/20100101 Firefox/33.0"
0:0:0:0:0:0:0:1 - - [11/Dec/2014:08:11:40 +0530] "GET /admin/carbon/admin/js/jquery.ui.widget.min.js HTTP/1.1" 200 1344 "https://localhost:9443/admin/carbon/admin/login.jsp" "Mozilla/5.0 (Windows NT 6.2; WOW64; rv:33.0) Gecko/20100101 Firefox/33.0"
0:0:0:0:0:0:0:1 - - [11/Dec/2014:08:11:40 +0530] "GET /admin/carbon/admin/js/jquery-1.5.2.min.js HTTP/1.1" 200 30375 "https://localhost:9443/admin/carbon/admin/login.jsp" "Mozilla/5.0 (Windows NT 6.2; WOW64; rv:33.0) Gecko/20100101 Firefox/33.0"
0:0:0:0:0:0:0:1 - - [11/Dec/2014:08:11:40 +0530] "GET /admin/carbon/admin/js/jquery.ui.tabs.min.js HTTP/1.1" 200 3594 "https://localhost:9443/admin/carbon/admin/login.jsp" "Mozilla/5.0 (Windows NT 6.2; WOW64; rv:33.0) Gecko/20100101 Firefox/33.0"
0:0:0:0:0:0:0:1 - - [11/Dec/2014:08:11:40 +0530] "GET /admin/carbon/admin/js/cookies.js HTTP/1.1" 200 1136 "https://localhost:9443/admin/carbon/admin/login.jsp" "Mozilla/5.0 (Windows NT 6.2; WOW64; rv:33.0) Gecko/20100101 Firefox/33.0"
0:0:0:0:0:0:0:1 - - [11/Dec/2014:08:11:40 +0530] "GET /admin/carbon/admin/js/customControls.js HTTP/1.1" 200 1193 "https://localhost:9443/admin/carbon/admin/login.jsp" "Mozilla/5.0 (Windows NT 6.2; WOW64; rv:33.0) Gecko/20100101 Firefox/33.0"
0:0:0:0:0:0:0:1 - - [11/Dec/2014:08:11:40 +0530] "GET /admin/carbon/admin/css/global.css HTTP/1.1" 200 5268 "https://localhost:9443/admin/carbon/admin/login.jsp" "Mozilla/5.0 (Windows NT 6.2; WOW64; rv:33.0) Gecko/20100101 Firefox/33.0"
0:0:0:0:0:0:0:1 - - [11/Dec/2014:08:11:40 +0530] "GET /admin/carbon/admin/js/WSRequest.js HTTP/1.1" 200 12981 "https://localhost:9443/admin/carbon/admin/login.jsp" "Mozilla/5.0 (Windows NT 6.2; WOW64; rv:33.0) Gecko/20100101 Firefox/33.0"
0:0:0:0:0:0:0:1 - - [11/Dec/2014:08:11:40 +0530] "GET /admin/carbon/admin/js/main.js HTTP/1.1" 200 15361 "https://localhost:9443/admin/carbon/admin/login.jsp" "Mozilla/5.0 (Windows NT 6.2; WOW64; rv:33.0) Gecko/20100101 Firefox/33.0"
0:0:0:0:0:0:0:1 - - [11/Dec/2014:08:11:40 +0530] "GET /admin/carbon/dialog/js/jqueryui/jquery-ui.min.js HTTP/1.1" 200 25705 "https://localhost:9443/admin/carbon/admin/login.jsp" "Mozilla/5.0 (Windows NT 6.2; WOW64; rv:33.0) Gecko/20100101 Firefox/33.0"
0:0:0:0:0:0:0:1 - - [11/Dec/2014:08:11:40 +0530] "GET /admin/carbon/dialog/js/dialog.js HTTP/1.1" 200 2127 "https://localhost:9443/admin/carbon/admin/login.jsp" "Mozilla/5.0 (Windows NT 6.2; WOW64; rv:33.0) Gecko/20100101 Firefox/33.0"
0:0:0:0:0:0:0:1 - - [11/Dec/2014:08:11:40 +0530] "GET /admin/carbon/yui/build/yahoo-dom-event/yahoo-dom-event.js HTTP/1.1" 200 10684 "https://localhost:9443/admin/carbon/admin/login.jsp" "Mozilla/5.0 (Windows NT 6.2; WOW64; rv:33.0) Gecko/20100101 Firefox/33.0"
0:0:0:0:0:0:0:1 - - [11/Dec/2014:08:11:40 +0530] "GET /admin/carbon/yui/build/yahoo/yahoo-min.js HTTP/1.1" 200 2523 "https://localhost:9443/admin/carbon/admin/login.jsp" "Mozilla/5.0 (Windows NT 6.2; WOW64; rv:33.0) Gecko/20100101 Firefox/33.0"
0:0:0:0:0:0:0:1 - - [11/Dec/2014:08:11:40 +0530] "GET /admin/carbon/admin/js/template.js HTTP/1.1" 200 3390 "https://localhost:9443/admin/carbon/admin/login.jsp" "Mozilla/5.0 (Windows NT 6.2; WOW64; rv:33.0) Gecko/20100101 Firefox/33.0"
0:0:0:0:0:0:0:1 - - [11/Dec/2014:08:11:40 +0530] "GET /admin/carbon/yui/build/animation/animation-min.js HTTP/1.1" 200 4768 "https://localhost:9443/admin/carbon/admin/login.jsp" "Mozilla/5.0 (Windows NT 6.2; WOW64; rv:33.0) Gecko/20100101 Firefox/33.0"
0:0:0:0:0:0:0:1 - - [11/Dec/2014:08:11:40 +0530] "GET /admin/carbon/yui/build/selector/selector-min.js HTTP/1.1" 200 2895 "https://localhost:9443/admin/carbon/admin/login.jsp" "Mozilla/5.0 (Windows NT 6.2; WOW64; rv:33.0) Gecko/20100101 Firefox/33.0"
0:0:0:0:0:0:0:1 - - [11/Dec/2014:08:11:40 +0530] "GET /admin/carbon/admin/images/user-guide.gif HTTP/1.1" 200 2228 "https://localhost:9443/admin/carbon/admin/login.jsp" "Mozilla/5.0 (Windows NT 6.2; WOW64; rv:33.0) Gecko/20100101 Firefox/33.0"
0:0:0:0:0:0:0:1 - - [11/Dec/2014:08:11:40 +0530] "GET /admin/carbon/admin/images/1px.gif HTTP/1.1" 200 43 "https://localhost:9443/admin/carbon/admin/login.jsp" "Mozilla/5.0 (Windows NT 6.2; WOW64; rv:33.0) Gecko/20100101 Firefox/33.0"
0:0:0:0:0:0:0:1 - - [11/Dec/2014:08:11:40 +0530] "GET /admin/carbon/admin/images/mailing-list.gif HTTP/1.1" 200 2131 "https://localhost:9443/admin/carbon/admin/login.jsp" "Mozilla/5.0 (Windows NT 6.2; WOW64; rv:33.0) Gecko/20100101 Firefox/33.0"
0:0:0:0:0:0:0:1 - - [11/Dec/2014:08:11:40 +0530] "GET /admin/carbon/admin/images/issue-tracker.gif HTTP/1.1" 200 1821 "https://localhost:9443/admin/carbon/admin/login.jsp" "Mozilla/5.0 (Windows NT 6.2; WOW64; rv:33.0) Gecko/20100101 Firefox/33.0"
0:0:0:0:0:0:0:1 - - [11/Dec/2014:08:11:40 +0530] "GET /admin/carbon/admin/images/forum.gif HTTP/1.1" 200 1977 "https://localhost:9443/admin/carbon/admin/login.jsp" "Mozilla/5.0 (Windows NT 6.2; WOW64; rv:33.0) Gecko/20100101 Firefox/33.0"
0:0:0:0:0:0:0:1 - - [11/Dec/2014:08:11:40 +0530] "GET /admin/carbon/admin/images/favicon.ico HTTP/1.1" 200 9889 "-" "Mozilla/5.0 (Windows NT 6.2; WOW64; rv:33.0) Gecko/20100101 Firefox/33.0"
0:0:0:0:0:0:0:1 - - [11/Dec/2014:08:11:40 +0530] "GET /admin/carbon/admin/images/help.gif HTTP/1.1" 200 411 "https://localhost:9443/admin/carbon/admin/css/global.css" "Mozilla/5.0 (Windows NT 6.2; WOW64; rv:33.0) Gecko/20100101 Firefox/33.0"
0:0:0:0:0:0:0:1 - - [11/Dec/2014:08:11:40 +0530] "GET /admin/carbon/styles/images/logo.png HTTP/1.1" 200 4331 "https://localhost:9443/admin/carbon/styles/css/main.css" "Mozilla/5.0 (Windows NT 6.2; WOW64; rv:33.0) Gecko/20100101 Firefox/33.0"
0:0:0:0:0:0:0:1 - - [11/Dec/2014:08:11:48 +0530] "GET /admin HTTP/1.1" 302 - "-" "Mozilla/5.0 (Windows NT 6.2; WOW64; rv:33.0) Gecko/20100101 Firefox/33.0"
0:0:0:0:0:0:0:1 - - [11/Dec/2014:08:11:48 +0530] "GET /admin/carbon HTTP/1.1" 302 - "-" "Mozilla/5.0 (Windows NT 6.2; WOW64; rv:33.0) Gecko/20100101 Firefox/33.0"
0:0:0:0:0:0:0:1 - - [11/Dec/2014:08:11:48 +0530] "GET /admin/carbon/admin/index.jsp HTTP/1.1" 302 - "-" "Mozilla/5.0 (Windows NT 6.2; WOW64; rv:33.0) Gecko/20100101 Firefox/33.0"
0:0:0:0:0:0:0:1 - - [11/Dec/2014:08:11:48 +0530] "GET /admin/carbon/admin/login.jsp HTTP/1.1" 200 3383 "-" "Mozilla/5.0 (Windows NT 6.2; WOW64; rv:33.0) Gecko/20100101 Firefox/33.0"
127.0.0.1 - - [11/Dec/2014:08:11:56 +0530] "POST /admin/services/LoggedUserInfoAdmin HTTP/1.1" 200 584 "-" "Axis2"
0:0:0:0:0:0:0:1 - - [11/Dec/2014:08:11:56 +0530] "POST /admin/carbon/admin/login_action.jsp HTTP/1.1" 302 - "https://localhost:9443/admin/carbon/admin/login.jsp" "Mozilla/5.0 (Windows NT 6.2; WOW64; rv:33.0) Gecko/20100101 Firefox/33.0"
0:0:0:0:0:0:0:1 - - [11/Dec/2014:08:11:57 +0530] "GET /admin/carbon/admin/index.jsp?loginStatus=true HTTP/1.1" 200 3235 "https://localhost:9443/admin/carbon/admin/login.jsp" "Mozilla/5.0 (Windows NT 6.2; WOW64; rv:33.0) Gecko/20100101 Firefox/33.0"
127.0.0.1 - - [11/Dec/2014:08:11:57 +0530] "POST /admin/services/RegistryAdminService HTTP/1.1" 200 321 "-" "Axis2"
0:0:0:0:0:0:0:1 - - [11/Dec/2014:08:11:57 +0530] "GET /admin/carbon/admin/jsp/registry_styles_ajaxprocessor.jsp HTTP/1.1" 200 118 "https://localhost:9443/admin/carbon/admin/index.jsp?loginStatus=true" "Mozilla/5.0 (Windows NT 6.2; WOW64; rv:33.0) Gecko/20100101 Firefox/33.0"
0:0:0:0:0:0:0:1 - - [11/Dec/2014:08:11:57 +0530] "GET /admin/carbon/admin/images/up-arrow.gif HTTP/1.1" 200 615 "https://localhost:9443/admin/carbon/admin/index.jsp?loginStatus=true" "Mozilla/5.0 (Windows NT 6.2; WOW64; rv:33.0) Gecko/20100101 Firefox/33.0"
0:0:0:0:0:0:0:1 - - [11/Dec/2014:08:11:57 +0530] "GET /admin/carbon/userstore/images/user-store.gif HTTP/1.1" 200 617 "https://localhost:9443/admin/carbon/admin/index.jsp?loginStatus=true" "Mozilla/5.0 (Windows NT 6.2; WOW64; rv:33.0) Gecko/20100101 Firefox/33.0"
0:0:0:0:0:0:0:1 - - [11/Dec/2014:08:11:57 +0530] "GET /admin/carbon/keystoremgt/images/keystore.gif HTTP/1.1" 200 604 "https://localhost:9443/admin/carbon/admin/index.jsp?loginStatus=true" "Mozilla/5.0 (Windows NT 6.2; WOW64; rv:33.0) Gecko/20100101 Firefox/33.0"
0:0:0:0:0:0:0:1 - - [11/Dec/2014:08:11:57 +0530] "GET /admin/carbon/roles-mgt/images/server-role.gif HTTP/1.1" 200 1073 "https://localhost:9443/admin/carbon/admin/index.jsp?loginStatus=true" "Mozilla/5.0 (Windows NT 6.2; WOW64; rv:33.0) Gecko/20100101 Firefox/33.0"
0:0:0:0:0:0:0:1 - - [11/Dec/2014:08:11:57 +0530] "GET /admin/carbon/feature-mgt/images/comp-manager.gif HTTP/1.1" 200 580 "https://localhost:9443/admin/carbon/admin/index.jsp?loginStatus=true" "Mozilla/5.0 (Windows NT 6.2; WOW64; rv:33.0) Gecko/20100101 Firefox/33.0"
0:0:0:0:0:0:0:1 - - [11/Dec/2014:08:11:57 +0530] "GET /admin/carbon/webapp-list/images/application.png HTTP/1.1" 200 691 "https://localhost:9443/admin/carbon/admin/index.jsp?loginStatus=true" "Mozilla/5.0 (Windows NT 6.2; WOW64; rv:33.0) Gecko/20100101 Firefox/33.0"
0:0:0:0:0:0:0:1 - - [11/Dec/2014:08:11:57 +0530] "GET /admin/carbon/webapp-list/images/list.gif HTTP/1.1" 200 216 "https://localhost:9443/admin/carbon/admin/index.jsp?loginStatus=true" "Mozilla/5.0 (Windows NT 6.2; WOW64; rv:33.0) Gecko/20100101 Firefox/33.0"
0:0:0:0:0:0:0:1 - - [11/Dec/2014:08:11:57 +0530] "GET /admin/carbon/jax-webapp-mgt/images/jax_type.gif HTTP/1.1" 200 622 "https://localhost:9443/admin/carbon/admin/index.jsp?loginStatus=true" "Mozilla/5.0 (Windows NT 6.2; WOW64; rv:33.0) Gecko/20100101 Firefox/33.0"
0:0:0:0:0:0:0:1 - - [11/Dec/2014:08:11:57 +0530] "GET /admin/carbon/jaggeryapp-mgt/images/webapps.gif HTTP/1.1" 200 809 "https://localhost:9443/admin/carbon/admin/index.jsp?loginStatus=true" "Mozilla/5.0 (Windows NT 6.2; WOW64; rv:33.0) Gecko/20100101 Firefox/33.0"
0:0:0:0:0:0:0:1 - - [11/Dec/2014:08:11:57 +0530] "GET /admin/carbon/webapp-list/images/add.gif HTTP/1.1" 200 407 "https://localhost:9443/admin/carbon/admin/index.jsp?loginStatus=true" "Mozilla/5.0 (Windows NT 6.2; WOW64; rv:33.0) Gecko/20100101 Firefox/33.0"
0:0:0:0:0:0:0:1 - - [11/Dec/2014:08:11:57 +0530] "GET /admin/carbon/sso-saml/images/sso.gif HTTP/1.1" 200 394 "https://localhost:9443/admin/carbon/admin/index.jsp?loginStatus=true" "Mozilla/5.0 (Windows NT 6.2; WOW64; rv:33.0) Gecko/20100101 Firefox/33.0"
0:0:0:0:0:0:0:1 - - [11/Dec/2014:08:11:57 +0530] "GET /admin/carbon/server-admin/images/restart.gif HTTP/1.1" 200 631 "https://localhost:9443/admin/carbon/admin/index.jsp?loginStatus=true" "Mozilla/5.0 (Windows NT 6.2; WOW64; rv:33.0) Gecko/20100101 Firefox/33.0"
0:0:0:0:0:0:0:1 - - [11/Dec/2014:08:11:57 +0530] "GET /admin/carbon/admin/images/leftRightSlider-dark.png HTTP/1.1" 200 1421 "https://localhost:9443/admin/carbon/admin/css/global.css" "Mozilla/5.0 (Windows NT 6.2; WOW64; rv:33.0) Gecko/20100101 Firefox/33.0"
0:0:0:0:0:0:0:1 - - [11/Dec/2014:08:11:57 +0530] "GET /admin/carbon/search/images/search-top.png HTTP/1.1" 200 785 "https://localhost:9443/admin/carbon/admin/index.jsp?loginStatus=true" "Mozilla/5.0 (Windows NT 6.2; WOW64; rv:33.0) Gecko/20100101 Firefox/33.0"
0:0:0:0:0:0:0:1 - - [11/Dec/2014:08:11:58 +0530] "GET /admin/carbon/resources/images/resources.gif HTTP/1.1" 200 1028 "https://localhost:9443/admin/carbon/admin/index.jsp?loginStatus=true" "Mozilla/5.0 (Windows NT 6.2; WOW64; rv:33.0) Gecko/20100101 Firefox/33.0"
0:0:0:0:0:0:0:1 - - [11/Dec/2014:08:11:58 +0530] "GET /admin/carbon/admin/jsp/session-validate.jsp HTTP/1.1" 200 2640 "https://localhost:9443/admin/carbon/admin/index.jsp?loginStatus=true" "Mozilla/5.0 (Windows NT 6.2; WOW64; rv:33.0) Gecko/20100101 Firefox/33.0"
127.0.0.1 - - [11/Dec/2014:08:11:58 +0530] "POST /admin/services/ServerAdmin HTTP/1.1" 200 2205 "-" "Axis2"
0:0:0:0:0:0:0:1 - - [11/Dec/2014:08:11:58 +0530] "GET /admin/carbon/server-admin/system_status_ajaxprocessor.jsp HTTP/1.1" 200 1273 "https://localhost:9443/admin/carbon/admin/index.jsp?loginStatus=true" "Mozilla/5.0 (Windows NT 6.2; WOW64; rv:33.0) Gecko/20100101 Firefox/33.0"
127.0.0.1 - - [11/Dec/2014:08:12:02 +0530] "POST /admin/services/UserAdmin HTTP/1.1" 200 2734 "-" "Axis2"
0:0:0:0:0:0:0:1 - - [11/Dec/2014:08:12:02 +0530] "GET /admin/carbon/userstore/index.jsp?region=region1&item=userstores_menu HTTP/1.1" 200 3721 "https://localhost:9443/admin/carbon/admin/index.jsp?loginStatus=true" "Mozilla/5.0 (Windows NT 6.2; WOW64; rv:33.0) Gecko/20100101 Firefox/33.0"
127.0.0.1 - - [11/Dec/2014:08:12:02 +0530] "POST /admin/services/RegistryAdminService HTTP/1.1" 200 321 "-" "Axis2"
0:0:0:0:0:0:0:1 - - [11/Dec/2014:08:12:02 +0530] "GET /admin/carbon/admin/jsp/registry_styles_ajaxprocessor.jsp HTTP/1.1" 200 118 "https://localhost:9443/admin/carbon/userstore/index.jsp?region=region1&item=userstores_menu" "Mozilla/5.0 (Windows NT 6.2; WOW64; rv:33.0) Gecko/20100101 Firefox/33.0"
0:0:0:0:0:0:0:1 - - [11/Dec/2014:08:12:02 +0530] "GET /admin/carbon/userstore/extensions/core/js/vui.js HTTP/1.1" 404 1075 "https://localhost:9443/admin/carbon/userstore/index.jsp?region=region1&item=userstores_menu" "Mozilla/5.0 (Windows NT 6.2; WOW64; rv:33.0) Gecko/20100101 Firefox/33.0"
0:0:0:0:0:0:0:1 - - [11/Dec/2014:08:12:02 +0530] "GET /admin/carbon/userstore/extensions/core/js/vui.js HTTP/1.1" 404 1075 "https://localhost:9443/admin/carbon/userstore/index.jsp?region=region1&item=userstores_menu" "Mozilla/5.0 (Windows NT 6.2; WOW64; rv:33.0) Gecko/20100101 Firefox/33.0"
0:0:0:0:0:0:0:1 - - [11/Dec/2014:08:12:02 +0530] "GET /admin/carbon/userstore/images/users.gif HTTP/1.1" 200 1027 "https://localhost:9443/admin/carbon/userstore/index.jsp?region=region1&item=userstores_menu" "Mozilla/5.0 (Windows NT 6.2; WOW64; rv:33.0) Gecko/20100101 Firefox/33.0"
0:0:0:0:0:0:0:1 - - [11/Dec/2014:08:12:02 +0530] "GET /admin/carbon/userstore/images/user-roles.gif HTTP/1.1" 200 1048 "https://localhost:9443/admin/carbon/userstore/index.jsp?region=region1&item=userstores_menu" "Mozilla/5.0 (Windows NT 6.2; WOW64; rv:33.0) Gecko/20100101 Firefox/33.0"
0:0:0:0:0:0:0:1 - - [11/Dec/2014:08:12:02 +0530] "GET /admin/carbon/admin/images/table-header.gif HTTP/1.1" 200 873 "https://localhost:9443/admin/carbon/admin/css/global.css" "Mozilla/5.0 (Windows NT 6.2; WOW64; rv:33.0) Gecko/20100101 Firefox/33.0"
0:0:0:0:0:0:0:1 - - [11/Dec/2014:08:12:02 +0530] "GET /admin/carbon/userstore/images/keys.gif HTTP/1.1" 200 969 "https://localhost:9443/admin/carbon/userstore/index.jsp?region=region1&item=userstores_menu" "Mozilla/5.0 (Windows NT 6.2; WOW64; rv:33.0) Gecko/20100101 Firefox/33.0"
127.0.0.1 - - [11/Dec/2014:08:12:04 +0530] "POST /admin/services/UserAdmin HTTP/1.1" 200 434 "-" "Axis2"
0:0:0:0:0:0:0:1 - - [11/Dec/2014:08:12:04 +0530] "GET /admin/carbon/user/user-mgt.jsp HTTP/1.1" 200 4168 "https://localhost:9443/admin/carbon/userstore/index.jsp?region=region1&item=userstores_menu" "Mozilla/5.0 (Windows NT 6.2; WOW64; rv:33.0) Gecko/20100101 Firefox/33.0"
127.0.0.1 - - [11/Dec/2014:08:12:04 +0530] "POST /admin/services/RegistryAdminService HTTP/1.1" 200 321 "-" "Axis2"
0:0:0:0:0:0:0:1 - - [11/Dec/2014:08:12:04 +0530] "GET /admin/carbon/admin/jsp/registry_styles_ajaxprocessor.jsp HTTP/1.1" 200 118 "https://localhost:9443/admin/carbon/user/user-mgt.jsp" "Mozilla/5.0 (Windows NT 6.2; WOW64; rv:33.0) Gecko/20100101 Firefox/33.0"
0:0:0:0:0:0:0:1 - - [11/Dec/2014:08:12:04 +0530] "GET /admin/carbon/userstore/extensions/js/vui.js HTTP/1.1" 200 678 "https://localhost:9443/admin/carbon/user/user-mgt.jsp" "Mozilla/5.0 (Windows NT 6.2; WOW64; rv:33.0) Gecko/20100101 Firefox/33.0"
0:0:0:0:0:0:0:1 - - [11/Dec/2014:08:12:05 +0530] "GET /admin/carbon/admin/images/edit.gif HTTP/1.1" 200 1041 "https://localhost:9443/admin/carbon/user/user-mgt.jsp" "Mozilla/5.0 (Windows NT 6.2; WOW64; rv:33.0) Gecko/20100101 Firefox/33.0"
0:0:0:0:0:0:0:1 - - [11/Dec/2014:08:12:05 +0530] "GET /admin/carbon/user/images/delete.gif HTTP/1.1" 200 555 "https://localhost:9443/admin/carbon/user/user-mgt.jsp" "Mozilla/5.0 (Windows NT 6.2; WOW64; rv:33.0) Gecko/20100101 Firefox/33.0"
0:0:0:0:0:0:0:1 - - [11/Dec/2014:08:12:05 +0530] "GET /admin/carbon/user/images/bulk-import.gif HTTP/1.1" 200 1016 "https://localhost:9443/admin/carbon/user/user-mgt.jsp" "Mozilla/5.0 (Windows NT 6.2; WOW64; rv:33.0) Gecko/20100101 Firefox/33.0"
0:0:0:0:0:0:0:1 - - [11/Dec/2014:08:12:05 +0530] "GET /admin/carbon/user/images/add.gif HTTP/1.1" 200 407 "https://localhost:9443/admin/carbon/user/user-mgt.jsp" "Mozilla/5.0 (Windows NT 6.2; WOW64; rv:33.0) Gecko/20100101 Firefox/33.0"
0:0:0:0:0:0:0:1 - - [11/Dec/2014:08:12:08 +0530] "GET /admin/carbon/dialog/css/jqueryui/images/e6e6e6_40x100_textures_02_glass_75.png HTTP/1.1" 200 211 "https://localhost:9443/admin/carbon/dialog/css/jqueryui/jqueryui-themeroller.css" "Mozilla/5.0 (Windows NT 6.2; WOW64; rv:33.0) Gecko/20100101 Firefox/33.0"
0:0:0:0:0:0:0:1 - - [11/Dec/2014:08:12:08 +0530] "GET /admin/carbon/dialog/css/jqueryui/images/888888_11x11_icon_close.gif HTTP/1.1" 200 62 "https://localhost:9443/admin/carbon/dialog/css/jqueryui/jqueryui-themeroller.css" "Mozilla/5.0 (Windows NT 6.2; WOW64; rv:33.0) Gecko/20100101 Firefox/33.0"
0:0:0:0:0:0:0:1 - - [11/Dec/2014:08:12:08 +0530] "GET /admin/carbon/dialog/css/jqueryui/images/222222_11x11_icon_resize_se.gif HTTP/1.1" 200 61 "https://localhost:9443/admin/carbon/dialog/css/jqueryui/jqueryui-themeroller.css" "Mozilla/5.0 (Windows NT 6.2; WOW64; rv:33.0) Gecko/20100101 Firefox/33.0"
0:0:0:0:0:0:0:1 - - [11/Dec/2014:08:12:08 +0530] "GET /admin/carbon/dialog/img/confirm.gif HTTP/1.1" 200 2334 "https://localhost:9443/admin/carbon/dialog/css/dialog.css" "Mozilla/5.0 (Windows NT 6.2; WOW64; rv:33.0) Gecko/20100101 Firefox/33.0"
0:0:0:0:0:0:0:1 - - [11/Dec/2014:08:12:08 +0530] "GET /admin/carbon/dialog/css/jqueryui/images/ffffff_40x100_textures_01_flat_0.png HTTP/1.1" 200 178 "https://localhost:9443/admin/carbon/dialog/css/jqueryui/jqueryui-themeroller.css" "Mozilla/5.0 (Windows NT 6.2; WOW64; rv:33.0) Gecko/20100101 Firefox/33.0"
0:0:0:0:0:0:0:1 - - [11/Dec/2014:08:12:08 +0530] "GET /admin/carbon/dialog/img/overlay.png HTTP/1.1" 200 144 "https://localhost:9443/admin/carbon/dialog/css/dialog.css" "Mozilla/5.0 (Windows NT 6.2; WOW64; rv:33.0) Gecko/20100101 Firefox/33.0"
0:0:0:0:0:0:0:1 - - [11/Dec/2014:08:12:08 +0530] "GET /admin/carbon/dialog/css/jqueryui/images/dadada_40x100_textures_02_glass_75.png HTTP/1.1" 200 214 "https://localhost:9443/admin/carbon/dialog/css/jqueryui/jqueryui-themeroller.css" "Mozilla/5.0 (Windows NT 6.2; WOW64; rv:33.0) Gecko/20100101 Firefox/33.0"
0:0:0:0:0:0:0:1 - - [11/Dec/2014:08:12:08 +0530] "GET /admin/carbon/dialog/css/jqueryui/images/ffffff_40x100_textures_02_glass_65.png HTTP/1.1" 200 207 "https://localhost:9443/admin/carbon/dialog/css/jqueryui/jqueryui-themeroller.css" "Mozilla/5.0 (Windows NT 6.2; WOW64; rv:33.0) Gecko/20100101 Firefox/33.0"
127.0.0.1 - - [11/Dec/2014:08:12:09 +0530] "POST /admin/services/UserAdmin HTTP/1.1" 200 343 "-" "Axis2"
0:0:0:0:0:0:0:1 - - [11/Dec/2014:08:12:09 +0530] "GET /admin/carbon/user/delete-finish.jsp?username=writetoamila_gmail.com HTTP/1.1" 200 3063 "https://localhost:9443/admin/carbon/user/user-mgt.jsp" "Mozilla/5.0 (Windows NT 6.2; WOW64; rv:33.0) Gecko/20100101 Firefox/33.0"
127.0.0.1 - - [11/Dec/2014:08:12:09 +0530] "POST /admin/services/RegistryAdminService HTTP/1.1" 200 321 "-" "Axis2"
0:0:0:0:0:0:0:1 - - [11/Dec/2014:08:12:09 +0530] "GET /admin/carbon/admin/jsp/registry_styles_ajaxprocessor.jsp HTTP/1.1" 200 118 "https://localhost:9443/admin/carbon/user/delete-finish.jsp?username=writetoamila_gmail.com" "Mozilla/5.0 (Windows NT 6.2; WOW64; rv:33.0) Gecko/20100101 Firefox/33.0"
127.0.0.1 - - [11/Dec/2014:08:12:10 +0530] "POST /admin/services/UserAdmin HTTP/1.1" 200 389 "-" "Axis2"
0:0:0:0:0:0:0:1 - - [11/Dec/2014:08:12:10 +0530] "GET /admin/carbon/user/user-mgt.jsp?ordinal=1 HTTP/1.1" 200 4130 "https://localhost:9443/admin/carbon/user/delete-finish.jsp?username=writetoamila_gmail.com" "Mozilla/5.0 (Windows NT 6.2; WOW64; rv:33.0) Gecko/20100101 Firefox/33.0"
127.0.0.1 - - [11/Dec/2014:08:12:10 +0530] "POST /admin/services/RegistryAdminService HTTP/1.1" 200 321 "-" "Axis2"
0:0:0:0:0:0:0:1 - - [11/Dec/2014:08:12:10 +0530] "GET /admin/carbon/admin/jsp/registry_styles_ajaxprocessor.jsp HTTP/1.1" 200 118 "https://localhost:9443/admin/carbon/user/user-mgt.jsp?ordinal=1" "Mozilla/5.0 (Windows NT 6.2; WOW64; rv:33.0) Gecko/20100101 Firefox/33.0"
127.0.0.1 - - [11/Dec/2014:08:12:12 +0530] "POST /admin/services/UserAdmin HTTP/1.1" 200 343 "-" "Axis2"
0:0:0:0:0:0:0:1 - - [11/Dec/2014:08:12:12 +0530] "GET /admin/carbon/user/delete-finish.jsp?username=amilad_opensource.lk HTTP/1.1" 200 3063 "https://localhost:9443/admin/carbon/user/user-mgt.jsp?ordinal=1" "Mozilla/5.0 (Windows NT 6.2; WOW64; rv:33.0) Gecko/20100101 Firefox/33.0"
127.0.0.1 - - [11/Dec/2014:08:12:12 +0530] "POST /admin/services/RegistryAdminService HTTP/1.1" 200 321 "-" "Axis2"
0:0:0:0:0:0:0:1 - - [11/Dec/2014:08:12:12 +0530] "GET /admin/carbon/admin/jsp/registry_styles_ajaxprocessor.jsp HTTP/1.1" 200 118 "https://localhost:9443/admin/carbon/user/delete-finish.jsp?username=amilad_opensource.lk" "Mozilla/5.0 (Windows NT 6.2; WOW64; rv:33.0) Gecko/20100101 Firefox/33.0"
127.0.0.1 - - [11/Dec/2014:08:12:13 +0530] "POST /admin/services/UserAdmin HTTP/1.1" 200 346 "-" "Axis2"
0:0:0:0:0:0:0:1 - - [11/Dec/2014:08:12:13 +0530] "GET /admin/carbon/user/user-mgt.jsp?ordinal=1 HTTP/1.1" 200 4066 "https://localhost:9443/admin/carbon/user/delete-finish.jsp?username=amilad_opensource.lk" "Mozilla/5.0 (Windows NT 6.2; WOW64; rv:33.0) Gecko/20100101 Firefox/33.0"
127.0.0.1 - - [11/Dec/2014:08:12:13 +0530] "POST /admin/services/RegistryAdminService HTTP/1.1" 200 321 "-" "Axis2"
0:0:0:0:0:0:0:1 - - [11/Dec/2014:08:12:13 +0530] "GET /admin/carbon/admin/jsp/registry_styles_ajaxprocessor.jsp HTTP/1.1" 200 118 "https://localhost:9443/admin/carbon/user/user-mgt.jsp?ordinal=1" "Mozilla/5.0 (Windows NT 6.2; WOW64; rv:33.0) Gecko/20100101 Firefox/33.0"
0:0:0:0:0:0:0:1 - - [11/Dec/2014:08:12:38 +0530] "POST /sso/samlsso.jag HTTP/1.1" 302 - "https://localhost:9443/sso/login.jag" "Mozilla/5.0 (Windows NT 6.2; WOW64; rv:33.0) Gecko/20100101 Firefox/33.0"
0:0:0:0:0:0:0:1 - - [11/Dec/2014:08:12:39 +0530] "GET /sso/login.jag HTTP/1.1" 200 6732 "https://localhost:9443/sso/login.jag" "Mozilla/5.0 (Windows NT 6.2; WOW64; rv:33.0) Gecko/20100101 Firefox/33.0"
0:0:0:0:0:0:0:1 - - [11/Dec/2014:08:12:39 +0530] "POST /sso/researchareas.jag HTTP/1.1" 200 373 "https://localhost:9443/sso/login.jag" "Mozilla/5.0 (Windows NT 6.2; WOW64; rv:33.0) Gecko/20100101 Firefox/33.0"
0:0:0:0:0:0:0:1 - - [11/Dec/2014:08:12:39 +0530] "POST /sso/researchareas.jag HTTP/1.1" 200 261 "https://localhost:9443/sso/login.jag" "Mozilla/5.0 (Windows NT 6.2; WOW64; rv:33.0) Gecko/20100101 Firefox/33.0"
127.0.0.1 - - [11/Dec/2014:08:13:28 +0530] "POST /admin/services/UserAdmin HTTP/1.1" 200 346 "-" "Axis2"
0:0:0:0:0:0:0:1 - - [11/Dec/2014:08:13:28 +0530] "GET /admin/carbon/user/user-mgt.jsp?ordinal=1 HTTP/1.1" 200 4066 "-" "Mozilla/5.0 (Windows NT 6.2; WOW64; rv:33.0) Gecko/20100101 Firefox/33.0"
127.0.0.1 - - [11/Dec/2014:08:13:29 +0530] "POST /admin/services/RegistryAdminService HTTP/1.1" 200 321 "-" "Axis2"
0:0:0:0:0:0:0:1 - - [11/Dec/2014:08:13:29 +0530] "GET /admin/carbon/admin/jsp/registry_styles_ajaxprocessor.jsp HTTP/1.1" 200 118 "https://localhost:9443/admin/carbon/user/user-mgt.jsp?ordinal=1" "Mozilla/5.0 (Windows NT 6.2; WOW64; rv:33.0) Gecko/20100101 Firefox/33.0"
0:0:0:0:0:0:0:1 - - [11/Dec/2014:08:13:32 +0530] "GET /admin/carbon/userstore/index.jsp?region=region1&item=userstores_menu HTTP/1.1" 200 3720 "https://localhost:9443/admin/carbon/user/user-mgt.jsp?ordinal=1" "Mozilla/5.0 (Windows NT 6.2; WOW64; rv:33.0) Gecko/20100101 Firefox/33.0"
127.0.0.1 - - [11/Dec/2014:08:13:32 +0530] "POST /admin/services/RegistryAdminService HTTP/1.1" 200 321 "-" "Axis2"
0:0:0:0:0:0:0:1 - - [11/Dec/2014:08:13:32 +0530] "GET /admin/carbon/admin/jsp/registry_styles_ajaxprocessor.jsp HTTP/1.1" 200 118 "https://localhost:9443/admin/carbon/userstore/index.jsp?region=region1&item=userstores_menu" "Mozilla/5.0 (Windows NT 6.2; WOW64; rv:33.0) Gecko/20100101 Firefox/33.0"
0:0:0:0:0:0:0:1 - - [11/Dec/2014:08:13:32 +0530] "GET /admin/carbon/userstore/extensions/core/js/vui.js HTTP/1.1" 404 1075 "https://localhost:9443/admin/carbon/userstore/index.jsp?region=region1&item=userstores_menu" "Mozilla/5.0 (Windows NT 6.2; WOW64; rv:33.0) Gecko/20100101 Firefox/33.0"
0:0:0:0:0:0:0:1 - - [11/Dec/2014:08:13:32 +0530] "GET /admin/carbon/userstore/extensions/core/js/vui.js HTTP/1.1" 404 1075 "https://localhost:9443/admin/carbon/userstore/index.jsp?region=region1&item=userstores_menu" "Mozilla/5.0 (Windows NT 6.2; WOW64; rv:33.0) Gecko/20100101 Firefox/33.0"
127.0.0.1 - - [11/Dec/2014:08:13:33 +0530] "POST /admin/services/UserAdmin HTTP/1.1" 200 346 "-" "Axis2"
0:0:0:0:0:0:0:1 - - [11/Dec/2014:08:13:33 +0530] "GET /admin/carbon/user/user-mgt.jsp HTTP/1.1" 200 4065 "https://localhost:9443/admin/carbon/userstore/index.jsp?region=region1&item=userstores_menu" "Mozilla/5.0 (Windows NT 6.2; WOW64; rv:33.0) Gecko/20100101 Firefox/33.0"
127.0.0.1 - - [11/Dec/2014:08:13:34 +0530] "POST /admin/services/RegistryAdminService HTTP/1.1" 200 321 "-" "Axis2"
0:0:0:0:0:0:0:1 - - [11/Dec/2014:08:13:34 +0530] "GET /admin/carbon/admin/jsp/registry_styles_ajaxprocessor.jsp HTTP/1.1" 200 118 "https://localhost:9443/admin/carbon/user/user-mgt.jsp" "Mozilla/5.0 (Windows NT 6.2; WOW64; rv:33.0) Gecko/20100101 Firefox/33.0"
0:0:0:0:0:0:0:1 - - [11/Dec/2014:08:13:40 +0530] "GET /admin/carbon/user/add-step1.jsp HTTP/1.1" 200 4819 "https://localhost:9443/admin/carbon/user/user-mgt.jsp" "Mozilla/5.0 (Windows NT 6.2; WOW64; rv:33.0) Gecko/20100101 Firefox/33.0"
127.0.0.1 - - [11/Dec/2014:08:13:40 +0530] "POST /admin/services/RegistryAdminService HTTP/1.1" 200 321 "-" "Axis2"
0:0:0:0:0:0:0:1 - - [11/Dec/2014:08:13:40 +0530] "GET /admin/carbon/admin/jsp/registry_styles_ajaxprocessor.jsp HTTP/1.1" 200 118 "https://localhost:9443/admin/carbon/user/add-step1.jsp" "Mozilla/5.0 (Windows NT 6.2; WOW64; rv:33.0) Gecko/20100101 Firefox/33.0"
0:0:0:0:0:0:0:1 - - [11/Dec/2014:08:13:41 +0530] "GET /admin/carbon/admin/images/buttonRow-bg.gif HTTP/1.1" 200 130 "https://localhost:9443/admin/carbon/admin/css/global.css" "Mozilla/5.0 (Windows NT 6.2; WOW64; rv:33.0) Gecko/20100101 Firefox/33.0"
0:0:0:0:0:0:0:1 - - [11/Dec/2014:08:13:45 +0530] "POST /sso/samlsso.jag HTTP/1.1" 302 - "https://localhost:9443/sso/login.jag" "Mozilla/5.0 (Windows NT 6.2; WOW64; rv:33.0) Gecko/20100101 Firefox/33.0"
0:0:0:0:0:0:0:1 - - [11/Dec/2014:08:13:45 +0530] "GET /sso/login.jag HTTP/1.1" 200 6709 "https://localhost:9443/sso/login.jag" "Mozilla/5.0 (Windows NT 6.2; WOW64; rv:33.0) Gecko/20100101 Firefox/33.0"
0:0:0:0:0:0:0:1 - - [11/Dec/2014:08:13:45 +0530] "POST /sso/researchareas.jag HTTP/1.1" 200 373 "https://localhost:9443/sso/login.jag" "Mozilla/5.0 (Windows NT 6.2; WOW64; rv:33.0) Gecko/20100101 Firefox/33.0"
0:0:0:0:0:0:0:1 - - [11/Dec/2014:08:13:45 +0530] "POST /sso/researchareas.jag HTTP/1.1" 200 261 "https://localhost:9443/sso/login.jag" "Mozilla/5.0 (Windows NT 6.2; WOW64; rv:33.0) Gecko/20100101 Firefox/33.0"
127.0.0.1 - - [11/Dec/2014:08:13:59 +0530] "POST /admin/services/UserAdmin HTTP/1.1" 200 2838 "-" "Axis2"
127.0.0.1 - - [11/Dec/2014:08:13:59 +0530] "POST /admin/services/UserAdmin HTTP/1.1" 200 2734 "-" "Axis2"
127.0.0.1 - - [11/Dec/2014:08:13:59 +0530] "POST /admin/services/UserAdmin HTTP/1.1" 200 312 "-" "Axis2"
0:0:0:0:0:0:0:1 - - [11/Dec/2014:08:13:59 +0530] "POST /admin/carbon/user/add-step2.jsp HTTP/1.1" 200 4014 "https://localhost:9443/admin/carbon/user/add-step1.jsp" "Mozilla/5.0 (Windows NT 6.2; WOW64; rv:33.0) Gecko/20100101 Firefox/33.0"
127.0.0.1 - - [11/Dec/2014:08:13:59 +0530] "POST /admin/services/RegistryAdminService HTTP/1.1" 200 321 "-" "Axis2"
0:0:0:0:0:0:0:1 - - [11/Dec/2014:08:13:59 +0530] "GET /admin/carbon/admin/jsp/registry_styles_ajaxprocessor.jsp HTTP/1.1" 200 118 "https://localhost:9443/admin/carbon/user/add-step2.jsp" "Mozilla/5.0 (Windows NT 6.2; WOW64; rv:33.0) Gecko/20100101 Firefox/33.0"
127.0.0.1 - - [11/Dec/2014:08:14:12 +0530] "POST /admin/services/UserAdmin HTTP/1.1" 200 337 "-" "Axis2"
0:0:0:0:0:0:0:1 - - [11/Dec/2014:08:14:12 +0530] "GET /admin/carbon/user/add-finish.jsp?userRoles=portal&userRoles=private_writetoamila_gmail.com&userRoles=store HTTP/1.1" 200 3059 "https://localhost:9443/admin/carbon/user/add-step2.jsp" "Mozilla/5.0 (Windows NT 6.2; WOW64; rv:33.0) Gecko/20100101 Firefox/33.0"
