0:0:0:0:0:0:0:1 - - [11/Dec/2014:08:17:40 +0530] "GET /userdashboard/login HTTP/1.1" 200 1376 "https://localhost:9443/sso/samlsso.jag" "Mozilla/5.0 (Windows NT 6.2; WOW64; rv:33.0) Gecko/20100101 Firefox/33.0"
0:0:0:0:0:0:0:1 - - [11/Dec/2014:08:17:40 +0530] "POST /sso/samlsso.jag HTTP/1.1" 302 - "https://localhost:9443/userdashboard/login" "Mozilla/5.0 (Windows NT 6.2; WOW64; rv:33.0) Gecko/20100101 Firefox/33.0"
0:0:0:0:0:0:0:1 - - [11/Dec/2014:08:17:41 +0530] "GET /sso/login.jag HTTP/1.1" 200 6668 "https://localhost:9443/userdashboard/login" "Mozilla/5.0 (Windows NT 6.2; WOW64; rv:33.0) Gecko/20100101 Firefox/33.0"
0:0:0:0:0:0:0:1 - - [11/Dec/2014:08:17:41 +0530] "POST /sso/researchareas.jag HTTP/1.1" 200 373 "https://localhost:9443/sso/login.jag" "Mozilla/5.0 (Windows NT 6.2; WOW64; rv:33.0) Gecko/20100101 Firefox/33.0"
0:0:0:0:0:0:0:1 - - [11/Dec/2014:08:17:41 +0530] "GET /sso/font/fontawesome-webfont.woff?v=3.2.1 HTTP/1.1" 304 - "https://localhost:9443/sso/css/font-awesome.min.css" "Mozilla/5.0 (Windows NT 6.2; WOW64; rv:33.0) Gecko/20100101 Firefox/33.0"
0:0:0:0:0:0:0:1 - - [11/Dec/2014:08:17:41 +0530] "POST /sso/researchareas.jag HTTP/1.1" 200 261 "https://localhost:9443/sso/login.jag" "Mozilla/5.0 (Windows NT 6.2; WOW64; rv:33.0) Gecko/20100101 Firefox/33.0"
0:0:0:0:0:0:0:1 - - [11/Dec/2014:08:17:48 +0530] "POST /sso/samlsso.jag HTTP/1.1" 200 2038 "https://localhost:9443/sso/login.jag" "Mozilla/5.0 (Windows NT 6.2; WOW64; rv:33.0) Gecko/20100101 Firefox/33.0"
0:0:0:0:0:0:0:1 - - [11/Dec/2014:08:17:48 +0530] "POST /userdashboard/sso HTTP/1.1" 302 - "https://localhost:9443/sso/samlsso.jag" "Mozilla/5.0 (Windows NT 6.2; WOW64; rv:33.0) Gecko/20100101 Firefox/33.0"
0:0:0:0:0:0:0:1 - - [11/Dec/2014:08:17:48 +0530] "GET /userdashboard HTTP/1.1" 302 - "https://localhost:9443/sso/samlsso.jag" "Mozilla/5.0 (Windows NT 6.2; WOW64; rv:33.0) Gecko/20100101 Firefox/33.0"
0:0:0:0:0:0:0:1 - - [11/Dec/2014:08:17:48 +0530] "GET /userdashboard/ HTTP/1.1" 200 2537 "https://localhost:9443/sso/samlsso.jag" "Mozilla/5.0 (Windows NT 6.2; WOW64; rv:33.0) Gecko/20100101 Firefox/33.0"
0:0:0:0:0:0:0:1 - - [11/Dec/2014:08:17:49 +0530] "POST //rpc?st=-1%3A-1%3A*%3A*%3A*%3A0%3Adefault HTTP/1.1" 200 1473 "https://localhost:9443/userdashboard/" "Mozilla/5.0 (Windows NT 6.2; WOW64; rv:33.0) Gecko/20100101 Firefox/33.0"
0:0:0:0:0:0:0:1 - - [11/Dec/2014:08:17:49 +0530] "GET /userdashboard/apis/ues/layout/ HTTP/1.1" 200 267 "https://localhost:9443/userdashboard/" "Mozilla/5.0 (Windows NT 6.2; WOW64; rv:33.0) Gecko/20100101 Firefox/33.0"
127.0.0.1 - - [11/Dec/2014:08:17:49 +0530] "GET /portal/gadgets/show-assets/show-assets.xml HTTP/1.1" 200 1781 "-" "Apache Shindig"
0:0:0:0:0:0:0:1 - - [11/Dec/2014:08:17:49 +0530] "GET //gadgets/ifr?url=http%3A%2F%2Flocalhost%3A9763%2Fportal%2Fgadgets%2Fshow-assets%2Fshow-assets.xml&container=default&view=default&lang=en&country=US&debug=1&nocache=1&sanitize=0&v=214468d299c47d27c0bb4826b63b9784&testmode=0&parent=https%3A%2F%2Flocalhost%3A9443&mid=0 HTTP/1.1" 304 - "https://localhost:9443/userdashboard/" "Mozilla/5.0 (Windows NT 6.2; WOW64; rv:33.0) Gecko/20100101 Firefox/33.0"
0:0:0:0:0:0:0:1 - - [11/Dec/2014:08:17:49 +0530] "POST //rpc?st=-1%3A-1%3A*%3A*%3A*%3A0%3Adefault HTTP/1.1" 200 1433 "https://localhost:9443/userdashboard/" "Mozilla/5.0 (Windows NT 6.2; WOW64; rv:33.0) Gecko/20100101 Firefox/33.0"
127.0.0.1 - - [11/Dec/2014:08:17:49 +0530] "GET /portal/gadgets/gii-2013-business-sophistication/gii-2013-business-sophistication.xml HTTP/1.1" 200 914 "-" "Apache Shindig"
127.0.0.1 - - [11/Dec/2014:08:17:49 +0530] "GET /portal/gadgets/show-assets/css/styles.css HTTP/1.1" 200 2083 "-" "Apache Shindig"
0:0:0:0:0:0:0:1 - - [11/Dec/2014:08:17:49 +0530] "GET //gadgets/ifr?url=http%3A%2F%2Flocalhost%3A9763%2Fportal%2Fgadgets%2Fgii-2013-business-sophistication%2Fgii-2013-business-sophistication.xml&container=default&view=default&lang=en&country=US&debug=1&nocache=1&sanitize=0&v=214468d299c47d27c0bb4826b63b9784&testmode=0&parent=https%3A%2F%2Flocalhost%3A9443&mid=0 HTTP/1.1" 304 - "https://localhost:9443/userdashboard/" "Mozilla/5.0 (Windows NT 6.2; WOW64; rv:33.0) Gecko/20100101 Firefox/33.0"
127.0.0.1 - - [11/Dec/2014:08:17:49 +0530] "GET /portal/gadgets/show-assets/css/bootstrap.min.css HTTP/1.1" 200 15992 "-" "Apache Shindig"
127.0.0.1 - - [11/Dec/2014:08:17:49 +0530] "GET /portal/gadgets/show-assets/show-assets.xml HTTP/1.1" 200 1781 "-" "Apache Shindig"
127.0.0.1 - - [11/Dec/2014:08:17:50 +0530] "GET /portal/gadgets/show-assets/show-assets.xml HTTP/1.1" 200 1781 "-" "Apache Shindig"
127.0.0.1 - - [11/Dec/2014:08:17:50 +0530] "GET /portal/themes/portal/css/flot-graph.css HTTP/1.1" 200 1294 "-" "Apache Shindig"
0:0:0:0:0:0:0:1 - - [11/Dec/2014:08:17:50 +0530] "GET //gadgets/concat?container=default&gadget=http%3A%2F%2Flocalhost%3A9763%2Fportal%2Fgadgets%2Fshow-assets%2Fshow-assets.xml&debug=1&nocache=1&type=css&1=http%3A%2F%2Flocalhost%3A9763%2Fportal%2Fgadgets%2Fshow-assets%2Fcss%2Fbootstrap.min.css&2=http%3A%2F%2Flocalhost%3A9763%2Fportal%2Fgadgets%2Fshow-assets%2Fcss%2Fstyles.css HTTP/1.1" 304 - "https://localhost:9443//gadgets/ifr?url=http%3A%2F%2Flocalhost%3A9763%2Fportal%2Fgadgets%2Fshow-assets%2Fshow-assets.xml&container=default&view=default&lang=en&country=US&debug=1&nocache=1&sanitize=0&v=214468d299c47d27c0bb4826b63b9784&testmode=0&parent=https%3A%2F%2Flocalhost%3A9443&mid=0" "Mozilla/5.0 (Windows NT 6.2; WOW64; rv:33.0) Gecko/20100101 Firefox/33.0"
127.0.0.1 - - [11/Dec/2014:08:17:50 +0530] "GET /portal/gadgets/gii-2013-business-sophistication/css/gii-2013-business-sophistication.css HTTP/1.1" 200 279 "-" "Apache Shindig"
127.0.0.1 - - [11/Dec/2014:08:17:50 +0530] "GET /portal/themes/portal/css/bootstrap.min.css HTTP/1.1" 200 18779 "-" "Apache Shindig"
127.0.0.1 - - [11/Dec/2014:08:17:50 +0530] "GET /portal/gadgets/show-assets/js/jquery.validate.js HTTP/1.1" 200 10083 "-" "Apache Shindig"
127.0.0.1 - - [11/Dec/2014:08:17:50 +0530] "GET /portal/gadgets/gii-2013-business-sophistication/gii-2013-business-sophistication.xml HTTP/1.1" 200 914 "-" "Apache Shindig"
127.0.0.1 - - [11/Dec/2014:08:17:50 +0530] "GET /portal/gadgets/show-assets/js/jquery-1.8.3.min.js HTTP/1.1" 200 33942 "-" "Apache Shindig"
127.0.0.1 - - [11/Dec/2014:08:17:50 +0530] "GET /portal/gadgets/show-assets/js/handlebars.js HTTP/1.1" 200 18415 "-" "Apache Shindig"
127.0.0.1 - - [11/Dec/2014:08:17:50 +0530] "GET /portal/gadgets/gii-2013-business-sophistication/gii-2013-business-sophistication.xml HTTP/1.1" 200 914 "-" "Apache Shindig"
127.0.0.1 - - [11/Dec/2014:08:17:50 +0530] "GET /portal/gadgets/show-assets/js/bootstrap.min.js HTTP/1.1" 200 4221 "-" "Apache Shindig"
127.0.0.1 - - [11/Dec/2014:08:17:50 +0530] "GET /portal/gadgets/show-assets/js/load-assets.js HTTP/1.1" 200 2917 "-" "Apache Shindig"
127.0.0.1 - - [11/Dec/2014:08:17:50 +0530] "GET /portal/gadgets/show-assets/js/jquery.nicescroll.min.js HTTP/1.1" 200 14096 "-" "Apache Shindig"
127.0.0.1 - - [11/Dec/2014:08:17:50 +0530] "GET /portal/gadgets/gii-2013-business-sophistication/gii-2013-business-sophistication.xml HTTP/1.1" 200 914 "-" "Apache Shindig"
127.0.0.1 - - [11/Dec/2014:08:17:50 +0530] "GET /portal/gadgets/show-assets/show-assets.xml HTTP/1.1" 200 1781 "-" "Apache Shindig"
127.0.0.1 - - [11/Dec/2014:08:17:50 +0530] "GET /portal/gadgets/show-assets/show-assets.xml HTTP/1.1" 200 1781 "-" "Apache Shindig"
0:0:0:0:0:0:0:1 - - [11/Dec/2014:08:17:50 +0530] "GET //gadgets/concat?container=default&gadget=http%3A%2F%2Flocalhost%3A9763%2Fportal%2Fgadgets%2Fgii-2013-business-sophistication%2Fgii-2013-business-sophistication.xml&debug=1&nocache=1&type=css&1=http%3A%2F%2Flocalhost%3A9763%2Fportal%2Fthemes%2Fportal%2Fcss%2Fflot-graph.css&2=http%3A%2F%2Flocalhost%3A9763%2Fportal%2Fthemes%2Fportal%2Fcss%2Fbootstrap.min.css&3=http%3A%2F%2Flocalhost%3A9763%2Fportal%2Fgadgets%2Fgii-2013-business-sophistication%2Fcss%2Fgii-2013-business-sophistication.css HTTP/1.1" 304 - "https://localhost:9443//gadgets/ifr?url=http%3A%2F%2Flocalhost%3A9763%2Fportal%2Fgadgets%2Fgii-2013-business-sophistication%2Fgii-2013-business-sophistication.xml&container=default&view=default&lang=en&country=US&debug=1&nocache=1&sanitize=0&v=214468d299c47d27c0bb4826b63b9784&testmode=0&parent=https%3A%2F%2Flocalhost%3A9443&mid=0" "Mozilla/5.0 (Windows NT 6.2; WOW64; rv:33.0) Gecko/20100101 Firefox/33.0"
127.0.0.1 - - [11/Dec/2014:08:17:50 +0530] "GET /portal/gadgets/gii-2013-business-sophistication/js/NormRadarChart.js HTTP/1.1" 200 3766 "-" "Apache Shindig"
127.0.0.1 - - [11/Dec/2014:08:17:50 +0530] "GET /portal/gadgets/gii-2013-business-sophistication/js/jquery-1.11.1.min.js HTTP/1.1" 200 33747 "-" "Apache Shindig"
127.0.0.1 - - [11/Dec/2014:08:17:50 +0530] "GET /portal/gadgets/gii-2013-business-sophistication/js/GroupedBarChart.js HTTP/1.1" 200 4084 "-" "Apache Shindig"
127.0.0.1 - - [11/Dec/2014:08:17:50 +0530] "GET /portal/gadgets/show-assets/show-assets.xml HTTP/1.1" 200 1781 "-" "Apache Shindig"
127.0.0.1 - - [11/Dec/2014:08:17:50 +0530] "GET /portal/gadgets/gii-2013-business-sophistication/js/d3-options-radar.js HTTP/1.1" 404 905 "-" "Apache Shindig"
127.0.0.1 - - [11/Dec/2014:08:17:50 +0530] "GET /portal/gadgets/gii-2013-business-sophistication/js/gii-2013-business-sophistication-core.js HTTP/1.1" 200 2133 "-" "Apache Shindig"
127.0.0.1 - - [11/Dec/2014:08:17:50 +0530] "GET /portal/gadgets/show-assets/show-assets.xml HTTP/1.1" 200 1781 "-" "Apache Shindig"
127.0.0.1 - - [11/Dec/2014:08:17:50 +0530] "GET /portal/gadgets/gii-2013-business-sophistication/js/d3.min.js HTTP/1.1" 200 52017 "-" "Apache Shindig"
127.0.0.1 - - [11/Dec/2014:08:17:50 +0530] "GET /portal/gadgets/show-assets/show-assets.xml HTTP/1.1" 200 1781 "-" "Apache Shindig"
127.0.0.1 - - [11/Dec/2014:08:17:50 +0530] "GET /portal/gadgets/show-assets/show-assets.xml HTTP/1.1" 200 1781 "-" "Apache Shindig"
127.0.0.1 - - [11/Dec/2014:08:17:50 +0530] "GET /portal/gadgets/gii-2013-business-sophistication/gii-2013-business-sophistication.xml HTTP/1.1" 200 914 "-" "Apache Shindig"
0:0:0:0:0:0:0:1 - - [11/Dec/2014:08:17:50 +0530] "GET //gadgets/concat?container=default&gadget=http%3A%2F%2Flocalhost%3A9763%2Fportal%2Fgadgets%2Fshow-assets%2Fshow-assets.xml&debug=1&nocache=1&type=js&1=http%3A%2F%2Flocalhost%3A9763%2Fportal%2Fgadgets%2Fshow-assets%2Fjs%2Fjquery-1.8.3.min.js&2=http%3A%2F%2Flocalhost%3A9763%2Fportal%2Fgadgets%2Fshow-assets%2Fjs%2Fjquery.validate.js&3=http%3A%2F%2Flocalhost%3A9763%2Fportal%2Fgadgets%2Fshow-assets%2Fjs%2Fhandlebars.js&4=http%3A%2F%2Flocalhost%3A9763%2Fportal%2Fgadgets%2Fshow-assets%2Fjs%2Fbootstrap.min.js&5=http%3A%2F%2Flocalhost%3A9763%2Fportal%2Fgadgets%2Fshow-assets%2Fjs%2Fload-assets.js&6=http%3A%2F%2Flocalhost%3A9763%2Fportal%2Fgadgets%2Fshow-assets%2Fjs%2Fjquery.nicescroll.min.js HTTP/1.1" 304 - "https://localhost:9443//gadgets/ifr?url=http%3A%2F%2Flocalhost%3A9763%2Fportal%2Fgadgets%2Fshow-assets%2Fshow-assets.xml&container=default&view=default&lang=en&country=US&debug=1&nocache=1&sanitize=0&v=214468d299c47d27c0bb4826b63b9784&testmode=0&parent=https%3A%2F%2Flocalhost%3A9443&mid=0" "Mozilla/5.0 (Windows NT 6.2; WOW64; rv:33.0) Gecko/20100101 Firefox/33.0"
127.0.0.1 - - [11/Dec/2014:08:17:50 +0530] "GET /portal/gadgets/gii-2013-business-sophistication/gii-2013-business-sophistication.xml HTTP/1.1" 200 914 "-" "Apache Shindig"
127.0.0.1 - - [11/Dec/2014:08:17:50 +0530] "GET /portal/gadgets/gii-2013-business-sophistication/gii-2013-business-sophistication.xml HTTP/1.1" 200 914 "-" "Apache Shindig"
127.0.0.1 - - [11/Dec/2014:08:17:50 +0530] "GET /portal/gadgets/gii-2013-business-sophistication/gii-2013-business-sophistication.xml HTTP/1.1" 200 914 "-" "Apache Shindig"
127.0.0.1 - - [11/Dec/2014:08:17:50 +0530] "GET /portal/gadgets/gii-2013-business-sophistication/gii-2013-business-sophistication.xml HTTP/1.1" 200 914 "-" "Apache Shindig"
127.0.0.1 - - [11/Dec/2014:08:17:51 +0530] "GET /portal/gadgets/gii-2013-business-sophistication/gii-2013-business-sophistication.xml HTTP/1.1" 200 914 "-" "Apache Shindig"
0:0:0:0:0:0:0:1 - - [11/Dec/2014:08:17:51 +0530] "GET //gadgets/concat?container=default&gadget=http%3A%2F%2Flocalhost%3A9763%2Fportal%2Fgadgets%2Fgii-2013-business-sophistication%2Fgii-2013-business-sophistication.xml&debug=1&nocache=1&type=js&1=http%3A%2F%2Flocalhost%3A9763%2Fportal%2Fgadgets%2Fgii-2013-business-sophistication%2Fjs%2Fjquery-1.11.1.min.js&2=http%3A%2F%2Flocalhost%3A9763%2Fportal%2Fgadgets%2Fgii-2013-business-sophistication%2Fjs%2Fd3.min.js&3=http%3A%2F%2Flocalhost%3A9763%2Fportal%2Fgadgets%2Fgii-2013-business-sophistication%2Fjs%2FNormRadarChart.js&4=http%3A%2F%2Flocalhost%3A9763%2Fportal%2Fgadgets%2Fgii-2013-business-sophistication%2Fjs%2FGroupedBarChart.js&5=http%3A%2F%2Flocalhost%3A9763%2Fportal%2Fgadgets%2Fgii-2013-business-sophistication%2Fjs%2Fd3-options-radar.js&6=http%3A%2F%2Flocalhost%3A9763%2Fportal%2Fgadgets%2Fgii-2013-business-sophistication%2Fjs%2Fgii-2013-business-sophistication-core.js HTTP/1.1" 304 - "https://localhost:9443//gadgets/ifr?url=http%3A%2F%2Flocalhost%3A9763%2Fportal%2Fgadgets%2Fgii-2013-business-sophistication%2Fgii-2013-business-sophistication.xml&container=default&view=default&lang=en&country=US&debug=1&nocache=1&sanitize=0&v=214468d299c47d27c0bb4826b63b9784&testmode=0&parent=https%3A%2F%2Flocalhost%3A9443&mid=0" "Mozilla/5.0 (Windows NT 6.2; WOW64; rv:33.0) Gecko/20100101 Firefox/33.0"
0:0:0:0:0:0:0:1 - - [11/Dec/2014:08:17:51 +0530] "GET /store/apis/myAsset/ HTTP/1.1" 401 975 "https://localhost:9443//gadgets/ifr?url=http%3A%2F%2Flocalhost%3A9763%2Fportal%2Fgadgets%2Fshow-assets%2Fshow-assets.xml&container=default&view=default&lang=en&country=US&debug=1&nocache=1&sanitize=0&v=214468d299c47d27c0bb4826b63b9784&testmode=0&parent=https%3A%2F%2Flocalhost%3A9443&mid=0" "Mozilla/5.0 (Windows NT 6.2; WOW64; rv:33.0) Gecko/20100101 Firefox/33.0"
0:0:0:0:0:0:0:1 - - [11/Dec/2014:08:17:51 +0530] "GET /store/apis/tag/gadget HTTP/1.1" 200 110 "https://localhost:9443//gadgets/ifr?url=http%3A%2F%2Flocalhost%3A9763%2Fportal%2Fgadgets%2Fshow-assets%2Fshow-assets.xml&container=default&view=default&lang=en&country=US&debug=1&nocache=1&sanitize=0&v=214468d299c47d27c0bb4826b63b9784&testmode=0&parent=https%3A%2F%2Flocalhost%3A9443&mid=0" "Mozilla/5.0 (Windows NT 6.2; WOW64; rv:33.0) Gecko/20100101 Firefox/33.0"
0:0:0:0:0:0:0:1 - - [11/Dec/2014:08:17:51 +0530] "GET /portal/gadgets/gii-2013-business-sophistication/data-files/gii-2013-business-sophistication-data.jag?pillarId=12 HTTP/1.1" 200 1525 "https://localhost:9443//gadgets/ifr?url=http%3A%2F%2Flocalhost%3A9763%2Fportal%2Fgadgets%2Fgii-2013-business-sophistication%2Fgii-2013-business-sophistication.xml&container=default&view=default&lang=en&country=US&debug=1&nocache=1&sanitize=0&v=214468d299c47d27c0bb4826b63b9784&testmode=0&parent=https%3A%2F%2Flocalhost%3A9443&mid=0" "Mozilla/5.0 (Windows NT 6.2; WOW64; rv:33.0) Gecko/20100101 Firefox/33.0"
127.0.0.1 - - [11/Dec/2014:08:18:08 +0530] "GET /portal/gadgets/gii-2013-business-sophistication/gii-2013-business-sophistication.xml HTTP/1.1" 200 914 "-" "Apache Shindig"
0:0:0:0:0:0:0:1 - - [11/Dec/2014:08:18:08 +0530] "GET //gadgets/ifr?url=http%3A%2F%2Flocalhost%3A9763%2Fportal%2Fgadgets%2Fgii-2013-business-sophistication%2Fgii-2013-business-sophistication.xml&container=default&view=default&lang=en&country=US&debug=1&nocache=1&sanitize=0&v=214468d299c47d27c0bb4826b63b9784&testmode=0&parent=https%3A%2F%2Flocalhost%3A9443&mid=0 HTTP/1.1" 304 - "https://localhost:9443/userdashboard/" "Mozilla/5.0 (Windows NT 6.2; WOW64; rv:33.0) Gecko/20100101 Firefox/33.0"
127.0.0.1 - - [11/Dec/2014:08:18:08 +0530] "GET /portal/gadgets/gii-2013-business-sophistication/css/gii-2013-business-sophistication.css HTTP/1.1" 200 279 "-" "Apache Shindig"
127.0.0.1 - - [11/Dec/2014:08:18:08 +0530] "GET /portal/themes/portal/css/flot-graph.css HTTP/1.1" 200 1294 "-" "Apache Shindig"
127.0.0.1 - - [11/Dec/2014:08:18:08 +0530] "GET /portal/themes/portal/css/bootstrap.min.css HTTP/1.1" 200 18779 "-" "Apache Shindig"
127.0.0.1 - - [11/Dec/2014:08:18:08 +0530] "GET /portal/gadgets/gii-2013-business-sophistication/gii-2013-business-sophistication.xml HTTP/1.1" 200 914 "-" "Apache Shindig"
127.0.0.1 - - [11/Dec/2014:08:18:08 +0530] "GET /portal/gadgets/gii-2013-business-sophistication/gii-2013-business-sophistication.xml HTTP/1.1" 200 914 "-" "Apache Shindig"
127.0.0.1 - - [11/Dec/2014:08:18:08 +0530] "GET /portal/gadgets/gii-2013-business-sophistication/gii-2013-business-sophistication.xml HTTP/1.1" 200 914 "-" "Apache Shindig"
0:0:0:0:0:0:0:1 - - [11/Dec/2014:08:18:08 +0530] "GET //gadgets/concat?container=default&gadget=http%3A%2F%2Flocalhost%3A9763%2Fportal%2Fgadgets%2Fgii-2013-business-sophistication%2Fgii-2013-business-sophistication.xml&debug=1&nocache=1&type=css&1=http%3A%2F%2Flocalhost%3A9763%2Fportal%2Fthemes%2Fportal%2Fcss%2Fflot-graph.css&2=http%3A%2F%2Flocalhost%3A9763%2Fportal%2Fthemes%2Fportal%2Fcss%2Fbootstrap.min.css&3=http%3A%2F%2Flocalhost%3A9763%2Fportal%2Fgadgets%2Fgii-2013-business-sophistication%2Fcss%2Fgii-2013-business-sophistication.css HTTP/1.1" 304 - "https://localhost:9443//gadgets/ifr?url=http%3A%2F%2Flocalhost%3A9763%2Fportal%2Fgadgets%2Fgii-2013-business-sophistication%2Fgii-2013-business-sophistication.xml&container=default&view=default&lang=en&country=US&debug=1&nocache=1&sanitize=0&v=214468d299c47d27c0bb4826b63b9784&testmode=0&parent=https%3A%2F%2Flocalhost%3A9443&mid=0" "Mozilla/5.0 (Windows NT 6.2; WOW64; rv:33.0) Gecko/20100101 Firefox/33.0"
127.0.0.1 - - [11/Dec/2014:08:18:08 +0530] "GET /portal/gadgets/gii-2013-business-sophistication/js/gii-2013-business-sophistication-core.js HTTP/1.1" 200 2133 "-" "Apache Shindig"
127.0.0.1 - - [11/Dec/2014:08:18:08 +0530] "GET /portal/gadgets/gii-2013-business-sophistication/js/d3-options-radar.js HTTP/1.1" 404 905 "-" "Apache Shindig"
127.0.0.1 - - [11/Dec/2014:08:18:08 +0530] "GET /portal/gadgets/gii-2013-business-sophistication/js/NormRadarChart.js HTTP/1.1" 200 3766 "-" "Apache Shindig"
127.0.0.1 - - [11/Dec/2014:08:18:08 +0530] "GET /portal/gadgets/gii-2013-business-sophistication/js/jquery-1.11.1.min.js HTTP/1.1" 200 33747 "-" "Apache Shindig"
127.0.0.1 - - [11/Dec/2014:08:18:08 +0530] "GET /portal/gadgets/gii-2013-business-sophistication/js/GroupedBarChart.js HTTP/1.1" 200 4084 "-" "Apache Shindig"
127.0.0.1 - - [11/Dec/2014:08:18:08 +0530] "GET /portal/gadgets/gii-2013-business-sophistication/js/d3.min.js HTTP/1.1" 200 52017 "-" "Apache Shindig"
127.0.0.1 - - [11/Dec/2014:08:18:08 +0530] "GET /portal/gadgets/gii-2013-business-sophistication/gii-2013-business-sophistication.xml HTTP/1.1" 200 914 "-" "Apache Shindig"
127.0.0.1 - - [11/Dec/2014:08:18:09 +0530] "GET /portal/gadgets/gii-2013-business-sophistication/gii-2013-business-sophistication.xml HTTP/1.1" 200 914 "-" "Apache Shindig"
127.0.0.1 - - [11/Dec/2014:08:18:09 +0530] "GET /portal/gadgets/gii-2013-business-sophistication/gii-2013-business-sophistication.xml HTTP/1.1" 200 914 "-" "Apache Shindig"
127.0.0.1 - - [11/Dec/2014:08:18:09 +0530] "GET /portal/gadgets/gii-2013-business-sophistication/gii-2013-business-sophistication.xml HTTP/1.1" 200 914 "-" "Apache Shindig"
127.0.0.1 - - [11/Dec/2014:08:18:09 +0530] "GET /portal/gadgets/gii-2013-business-sophistication/gii-2013-business-sophistication.xml HTTP/1.1" 200 914 "-" "Apache Shindig"
127.0.0.1 - - [11/Dec/2014:08:18:09 +0530] "GET /portal/gadgets/gii-2013-business-sophistication/gii-2013-business-sophistication.xml HTTP/1.1" 200 914 "-" "Apache Shindig"
0:0:0:0:0:0:0:1 - - [11/Dec/2014:08:18:09 +0530] "GET //gadgets/concat?container=default&gadget=http%3A%2F%2Flocalhost%3A9763%2Fportal%2Fgadgets%2Fgii-2013-business-sophistication%2Fgii-2013-business-sophistication.xml&debug=1&nocache=1&type=js&1=http%3A%2F%2Flocalhost%3A9763%2Fportal%2Fgadgets%2Fgii-2013-business-sophistication%2Fjs%2Fjquery-1.11.1.min.js&2=http%3A%2F%2Flocalhost%3A9763%2Fportal%2Fgadgets%2Fgii-2013-business-sophistication%2Fjs%2Fd3.min.js&3=http%3A%2F%2Flocalhost%3A9763%2Fportal%2Fgadgets%2Fgii-2013-business-sophistication%2Fjs%2FNormRadarChart.js&4=http%3A%2F%2Flocalhost%3A9763%2Fportal%2Fgadgets%2Fgii-2013-business-sophistication%2Fjs%2FGroupedBarChart.js&5=http%3A%2F%2Flocalhost%3A9763%2Fportal%2Fgadgets%2Fgii-2013-business-sophistication%2Fjs%2Fd3-options-radar.js&6=http%3A%2F%2Flocalhost%3A9763%2Fportal%2Fgadgets%2Fgii-2013-business-sophistication%2Fjs%2Fgii-2013-business-sophistication-core.js HTTP/1.1" 304 - "https://localhost:9443//gadgets/ifr?url=http%3A%2F%2Flocalhost%3A9763%2Fportal%2Fgadgets%2Fgii-2013-business-sophistication%2Fgii-2013-business-sophistication.xml&container=default&view=default&lang=en&country=US&debug=1&nocache=1&sanitize=0&v=214468d299c47d27c0bb4826b63b9784&testmode=0&parent=https%3A%2F%2Flocalhost%3A9443&mid=0" "Mozilla/5.0 (Windows NT 6.2; WOW64; rv:33.0) Gecko/20100101 Firefox/33.0"
0:0:0:0:0:0:0:1 - - [11/Dec/2014:08:18:09 +0530] "GET /portal/gadgets/gii-2013-business-sophistication/data-files/gii-2013-business-sophistication-data.jag?pillarId=12 HTTP/1.1" 200 1525 "https://localhost:9443//gadgets/ifr?url=http%3A%2F%2Flocalhost%3A9763%2Fportal%2Fgadgets%2Fgii-2013-business-sophistication%2Fgii-2013-business-sophistication.xml&container=default&view=default&lang=en&country=US&debug=1&nocache=1&sanitize=0&v=214468d299c47d27c0bb4826b63b9784&testmode=0&parent=https%3A%2F%2Flocalhost%3A9443&mid=0" "Mozilla/5.0 (Windows NT 6.2; WOW64; rv:33.0) Gecko/20100101 Firefox/33.0"
0:0:0:0:0:0:0:1 - - [11/Dec/2014:08:18:10 +0530] "POST /userdashboard/apis/ues/layout/userdashboard HTTP/1.1" 200 4 "https://localhost:9443/userdashboard/" "Mozilla/5.0 (Windows NT 6.2; WOW64; rv:33.0) Gecko/20100101 Firefox/33.0"
0:0:0:0:0:0:0:1 - - [11/Dec/2014:08:18:14 +0530] "GET /userdashboard/logout.jag HTTP/1.1" 200 1110 "https://localhost:9443/userdashboard/" "Mozilla/5.0 (Windows NT 6.2; WOW64; rv:33.0) Gecko/20100101 Firefox/33.0"
0:0:0:0:0:0:0:1 - - [11/Dec/2014:08:18:14 +0530] "POST /sso/samlsso.jag HTTP/1.1" 200 880 "https://localhost:9443/userdashboard/logout.jag" "Mozilla/5.0 (Windows NT 6.2; WOW64; rv:33.0) Gecko/20100101 Firefox/33.0"
0:0:0:0:0:0:0:1 - - [11/Dec/2014:08:18:14 +0530] "POST /userdashboard/sso HTTP/1.1" 302 - "https://localhost:9443/sso/samlsso.jag" "Mozilla/5.0 (Windows NT 6.2; WOW64; rv:33.0) Gecko/20100101 Firefox/33.0"
0:0:0:0:0:0:0:1 - - [11/Dec/2014:08:18:14 +0530] "GET /userdashboard HTTP/1.1" 302 - "https://localhost:9443/sso/samlsso.jag" "Mozilla/5.0 (Windows NT 6.2; WOW64; rv:33.0) Gecko/20100101 Firefox/33.0"
0:0:0:0:0:0:0:1 - - [11/Dec/2014:08:18:14 +0530] "GET /userdashboard/ HTTP/1.1" 302 - "https://localhost:9443/sso/samlsso.jag" "Mozilla/5.0 (Windows NT 6.2; WOW64; rv:33.0) Gecko/20100101 Firefox/33.0"
0:0:0:0:0:0:0:1 - - [11/Dec/2014:08:18:14 +0530] "GET /userdashboard/login HTTP/1.1" 200 1372 "https://localhost:9443/sso/samlsso.jag" "Mozilla/5.0 (Windows NT 6.2; WOW64; rv:33.0) Gecko/20100101 Firefox/33.0"
0:0:0:0:0:0:0:1 - - [11/Dec/2014:08:18:15 +0530] "POST /sso/samlsso.jag HTTP/1.1" 302 - "https://localhost:9443/userdashboard/login" "Mozilla/5.0 (Windows NT 6.2; WOW64; rv:33.0) Gecko/20100101 Firefox/33.0"
0:0:0:0:0:0:0:1 - - [11/Dec/2014:08:18:15 +0530] "GET /sso/login.jag HTTP/1.1" 200 6668 "https://localhost:9443/userdashboard/login" "Mozilla/5.0 (Windows NT 6.2; WOW64; rv:33.0) Gecko/20100101 Firefox/33.0"
0:0:0:0:0:0:0:1 - - [11/Dec/2014:08:18:15 +0530] "POST /sso/researchareas.jag HTTP/1.1" 200 373 "https://localhost:9443/sso/login.jag" "Mozilla/5.0 (Windows NT 6.2; WOW64; rv:33.0) Gecko/20100101 Firefox/33.0"
0:0:0:0:0:0:0:1 - - [11/Dec/2014:08:18:15 +0530] "POST /sso/researchareas.jag HTTP/1.1" 200 261 "https://localhost:9443/sso/login.jag" "Mozilla/5.0 (Windows NT 6.2; WOW64; rv:33.0) Gecko/20100101 Firefox/33.0"
0:0:0:0:0:0:0:1 - - [11/Dec/2014:08:18:21 +0530] "POST /sso/samlsso.jag HTTP/1.1" 200 2030 "https://localhost:9443/sso/login.jag" "Mozilla/5.0 (Windows NT 6.2; WOW64; rv:33.0) Gecko/20100101 Firefox/33.0"
0:0:0:0:0:0:0:1 - - [11/Dec/2014:08:18:21 +0530] "POST /userdashboard/sso HTTP/1.1" 302 - "https://localhost:9443/sso/samlsso.jag" "Mozilla/5.0 (Windows NT 6.2; WOW64; rv:33.0) Gecko/20100101 Firefox/33.0"
0:0:0:0:0:0:0:1 - - [11/Dec/2014:08:18:21 +0530] "GET /userdashboard HTTP/1.1" 302 - "https://localhost:9443/sso/samlsso.jag" "Mozilla/5.0 (Windows NT 6.2; WOW64; rv:33.0) Gecko/20100101 Firefox/33.0"
0:0:0:0:0:0:0:1 - - [11/Dec/2014:08:18:21 +0530] "GET /userdashboard/ HTTP/1.1" 200 2537 "https://localhost:9443/sso/samlsso.jag" "Mozilla/5.0 (Windows NT 6.2; WOW64; rv:33.0) Gecko/20100101 Firefox/33.0"
0:0:0:0:0:0:0:1 - - [11/Dec/2014:08:18:22 +0530] "GET /userdashboard/apis/ues/layout/ HTTP/1.1" 200 287 "https://localhost:9443/userdashboard/" "Mozilla/5.0 (Windows NT 6.2; WOW64; rv:33.0) Gecko/20100101 Firefox/33.0"
0:0:0:0:0:0:0:1 - - [11/Dec/2014:08:18:22 +0530] "POST //rpc?st=-1%3A-1%3A*%3A*%3A*%3A0%3Adefault HTTP/1.1" 200 1473 "https://localhost:9443/userdashboard/" "Mozilla/5.0 (Windows NT 6.2; WOW64; rv:33.0) Gecko/20100101 Firefox/33.0"
127.0.0.1 - - [11/Dec/2014:08:18:22 +0530] "GET /portal/gadgets/show-assets/show-assets.xml HTTP/1.1" 200 1781 "-" "Apache Shindig"
0:0:0:0:0:0:0:1 - - [11/Dec/2014:08:18:22 +0530] "POST //rpc?st=-1%3A-1%3A*%3A*%3A*%3A0%3Adefault HTTP/1.1" 200 1433 "https://localhost:9443/userdashboard/" "Mozilla/5.0 (Windows NT 6.2; WOW64; rv:33.0) Gecko/20100101 Firefox/33.0"
0:0:0:0:0:0:0:1 - - [11/Dec/2014:08:18:22 +0530] "GET //gadgets/ifr?url=http%3A%2F%2Flocalhost%3A9763%2Fportal%2Fgadgets%2Fshow-assets%2Fshow-assets.xml&container=default&view=default&lang=en&country=US&debug=1&nocache=1&sanitize=0&v=214468d299c47d27c0bb4826b63b9784&testmode=0&parent=https%3A%2F%2Flocalhost%3A9443&mid=0 HTTP/1.1" 304 - "https://localhost:9443/userdashboard/" "Mozilla/5.0 (Windows NT 6.2; WOW64; rv:33.0) Gecko/20100101 Firefox/33.0"
127.0.0.1 - - [11/Dec/2014:08:18:22 +0530] "GET /portal/gadgets/gii-2013-business-sophistication/gii-2013-business-sophistication.xml HTTP/1.1" 200 914 "-" "Apache Shindig"
0:0:0:0:0:0:0:1 - - [11/Dec/2014:08:18:22 +0530] "GET //gadgets/ifr?url=http%3A%2F%2Flocalhost%3A9763%2Fportal%2Fgadgets%2Fgii-2013-business-sophistication%2Fgii-2013-business-sophistication.xml&container=default&view=default&lang=en&country=US&debug=1&nocache=1&sanitize=0&v=214468d299c47d27c0bb4826b63b9784&testmode=0&parent=https%3A%2F%2Flocalhost%3A9443&mid=0 HTTP/1.1" 304 - "https://localhost:9443/userdashboard/" "Mozilla/5.0 (Windows NT 6.2; WOW64; rv:33.0) Gecko/20100101 Firefox/33.0"
127.0.0.1 - - [11/Dec/2014:08:18:23 +0530] "GET /portal/gadgets/show-assets/css/styles.css HTTP/1.1" 200 2083 "-" "Apache Shindig"
127.0.0.1 - - [11/Dec/2014:08:18:23 +0530] "GET /portal/gadgets/show-assets/css/bootstrap.min.css HTTP/1.1" 200 15992 "-" "Apache Shindig"
127.0.0.1 - - [11/Dec/2014:08:18:23 +0530] "GET /portal/gadgets/show-assets/show-assets.xml HTTP/1.1" 200 1781 "-" "Apache Shindig"
127.0.0.1 - - [11/Dec/2014:08:18:23 +0530] "GET /portal/gadgets/gii-2013-business-sophistication/css/gii-2013-business-sophistication.css HTTP/1.1" 200 279 "-" "Apache Shindig"
127.0.0.1 - - [11/Dec/2014:08:18:23 +0530] "GET /portal/themes/portal/css/flot-graph.css HTTP/1.1" 200 1294 "-" "Apache Shindig"
127.0.0.1 - - [11/Dec/2014:08:18:23 +0530] "GET /portal/themes/portal/css/bootstrap.min.css HTTP/1.1" 200 18779 "-" "Apache Shindig"
127.0.0.1 - - [11/Dec/2014:08:18:23 +0530] "GET /portal/gadgets/gii-2013-business-sophistication/gii-2013-business-sophistication.xml HTTP/1.1" 200 914 "-" "Apache Shindig"
127.0.0.1 - - [11/Dec/2014:08:18:23 +0530] "GET /portal/gadgets/gii-2013-business-sophistication/gii-2013-business-sophistication.xml HTTP/1.1" 200 914 "-" "Apache Shindig"
127.0.0.1 - - [11/Dec/2014:08:18:23 +0530] "GET /portal/gadgets/show-assets/show-assets.xml HTTP/1.1" 200 1781 "-" "Apache Shindig"
0:0:0:0:0:0:0:1 - - [11/Dec/2014:08:18:23 +0530] "GET //gadgets/concat?container=default&gadget=http%3A%2F%2Flocalhost%3A9763%2Fportal%2Fgadgets%2Fshow-assets%2Fshow-assets.xml&debug=1&nocache=1&type=css&1=http%3A%2F%2Flocalhost%3A9763%2Fportal%2Fgadgets%2Fshow-assets%2Fcss%2Fbootstrap.min.css&2=http%3A%2F%2Flocalhost%3A9763%2Fportal%2Fgadgets%2Fshow-assets%2Fcss%2Fstyles.css HTTP/1.1" 304 - "https://localhost:9443//gadgets/ifr?url=http%3A%2F%2Flocalhost%3A9763%2Fportal%2Fgadgets%2Fshow-assets%2Fshow-assets.xml&container=default&view=default&lang=en&country=US&debug=1&nocache=1&sanitize=0&v=214468d299c47d27c0bb4826b63b9784&testmode=0&parent=https%3A%2F%2Flocalhost%3A9443&mid=0" "Mozilla/5.0 (Windows NT 6.2; WOW64; rv:33.0) Gecko/20100101 Firefox/33.0"
127.0.0.1 - - [11/Dec/2014:08:18:23 +0530] "GET /portal/gadgets/show-assets/js/bootstrap.min.js HTTP/1.1" 200 4221 "-" "Apache Shindig"
127.0.0.1 - - [11/Dec/2014:08:18:23 +0530] "GET /portal/gadgets/show-assets/js/jquery.nicescroll.min.js HTTP/1.1" 200 14096 "-" "Apache Shindig"
127.0.0.1 - - [11/Dec/2014:08:18:23 +0530] "GET /portal/gadgets/show-assets/js/handlebars.js HTTP/1.1" 200 18415 "-" "Apache Shindig"
127.0.0.1 - - [11/Dec/2014:08:18:23 +0530] "GET /portal/gadgets/show-assets/js/load-assets.js HTTP/1.1" 200 2917 "-" "Apache Shindig"
127.0.0.1 - - [11/Dec/2014:08:18:23 +0530] "GET /portal/gadgets/show-assets/js/jquery.validate.js HTTP/1.1" 200 10083 "-" "Apache Shindig"
127.0.0.1 - - [11/Dec/2014:08:18:23 +0530] "GET /portal/gadgets/show-assets/js/jquery-1.8.3.min.js HTTP/1.1" 200 33942 "-" "Apache Shindig"
127.0.0.1 - - [11/Dec/2014:08:18:23 +0530] "GET /portal/gadgets/gii-2013-business-sophistication/gii-2013-business-sophistication.xml HTTP/1.1" 200 914 "-" "Apache Shindig"
0:0:0:0:0:0:0:1 - - [11/Dec/2014:08:18:23 +0530] "GET //gadgets/concat?container=default&gadget=http%3A%2F%2Flocalhost%3A9763%2Fportal%2Fgadgets%2Fgii-2013-business-sophistication%2Fgii-2013-business-sophistication.xml&debug=1&nocache=1&type=css&1=http%3A%2F%2Flocalhost%3A9763%2Fportal%2Fthemes%2Fportal%2Fcss%2Fflot-graph.css&2=http%3A%2F%2Flocalhost%3A9763%2Fportal%2Fthemes%2Fportal%2Fcss%2Fbootstrap.min.css&3=http%3A%2F%2Flocalhost%3A9763%2Fportal%2Fgadgets%2Fgii-2013-business-sophistication%2Fcss%2Fgii-2013-business-sophistication.css HTTP/1.1" 304 - "https://localhost:9443//gadgets/ifr?url=http%3A%2F%2Flocalhost%3A9763%2Fportal%2Fgadgets%2Fgii-2013-business-sophistication%2Fgii-2013-business-sophistication.xml&container=default&view=default&lang=en&country=US&debug=1&nocache=1&sanitize=0&v=214468d299c47d27c0bb4826b63b9784&testmode=0&parent=https%3A%2F%2Flocalhost%3A9443&mid=0" "Mozilla/5.0 (Windows NT 6.2; WOW64; rv:33.0) Gecko/20100101 Firefox/33.0"
127.0.0.1 - - [11/Dec/2014:08:18:23 +0530] "GET /portal/gadgets/show-assets/show-assets.xml HTTP/1.1" 200 1781 "-" "Apache Shindig"
127.0.0.1 - - [11/Dec/2014:08:18:23 +0530] "GET /portal/gadgets/gii-2013-business-sophistication/js/gii-2013-business-sophistication-core.js HTTP/1.1" 200 2133 "-" "Apache Shindig"
127.0.0.1 - - [11/Dec/2014:08:18:23 +0530] "GET /portal/gadgets/gii-2013-business-sophistication/js/NormRadarChart.js HTTP/1.1" 200 3766 "-" "Apache Shindig"
127.0.0.1 - - [11/Dec/2014:08:18:23 +0530] "GET /portal/gadgets/gii-2013-business-sophistication/js/GroupedBarChart.js HTTP/1.1" 200 4084 "-" "Apache Shindig"
127.0.0.1 - - [11/Dec/2014:08:18:23 +0530] "GET /portal/gadgets/gii-2013-business-sophistication/js/d3-options-radar.js HTTP/1.1" 404 905 "-" "Apache Shindig"
127.0.0.1 - - [11/Dec/2014:08:18:23 +0530] "GET /portal/gadgets/gii-2013-business-sophistication/js/jquery-1.11.1.min.js HTTP/1.1" 200 33747 "-" "Apache Shindig"
127.0.0.1 - - [11/Dec/2014:08:18:23 +0530] "GET /portal/gadgets/show-assets/show-assets.xml HTTP/1.1" 200 1781 "-" "Apache Shindig"
127.0.0.1 - - [11/Dec/2014:08:18:23 +0530] "GET /portal/gadgets/gii-2013-business-sophistication/js/d3.min.js HTTP/1.1" 200 52017 "-" "Apache Shindig"
127.0.0.1 - - [11/Dec/2014:08:18:23 +0530] "GET /portal/gadgets/show-assets/show-assets.xml HTTP/1.1" 200 1781 "-" "Apache Shindig"
127.0.0.1 - - [11/Dec/2014:08:18:23 +0530] "GET /portal/gadgets/show-assets/show-assets.xml HTTP/1.1" 200 1781 "-" "Apache Shindig"
127.0.0.1 - - [11/Dec/2014:08:18:23 +0530] "GET /portal/gadgets/show-assets/show-assets.xml HTTP/1.1" 200 1781 "-" "Apache Shindig"
127.0.0.1 - - [11/Dec/2014:08:18:23 +0530] "GET /portal/gadgets/show-assets/show-assets.xml HTTP/1.1" 200 1781 "-" "Apache Shindig"
127.0.0.1 - - [11/Dec/2014:08:18:23 +0530] "GET /portal/gadgets/gii-2013-business-sophistication/gii-2013-business-sophistication.xml HTTP/1.1" 200 914 "-" "Apache Shindig"
0:0:0:0:0:0:0:1 - - [11/Dec/2014:08:18:23 +0530] "GET //gadgets/concat?container=default&gadget=http%3A%2F%2Flocalhost%3A9763%2Fportal%2Fgadgets%2Fshow-assets%2Fshow-assets.xml&debug=1&nocache=1&type=js&1=http%3A%2F%2Flocalhost%3A9763%2Fportal%2Fgadgets%2Fshow-assets%2Fjs%2Fjquery-1.8.3.min.js&2=http%3A%2F%2Flocalhost%3A9763%2Fportal%2Fgadgets%2Fshow-assets%2Fjs%2Fjquery.validate.js&3=http%3A%2F%2Flocalhost%3A9763%2Fportal%2Fgadgets%2Fshow-assets%2Fjs%2Fhandlebars.js&4=http%3A%2F%2Flocalhost%3A9763%2Fportal%2Fgadgets%2Fshow-assets%2Fjs%2Fbootstrap.min.js&5=http%3A%2F%2Flocalhost%3A9763%2Fportal%2Fgadgets%2Fshow-assets%2Fjs%2Fload-assets.js&6=http%3A%2F%2Flocalhost%3A9763%2Fportal%2Fgadgets%2Fshow-assets%2Fjs%2Fjquery.nicescroll.min.js HTTP/1.1" 304 - "https://localhost:9443//gadgets/ifr?url=http%3A%2F%2Flocalhost%3A9763%2Fportal%2Fgadgets%2Fshow-assets%2Fshow-assets.xml&container=default&view=default&lang=en&country=US&debug=1&nocache=1&sanitize=0&v=214468d299c47d27c0bb4826b63b9784&testmode=0&parent=https%3A%2F%2Flocalhost%3A9443&mid=0" "Mozilla/5.0 (Windows NT 6.2; WOW64; rv:33.0) Gecko/20100101 Firefox/33.0"
127.0.0.1 - - [11/Dec/2014:08:18:23 +0530] "GET /portal/gadgets/gii-2013-business-sophistication/gii-2013-business-sophistication.xml HTTP/1.1" 200 914 "-" "Apache Shindig"
127.0.0.1 - - [11/Dec/2014:08:18:23 +0530] "GET /portal/gadgets/gii-2013-business-sophistication/gii-2013-business-sophistication.xml HTTP/1.1" 200 914 "-" "Apache Shindig"
127.0.0.1 - - [11/Dec/2014:08:18:24 +0530] "GET /portal/gadgets/gii-2013-business-sophistication/gii-2013-business-sophistication.xml HTTP/1.1" 200 914 "-" "Apache Shindig"
127.0.0.1 - - [11/Dec/2014:08:18:24 +0530] "GET /portal/gadgets/gii-2013-business-sophistication/gii-2013-business-sophistication.xml HTTP/1.1" 200 914 "-" "Apache Shindig"
127.0.0.1 - - [11/Dec/2014:08:18:24 +0530] "GET /portal/gadgets/gii-2013-business-sophistication/gii-2013-business-sophistication.xml HTTP/1.1" 200 914 "-" "Apache Shindig"
0:0:0:0:0:0:0:1 - - [11/Dec/2014:08:18:24 +0530] "GET //gadgets/concat?container=default&gadget=http%3A%2F%2Flocalhost%3A9763%2Fportal%2Fgadgets%2Fgii-2013-business-sophistication%2Fgii-2013-business-sophistication.xml&debug=1&nocache=1&type=js&1=http%3A%2F%2Flocalhost%3A9763%2Fportal%2Fgadgets%2Fgii-2013-business-sophistication%2Fjs%2Fjquery-1.11.1.min.js&2=http%3A%2F%2Flocalhost%3A9763%2Fportal%2Fgadgets%2Fgii-2013-business-sophistication%2Fjs%2Fd3.min.js&3=http%3A%2F%2Flocalhost%3A9763%2Fportal%2Fgadgets%2Fgii-2013-business-sophistication%2Fjs%2FNormRadarChart.js&4=http%3A%2F%2Flocalhost%3A9763%2Fportal%2Fgadgets%2Fgii-2013-business-sophistication%2Fjs%2FGroupedBarChart.js&5=http%3A%2F%2Flocalhost%3A9763%2Fportal%2Fgadgets%2Fgii-2013-business-sophistication%2Fjs%2Fd3-options-radar.js&6=http%3A%2F%2Flocalhost%3A9763%2Fportal%2Fgadgets%2Fgii-2013-business-sophistication%2Fjs%2Fgii-2013-business-sophistication-core.js HTTP/1.1" 304 - "https://localhost:9443//gadgets/ifr?url=http%3A%2F%2Flocalhost%3A9763%2Fportal%2Fgadgets%2Fgii-2013-business-sophistication%2Fgii-2013-business-sophistication.xml&container=default&view=default&lang=en&country=US&debug=1&nocache=1&sanitize=0&v=214468d299c47d27c0bb4826b63b9784&testmode=0&parent=https%3A%2F%2Flocalhost%3A9443&mid=0" "Mozilla/5.0 (Windows NT 6.2; WOW64; rv:33.0) Gecko/20100101 Firefox/33.0"
0:0:0:0:0:0:0:1 - - [11/Dec/2014:08:18:24 +0530] "GET /store/apis/myAsset/ HTTP/1.1" 401 975 "https://localhost:9443//gadgets/ifr?url=http%3A%2F%2Flocalhost%3A9763%2Fportal%2Fgadgets%2Fshow-assets%2Fshow-assets.xml&container=default&view=default&lang=en&country=US&debug=1&nocache=1&sanitize=0&v=214468d299c47d27c0bb4826b63b9784&testmode=0&parent=https%3A%2F%2Flocalhost%3A9443&mid=0" "Mozilla/5.0 (Windows NT 6.2; WOW64; rv:33.0) Gecko/20100101 Firefox/33.0"
0:0:0:0:0:0:0:1 - - [11/Dec/2014:08:18:24 +0530] "GET /store/apis/tag/gadget HTTP/1.1" 200 110 "https://localhost:9443//gadgets/ifr?url=http%3A%2F%2Flocalhost%3A9763%2Fportal%2Fgadgets%2Fshow-assets%2Fshow-assets.xml&container=default&view=default&lang=en&country=US&debug=1&nocache=1&sanitize=0&v=214468d299c47d27c0bb4826b63b9784&testmode=0&parent=https%3A%2F%2Flocalhost%3A9443&mid=0" "Mozilla/5.0 (Windows NT 6.2; WOW64; rv:33.0) Gecko/20100101 Firefox/33.0"
0:0:0:0:0:0:0:1 - - [11/Dec/2014:08:18:24 +0530] "GET /portal/gadgets/gii-2013-business-sophistication/data-files/gii-2013-business-sophistication-data.jag?pillarId=12 HTTP/1.1" 200 1525 "https://localhost:9443//gadgets/ifr?url=http%3A%2F%2Flocalhost%3A9763%2Fportal%2Fgadgets%2Fgii-2013-business-sophistication%2Fgii-2013-business-sophistication.xml&container=default&view=default&lang=en&country=US&debug=1&nocache=1&sanitize=0&v=214468d299c47d27c0bb4826b63b9784&testmode=0&parent=https%3A%2F%2Flocalhost%3A9443&mid=0" "Mozilla/5.0 (Windows NT 6.2; WOW64; rv:33.0) Gecko/20100101 Firefox/33.0"
0:0:0:0:0:0:0:1 - - [11/Dec/2014:08:18:28 +0530] "GET /user/ HTTP/1.1" 302 - "https://localhost:9443/userdashboard/" "Mozilla/5.0 (Windows NT 6.2; WOW64; rv:33.0) Gecko/20100101 Firefox/33.0"
0:0:0:0:0:0:0:1 - - [11/Dec/2014:08:18:28 +0530] "GET /user/login HTTP/1.1" 200 1346 "https://localhost:9443/userdashboard/" "Mozilla/5.0 (Windows NT 6.2; WOW64; rv:33.0) Gecko/20100101 Firefox/33.0"
0:0:0:0:0:0:0:1 - - [11/Dec/2014:08:18:28 +0530] "POST /sso/samlsso.jag HTTP/1.1" 200 2018 "https://localhost:9443/user/login" "Mozilla/5.0 (Windows NT 6.2; WOW64; rv:33.0) Gecko/20100101 Firefox/33.0"
0:0:0:0:0:0:0:1 - - [11/Dec/2014:08:18:28 +0530] "POST /user/sso HTTP/1.1" 302 - "https://localhost:9443/sso/samlsso.jag" "Mozilla/5.0 (Windows NT 6.2; WOW64; rv:33.0) Gecko/20100101 Firefox/33.0"
0:0:0:0:0:0:0:1 - - [11/Dec/2014:08:18:28 +0530] "GET /user HTTP/1.1" 302 - "https://localhost:9443/sso/samlsso.jag" "Mozilla/5.0 (Windows NT 6.2; WOW64; rv:33.0) Gecko/20100101 Firefox/33.0"
0:0:0:0:0:0:0:1 - - [11/Dec/2014:08:18:28 +0530] "GET /user/ HTTP/1.1" 200 1122 "https://localhost:9443/sso/samlsso.jag" "Mozilla/5.0 (Windows NT 6.2; WOW64; rv:33.0) Gecko/20100101 Firefox/33.0"
0:0:0:0:0:0:0:1 - - [11/Dec/2014:08:18:29 +0530] "GET /userforms/ HTTP/1.1" 302 - "https://localhost:9443/user/" "Mozilla/5.0 (Windows NT 6.2; WOW64; rv:33.0) Gecko/20100101 Firefox/33.0"
0:0:0:0:0:0:0:1 - - [11/Dec/2014:08:18:29 +0530] "GET /user/font/fontawesome-webfont.woff?v=3.2.1 HTTP/1.1" 304 - "https://localhost:9443/user/css/font-awesome.min.css" "Mozilla/5.0 (Windows NT 6.2; WOW64; rv:33.0) Gecko/20100101 Firefox/33.0"
0:0:0:0:0:0:0:1 - - [11/Dec/2014:08:18:29 +0530] "GET /userforms/mainprofile.jag HTTP/1.1" 302 - "https://localhost:9443/user/" "Mozilla/5.0 (Windows NT 6.2; WOW64; rv:33.0) Gecko/20100101 Firefox/33.0"
0:0:0:0:0:0:0:1 - - [11/Dec/2014:08:18:29 +0530] "GET /userforms/login HTTP/1.1" 200 1364 "https://localhost:9443/user/" "Mozilla/5.0 (Windows NT 6.2; WOW64; rv:33.0) Gecko/20100101 Firefox/33.0"
0:0:0:0:0:0:0:1 - - [11/Dec/2014:08:18:29 +0530] "POST /sso/samlsso.jag HTTP/1.1" 200 2028 "https://localhost:9443/userforms/login" "Mozilla/5.0 (Windows NT 6.2; WOW64; rv:33.0) Gecko/20100101 Firefox/33.0"
0:0:0:0:0:0:0:1 - - [11/Dec/2014:08:18:29 +0530] "POST /userforms/sso HTTP/1.1" 302 - "https://localhost:9443/sso/samlsso.jag" "Mozilla/5.0 (Windows NT 6.2; WOW64; rv:33.0) Gecko/20100101 Firefox/33.0"
0:0:0:0:0:0:0:1 - - [11/Dec/2014:08:18:29 +0530] "GET /userforms HTTP/1.1" 302 - "https://localhost:9443/sso/samlsso.jag" "Mozilla/5.0 (Windows NT 6.2; WOW64; rv:33.0) Gecko/20100101 Firefox/33.0"
0:0:0:0:0:0:0:1 - - [11/Dec/2014:08:18:29 +0530] "GET /userforms/ HTTP/1.1" 302 - "https://localhost:9443/sso/samlsso.jag" "Mozilla/5.0 (Windows NT 6.2; WOW64; rv:33.0) Gecko/20100101 Firefox/33.0"
0:0:0:0:0:0:0:1 - - [11/Dec/2014:08:18:29 +0530] "GET /userforms/mainprofile.jag HTTP/1.1" 200 2136 "https://localhost:9443/sso/samlsso.jag" "Mozilla/5.0 (Windows NT 6.2; WOW64; rv:33.0) Gecko/20100101 Firefox/33.0"
0:0:0:0:0:0:0:1 - - [11/Dec/2014:08:18:30 +0530] "GET /userforms/fonts/fontawesome-webfont.woff?v=4.0.3 HTTP/1.1" 304 - "https://localhost:9443/userforms/css1/font-awesome.min.css" "Mozilla/5.0 (Windows NT 6.2; WOW64; rv:33.0) Gecko/20100101 Firefox/33.0"
0:0:0:0:0:0:0:1 - - [11/Dec/2014:08:18:32 +0530] "GET /userforms/mainprofile.jag HTTP/1.1" 200 2136 "https://localhost:9443/userforms/mainprofile.jag" "Mozilla/5.0 (Windows NT 6.2; WOW64; rv:33.0) Gecko/20100101 Firefox/33.0"
0:0:0:0:0:0:0:1 - - [11/Dec/2014:08:18:34 +0530] "GET /userforms/css1/fancybox/fancybox_loading.gif HTTP/1.1" 200 4906 "https://localhost:9443/userforms/css1/fancybox/jquery.fancybox.css" "Mozilla/5.0 (Windows NT 6.2; WOW64; rv:33.0) Gecko/20100101 Firefox/33.0"
0:0:0:0:0:0:0:1 - - [11/Dec/2014:08:18:34 +0530] "GET /userforms/css1/fancybox/fancybox_sprite.png HTTP/1.1" 200 1362 "https://localhost:9443/userforms/css1/fancybox/jquery.fancybox.css" "Mozilla/5.0 (Windows NT 6.2; WOW64; rv:33.0) Gecko/20100101 Firefox/33.0"
0:0:0:0:0:0:0:1 - - [11/Dec/2014:08:18:34 +0530] "GET /userforms/css1/fancybox/fancybox_overlay.png HTTP/1.1" 200 1003 "https://localhost:9443/userforms/css1/fancybox/jquery.fancybox.css" "Mozilla/5.0 (Windows NT 6.2; WOW64; rv:33.0) Gecko/20100101 Firefox/33.0"
0:0:0:0:0:0:0:1 - - [11/Dec/2014:08:18:35 +0530] "GET /userforms/personpapers.jag HTTP/1.1" 200 1558 "https://localhost:9443/userforms/mainprofile.jag" "Mozilla/5.0 (Windows NT 6.2; WOW64; rv:33.0) Gecko/20100101 Firefox/33.0"
0:0:0:0:0:0:0:1 - - [11/Dec/2014:08:18:35 +0530] "GET /userforms/js1/jquerymessagebox/jquery.msgBox.js HTTP/1.1" 200 3390 "https://localhost:9443/userforms/personpapers.jag" "Mozilla/5.0 (Windows NT 6.2; WOW64; rv:33.0) Gecko/20100101 Firefox/33.0"
0:0:0:0:0:0:0:1 - - [11/Dec/2014:08:18:35 +0530] "GET /userforms/css1/jquerymessagebox/msgBoxLight.css HTTP/1.1" 200 925 "https://localhost:9443/userforms/personpapers.jag" "Mozilla/5.0 (Windows NT 6.2; WOW64; rv:33.0) Gecko/20100101 Firefox/33.0"
0:0:0:0:0:0:0:1 - - [11/Dec/2014:08:18:37 +0530] "GET /userforms/personpapers.jag?year=2014 HTTP/1.1" 200 1558 "https://localhost:9443/userforms/mainprofile.jag" "Mozilla/5.0 (Windows NT 6.2; WOW64; rv:33.0) Gecko/20100101 Firefox/33.0"
0:0:0:0:0:0:0:1 - - [11/Dec/2014:08:18:41 +0530] "GET /userforms/mainprofilepublications.jag?formtype=jour HTTP/1.1" 200 15847 "https://localhost:9443/userforms/mainprofile.jag" "Mozilla/5.0 (Windows NT 6.2; WOW64; rv:33.0) Gecko/20100101 Firefox/33.0"
0:0:0:0:0:0:0:1 - - [11/Dec/2014:08:18:41 +0530] "GET /userforms/css1/forms/publications.css HTTP/1.1" 200 1800 "https://localhost:9443/userforms/mainprofilepublications.jag?formtype=jour" "Mozilla/5.0 (Windows NT 6.2; WOW64; rv:33.0) Gecko/20100101 Firefox/33.0"
0:0:0:0:0:0:0:1 - - [11/Dec/2014:08:18:41 +0530] "GET /userforms/css1/select2/css/select2.css HTTP/1.1" 200 3164 "https://localhost:9443/userforms/mainprofilepublications.jag?formtype=jour" "Mozilla/5.0 (Windows NT 6.2; WOW64; rv:33.0) Gecko/20100101 Firefox/33.0"
0:0:0:0:0:0:0:1 - - [11/Dec/2014:08:18:41 +0530] "GET /userforms/css1/select2/select2-bootstrap.css HTTP/1.1" 200 824 "https://localhost:9443/userforms/mainprofilepublications.jag?formtype=jour" "Mozilla/5.0 (Windows NT 6.2; WOW64; rv:33.0) Gecko/20100101 Firefox/33.0"
0:0:0:0:0:0:0:1 - - [11/Dec/2014:08:18:41 +0530] "GET /userforms/css1/datepicker/jquery.datepick.css HTTP/1.1" 200 1013 "https://localhost:9443/userforms/mainprofilepublications.jag?formtype=jour" "Mozilla/5.0 (Windows NT 6.2; WOW64; rv:33.0) Gecko/20100101 Firefox/33.0"
0:0:0:0:0:0:0:1 - - [11/Dec/2014:08:18:41 +0530] "GET /userforms/js1/datepicker/jquery.plugin.js HTTP/1.1" 200 3793 "https://localhost:9443/userforms/mainprofilepublications.jag?formtype=jour" "Mozilla/5.0 (Windows NT 6.2; WOW64; rv:33.0) Gecko/20100101 Firefox/33.0"
0:0:0:0:0:0:0:1 - - [11/Dec/2014:08:18:41 +0530] "GET /userforms/js1/datepicker/jquery.datepick.js HTTP/1.1" 200 21579 "https://localhost:9443/userforms/mainprofilepublications.jag?formtype=jour" "Mozilla/5.0 (Windows NT 6.2; WOW64; rv:33.0) Gecko/20100101 Firefox/33.0"
0:0:0:0:0:0:0:1 - - [11/Dec/2014:08:18:41 +0530] "GET /userforms/js1/select2/select2.js HTTP/1.1" 200 22760 "https://localhost:9443/userforms/mainprofilepublications.jag?formtype=jour" "Mozilla/5.0 (Windows NT 6.2; WOW64; rv:33.0) Gecko/20100101 Firefox/33.0"
0:0:0:0:0:0:0:1 - - [11/Dec/2014:08:18:42 +0530] "GET /userforms/css1/select2/css/select2.png HTTP/1.1" 200 613 "https://localhost:9443/userforms/css1/select2/css/select2.css" "Mozilla/5.0 (Windows NT 6.2; WOW64; rv:33.0) Gecko/20100101 Firefox/33.0"
0:0:0:0:0:0:0:1 - - [11/Dec/2014:08:18:46 +0530] "GET /user/logout.jag HTTP/1.1" 200 1102 "https://localhost:9443/user/" "Mozilla/5.0 (Windows NT 6.2; WOW64; rv:33.0) Gecko/20100101 Firefox/33.0"
0:0:0:0:0:0:0:1 - - [11/Dec/2014:08:18:46 +0530] "POST /sso/samlsso.jag HTTP/1.1" 200 862 "https://localhost:9443/user/logout.jag" "Mozilla/5.0 (Windows NT 6.2; WOW64; rv:33.0) Gecko/20100101 Firefox/33.0"
127.0.0.1 - - [11/Dec/2014:08:18:47 +0530] "POST /userdashboard/sso HTTP/1.1" 200 - "-" "Apache-HttpClient/4.1.1 (java 1.5)"
127.0.0.1 - - [11/Dec/2014:08:18:47 +0530] "POST /userforms/sso HTTP/1.1" 200 - "-" "Apache-HttpClient/4.1.1 (java 1.5)"
0:0:0:0:0:0:0:1 - - [11/Dec/2014:08:18:47 +0530] "POST /user/sso HTTP/1.1" 302 - "https://localhost:9443/sso/samlsso.jag" "Mozilla/5.0 (Windows NT 6.2; WOW64; rv:33.0) Gecko/20100101 Firefox/33.0"
0:0:0:0:0:0:0:1 - - [11/Dec/2014:08:18:47 +0530] "GET /user HTTP/1.1" 302 - "https://localhost:9443/sso/samlsso.jag" "Mozilla/5.0 (Windows NT 6.2; WOW64; rv:33.0) Gecko/20100101 Firefox/33.0"
0:0:0:0:0:0:0:1 - - [11/Dec/2014:08:18:47 +0530] "GET /user/ HTTP/1.1" 302 - "https://localhost:9443/sso/samlsso.jag" "Mozilla/5.0 (Windows NT 6.2; WOW64; rv:33.0) Gecko/20100101 Firefox/33.0"
0:0:0:0:0:0:0:1 - - [11/Dec/2014:08:18:47 +0530] "GET /user/login HTTP/1.1" 200 1346 "https://localhost:9443/sso/samlsso.jag" "Mozilla/5.0 (Windows NT 6.2; WOW64; rv:33.0) Gecko/20100101 Firefox/33.0"
0:0:0:0:0:0:0:1 - - [11/Dec/2014:08:18:47 +0530] "POST /sso/samlsso.jag HTTP/1.1" 302 - "https://localhost:9443/user/login" "Mozilla/5.0 (Windows NT 6.2; WOW64; rv:33.0) Gecko/20100101 Firefox/33.0"
0:0:0:0:0:0:0:1 - - [11/Dec/2014:08:18:47 +0530] "GET /sso/login.jag HTTP/1.1" 200 6668 "https://localhost:9443/user/login" "Mozilla/5.0 (Windows NT 6.2; WOW64; rv:33.0) Gecko/20100101 Firefox/33.0"
0:0:0:0:0:0:0:1 - - [11/Dec/2014:09:25:24 +0530] "GET /dashboard/ HTTP/1.1" 200 2599 "-" "Mozilla/5.0 (Windows NT 6.2; WOW64; rv:33.0) Gecko/20100101 Firefox/33.0"
0:0:0:0:0:0:0:1 - - [11/Dec/2014:09:25:24 +0530] "GET /portal/themes/portal/favicon.ico HTTP/1.1" 404 905 "-" "Mozilla/5.0 (Windows NT 6.2; WOW64; rv:33.0) Gecko/20100101 Firefox/33.0"
0:0:0:0:0:0:0:1 - - [11/Dec/2014:09:25:24 +0530] "GET /portal/themes/portal/favicon.ico HTTP/1.1" 404 905 "-" "Mozilla/5.0 (Windows NT 6.2; WOW64; rv:33.0) Gecko/20100101 Firefox/33.0"
0:0:0:0:0:0:0:1 - - [11/Dec/2014:09:25:25 +0530] "GET /dashboard/font/fontawesome-webfont.woff?v=3.2.1 HTTP/1.1" 304 - "https://localhost:9443/dashboard/css/font-awesome.min.css" "Mozilla/5.0 (Windows NT 6.2; WOW64; rv:33.0) Gecko/20100101 Firefox/33.0"
0:0:0:0:0:0:0:1 - - [11/Dec/2014:09:25:26 +0530] "GET /dashboard/apis/ues/layout/ HTTP/1.1" 200 8 "https://localhost:9443/dashboard/" "Mozilla/5.0 (Windows NT 6.2; WOW64; rv:33.0) Gecko/20100101 Firefox/33.0"
0:0:0:0:0:0:0:1 - - [11/Dec/2014:09:25:26 +0530] "GET /dashboard/ HTTP/1.1" 200 2599 "-" "Mozilla/5.0 (Windows NT 6.2; WOW64; rv:33.0) Gecko/20100101 Firefox/33.0"
127.0.0.1 - - [11/Dec/2014:09:25:27 +0530] "GET /portal/gadgets/show-assets/show-assets.xml HTTP/1.1" 200 1781 "-" "Apache Shindig"
127.0.0.1 - - [11/Dec/2014:09:25:27 +0530] "GET /portal/gadgets/show-assets/show-assets.xml HTTP/1.1" 200 1781 "-" "Apache Shindig"
0:0:0:0:0:0:0:1 - - [11/Dec/2014:09:25:28 +0530] "GET /dashboard/apis/ues/layout/ HTTP/1.1" 200 5 "https://localhost:9443/dashboard/" "Mozilla/5.0 (Windows NT 6.2; WOW64; rv:33.0) Gecko/20100101 Firefox/33.0"
0:0:0:0:0:0:0:1 - - [11/Dec/2014:09:25:28 +0530] "GET /favicon.ico HTTP/1.1" 404 973 "-" "Mozilla/5.0 (Windows NT 6.2; WOW64; rv:33.0) Gecko/20100101 Firefox/33.0"
127.0.0.1 - - [11/Dec/2014:09:25:28 +0530] "GET /portal/gadgets/organization-map/organization-map.xml HTTP/1.1" 200 888 "-" "Apache Shindig"
127.0.0.1 - - [11/Dec/2014:09:25:28 +0530] "GET /portal/gadgets/global-innovation-index-2013/global-innovation-index-2013.xml HTTP/1.1" 200 1044 "-" "Apache Shindig"
127.0.0.1 - - [11/Dec/2014:09:25:28 +0530] "GET /portal/gadgets/publications-people/publications-people.xml HTTP/1.1" 200 1254 "-" "Apache Shindig"
0:0:0:0:0:0:0:1 - - [11/Dec/2014:09:25:28 +0530] "GET /favicon.ico HTTP/1.1" 404 973 "-" "Mozilla/5.0 (Windows NT 6.2; WOW64; rv:33.0) Gecko/20100101 Firefox/33.0"
127.0.0.1 - - [11/Dec/2014:09:25:28 +0530] "GET /portal/gadgets/people-organizations/people-organizations.xml HTTP/1.1" 200 1259 "-" "Apache Shindig"
0:0:0:0:0:0:0:1 - - [11/Dec/2014:09:25:28 +0530] "POST //rpc?st=-1%3A-1%3A*%3A*%3A*%3A0%3Adefault HTTP/1.1" 200 998 "https://localhost:9443/dashboard/" "Mozilla/5.0 (Windows NT 6.2; WOW64; rv:33.0) Gecko/20100101 Firefox/33.0"
0:0:0:0:0:0:0:1 - - [11/Dec/2014:09:25:28 +0530] "POST //rpc?st=-1%3A-1%3A*%3A*%3A*%3A0%3Adefault HTTP/1.1" 200 1380 "https://localhost:9443/dashboard/" "Mozilla/5.0 (Windows NT 6.2; WOW64; rv:33.0) Gecko/20100101 Firefox/33.0"
