0:0:0:0:0:0:0:1 - - [11/Dec/2014:09:30:27 +0530] "GET /userdashboard/apis/ues/layout/ HTTP/1.1" 200 38 "https://localhost:9443/userdashboard/" "Mozilla/5.0 (Windows NT 6.2; WOW64; rv:33.0) Gecko/20100101 Firefox/33.0"
127.0.0.1 - - [11/Dec/2014:09:30:27 +0530] "GET /portal/gadgets/show-assets/show-assets.xml HTTP/1.1" 200 1781 "-" "Apache Shindig"
0:0:0:0:0:0:0:1 - - [11/Dec/2014:09:30:27 +0530] "GET //gadgets/ifr?url=http%3A%2F%2Flocalhost%3A9763%2Fportal%2Fgadgets%2Fshow-assets%2Fshow-assets.xml&container=default&view=default&lang=en&country=US&debug=1&nocache=1&sanitize=0&v=d8213105a7083aec18c9bce3596dddd0&testmode=0&parent=https%3A%2F%2Flocalhost%3A9443&mid=0 HTTP/1.1" 304 - "https://localhost:9443/userdashboard/" "Mozilla/5.0 (Windows NT 6.2; WOW64; rv:33.0) Gecko/20100101 Firefox/33.0"
127.0.0.1 - - [11/Dec/2014:09:30:27 +0530] "GET /portal/gadgets/show-assets/css/styles.css HTTP/1.1" 200 2083 "-" "Apache Shindig"
127.0.0.1 - - [11/Dec/2014:09:30:27 +0530] "GET /portal/gadgets/show-assets/css/bootstrap.min.css HTTP/1.1" 200 15992 "-" "Apache Shindig"
127.0.0.1 - - [11/Dec/2014:09:30:27 +0530] "GET /portal/gadgets/show-assets/show-assets.xml HTTP/1.1" 200 1781 "-" "Apache Shindig"
127.0.0.1 - - [11/Dec/2014:09:30:27 +0530] "GET /portal/gadgets/show-assets/show-assets.xml HTTP/1.1" 200 1781 "-" "Apache Shindig"
0:0:0:0:0:0:0:1 - - [11/Dec/2014:09:30:27 +0530] "GET //gadgets/concat?container=default&gadget=http%3A%2F%2Flocalhost%3A9763%2Fportal%2Fgadgets%2Fshow-assets%2Fshow-assets.xml&debug=1&nocache=1&type=css&1=http%3A%2F%2Flocalhost%3A9763%2Fportal%2Fgadgets%2Fshow-assets%2Fcss%2Fbootstrap.min.css&2=http%3A%2F%2Flocalhost%3A9763%2Fportal%2Fgadgets%2Fshow-assets%2Fcss%2Fstyles.css HTTP/1.1" 304 - "https://localhost:9443//gadgets/ifr?url=http%3A%2F%2Flocalhost%3A9763%2Fportal%2Fgadgets%2Fshow-assets%2Fshow-assets.xml&container=default&view=default&lang=en&country=US&debug=1&nocache=1&sanitize=0&v=d8213105a7083aec18c9bce3596dddd0&testmode=0&parent=https%3A%2F%2Flocalhost%3A9443&mid=0" "Mozilla/5.0 (Windows NT 6.2; WOW64; rv:33.0) Gecko/20100101 Firefox/33.0"
127.0.0.1 - - [11/Dec/2014:09:30:27 +0530] "GET /portal/gadgets/show-assets/js/load-assets.js HTTP/1.1" 200 2917 "-" "Apache Shindig"
127.0.0.1 - - [11/Dec/2014:09:30:27 +0530] "GET /portal/gadgets/show-assets/js/jquery-1.8.3.min.js HTTP/1.1" 200 33942 "-" "Apache Shindig"
127.0.0.1 - - [11/Dec/2014:09:30:27 +0530] "GET /portal/gadgets/show-assets/js/bootstrap.min.js HTTP/1.1" 200 4221 "-" "Apache Shindig"
127.0.0.1 - - [11/Dec/2014:09:30:27 +0530] "GET /portal/gadgets/show-assets/js/jquery.nicescroll.min.js HTTP/1.1" 200 14096 "-" "Apache Shindig"
127.0.0.1 - - [11/Dec/2014:09:30:27 +0530] "GET /portal/gadgets/show-assets/js/jquery.validate.js HTTP/1.1" 200 10083 "-" "Apache Shindig"
127.0.0.1 - - [11/Dec/2014:09:30:27 +0530] "GET /portal/gadgets/show-assets/js/handlebars.js HTTP/1.1" 200 18415 "-" "Apache Shindig"
127.0.0.1 - - [11/Dec/2014:09:30:27 +0530] "GET /portal/gadgets/show-assets/show-assets.xml HTTP/1.1" 200 1781 "-" "Apache Shindig"
127.0.0.1 - - [11/Dec/2014:09:30:28 +0530] "GET /portal/gadgets/show-assets/show-assets.xml HTTP/1.1" 200 1781 "-" "Apache Shindig"
127.0.0.1 - - [11/Dec/2014:09:30:28 +0530] "GET /portal/gadgets/show-assets/show-assets.xml HTTP/1.1" 200 1781 "-" "Apache Shindig"
127.0.0.1 - - [11/Dec/2014:09:30:28 +0530] "GET /portal/gadgets/show-assets/show-assets.xml HTTP/1.1" 200 1781 "-" "Apache Shindig"
127.0.0.1 - - [11/Dec/2014:09:30:28 +0530] "GET /portal/gadgets/show-assets/show-assets.xml HTTP/1.1" 200 1781 "-" "Apache Shindig"
127.0.0.1 - - [11/Dec/2014:09:30:28 +0530] "GET /portal/gadgets/show-assets/show-assets.xml HTTP/1.1" 200 1781 "-" "Apache Shindig"
0:0:0:0:0:0:0:1 - - [11/Dec/2014:09:30:28 +0530] "GET //gadgets/concat?container=default&gadget=http%3A%2F%2Flocalhost%3A9763%2Fportal%2Fgadgets%2Fshow-assets%2Fshow-assets.xml&debug=1&nocache=1&type=js&1=http%3A%2F%2Flocalhost%3A9763%2Fportal%2Fgadgets%2Fshow-assets%2Fjs%2Fjquery-1.8.3.min.js&2=http%3A%2F%2Flocalhost%3A9763%2Fportal%2Fgadgets%2Fshow-assets%2Fjs%2Fjquery.validate.js&3=http%3A%2F%2Flocalhost%3A9763%2Fportal%2Fgadgets%2Fshow-assets%2Fjs%2Fhandlebars.js&4=http%3A%2F%2Flocalhost%3A9763%2Fportal%2Fgadgets%2Fshow-assets%2Fjs%2Fbootstrap.min.js&5=http%3A%2F%2Flocalhost%3A9763%2Fportal%2Fgadgets%2Fshow-assets%2Fjs%2Fload-assets.js&6=http%3A%2F%2Flocalhost%3A9763%2Fportal%2Fgadgets%2Fshow-assets%2Fjs%2Fjquery.nicescroll.min.js HTTP/1.1" 304 - "https://localhost:9443//gadgets/ifr?url=http%3A%2F%2Flocalhost%3A9763%2Fportal%2Fgadgets%2Fshow-assets%2Fshow-assets.xml&container=default&view=default&lang=en&country=US&debug=1&nocache=1&sanitize=0&v=d8213105a7083aec18c9bce3596dddd0&testmode=0&parent=https%3A%2F%2Flocalhost%3A9443&mid=0" "Mozilla/5.0 (Windows NT 6.2; WOW64; rv:33.0) Gecko/20100101 Firefox/33.0"
0:0:0:0:0:0:0:1 - - [11/Dec/2014:09:30:28 +0530] "GET /store/apis/myAsset/ HTTP/1.1" 401 975 "https://localhost:9443//gadgets/ifr?url=http%3A%2F%2Flocalhost%3A9763%2Fportal%2Fgadgets%2Fshow-assets%2Fshow-assets.xml&container=default&view=default&lang=en&country=US&debug=1&nocache=1&sanitize=0&v=d8213105a7083aec18c9bce3596dddd0&testmode=0&parent=https%3A%2F%2Flocalhost%3A9443&mid=0" "Mozilla/5.0 (Windows NT 6.2; WOW64; rv:33.0) Gecko/20100101 Firefox/33.0"
0:0:0:0:0:0:0:1 - - [11/Dec/2014:09:30:28 +0530] "GET /store/apis/tag/gadget HTTP/1.1" 200 110 "https://localhost:9443//gadgets/ifr?url=http%3A%2F%2Flocalhost%3A9763%2Fportal%2Fgadgets%2Fshow-assets%2Fshow-assets.xml&container=default&view=default&lang=en&country=US&debug=1&nocache=1&sanitize=0&v=d8213105a7083aec18c9bce3596dddd0&testmode=0&parent=https%3A%2F%2Flocalhost%3A9443&mid=0" "Mozilla/5.0 (Windows NT 6.2; WOW64; rv:33.0) Gecko/20100101 Firefox/33.0"
127.0.0.1 - - [11/Dec/2014:09:31:33 +0530] "GET /portal/gadgets/show-assets/font/Lato-Regular.ttf HTTP/1.1" 404 905 "-" "Apache Shindig"
127.0.0.1 - - [11/Dec/2014:09:31:33 +0530] "GET /portal/gadgets/show-assets/css/styles.css HTTP/1.1" 200 2083 "-" "Apache Shindig"
127.0.0.1 - - [11/Dec/2014:09:31:33 +0530] "GET /portal/gadgets/show-assets/img/icons-sprite.png HTTP/1.1" 200 11476 "-" "Apache Shindig"
127.0.0.1 - - [11/Dec/2014:09:31:33 +0530] "GET /portal/gadgets/show-assets/img/banner-bg-pattern.jpg HTTP/1.1" 200 5203 "-" "Apache Shindig"
0:0:0:0:0:0:0:1 - - [11/Dec/2014:09:31:33 +0530] "GET //gadgets/proxy?container=default&gadget=http%3A%2F%2Flocalhost%3A9763%2Fportal%2Fgadgets%2Fshow-assets%2Fcss%2Fstyles.css&debug=0&nocache=1&url=http%3A%2F%2Flocalhost%3A9763%2Fportal%2Fgadgets%2Fshow-assets%2Ffont%2FLato-Regular.ttf HTTP/1.1" 304 - "https://localhost:9443//gadgets/concat?container=default&gadget=http%3A%2F%2Flocalhost%3A9763%2Fportal%2Fgadgets%2Fshow-assets%2Fshow-assets.xml&debug=1&nocache=1&type=css&1=http%3A%2F%2Flocalhost%3A9763%2Fportal%2Fgadgets%2Fshow-assets%2Fcss%2Fbootstrap.min.css&2=http%3A%2F%2Flocalhost%3A9763%2Fportal%2Fgadgets%2Fshow-assets%2Fcss%2Fstyles.css" "Mozilla/5.0 (Windows NT 6.2; WOW64; rv:33.0) Gecko/20100101 Firefox/33.0"
127.0.0.1 - - [11/Dec/2014:09:31:33 +0530] "GET /portal/gadgets/show-assets/css/styles.css HTTP/1.1" 200 2083 "-" "Apache Shindig"
127.0.0.1 - - [11/Dec/2014:09:31:33 +0530] "GET /portal/gadgets/show-assets/css/styles.css HTTP/1.1" 200 2083 "-" "Apache Shindig"
0:0:0:0:0:0:0:1 - - [11/Dec/2014:09:31:33 +0530] "GET //gadgets/proxy?container=default&gadget=http%3A%2F%2Flocalhost%3A9763%2Fportal%2Fgadgets%2Fshow-assets%2Fcss%2Fstyles.css&debug=0&nocache=1&url=http%3A%2F%2Flocalhost%3A9763%2Fportal%2Fgadgets%2Fshow-assets%2Fimg%2Ficons-sprite.png HTTP/1.1" 304 - "https://localhost:9443//gadgets/concat?container=default&gadget=http%3A%2F%2Flocalhost%3A9763%2Fportal%2Fgadgets%2Fshow-assets%2Fshow-assets.xml&debug=1&nocache=1&type=css&1=http%3A%2F%2Flocalhost%3A9763%2Fportal%2Fgadgets%2Fshow-assets%2Fcss%2Fbootstrap.min.css&2=http%3A%2F%2Flocalhost%3A9763%2Fportal%2Fgadgets%2Fshow-assets%2Fcss%2Fstyles.css" "Mozilla/5.0 (Windows NT 6.2; WOW64; rv:33.0) Gecko/20100101 Firefox/33.0"
0:0:0:0:0:0:0:1 - - [11/Dec/2014:09:31:33 +0530] "GET //gadgets/proxy?container=default&gadget=http%3A%2F%2Flocalhost%3A9763%2Fportal%2Fgadgets%2Fshow-assets%2Fcss%2Fstyles.css&debug=0&nocache=1&url=http%3A%2F%2Flocalhost%3A9763%2Fportal%2Fgadgets%2Fshow-assets%2Fimg%2Fbanner-bg-pattern.jpg HTTP/1.1" 304 - "https://localhost:9443//gadgets/concat?container=default&gadget=http%3A%2F%2Flocalhost%3A9763%2Fportal%2Fgadgets%2Fshow-assets%2Fshow-assets.xml&debug=1&nocache=1&type=css&1=http%3A%2F%2Flocalhost%3A9763%2Fportal%2Fgadgets%2Fshow-assets%2Fcss%2Fbootstrap.min.css&2=http%3A%2F%2Flocalhost%3A9763%2Fportal%2Fgadgets%2Fshow-assets%2Fcss%2Fstyles.css" "Mozilla/5.0 (Windows NT 6.2; WOW64; rv:33.0) Gecko/20100101 Firefox/33.0"
0:0:0:0:0:0:0:1 - - [11/Dec/2014:09:31:35 +0530] "GET /store/apis/asset/gadget HTTP/1.1" 200 11225 "https://localhost:9443//gadgets/ifr?url=http%3A%2F%2Flocalhost%3A9763%2Fportal%2Fgadgets%2Fshow-assets%2Fshow-assets.xml&container=default&view=default&lang=en&country=US&debug=1&nocache=1&sanitize=0&v=d8213105a7083aec18c9bce3596dddd0&testmode=0&parent=https%3A%2F%2Flocalhost%3A9443&mid=0" "Mozilla/5.0 (Windows NT 6.2; WOW64; rv:33.0) Gecko/20100101 Firefox/33.0"
0:0:0:0:0:0:0:1 - - [11/Dec/2014:09:31:36 +0530] "GET /store/apis/asset/gadget?id=%2F_system%2Fgovernance%2Fgadgets%2Fadmin%2FPublications+-+People%2F1.0.0 HTTP/1.1" 200 839 "https://localhost:9443//gadgets/ifr?url=http%3A%2F%2Flocalhost%3A9763%2Fportal%2Fgadgets%2Fshow-assets%2Fshow-assets.xml&container=default&view=default&lang=en&country=US&debug=1&nocache=1&sanitize=0&v=d8213105a7083aec18c9bce3596dddd0&testmode=0&parent=https%3A%2F%2Flocalhost%3A9443&mid=0" "Mozilla/5.0 (Windows NT 6.2; WOW64; rv:33.0) Gecko/20100101 Firefox/33.0"
0:0:0:0:0:0:0:1 - - [11/Dec/2014:09:31:36 +0530] "GET /store/apis/asset/gadget?id=%2F_system%2Fgovernance%2Fgadgets%2Fadmin%2FGII+2013+-+Human+Capital+%26+Research%2F1.0.0 HTTP/1.1" 200 926 "https://localhost:9443//gadgets/ifr?url=http%3A%2F%2Flocalhost%3A9763%2Fportal%2Fgadgets%2Fshow-assets%2Fshow-assets.xml&container=default&view=default&lang=en&country=US&debug=1&nocache=1&sanitize=0&v=d8213105a7083aec18c9bce3596dddd0&testmode=0&parent=https%3A%2F%2Flocalhost%3A9443&mid=0" "Mozilla/5.0 (Windows NT 6.2; WOW64; rv:33.0) Gecko/20100101 Firefox/33.0"
0:0:0:0:0:0:0:1 - - [11/Dec/2014:09:31:36 +0530] "GET /store/apis/asset/gadget?id=%2F_system%2Fgovernance%2Fgadgets%2Fadmin%2FPeople+-+Organizations%2F1.0.0 HTTP/1.1" 200 833 "https://localhost:9443//gadgets/ifr?url=http%3A%2F%2Flocalhost%3A9763%2Fportal%2Fgadgets%2Fshow-assets%2Fshow-assets.xml&container=default&view=default&lang=en&country=US&debug=1&nocache=1&sanitize=0&v=d8213105a7083aec18c9bce3596dddd0&testmode=0&parent=https%3A%2F%2Flocalhost%3A9443&mid=0" "Mozilla/5.0 (Windows NT 6.2; WOW64; rv:33.0) Gecko/20100101 Firefox/33.0"
0:0:0:0:0:0:0:1 - - [11/Dec/2014:09:31:36 +0530] "GET /store/apis/asset/gadget?id=%2F_system%2Fgovernance%2Fgadgets%2Fadmin%2FPeople+-+Interests%2F1.0.0 HTTP/1.1" 200 903 "https://localhost:9443//gadgets/ifr?url=http%3A%2F%2Flocalhost%3A9763%2Fportal%2Fgadgets%2Fshow-assets%2Fshow-assets.xml&container=default&view=default&lang=en&country=US&debug=1&nocache=1&sanitize=0&v=d8213105a7083aec18c9bce3596dddd0&testmode=0&parent=https%3A%2F%2Flocalhost%3A9443&mid=0" "Mozilla/5.0 (Windows NT 6.2; WOW64; rv:33.0) Gecko/20100101 Firefox/33.0"
0:0:0:0:0:0:0:1 - - [11/Dec/2014:09:31:36 +0530] "GET /store/apis/asset/gadget?id=%2F_system%2Fgovernance%2Fgadgets%2Fadmin%2FGII+2013+-+Business+sophistication%2F1.0.0 HTTP/1.1" 200 929 "https://localhost:9443//gadgets/ifr?url=http%3A%2F%2Flocalhost%3A9763%2Fportal%2Fgadgets%2Fshow-assets%2Fshow-assets.xml&container=default&view=default&lang=en&country=US&debug=1&nocache=1&sanitize=0&v=d8213105a7083aec18c9bce3596dddd0&testmode=0&parent=https%3A%2F%2Flocalhost%3A9443&mid=0" "Mozilla/5.0 (Windows NT 6.2; WOW64; rv:33.0) Gecko/20100101 Firefox/33.0"
0:0:0:0:0:0:0:1 - - [11/Dec/2014:09:31:36 +0530] "GET /store/apis/asset/gadget?id=%2F_system%2Fgovernance%2Fgadgets%2Fadmin%2FGII+2013+-+Creative+outputs%2F1.0.0 HTTP/1.1" 200 880 "https://localhost:9443//gadgets/ifr?url=http%3A%2F%2Flocalhost%3A9763%2Fportal%2Fgadgets%2Fshow-assets%2Fshow-assets.xml&container=default&view=default&lang=en&country=US&debug=1&nocache=1&sanitize=0&v=d8213105a7083aec18c9bce3596dddd0&testmode=0&parent=https%3A%2F%2Flocalhost%3A9443&mid=0" "Mozilla/5.0 (Windows NT 6.2; WOW64; rv:33.0) Gecko/20100101 Firefox/33.0"
0:0:0:0:0:0:0:1 - - [11/Dec/2014:09:31:36 +0530] "GET /portal/gadgets/publications-people/thumbnail.jpg HTTP/1.1" 200 47529 "-" "Mozilla/5.0 (Windows NT 6.2; WOW64; rv:33.0) Gecko/20100101 Firefox/33.0"
0:0:0:0:0:0:0:1 - - [11/Dec/2014:09:31:36 +0530] "GET /portal/gadgets/people-interests/thumbnail.jpg HTTP/1.1" 200 34170 "-" "Mozilla/5.0 (Windows NT 6.2; WOW64; rv:33.0) Gecko/20100101 Firefox/33.0"
0:0:0:0:0:0:0:1 - - [11/Dec/2014:09:31:36 +0530] "GET /store/apis/asset/gadget?id=%2F_system%2Fgovernance%2Fgadgets%2Fadmin%2FGII+2013+-+Institutions%2F1.0.0 HTTP/1.1" 200 852 "https://localhost:9443//gadgets/ifr?url=http%3A%2F%2Flocalhost%3A9763%2Fportal%2Fgadgets%2Fshow-assets%2Fshow-assets.xml&container=default&view=default&lang=en&country=US&debug=1&nocache=1&sanitize=0&v=d8213105a7083aec18c9bce3596dddd0&testmode=0&parent=https%3A%2F%2Flocalhost%3A9443&mid=0" "Mozilla/5.0 (Windows NT 6.2; WOW64; rv:33.0) Gecko/20100101 Firefox/33.0"
0:0:0:0:0:0:0:1 - - [11/Dec/2014:09:31:36 +0530] "GET /store/apis/asset/gadget?id=%2F_system%2Fgovernance%2Fgadgets%2Fadmin%2FGII+2013+-+Knowledge+%26+technology+outputs%2F1.0.0 HTTP/1.1" 200 968 "https://localhost:9443//gadgets/ifr?url=http%3A%2F%2Flocalhost%3A9763%2Fportal%2Fgadgets%2Fshow-assets%2Fshow-assets.xml&container=default&view=default&lang=en&country=US&debug=1&nocache=1&sanitize=0&v=d8213105a7083aec18c9bce3596dddd0&testmode=0&parent=https%3A%2F%2Flocalhost%3A9443&mid=0" "Mozilla/5.0 (Windows NT 6.2; WOW64; rv:33.0) Gecko/20100101 Firefox/33.0"
0:0:0:0:0:0:0:1 - - [11/Dec/2014:09:31:36 +0530] "GET /store/apis/asset/gadget?id=%2F_system%2Fgovernance%2Fgadgets%2Fadmin%2FGII+2013+-+Market+sophistication%2F1.0.0 HTTP/1.1" 200 915 "https://localhost:9443//gadgets/ifr?url=http%3A%2F%2Flocalhost%3A9763%2Fportal%2Fgadgets%2Fshow-assets%2Fshow-assets.xml&container=default&view=default&lang=en&country=US&debug=1&nocache=1&sanitize=0&v=d8213105a7083aec18c9bce3596dddd0&testmode=0&parent=https%3A%2F%2Flocalhost%3A9443&mid=0" "Mozilla/5.0 (Windows NT 6.2; WOW64; rv:33.0) Gecko/20100101 Firefox/33.0"
0:0:0:0:0:0:0:1 - - [11/Dec/2014:09:31:36 +0530] "GET /portal/gadgets/people-organizations/thumbnail.jpg HTTP/1.1" 200 43717 "-" "Mozilla/5.0 (Windows NT 6.2; WOW64; rv:33.0) Gecko/20100101 Firefox/33.0"
0:0:0:0:0:0:0:1 - - [11/Dec/2014:09:31:36 +0530] "GET /store/apis/asset/gadget?id=%2F_system%2Fgovernance%2Fgadgets%2Fadmin%2FGII+2013+-+Infrastructure%2F1.0.0 HTTP/1.1" 200 866 "https://localhost:9443//gadgets/ifr?url=http%3A%2F%2Flocalhost%3A9763%2Fportal%2Fgadgets%2Fshow-assets%2Fshow-assets.xml&container=default&view=default&lang=en&country=US&debug=1&nocache=1&sanitize=0&v=d8213105a7083aec18c9bce3596dddd0&testmode=0&parent=https%3A%2F%2Flocalhost%3A9443&mid=0" "Mozilla/5.0 (Windows NT 6.2; WOW64; rv:33.0) Gecko/20100101 Firefox/33.0"
0:0:0:0:0:0:0:1 - - [11/Dec/2014:09:31:37 +0530] "GET /store/apis/asset/gadget?id=%2F_system%2Fgovernance%2Fgadgets%2Fadmin%2FGlobal+Innovation+Index+2013%2F1.0.0 HTTP/1.1" 200 1147 "https://localhost:9443//gadgets/ifr?url=http%3A%2F%2Flocalhost%3A9763%2Fportal%2Fgadgets%2Fshow-assets%2Fshow-assets.xml&container=default&view=default&lang=en&country=US&debug=1&nocache=1&sanitize=0&v=d8213105a7083aec18c9bce3596dddd0&testmode=0&parent=https%3A%2F%2Flocalhost%3A9443&mid=0" "Mozilla/5.0 (Windows NT 6.2; WOW64; rv:33.0) Gecko/20100101 Firefox/33.0"
0:0:0:0:0:0:0:1 - - [11/Dec/2014:09:31:37 +0530] "GET /store/apis/asset/gadget?id=%2F_system%2Fgovernance%2Fgadgets%2Fadmin%2FOrganizations+and+Institutes%2F1.0.0 HTTP/1.1" 200 847 "https://localhost:9443//gadgets/ifr?url=http%3A%2F%2Flocalhost%3A9763%2Fportal%2Fgadgets%2Fshow-assets%2Fshow-assets.xml&container=default&view=default&lang=en&country=US&debug=1&nocache=1&sanitize=0&v=d8213105a7083aec18c9bce3596dddd0&testmode=0&parent=https%3A%2F%2Flocalhost%3A9443&mid=0" "Mozilla/5.0 (Windows NT 6.2; WOW64; rv:33.0) Gecko/20100101 Firefox/33.0"
0:0:0:0:0:0:0:1 - - [11/Dec/2014:09:31:40 +0530] "POST //rpc?st=-1%3A-1%3A*%3A*%3A*%3A0%3Adefault HTTP/1.1" 200 1387 "https://localhost:9443/userdashboard/" "Mozilla/5.0 (Windows NT 6.2; WOW64; rv:33.0) Gecko/20100101 Firefox/33.0"
127.0.0.1 - - [11/Dec/2014:09:31:40 +0530] "GET /portal/gadgets/publications-people/publications-people.xml HTTP/1.1" 200 1254 "-" "Apache Shindig"
0:0:0:0:0:0:0:1 - - [11/Dec/2014:09:31:40 +0530] "GET //gadgets/ifr?url=http%3A%2F%2Flocalhost%3A9763%2Fportal%2Fgadgets%2Fpublications-people%2Fpublications-people.xml&container=default&view=default&lang=en&country=US&debug=1&nocache=1&sanitize=0&v=d8213105a7083aec18c9bce3596dddd0&testmode=0&parent=https%3A%2F%2Flocalhost%3A9443&mid=0 HTTP/1.1" 304 - "https://localhost:9443/userdashboard/" "Mozilla/5.0 (Windows NT 6.2; WOW64; rv:33.0) Gecko/20100101 Firefox/33.0"
127.0.0.1 - - [11/Dec/2014:09:31:40 +0530] "GET /portal/gadgets/publications-people/css/styles.css HTTP/1.1" 200 424 "-" "Apache Shindig"
127.0.0.1 - - [11/Dec/2014:09:31:40 +0530] "GET /portal/themes/portal/css/flot-graph.css HTTP/1.1" 200 1294 "-" "Apache Shindig"
127.0.0.1 - - [11/Dec/2014:09:31:40 +0530] "GET /portal/gadgets/publications-people/jslider/css/jslider.round.css HTTP/1.1" 200 221 "-" "Apache Shindig"
127.0.0.1 - - [11/Dec/2014:09:31:40 +0530] "GET /portal/gadgets/publications-people/jslider/css/jslider.round.plastic.css HTTP/1.1" 200 253 "-" "Apache Shindig"
127.0.0.1 - - [11/Dec/2014:09:31:40 +0530] "GET /portal/gadgets/publications-people/jslider/css/jslider.css HTTP/1.1" 200 739 "-" "Apache Shindig"
127.0.0.1 - - [11/Dec/2014:09:31:40 +0530] "GET /portal/gadgets/publications-people/jslider/css/jslider.blue.css HTTP/1.1" 200 122 "-" "Apache Shindig"
127.0.0.1 - - [11/Dec/2014:09:31:40 +0530] "GET /portal/gadgets/publications-people/jslider/css/jslider.plastic.css HTTP/1.1" 200 129 "-" "Apache Shindig"
127.0.0.1 - - [11/Dec/2014:09:31:40 +0530] "GET /portal/themes/portal/css/bootstrap.min.css HTTP/1.1" 200 18779 "-" "Apache Shindig"
127.0.0.1 - - [11/Dec/2014:09:31:40 +0530] "GET /portal/gadgets/publications-people/publications-people.xml HTTP/1.1" 200 1254 "-" "Apache Shindig"
127.0.0.1 - - [11/Dec/2014:09:31:40 +0530] "GET /portal/gadgets/publications-people/publications-people.xml HTTP/1.1" 200 1254 "-" "Apache Shindig"
127.0.0.1 - - [11/Dec/2014:09:31:40 +0530] "GET /portal/gadgets/publications-people/publications-people.xml HTTP/1.1" 200 1254 "-" "Apache Shindig"
127.0.0.1 - - [11/Dec/2014:09:31:40 +0530] "GET /portal/gadgets/publications-people/publications-people.xml HTTP/1.1" 200 1254 "-" "Apache Shindig"
127.0.0.1 - - [11/Dec/2014:09:31:40 +0530] "GET /portal/gadgets/publications-people/publications-people.xml HTTP/1.1" 200 1254 "-" "Apache Shindig"
127.0.0.1 - - [11/Dec/2014:09:31:40 +0530] "GET /portal/gadgets/publications-people/publications-people.xml HTTP/1.1" 200 1254 "-" "Apache Shindig"
127.0.0.1 - - [11/Dec/2014:09:31:41 +0530] "GET /portal/gadgets/publications-people/publications-people.xml HTTP/1.1" 200 1254 "-" "Apache Shindig"
127.0.0.1 - - [11/Dec/2014:09:31:41 +0530] "GET /portal/gadgets/publications-people/publications-people.xml HTTP/1.1" 200 1254 "-" "Apache Shindig"
0:0:0:0:0:0:0:1 - - [11/Dec/2014:09:31:41 +0530] "GET //gadgets/concat?container=default&gadget=http%3A%2F%2Flocalhost%3A9763%2Fportal%2Fgadgets%2Fpublications-people%2Fpublications-people.xml&debug=1&nocache=1&type=css&1=http%3A%2F%2Flocalhost%3A9763%2Fportal%2Fthemes%2Fportal%2Fcss%2Fflot-graph.css&2=http%3A%2F%2Flocalhost%3A9763%2Fportal%2Fthemes%2Fportal%2Fcss%2Fbootstrap.min.css&3=http%3A%2F%2Flocalhost%3A9763%2Fportal%2Fgadgets%2Fpublications-people%2Fcss%2Fstyles.css&4=http%3A%2F%2Flocalhost%3A9763%2Fportal%2Fgadgets%2Fpublications-people%2Fjslider%2Fcss%2Fjslider.css&5=http%3A%2F%2Flocalhost%3A9763%2Fportal%2Fgadgets%2Fpublications-people%2Fjslider%2Fcss%2Fjslider.blue.css&6=http%3A%2F%2Flocalhost%3A9763%2Fportal%2Fgadgets%2Fpublications-people%2Fjslider%2Fcss%2Fjslider.plastic.css&7=http%3A%2F%2Flocalhost%3A9763%2Fportal%2Fgadgets%2Fpublications-people%2Fjslider%2Fcss%2Fjslider.round.css&8=http%3A%2F%2Flocalhost%3A9763%2Fportal%2Fgadgets%2Fpublications-people%2Fjslider%2Fcss%2Fjslider.round.plastic.css HTTP/1.1" 304 - "https://localhost:9443//gadgets/ifr?url=http%3A%2F%2Flocalhost%3A9763%2Fportal%2Fgadgets%2Fpublications-people%2Fpublications-people.xml&container=default&view=default&lang=en&country=US&debug=1&nocache=1&sanitize=0&v=d8213105a7083aec18c9bce3596dddd0&testmode=0&parent=https%3A%2F%2Flocalhost%3A9443&mid=0" "Mozilla/5.0 (Windows NT 6.2; WOW64; rv:33.0) Gecko/20100101 Firefox/33.0"
127.0.0.1 - - [11/Dec/2014:09:31:41 +0530] "GET /portal/gadgets/publications-people/js/LineChart.js HTTP/1.1" 200 2833 "-" "Apache Shindig"
127.0.0.1 - - [11/Dec/2014:09:31:41 +0530] "GET /portal/gadgets/publications-people/js/BarChart.js HTTP/1.1" 200 2831 "-" "Apache Shindig"
127.0.0.1 - - [11/Dec/2014:09:31:41 +0530] "GET /portal/gadgets/publications-people/js/jquery-1.11.1.min.js HTTP/1.1" 200 33747 "-" "Apache Shindig"
127.0.0.1 - - [11/Dec/2014:09:31:41 +0530] "GET /portal/gadgets/publications-people/jslider/js/draggable-0.1.js HTTP/1.1" 200 1371 "-" "Apache Shindig"
127.0.0.1 - - [11/Dec/2014:09:31:41 +0530] "GET /portal/gadgets/publications-people/jslider/js/jquery.numberformatter-1.2.3.js HTTP/1.1" 200 4811 "-" "Apache Shindig"
127.0.0.1 - - [11/Dec/2014:09:31:41 +0530] "GET /portal/gadgets/publications-people/jslider/js/jquery.slider.js HTTP/1.1" 200 4882 "-" "Apache Shindig"
127.0.0.1 - - [11/Dec/2014:09:31:41 +0530] "GET /portal/gadgets/publications-people/jslider/js/jquery.dependClass-0.1.js HTTP/1.1" 200 1467 "-" "Apache Shindig"
127.0.0.1 - - [11/Dec/2014:09:31:41 +0530] "GET /portal/gadgets/publications-people/js/PieChart.js HTTP/1.1" 200 2566 "-" "Apache Shindig"
127.0.0.1 - - [11/Dec/2014:09:31:41 +0530] "GET /portal/gadgets/publications-people/js/publications-people-core.js HTTP/1.1" 200 3149 "-" "Apache Shindig"
127.0.0.1 - - [11/Dec/2014:09:31:41 +0530] "GET /portal/gadgets/publications-people/jslider/js/tmpl.js HTTP/1.1" 200 1229 "-" "Apache Shindig"
127.0.0.1 - - [11/Dec/2014:09:31:41 +0530] "GET /portal/gadgets/publications-people/js/d3.min.js HTTP/1.1" 200 52017 "-" "Apache Shindig"
127.0.0.1 - - [11/Dec/2014:09:31:41 +0530] "GET /portal/gadgets/publications-people/jslider/js/jshashtable-2.1_src.js HTTP/1.1" 200 3039 "-" "Apache Shindig"
127.0.0.1 - - [11/Dec/2014:09:31:41 +0530] "GET /portal/gadgets/publications-people/publications-people.xml HTTP/1.1" 200 1254 "-" "Apache Shindig"
127.0.0.1 - - [11/Dec/2014:09:31:41 +0530] "GET /portal/gadgets/publications-people/publications-people.xml HTTP/1.1" 200 1254 "-" "Apache Shindig"
127.0.0.1 - - [11/Dec/2014:09:31:41 +0530] "GET /portal/gadgets/publications-people/publications-people.xml HTTP/1.1" 200 1254 "-" "Apache Shindig"
127.0.0.1 - - [11/Dec/2014:09:31:41 +0530] "GET /portal/gadgets/publications-people/publications-people.xml HTTP/1.1" 200 1254 "-" "Apache Shindig"
127.0.0.1 - - [11/Dec/2014:09:31:41 +0530] "GET /portal/gadgets/publications-people/publications-people.xml HTTP/1.1" 200 1254 "-" "Apache Shindig"
127.0.0.1 - - [11/Dec/2014:09:31:41 +0530] "GET /portal/gadgets/publications-people/publications-people.xml HTTP/1.1" 200 1254 "-" "Apache Shindig"
127.0.0.1 - - [11/Dec/2014:09:31:41 +0530] "GET /portal/gadgets/publications-people/publications-people.xml HTTP/1.1" 200 1254 "-" "Apache Shindig"
127.0.0.1 - - [11/Dec/2014:09:31:41 +0530] "GET /portal/gadgets/publications-people/publications-people.xml HTTP/1.1" 200 1254 "-" "Apache Shindig"
127.0.0.1 - - [11/Dec/2014:09:31:41 +0530] "GET /portal/gadgets/publications-people/publications-people.xml HTTP/1.1" 200 1254 "-" "Apache Shindig"
127.0.0.1 - - [11/Dec/2014:09:31:41 +0530] "GET /portal/gadgets/publications-people/publications-people.xml HTTP/1.1" 200 1254 "-" "Apache Shindig"
127.0.0.1 - - [11/Dec/2014:09:31:41 +0530] "GET /portal/gadgets/publications-people/publications-people.xml HTTP/1.1" 200 1254 "-" "Apache Shindig"
127.0.0.1 - - [11/Dec/2014:09:31:41 +0530] "GET /portal/gadgets/publications-people/publications-people.xml HTTP/1.1" 200 1254 "-" "Apache Shindig"
0:0:0:0:0:0:0:1 - - [11/Dec/2014:09:31:41 +0530] "GET //gadgets/concat?container=default&gadget=http%3A%2F%2Flocalhost%3A9763%2Fportal%2Fgadgets%2Fpublications-people%2Fpublications-people.xml&debug=1&nocache=1&type=js&1=http%3A%2F%2Flocalhost%3A9763%2Fportal%2Fgadgets%2Fpublications-people%2Fjs%2Fjquery-1.11.1.min.js&2=http%3A%2F%2Flocalhost%3A9763%2Fportal%2Fgadgets%2Fpublications-people%2Fjs%2Fd3.min.js&3=http%3A%2F%2Flocalhost%3A9763%2Fportal%2Fgadgets%2Fpublications-people%2Fjslider%2Fjs%2Fjshashtable-2.1_src.js&4=http%3A%2F%2Flocalhost%3A9763%2Fportal%2Fgadgets%2Fpublications-people%2Fjslider%2Fjs%2Fjquery.numberformatter-1.2.3.js&5=http%3A%2F%2Flocalhost%3A9763%2Fportal%2Fgadgets%2Fpublications-people%2Fjslider%2Fjs%2Ftmpl.js&6=http%3A%2F%2Flocalhost%3A9763%2Fportal%2Fgadgets%2Fpublications-people%2Fjslider%2Fjs%2Fjquery.dependClass-0.1.js&7=http%3A%2F%2Flocalhost%3A9763%2Fportal%2Fgadgets%2Fpublications-people%2Fjslider%2Fjs%2Fdraggable-0.1.js&8=http%3A%2F%2Flocalhost%3A9763%2Fportal%2Fgadgets%2Fpublications-people%2Fjslider%2Fjs%2Fjquery.slider.js&9=http%3A%2F%2Flocalhost%3A9763%2Fportal%2Fgadgets%2Fpublications-people%2Fjs%2FBarChart.js&10=http%3A%2F%2Flocalhost%3A9763%2Fportal%2Fgadgets%2Fpublications-people%2Fjs%2FLineChart.js&11=http%3A%2F%2Flocalhost%3A9763%2Fportal%2Fgadgets%2Fpublications-people%2Fjs%2FPieChart.js&12=http%3A%2F%2Flocalhost%3A9763%2Fportal%2Fgadgets%2Fpublications-people%2Fjs%2Fpublications-people-core.js HTTP/1.1" 304 - "https://localhost:9443//gadgets/ifr?url=http%3A%2F%2Flocalhost%3A9763%2Fportal%2Fgadgets%2Fpublications-people%2Fpublications-people.xml&container=default&view=default&lang=en&country=US&debug=1&nocache=1&sanitize=0&v=d8213105a7083aec18c9bce3596dddd0&testmode=0&parent=https%3A%2F%2Flocalhost%3A9443&mid=0" "Mozilla/5.0 (Windows NT 6.2; WOW64; rv:33.0) Gecko/20100101 Firefox/33.0"
0:0:0:0:0:0:0:1 - - [11/Dec/2014:09:31:42 +0530] "GET /portal/gadgets/publications-people/data-files/aoi-data.jag HTTP/1.1" 200 3211 "https://localhost:9443//gadgets/ifr?url=http%3A%2F%2Flocalhost%3A9763%2Fportal%2Fgadgets%2Fpublications-people%2Fpublications-people.xml&container=default&view=default&lang=en&country=US&debug=1&nocache=1&sanitize=0&v=d8213105a7083aec18c9bce3596dddd0&testmode=0&parent=https%3A%2F%2Flocalhost%3A9443&mid=0" "Mozilla/5.0 (Windows NT 6.2; WOW64; rv:33.0) Gecko/20100101 Firefox/33.0"
0:0:0:0:0:0:0:1 - - [11/Dec/2014:09:31:42 +0530] "GET /portal/gadgets/publications-people/data-files/publications-people-data.jag?pid=&aoiId=0&saoiId=0&ssaoiId=0 HTTP/1.1" 200 1291 "https://localhost:9443//gadgets/ifr?url=http%3A%2F%2Flocalhost%3A9763%2Fportal%2Fgadgets%2Fpublications-people%2Fpublications-people.xml&container=default&view=default&lang=en&country=US&debug=1&nocache=1&sanitize=0&v=d8213105a7083aec18c9bce3596dddd0&testmode=0&parent=https%3A%2F%2Flocalhost%3A9443&mid=0" "Mozilla/5.0 (Windows NT 6.2; WOW64; rv:33.0) Gecko/20100101 Firefox/33.0"
127.0.0.1 - - [11/Dec/2014:09:31:42 +0530] "GET /portal/gadgets/publications-people/jslider/img/jslider.round.plastic.png HTTP/1.1" 200 1956 "-" "Apache Shindig"
127.0.0.1 - - [11/Dec/2014:09:31:42 +0530] "GET /portal/gadgets/publications-people/jslider/css/jslider.round.plastic.css HTTP/1.1" 200 253 "-" "Apache Shindig"
0:0:0:0:0:0:0:1 - - [11/Dec/2014:09:31:42 +0530] "GET //gadgets/proxy?container=default&gadget=http%3A%2F%2Flocalhost%3A9763%2Fportal%2Fgadgets%2Fpublications-people%2Fjslider%2Fcss%2Fjslider.round.plastic.css&debug=0&nocache=1&url=http%3A%2F%2Flocalhost%3A9763%2Fportal%2Fgadgets%2Fpublications-people%2Fjslider%2Fimg%2Fjslider.round.plastic.png HTTP/1.1" 304 - "https://localhost:9443//gadgets/concat?container=default&gadget=http%3A%2F%2Flocalhost%3A9763%2Fportal%2Fgadgets%2Fpublications-people%2Fpublications-people.xml&debug=1&nocache=1&type=css&1=http%3A%2F%2Flocalhost%3A9763%2Fportal%2Fthemes%2Fportal%2Fcss%2Fflot-graph.css&2=http%3A%2F%2Flocalhost%3A9763%2Fportal%2Fthemes%2Fportal%2Fcss%2Fbootstrap.min.css&3=http%3A%2F%2Flocalhost%3A9763%2Fportal%2Fgadgets%2Fpublications-people%2Fcss%2Fstyles.css&4=http%3A%2F%2Flocalhost%3A9763%2Fportal%2Fgadgets%2Fpublications-people%2Fjslider%2Fcss%2Fjslider.css&5=http%3A%2F%2Flocalhost%3A9763%2Fportal%2Fgadgets%2Fpublications-people%2Fjslider%2Fcss%2Fjslider.blue.css&6=http%3A%2F%2Flocalhost%3A9763%2Fportal%2Fgadgets%2Fpublications-people%2Fjslider%2Fcss%2Fjslider.plastic.css&7=http%3A%2F%2Flocalhost%3A9763%2Fportal%2Fgadgets%2Fpublications-people%2Fjslider%2Fcss%2Fjslider.round.css&8=http%3A%2F%2Flocalhost%3A9763%2Fportal%2Fgadgets%2Fpublications-people%2Fjslider%2Fcss%2Fjslider.round.plastic.css" "Mozilla/5.0 (Windows NT 6.2; WOW64; rv:33.0) Gecko/20100101 Firefox/33.0"
127.0.0.1 - - [11/Dec/2014:09:31:59 +0530] "GET /portal/gadgets/show-assets/font/Lato-Regular.ttf HTTP/1.1" 404 905 "-" "Apache Shindig"
127.0.0.1 - - [11/Dec/2014:09:31:59 +0530] "GET /portal/gadgets/show-assets/css/styles.css HTTP/1.1" 200 2083 "-" "Apache Shindig"
0:0:0:0:0:0:0:1 - - [11/Dec/2014:09:31:59 +0530] "GET //gadgets/proxy?container=default&gadget=http%3A%2F%2Flocalhost%3A9763%2Fportal%2Fgadgets%2Fshow-assets%2Fcss%2Fstyles.css&debug=0&nocache=1&url=http%3A%2F%2Flocalhost%3A9763%2Fportal%2Fgadgets%2Fshow-assets%2Ffont%2FLato-Regular.ttf HTTP/1.1" 304 - "https://localhost:9443//gadgets/concat?container=default&gadget=http%3A%2F%2Flocalhost%3A9763%2Fportal%2Fgadgets%2Fshow-assets%2Fshow-assets.xml&debug=1&nocache=1&type=css&1=http%3A%2F%2Flocalhost%3A9763%2Fportal%2Fgadgets%2Fshow-assets%2Fcss%2Fbootstrap.min.css&2=http%3A%2F%2Flocalhost%3A9763%2Fportal%2Fgadgets%2Fshow-assets%2Fcss%2Fstyles.css" "Mozilla/5.0 (Windows NT 6.2; WOW64; rv:33.0) Gecko/20100101 Firefox/33.0"
0:0:0:0:0:0:0:1 - - [11/Dec/2014:09:32:09 +0530] "POST //rpc?st=-1%3A-1%3A*%3A*%3A*%3A0%3Adefault HTTP/1.1" 200 1657 "https://localhost:9443/userdashboard/" "Mozilla/5.0 (Windows NT 6.2; WOW64; rv:33.0) Gecko/20100101 Firefox/33.0"
127.0.0.1 - - [11/Dec/2014:09:32:09 +0530] "GET /portal/gadgets/global-innovation-index-2013/global-innovation-index-2013.xml HTTP/1.1" 200 1044 "-" "Apache Shindig"
0:0:0:0:0:0:0:1 - - [11/Dec/2014:09:32:09 +0530] "GET //gadgets/ifr?url=http%3A%2F%2Flocalhost%3A9763%2Fportal%2Fgadgets%2Fglobal-innovation-index-2013%2Fglobal-innovation-index-2013.xml&container=default&view=default&lang=en&country=US&debug=1&nocache=1&sanitize=0&v=d8213105a7083aec18c9bce3596dddd0&testmode=0&parent=https%3A%2F%2Flocalhost%3A9443&mid=0 HTTP/1.1" 304 - "https://localhost:9443/userdashboard/" "Mozilla/5.0 (Windows NT 6.2; WOW64; rv:33.0) Gecko/20100101 Firefox/33.0"
127.0.0.1 - - [11/Dec/2014:09:32:09 +0530] "GET /portal/themes/portal/css/flot-graph.css HTTP/1.1" 200 1294 "-" "Apache Shindig"
127.0.0.1 - - [11/Dec/2014:09:32:09 +0530] "GET /portal/gadgets/global-innovation-index-2013/css/global-innovation-index-2013.css HTTP/1.1" 200 279 "-" "Apache Shindig"
127.0.0.1 - - [11/Dec/2014:09:32:09 +0530] "GET /portal/themes/portal/css/bootstrap.min.css HTTP/1.1" 200 18779 "-" "Apache Shindig"
127.0.0.1 - - [11/Dec/2014:09:32:09 +0530] "GET /portal/gadgets/global-innovation-index-2013/global-innovation-index-2013.xml HTTP/1.1" 200 1044 "-" "Apache Shindig"
127.0.0.1 - - [11/Dec/2014:09:32:09 +0530] "GET /portal/gadgets/global-innovation-index-2013/global-innovation-index-2013.xml HTTP/1.1" 200 1044 "-" "Apache Shindig"
127.0.0.1 - - [11/Dec/2014:09:32:09 +0530] "GET /portal/gadgets/global-innovation-index-2013/global-innovation-index-2013.xml HTTP/1.1" 200 1044 "-" "Apache Shindig"
0:0:0:0:0:0:0:1 - - [11/Dec/2014:09:32:09 +0530] "GET //gadgets/concat?container=default&gadget=http%3A%2F%2Flocalhost%3A9763%2Fportal%2Fgadgets%2Fglobal-innovation-index-2013%2Fglobal-innovation-index-2013.xml&debug=1&nocache=1&type=css&1=http%3A%2F%2Flocalhost%3A9763%2Fportal%2Fthemes%2Fportal%2Fcss%2Fflot-graph.css&2=http%3A%2F%2Flocalhost%3A9763%2Fportal%2Fthemes%2Fportal%2Fcss%2Fbootstrap.min.css&3=http%3A%2F%2Flocalhost%3A9763%2Fportal%2Fgadgets%2Fglobal-innovation-index-2013%2Fcss%2Fglobal-innovation-index-2013.css HTTP/1.1" 304 - "https://localhost:9443//gadgets/ifr?url=http%3A%2F%2Flocalhost%3A9763%2Fportal%2Fgadgets%2Fglobal-innovation-index-2013%2Fglobal-innovation-index-2013.xml&container=default&view=default&lang=en&country=US&debug=1&nocache=1&sanitize=0&v=d8213105a7083aec18c9bce3596dddd0&testmode=0&parent=https%3A%2F%2Flocalhost%3A9443&mid=0" "Mozilla/5.0 (Windows NT 6.2; WOW64; rv:33.0) Gecko/20100101 Firefox/33.0"
127.0.0.1 - - [11/Dec/2014:09:32:09 +0530] "GET /portal/gadgets/global-innovation-index-2013/js/NormRadarChart.js HTTP/1.1" 200 4003 "-" "Apache Shindig"
127.0.0.1 - - [11/Dec/2014:09:32:09 +0530] "GET /portal/gadgets/global-innovation-index-2013/js/global-innovation-index-2013-core.js HTTP/1.1" 200 2124 "-" "Apache Shindig"
127.0.0.1 - - [11/Dec/2014:09:32:09 +0530] "GET /portal/gadgets/global-innovation-index-2013/js/GroupedBarChart.js HTTP/1.1" 200 4084 "-" "Apache Shindig"
127.0.0.1 - - [11/Dec/2014:09:32:09 +0530] "GET /portal/gadgets/global-innovation-index-2013/js/d3-options-radar.js HTTP/1.1" 404 905 "-" "Apache Shindig"
127.0.0.1 - - [11/Dec/2014:09:32:09 +0530] "GET /portal/gadgets/global-innovation-index-2013/js/jquery-1.11.1.min.js HTTP/1.1" 200 33747 "-" "Apache Shindig"
127.0.0.1 - - [11/Dec/2014:09:32:09 +0530] "GET /portal/gadgets/global-innovation-index-2013/js/d3.min.js HTTP/1.1" 200 52017 "-" "Apache Shindig"
127.0.0.1 - - [11/Dec/2014:09:32:09 +0530] "GET /portal/gadgets/global-innovation-index-2013/global-innovation-index-2013.xml HTTP/1.1" 200 1044 "-" "Apache Shindig"
127.0.0.1 - - [11/Dec/2014:09:32:10 +0530] "GET /portal/gadgets/global-innovation-index-2013/global-innovation-index-2013.xml HTTP/1.1" 200 1044 "-" "Apache Shindig"
127.0.0.1 - - [11/Dec/2014:09:32:10 +0530] "GET /portal/gadgets/global-innovation-index-2013/global-innovation-index-2013.xml HTTP/1.1" 200 1044 "-" "Apache Shindig"
127.0.0.1 - - [11/Dec/2014:09:32:10 +0530] "GET /portal/gadgets/global-innovation-index-2013/global-innovation-index-2013.xml HTTP/1.1" 200 1044 "-" "Apache Shindig"
127.0.0.1 - - [11/Dec/2014:09:32:10 +0530] "GET /portal/gadgets/global-innovation-index-2013/global-innovation-index-2013.xml HTTP/1.1" 200 1044 "-" "Apache Shindig"
127.0.0.1 - - [11/Dec/2014:09:32:10 +0530] "GET /portal/gadgets/global-innovation-index-2013/global-innovation-index-2013.xml HTTP/1.1" 200 1044 "-" "Apache Shindig"
0:0:0:0:0:0:0:1 - - [11/Dec/2014:09:32:10 +0530] "GET //gadgets/concat?container=default&gadget=http%3A%2F%2Flocalhost%3A9763%2Fportal%2Fgadgets%2Fglobal-innovation-index-2013%2Fglobal-innovation-index-2013.xml&debug=1&nocache=1&type=js&1=http%3A%2F%2Flocalhost%3A9763%2Fportal%2Fgadgets%2Fglobal-innovation-index-2013%2Fjs%2Fjquery-1.11.1.min.js&2=http%3A%2F%2Flocalhost%3A9763%2Fportal%2Fgadgets%2Fglobal-innovation-index-2013%2Fjs%2Fd3.min.js&3=http%3A%2F%2Flocalhost%3A9763%2Fportal%2Fgadgets%2Fglobal-innovation-index-2013%2Fjs%2FNormRadarChart.js&4=http%3A%2F%2Flocalhost%3A9763%2Fportal%2Fgadgets%2Fglobal-innovation-index-2013%2Fjs%2FGroupedBarChart.js&5=http%3A%2F%2Flocalhost%3A9763%2Fportal%2Fgadgets%2Fglobal-innovation-index-2013%2Fjs%2Fd3-options-radar.js&6=http%3A%2F%2Flocalhost%3A9763%2Fportal%2Fgadgets%2Fglobal-innovation-index-2013%2Fjs%2Fglobal-innovation-index-2013-core.js HTTP/1.1" 304 - "https://localhost:9443//gadgets/ifr?url=http%3A%2F%2Flocalhost%3A9763%2Fportal%2Fgadgets%2Fglobal-innovation-index-2013%2Fglobal-innovation-index-2013.xml&container=default&view=default&lang=en&country=US&debug=1&nocache=1&sanitize=0&v=d8213105a7083aec18c9bce3596dddd0&testmode=0&parent=https%3A%2F%2Flocalhost%3A9443&mid=0" "Mozilla/5.0 (Windows NT 6.2; WOW64; rv:33.0) Gecko/20100101 Firefox/33.0"
0:0:0:0:0:0:0:1 - - [11/Dec/2014:09:32:10 +0530] "GET /portal/gadgets/global-innovation-index-2013/data-files/global-innovation-index-2013-data.jag?giId=2 HTTP/1.1" 200 656 "https://localhost:9443//gadgets/ifr?url=http%3A%2F%2Flocalhost%3A9763%2Fportal%2Fgadgets%2Fglobal-innovation-index-2013%2Fglobal-innovation-index-2013.xml&container=default&view=default&lang=en&country=US&debug=1&nocache=1&sanitize=0&v=d8213105a7083aec18c9bce3596dddd0&testmode=0&parent=https%3A%2F%2Flocalhost%3A9443&mid=0" "Mozilla/5.0 (Windows NT 6.2; WOW64; rv:33.0) Gecko/20100101 Firefox/33.0"
0:0:0:0:0:0:0:1 - - [11/Dec/2014:09:32:13 +0530] "POST /userdashboard/apis/ues/layout/userdashboard HTTP/1.1" 200 4 "https://localhost:9443/userdashboard/" "Mozilla/5.0 (Windows NT 6.2; WOW64; rv:33.0) Gecko/20100101 Firefox/33.0"
0:0:0:0:0:0:0:1 - - [11/Dec/2014:09:32:21 +0530] "GET /userdashboard/logout.jag HTTP/1.1" 200 1106 "https://localhost:9443/userdashboard/" "Mozilla/5.0 (Windows NT 6.2; WOW64; rv:33.0) Gecko/20100101 Firefox/33.0"
0:0:0:0:0:0:0:1 - - [11/Dec/2014:09:32:21 +0530] "POST /sso/samlsso.jag HTTP/1.1" 200 880 "https://localhost:9443/userdashboard/logout.jag" "Mozilla/5.0 (Windows NT 6.2; WOW64; rv:33.0) Gecko/20100101 Firefox/33.0"
0:0:0:0:0:0:0:1 - - [11/Dec/2014:09:32:21 +0530] "POST /userdashboard/sso HTTP/1.1" 302 - "https://localhost:9443/sso/samlsso.jag" "Mozilla/5.0 (Windows NT 6.2; WOW64; rv:33.0) Gecko/20100101 Firefox/33.0"
0:0:0:0:0:0:0:1 - - [11/Dec/2014:09:32:21 +0530] "GET /userdashboard HTTP/1.1" 302 - "https://localhost:9443/sso/samlsso.jag" "Mozilla/5.0 (Windows NT 6.2; WOW64; rv:33.0) Gecko/20100101 Firefox/33.0"
0:0:0:0:0:0:0:1 - - [11/Dec/2014:09:32:21 +0530] "GET /userdashboard/ HTTP/1.1" 302 - "https://localhost:9443/sso/samlsso.jag" "Mozilla/5.0 (Windows NT 6.2; WOW64; rv:33.0) Gecko/20100101 Firefox/33.0"
0:0:0:0:0:0:0:1 - - [11/Dec/2014:09:32:21 +0530] "GET /userdashboard/login HTTP/1.1" 200 1372 "https://localhost:9443/sso/samlsso.jag" "Mozilla/5.0 (Windows NT 6.2; WOW64; rv:33.0) Gecko/20100101 Firefox/33.0"
0:0:0:0:0:0:0:1 - - [11/Dec/2014:09:32:21 +0530] "POST /sso/samlsso.jag HTTP/1.1" 302 - "https://localhost:9443/userdashboard/login" "Mozilla/5.0 (Windows NT 6.2; WOW64; rv:33.0) Gecko/20100101 Firefox/33.0"
0:0:0:0:0:0:0:1 - - [11/Dec/2014:09:32:21 +0530] "GET /sso/login.jag HTTP/1.1" 200 6668 "https://localhost:9443/userdashboard/login" "Mozilla/5.0 (Windows NT 6.2; WOW64; rv:33.0) Gecko/20100101 Firefox/33.0"
0:0:0:0:0:0:0:1 - - [11/Dec/2014:09:32:22 +0530] "POST /sso/researchareas.jag HTTP/1.1" 200 373 "https://localhost:9443/sso/login.jag" "Mozilla/5.0 (Windows NT 6.2; WOW64; rv:33.0) Gecko/20100101 Firefox/33.0"
0:0:0:0:0:0:0:1 - - [11/Dec/2014:09:32:22 +0530] "GET /sso/font/fontawesome-webfont.woff?v=3.2.1 HTTP/1.1" 304 - "https://localhost:9443/sso/css/font-awesome.min.css" "Mozilla/5.0 (Windows NT 6.2; WOW64; rv:33.0) Gecko/20100101 Firefox/33.0"
0:0:0:0:0:0:0:1 - - [11/Dec/2014:09:32:22 +0530] "POST /sso/researchareas.jag HTTP/1.1" 200 261 "https://localhost:9443/sso/login.jag" "Mozilla/5.0 (Windows NT 6.2; WOW64; rv:33.0) Gecko/20100101 Firefox/33.0"
0:0:0:0:0:0:0:1 - - [11/Dec/2014:09:32:53 +0530] "POST /sso/researchareas.jag HTTP/1.1" 200 481 "https://localhost:9443/sso/login.jag" "Mozilla/5.0 (Windows NT 6.2; WOW64; rv:33.0) Gecko/20100101 Firefox/33.0"
0:0:0:0:0:0:0:1 - - [11/Dec/2014:09:32:54 +0530] "POST /sso/researchareas.jag HTTP/1.1" 200 1256 "https://localhost:9443/sso/login.jag" "Mozilla/5.0 (Windows NT 6.2; WOW64; rv:33.0) Gecko/20100101 Firefox/33.0"
0:0:0:0:0:0:0:1 - - [11/Dec/2014:09:32:56 +0530] "POST /sso/researchareas.jag HTTP/1.1" 200 202 "https://localhost:9443/sso/login.jag" "Mozilla/5.0 (Windows NT 6.2; WOW64; rv:33.0) Gecko/20100101 Firefox/33.0"
0:0:0:0:0:0:0:1 - - [11/Dec/2014:09:33:18 +0530] "POST /sso/samlsso.jag HTTP/1.1" 302 - "https://localhost:9443/sso/login.jag" "Mozilla/5.0 (Windows NT 6.2; WOW64; rv:33.0) Gecko/20100101 Firefox/33.0"
0:0:0:0:0:0:0:1 - - [11/Dec/2014:09:33:18 +0530] "GET /sso/login.jag HTTP/1.1" 200 6709 "https://localhost:9443/sso/login.jag" "Mozilla/5.0 (Windows NT 6.2; WOW64; rv:33.0) Gecko/20100101 Firefox/33.0"
0:0:0:0:0:0:0:1 - - [11/Dec/2014:09:33:18 +0530] "POST /sso/researchareas.jag HTTP/1.1" 200 373 "https://localhost:9443/sso/login.jag" "Mozilla/5.0 (Windows NT 6.2; WOW64; rv:33.0) Gecko/20100101 Firefox/33.0"
0:0:0:0:0:0:0:1 - - [11/Dec/2014:09:33:18 +0530] "POST /sso/researchareas.jag HTTP/1.1" 200 261 "https://localhost:9443/sso/login.jag" "Mozilla/5.0 (Windows NT 6.2; WOW64; rv:33.0) Gecko/20100101 Firefox/33.0"
0:0:0:0:0:0:0:1 - - [11/Dec/2014:09:33:30 +0530] "POST /sso/samlsso.jag HTTP/1.1" 302 - "https://localhost:9443/sso/login.jag" "Mozilla/5.0 (Windows NT 6.2; WOW64; rv:33.0) Gecko/20100101 Firefox/33.0"
0:0:0:0:0:0:0:1 - - [11/Dec/2014:09:33:30 +0530] "GET /sso/login.jag HTTP/1.1" 200 6715 "https://localhost:9443/sso/login.jag" "Mozilla/5.0 (Windows NT 6.2; WOW64; rv:33.0) Gecko/20100101 Firefox/33.0"
0:0:0:0:0:0:0:1 - - [11/Dec/2014:09:33:30 +0530] "POST /sso/researchareas.jag HTTP/1.1" 200 373 "https://localhost:9443/sso/login.jag" "Mozilla/5.0 (Windows NT 6.2; WOW64; rv:33.0) Gecko/20100101 Firefox/33.0"
0:0:0:0:0:0:0:1 - - [11/Dec/2014:09:33:30 +0530] "POST /sso/researchareas.jag HTTP/1.1" 200 261 "https://localhost:9443/sso/login.jag" "Mozilla/5.0 (Windows NT 6.2; WOW64; rv:33.0) Gecko/20100101 Firefox/33.0"
0:0:0:0:0:0:0:1 - - [11/Dec/2014:09:34:32 +0530] "POST /sso/samlsso.jag HTTP/1.1" 200 2035 "https://localhost:9443/sso/login.jag" "Mozilla/5.0 (Windows NT 6.2; WOW64; rv:33.0) Gecko/20100101 Firefox/33.0"
0:0:0:0:0:0:0:1 - - [11/Dec/2014:09:34:32 +0530] "POST /userdashboard/sso HTTP/1.1" 302 - "https://localhost:9443/sso/samlsso.jag" "Mozilla/5.0 (Windows NT 6.2; WOW64; rv:33.0) Gecko/20100101 Firefox/33.0"
0:0:0:0:0:0:0:1 - - [11/Dec/2014:09:34:32 +0530] "GET /userdashboard HTTP/1.1" 302 - "https://localhost:9443/sso/samlsso.jag" "Mozilla/5.0 (Windows NT 6.2; WOW64; rv:33.0) Gecko/20100101 Firefox/33.0"
0:0:0:0:0:0:0:1 - - [11/Dec/2014:09:34:32 +0530] "GET /userdashboard/ HTTP/1.1" 200 2536 "https://localhost:9443/sso/samlsso.jag" "Mozilla/5.0 (Windows NT 6.2; WOW64; rv:33.0) Gecko/20100101 Firefox/33.0"
0:0:0:0:0:0:0:1 - - [11/Dec/2014:09:34:33 +0530] "POST //rpc?st=-1%3A-1%3A*%3A*%3A*%3A0%3Adefault HTTP/1.1" 200 1473 "https://localhost:9443/userdashboard/" "Mozilla/5.0 (Windows NT 6.2; WOW64; rv:33.0) Gecko/20100101 Firefox/33.0"
0:0:0:0:0:0:0:1 - - [11/Dec/2014:09:34:33 +0530] "GET /userdashboard/font/fontawesome-webfont.woff?v=3.2.1 HTTP/1.1" 304 - "https://localhost:9443/userdashboard/css/font-awesome.min.css" "Mozilla/5.0 (Windows NT 6.2; WOW64; rv:33.0) Gecko/20100101 Firefox/33.0"
0:0:0:0:0:0:0:1 - - [11/Dec/2014:09:34:33 +0530] "GET /userdashboard/apis/ues/layout/ HTTP/1.1" 200 4 "https://localhost:9443/userdashboard/" "Mozilla/5.0 (Windows NT 6.2; WOW64; rv:33.0) Gecko/20100101 Firefox/33.0"
127.0.0.1 - - [11/Dec/2014:09:34:33 +0530] "GET /portal/gadgets/show-assets/show-assets.xml HTTP/1.1" 200 1781 "-" "Apache Shindig"
0:0:0:0:0:0:0:1 - - [11/Dec/2014:09:34:33 +0530] "GET //gadgets/ifr?url=http%3A%2F%2Flocalhost%3A9763%2Fportal%2Fgadgets%2Fshow-assets%2Fshow-assets.xml&container=default&view=default&lang=en&country=US&debug=1&nocache=1&sanitize=0&v=d8213105a7083aec18c9bce3596dddd0&testmode=0&parent=https%3A%2F%2Flocalhost%3A9443&mid=0 HTTP/1.1" 304 - "https://localhost:9443/userdashboard/" "Mozilla/5.0 (Windows NT 6.2; WOW64; rv:33.0) Gecko/20100101 Firefox/33.0"
127.0.0.1 - - [11/Dec/2014:09:34:34 +0530] "GET /portal/gadgets/show-assets/css/styles.css HTTP/1.1" 200 2083 "-" "Apache Shindig"
127.0.0.1 - - [11/Dec/2014:09:34:34 +0530] "GET /portal/gadgets/show-assets/css/bootstrap.min.css HTTP/1.1" 200 15992 "-" "Apache Shindig"
127.0.0.1 - - [11/Dec/2014:09:34:34 +0530] "GET /portal/gadgets/show-assets/show-assets.xml HTTP/1.1" 200 1781 "-" "Apache Shindig"
127.0.0.1 - - [11/Dec/2014:09:34:34 +0530] "GET /portal/gadgets/show-assets/show-assets.xml HTTP/1.1" 200 1781 "-" "Apache Shindig"
0:0:0:0:0:0:0:1 - - [11/Dec/2014:09:34:34 +0530] "GET //gadgets/concat?container=default&gadget=http%3A%2F%2Flocalhost%3A9763%2Fportal%2Fgadgets%2Fshow-assets%2Fshow-assets.xml&debug=1&nocache=1&type=css&1=http%3A%2F%2Flocalhost%3A9763%2Fportal%2Fgadgets%2Fshow-assets%2Fcss%2Fbootstrap.min.css&2=http%3A%2F%2Flocalhost%3A9763%2Fportal%2Fgadgets%2Fshow-assets%2Fcss%2Fstyles.css HTTP/1.1" 304 - "https://localhost:9443//gadgets/ifr?url=http%3A%2F%2Flocalhost%3A9763%2Fportal%2Fgadgets%2Fshow-assets%2Fshow-assets.xml&container=default&view=default&lang=en&country=US&debug=1&nocache=1&sanitize=0&v=d8213105a7083aec18c9bce3596dddd0&testmode=0&parent=https%3A%2F%2Flocalhost%3A9443&mid=0" "Mozilla/5.0 (Windows NT 6.2; WOW64; rv:33.0) Gecko/20100101 Firefox/33.0"
127.0.0.1 - - [11/Dec/2014:09:34:34 +0530] "GET /portal/gadgets/show-assets/js/jquery.validate.js HTTP/1.1" 200 10083 "-" "Apache Shindig"
127.0.0.1 - - [11/Dec/2014:09:34:34 +0530] "GET /portal/gadgets/show-assets/js/load-assets.js HTTP/1.1" 200 2917 "-" "Apache Shindig"
127.0.0.1 - - [11/Dec/2014:09:34:34 +0530] "GET /portal/gadgets/show-assets/js/handlebars.js HTTP/1.1" 200 18415 "-" "Apache Shindig"
127.0.0.1 - - [11/Dec/2014:09:34:34 +0530] "GET /portal/gadgets/show-assets/js/bootstrap.min.js HTTP/1.1" 200 4221 "-" "Apache Shindig"
127.0.0.1 - - [11/Dec/2014:09:34:34 +0530] "GET /portal/gadgets/show-assets/js/jquery.nicescroll.min.js HTTP/1.1" 200 14096 "-" "Apache Shindig"
127.0.0.1 - - [11/Dec/2014:09:34:34 +0530] "GET /portal/gadgets/show-assets/js/jquery-1.8.3.min.js HTTP/1.1" 200 33942 "-" "Apache Shindig"
127.0.0.1 - - [11/Dec/2014:09:34:34 +0530] "GET /portal/gadgets/show-assets/show-assets.xml HTTP/1.1" 200 1781 "-" "Apache Shindig"
127.0.0.1 - - [11/Dec/2014:09:34:34 +0530] "GET /portal/gadgets/show-assets/show-assets.xml HTTP/1.1" 200 1781 "-" "Apache Shindig"
127.0.0.1 - - [11/Dec/2014:09:34:34 +0530] "GET /portal/gadgets/show-assets/show-assets.xml HTTP/1.1" 200 1781 "-" "Apache Shindig"
127.0.0.1 - - [11/Dec/2014:09:34:34 +0530] "GET /portal/gadgets/show-assets/show-assets.xml HTTP/1.1" 200 1781 "-" "Apache Shindig"
127.0.0.1 - - [11/Dec/2014:09:34:34 +0530] "GET /portal/gadgets/show-assets/show-assets.xml HTTP/1.1" 200 1781 "-" "Apache Shindig"
127.0.0.1 - - [11/Dec/2014:09:34:34 +0530] "GET /portal/gadgets/show-assets/show-assets.xml HTTP/1.1" 200 1781 "-" "Apache Shindig"
0:0:0:0:0:0:0:1 - - [11/Dec/2014:09:34:34 +0530] "GET //gadgets/concat?container=default&gadget=http%3A%2F%2Flocalhost%3A9763%2Fportal%2Fgadgets%2Fshow-assets%2Fshow-assets.xml&debug=1&nocache=1&type=js&1=http%3A%2F%2Flocalhost%3A9763%2Fportal%2Fgadgets%2Fshow-assets%2Fjs%2Fjquery-1.8.3.min.js&2=http%3A%2F%2Flocalhost%3A9763%2Fportal%2Fgadgets%2Fshow-assets%2Fjs%2Fjquery.validate.js&3=http%3A%2F%2Flocalhost%3A9763%2Fportal%2Fgadgets%2Fshow-assets%2Fjs%2Fhandlebars.js&4=http%3A%2F%2Flocalhost%3A9763%2Fportal%2Fgadgets%2Fshow-assets%2Fjs%2Fbootstrap.min.js&5=http%3A%2F%2Flocalhost%3A9763%2Fportal%2Fgadgets%2Fshow-assets%2Fjs%2Fload-assets.js&6=http%3A%2F%2Flocalhost%3A9763%2Fportal%2Fgadgets%2Fshow-assets%2Fjs%2Fjquery.nicescroll.min.js HTTP/1.1" 304 - "https://localhost:9443//gadgets/ifr?url=http%3A%2F%2Flocalhost%3A9763%2Fportal%2Fgadgets%2Fshow-assets%2Fshow-assets.xml&container=default&view=default&lang=en&country=US&debug=1&nocache=1&sanitize=0&v=d8213105a7083aec18c9bce3596dddd0&testmode=0&parent=https%3A%2F%2Flocalhost%3A9443&mid=0" "Mozilla/5.0 (Windows NT 6.2; WOW64; rv:33.0) Gecko/20100101 Firefox/33.0"
0:0:0:0:0:0:0:1 - - [11/Dec/2014:09:34:34 +0530] "GET /store/apis/myAsset/ HTTP/1.1" 401 975 "https://localhost:9443//gadgets/ifr?url=http%3A%2F%2Flocalhost%3A9763%2Fportal%2Fgadgets%2Fshow-assets%2Fshow-assets.xml&container=default&view=default&lang=en&country=US&debug=1&nocache=1&sanitize=0&v=d8213105a7083aec18c9bce3596dddd0&testmode=0&parent=https%3A%2F%2Flocalhost%3A9443&mid=0" "Mozilla/5.0 (Windows NT 6.2; WOW64; rv:33.0) Gecko/20100101 Firefox/33.0"
0:0:0:0:0:0:0:1 - - [11/Dec/2014:09:34:35 +0530] "GET /store/apis/tag/gadget HTTP/1.1" 200 110 "https://localhost:9443//gadgets/ifr?url=http%3A%2F%2Flocalhost%3A9763%2Fportal%2Fgadgets%2Fshow-assets%2Fshow-assets.xml&container=default&view=default&lang=en&country=US&debug=1&nocache=1&sanitize=0&v=d8213105a7083aec18c9bce3596dddd0&testmode=0&parent=https%3A%2F%2Flocalhost%3A9443&mid=0" "Mozilla/5.0 (Windows NT 6.2; WOW64; rv:33.0) Gecko/20100101 Firefox/33.0"
127.0.0.1 - - [11/Dec/2014:09:34:45 +0530] "GET /portal/gadgets/show-assets/font/Lato-Regular.ttf HTTP/1.1" 404 905 "-" "Apache Shindig"
127.0.0.1 - - [11/Dec/2014:09:34:45 +0530] "GET /portal/gadgets/show-assets/img/banner-bg-pattern.jpg HTTP/1.1" 200 5203 "-" "Apache Shindig"
127.0.0.1 - - [11/Dec/2014:09:34:45 +0530] "GET /portal/gadgets/show-assets/css/styles.css HTTP/1.1" 200 2083 "-" "Apache Shindig"
127.0.0.1 - - [11/Dec/2014:09:34:45 +0530] "GET /portal/gadgets/show-assets/css/styles.css HTTP/1.1" 200 2083 "-" "Apache Shindig"
