0:0:0:0:0:0:0:1 - - [10/Dec/2014:18:06:32 +0530] "GET /dashboard HTTP/1.1" 302 - "-" "Mozilla/5.0 (Windows NT 6.2; WOW64; rv:33.0) Gecko/20100101 Firefox/33.0"
0:0:0:0:0:0:0:1 - - [10/Dec/2014:18:06:33 +0530] "GET /dashboard/ HTTP/1.1" 200 2599 "-" "Mozilla/5.0 (Windows NT 6.2; WOW64; rv:33.0) Gecko/20100101 Firefox/33.0"
0:0:0:0:0:0:0:1 - - [10/Dec/2014:18:06:33 +0530] "GET /dashboard/css/bootstrap.min.css HTTP/1.1" 200 18779 "https://localhost:9443/dashboard/" "Mozilla/5.0 (Windows NT 6.2; WOW64; rv:33.0) Gecko/20100101 Firefox/33.0"
0:0:0:0:0:0:0:1 - - [10/Dec/2014:18:06:33 +0530] "GET /dashboard/css/font-awesome-ie7.min.css HTTP/1.1" 200 3412 "https://localhost:9443/dashboard/" "Mozilla/5.0 (Windows NT 6.2; WOW64; rv:33.0) Gecko/20100101 Firefox/33.0"
0:0:0:0:0:0:0:1 - - [10/Dec/2014:18:06:33 +0530] "GET /dashboard/css/jquery.gridster.min.css HTTP/1.1" 200 1220 "https://localhost:9443/dashboard/" "Mozilla/5.0 (Windows NT 6.2; WOW64; rv:33.0) Gecko/20100101 Firefox/33.0"
0:0:0:0:0:0:0:1 - - [10/Dec/2014:18:06:33 +0530] "GET /dashboard/css/styles.css HTTP/1.1" 200 2323 "https://localhost:9443/dashboard/" "Mozilla/5.0 (Windows NT 6.2; WOW64; rv:33.0) Gecko/20100101 Firefox/33.0"
0:0:0:0:0:0:0:1 - - [10/Dec/2014:18:06:33 +0530] "GET /dashboard/css/navigation.css HTTP/1.1" 200 1108 "https://localhost:9443/dashboard/" "Mozilla/5.0 (Windows NT 6.2; WOW64; rv:33.0) Gecko/20100101 Firefox/33.0"
0:0:0:0:0:0:0:1 - - [10/Dec/2014:18:06:33 +0530] "GET /dashboard/css/font-awesome.min.css HTTP/1.1" 200 4470 "https://localhost:9443/dashboard/" "Mozilla/5.0 (Windows NT 6.2; WOW64; rv:33.0) Gecko/20100101 Firefox/33.0"
0:0:0:0:0:0:0:1 - - [10/Dec/2014:18:06:33 +0530] "GET /dashboard/css/bootstrap-responsive.min.css HTTP/1.1" 200 4009 "https://localhost:9443/dashboard/" "Mozilla/5.0 (Windows NT 6.2; WOW64; rv:33.0) Gecko/20100101 Firefox/33.0"
0:0:0:0:0:0:0:1 - - [10/Dec/2014:18:06:33 +0530] "GET /dashboard/css/portal-dashboard-designer.css HTTP/1.1" 200 3105 "https://localhost:9443/dashboard/" "Mozilla/5.0 (Windows NT 6.2; WOW64; rv:33.0) Gecko/20100101 Firefox/33.0"
0:0:0:0:0:0:0:1 - - [10/Dec/2014:18:06:33 +0530] "GET /dashboard/js/handlebars.js HTTP/1.1" 200 12909 "https://localhost:9443/dashboard/" "Mozilla/5.0 (Windows NT 6.2; WOW64; rv:33.0) Gecko/20100101 Firefox/33.0"
0:0:0:0:0:0:0:1 - - [10/Dec/2014:18:06:33 +0530] "GET /dashboard/js/navigation.js HTTP/1.1" 200 1037 "https://localhost:9443/dashboard/" "Mozilla/5.0 (Windows NT 6.2; WOW64; rv:33.0) Gecko/20100101 Firefox/33.0"
0:0:0:0:0:0:0:1 - - [10/Dec/2014:18:06:33 +0530] "GET /dashboard/js/jquery.gridster.with-extras.min.js HTTP/1.1" 200 22185 "https://localhost:9443/dashboard/" "Mozilla/5.0 (Windows NT 6.2; WOW64; rv:33.0) Gecko/20100101 Firefox/33.0"
0:0:0:0:0:0:0:1 - - [10/Dec/2014:18:06:33 +0530] "GET /dashboard/js/bootstrap.min.js HTTP/1.1" 200 7007 "https://localhost:9443/dashboard/" "Mozilla/5.0 (Windows NT 6.2; WOW64; rv:33.0) Gecko/20100101 Firefox/33.0"
0:0:0:0:0:0:0:1 - - [10/Dec/2014:18:06:33 +0530] "GET /dashboard/js/UESContainer.js HTTP/1.1" 200 972 "https://localhost:9443/dashboard/" "Mozilla/5.0 (Windows NT 6.2; WOW64; rv:33.0) Gecko/20100101 Firefox/33.0"
0:0:0:0:0:0:0:1 - - [10/Dec/2014:18:06:33 +0530] "GET /dashboard/js/jquery-ui-1.10.1.custom.min.js HTTP/1.1" 200 24626 "https://localhost:9443/dashboard/" "Mozilla/5.0 (Windows NT 6.2; WOW64; rv:33.0) Gecko/20100101 Firefox/33.0"
0:0:0:0:0:0:0:1 - - [10/Dec/2014:18:06:33 +0530] "GET /dashboard/js/shindig.js HTTP/1.1" 200 34564 "https://localhost:9443/dashboard/" "Mozilla/5.0 (Windows NT 6.2; WOW64; rv:33.0) Gecko/20100101 Firefox/33.0"
0:0:0:0:0:0:0:1 - - [10/Dec/2014:18:06:33 +0530] "GET /dashboard/js/portal-dashboard-designer.js HTTP/1.1" 200 4893 "https://localhost:9443/dashboard/" "Mozilla/5.0 (Windows NT 6.2; WOW64; rv:33.0) Gecko/20100101 Firefox/33.0"
0:0:0:0:0:0:0:1 - - [10/Dec/2014:18:06:33 +0530] "GET /dashboard/js/jquery-1.8.3.min.js HTTP/1.1" 200 33942 "https://localhost:9443/dashboard/" "Mozilla/5.0 (Windows NT 6.2; WOW64; rv:33.0) Gecko/20100101 Firefox/33.0"
0:0:0:0:0:0:0:1 - - [10/Dec/2014:18:06:34 +0530] "GET /dashboard/img/logo.png HTTP/1.1" 200 21341 "https://localhost:9443/dashboard/css/navigation.css" "Mozilla/5.0 (Windows NT 6.2; WOW64; rv:33.0) Gecko/20100101 Firefox/33.0"
0:0:0:0:0:0:0:1 - - [10/Dec/2014:18:06:34 +0530] "GET /dashboard/img/designer-sprite.png HTTP/1.1" 200 10674 "https://localhost:9443/dashboard/css/portal-dashboard-designer.css" "Mozilla/5.0 (Windows NT 6.2; WOW64; rv:33.0) Gecko/20100101 Firefox/33.0"
0:0:0:0:0:0:0:1 - - [10/Dec/2014:18:06:34 +0530] "GET /dashboard/font/Lato-Bol-webfont.woff HTTP/1.1" 200 19432 "https://localhost:9443/dashboard/css/styles.css" "Mozilla/5.0 (Windows NT 6.2; WOW64; rv:33.0) Gecko/20100101 Firefox/33.0"
0:0:0:0:0:0:0:1 - - [10/Dec/2014:18:06:34 +0530] "GET /dashboard/font/Lato-Reg-webfont.woff HTTP/1.1" 200 19260 "https://localhost:9443/dashboard/css/styles.css" "Mozilla/5.0 (Windows NT 6.2; WOW64; rv:33.0) Gecko/20100101 Firefox/33.0"
0:0:0:0:0:0:0:1 - - [10/Dec/2014:18:06:34 +0530] "GET /dashboard/font/fontawesome-webfont.woff?v=3.2.1 HTTP/1.1" 200 43572 "https://localhost:9443/dashboard/css/font-awesome.min.css" "Mozilla/5.0 (Windows NT 6.2; WOW64; rv:33.0) Gecko/20100101 Firefox/33.0"
0:0:0:0:0:0:0:1 - - [10/Dec/2014:18:06:35 +0530] "GET /dashboard/apis/ues/layout/ HTTP/1.1" 200 8 "https://localhost:9443/dashboard/" "Mozilla/5.0 (Windows NT 6.2; WOW64; rv:33.0) Gecko/20100101 Firefox/33.0"
127.0.0.1 - - [10/Dec/2014:18:06:36 +0530] "GET /portal/gadgets/show-assets/show-assets.xml HTTP/1.1" 200 1781 "-" "Apache Shindig"
0:0:0:0:0:0:0:1 - - [10/Dec/2014:18:06:36 +0530] "POST //rpc?st=-1%3A-1%3A*%3A*%3A*%3A0%3Adefault HTTP/1.1" 200 1473 "https://localhost:9443/dashboard/" "Mozilla/5.0 (Windows NT 6.2; WOW64; rv:33.0) Gecko/20100101 Firefox/33.0"
127.0.0.1 - - [10/Dec/2014:18:06:36 +0530] "GET /portal/gadgets/show-assets/show-assets.xml HTTP/1.1" 200 1781 "-" "Apache Shindig"
0:0:0:0:0:0:0:1 - - [10/Dec/2014:18:06:37 +0530] "GET //gadgets/ifr?url=http%3A%2F%2Flocalhost%3A9763%2Fportal%2Fgadgets%2Fshow-assets%2Fshow-assets.xml&container=default&view=default&lang=en&country=US&debug=1&nocache=1&sanitize=0&v=d8213105a7083aec18c9bce3596dddd0&testmode=0&parent=https%3A%2F%2Flocalhost%3A9443&mid=0 HTTP/1.1" 200 2434 "https://localhost:9443/dashboard/" "Mozilla/5.0 (Windows NT 6.2; WOW64; rv:33.0) Gecko/20100101 Firefox/33.0"
127.0.0.1 - - [10/Dec/2014:18:06:37 +0530] "GET /portal/gadgets/show-assets/css/styles.css HTTP/1.1" 200 2083 "-" "Apache Shindig"
127.0.0.1 - - [10/Dec/2014:18:06:37 +0530] "GET /portal/gadgets/show-assets/css/bootstrap.min.css HTTP/1.1" 200 15992 "-" "Apache Shindig"
127.0.0.1 - - [10/Dec/2014:18:06:37 +0530] "GET /portal/gadgets/show-assets/show-assets.xml HTTP/1.1" 200 1781 "-" "Apache Shindig"
0:0:0:0:0:0:0:1 - - [10/Dec/2014:18:06:37 +0530] "GET /dashboard/ HTTP/1.1" 200 2599 "-" "Mozilla/5.0 (Windows NT 6.2; WOW64; rv:33.0) Gecko/20100101 Firefox/33.0"
0:0:0:0:0:0:0:1 - - [10/Dec/2014:18:06:38 +0530] "GET //gadgets/js/pubsub-2:dynamic-height:core!core:rpc.js?container=default&nocache=0&debug=1&c=0&v=1026902a266299e7832e6c212a82f9fc&jsload=0 HTTP/1.1" 200 23879 "https://localhost:9443//gadgets/ifr?url=http%3A%2F%2Flocalhost%3A9763%2Fportal%2Fgadgets%2Fshow-assets%2Fshow-assets.xml&container=default&view=default&lang=en&country=US&debug=1&nocache=1&sanitize=0&v=d8213105a7083aec18c9bce3596dddd0&testmode=0&parent=https%3A%2F%2Flocalhost%3A9443&mid=0" "Mozilla/5.0 (Windows NT 6.2; WOW64; rv:33.0) Gecko/20100101 Firefox/33.0"
0:0:0:0:0:0:0:1 - - [10/Dec/2014:18:06:38 +0530] "GET //gadgets/js/pubsub-2:dynamic-height:core!core:rpc.js?container=default&nocache=0&debug=1&c=0&v=1026902a266299e7832e6c212a82f9fc&jsload=0 HTTP/1.1" 200 23879 "https://localhost:9443//gadgets/ifr?url=http%3A%2F%2Flocalhost%3A9763%2Fportal%2Fgadgets%2Fshow-assets%2Fshow-assets.xml&container=default&view=default&lang=en&country=US&debug=1&nocache=1&sanitize=0&v=d8213105a7083aec18c9bce3596dddd0&testmode=0&parent=https%3A%2F%2Flocalhost%3A9443&mid=0" "Mozilla/5.0 (Windows NT 6.2; WOW64; rv:33.0) Gecko/20100101 Firefox/33.0"
0:0:0:0:0:0:0:1 - - [10/Dec/2014:18:06:38 +0530] "GET //gadgets/js/core:rpc.js?container=default&nocache=0&debug=1&c=0&v=0340451bd365756d7f0c9f9ea168177b&jsload=0 HTTP/1.1" 200 33416 "https://localhost:9443//gadgets/ifr?url=http%3A%2F%2Flocalhost%3A9763%2Fportal%2Fgadgets%2Fshow-assets%2Fshow-assets.xml&container=default&view=default&lang=en&country=US&debug=1&nocache=1&sanitize=0&v=d8213105a7083aec18c9bce3596dddd0&testmode=0&parent=https%3A%2F%2Flocalhost%3A9443&mid=0" "Mozilla/5.0 (Windows NT 6.2; WOW64; rv:33.0) Gecko/20100101 Firefox/33.0"
127.0.0.1 - - [10/Dec/2014:18:06:38 +0530] "GET /portal/gadgets/show-assets/css/styles.css HTTP/1.1" 200 2083 "-" "Apache Shindig"
127.0.0.1 - - [10/Dec/2014:18:06:38 +0530] "GET /portal/gadgets/show-assets/css/bootstrap.min.css HTTP/1.1" 200 15992 "-" "Apache Shindig"
127.0.0.1 - - [10/Dec/2014:18:06:38 +0530] "GET /portal/gadgets/show-assets/show-assets.xml HTTP/1.1" 200 1781 "-" "Apache Shindig"
127.0.0.1 - - [10/Dec/2014:18:06:39 +0530] "GET /portal/gadgets/show-assets/show-assets.xml HTTP/1.1" 200 1781 "-" "Apache Shindig"
127.0.0.1 - - [10/Dec/2014:18:06:39 +0530] "GET /portal/gadgets/show-assets/show-assets.xml HTTP/1.1" 200 1781 "-" "Apache Shindig"
0:0:0:0:0:0:0:1 - - [10/Dec/2014:18:06:39 +0530] "POST //rpc?st=-1%3A-1%3A*%3A*%3A*%3A0%3Adefault HTTP/1.1" 200 1473 "https://localhost:9443/dashboard/" "Mozilla/5.0 (Windows NT 6.2; WOW64; rv:33.0) Gecko/20100101 Firefox/33.0"
0:0:0:0:0:0:0:1 - - [10/Dec/2014:18:06:39 +0530] "GET //gadgets/concat?container=default&gadget=http%3A%2F%2Flocalhost%3A9763%2Fportal%2Fgadgets%2Fshow-assets%2Fshow-assets.xml&debug=1&nocache=1&type=css&1=http%3A%2F%2Flocalhost%3A9763%2Fportal%2Fgadgets%2Fshow-assets%2Fcss%2Fbootstrap.min.css&2=http%3A%2F%2Flocalhost%3A9763%2Fportal%2Fgadgets%2Fshow-assets%2Fcss%2Fstyles.css HTTP/1.1" 200 14264 "https://localhost:9443//gadgets/ifr?url=http%3A%2F%2Flocalhost%3A9763%2Fportal%2Fgadgets%2Fshow-assets%2Fshow-assets.xml&container=default&view=default&lang=en&country=US&debug=1&nocache=1&sanitize=0&v=d8213105a7083aec18c9bce3596dddd0&testmode=0&parent=https%3A%2F%2Flocalhost%3A9443&mid=0" "Mozilla/5.0 (Windows NT 6.2; WOW64; rv:33.0) Gecko/20100101 Firefox/33.0"
0:0:0:0:0:0:0:1 - - [10/Dec/2014:18:06:39 +0530] "GET //gadgets/concat?container=default&gadget=http%3A%2F%2Flocalhost%3A9763%2Fportal%2Fgadgets%2Fshow-assets%2Fshow-assets.xml&debug=1&nocache=1&type=css&1=http%3A%2F%2Flocalhost%3A9763%2Fportal%2Fgadgets%2Fshow-assets%2Fcss%2Fbootstrap.min.css&2=http%3A%2F%2Flocalhost%3A9763%2Fportal%2Fgadgets%2Fshow-assets%2Fcss%2Fstyles.css HTTP/1.1" 200 14264 "https://localhost:9443//gadgets/ifr?url=http%3A%2F%2Flocalhost%3A9763%2Fportal%2Fgadgets%2Fshow-assets%2Fshow-assets.xml&container=default&view=default&lang=en&country=US&debug=1&nocache=1&sanitize=0&v=d8213105a7083aec18c9bce3596dddd0&testmode=0&parent=https%3A%2F%2Flocalhost%3A9443&mid=0" "Mozilla/5.0 (Windows NT 6.2; WOW64; rv:33.0) Gecko/20100101 Firefox/33.0"
0:0:0:0:0:0:0:1 - - [10/Dec/2014:18:06:39 +0530] "GET /dashboard/apis/ues/layout/ HTTP/1.1" 200 5 "https://localhost:9443/dashboard/" "Mozilla/5.0 (Windows NT 6.2; WOW64; rv:33.0) Gecko/20100101 Firefox/33.0"
127.0.0.1 - - [10/Dec/2014:18:06:39 +0530] "GET /portal/gadgets/show-assets/show-assets.xml HTTP/1.1" 200 1781 "-" "Apache Shindig"
127.0.0.1 - - [10/Dec/2014:18:06:40 +0530] "GET /portal/gadgets/publications-people/publications-people.xml HTTP/1.1" 200 1254 "-" "Apache Shindig"
0:0:0:0:0:0:0:1 - - [10/Dec/2014:18:06:40 +0530] "GET //gadgets/ifr?url=http%3A%2F%2Flocalhost%3A9763%2Fportal%2Fgadgets%2Fshow-assets%2Fshow-assets.xml&container=default&view=default&lang=en&country=US&debug=1&nocache=1&sanitize=0&v=d8213105a7083aec18c9bce3596dddd0&testmode=0&parent=https%3A%2F%2Flocalhost%3A9443&mid=0 HTTP/1.1" 304 - "https://localhost:9443/dashboard/" "Mozilla/5.0 (Windows NT 6.2; WOW64; rv:33.0) Gecko/20100101 Firefox/33.0"
0:0:0:0:0:0:0:1 - - [10/Dec/2014:18:06:40 +0530] "POST //rpc?st=-1%3A-1%3A*%3A*%3A*%3A0%3Adefault HTTP/1.1" 200 1387 "https://localhost:9443/dashboard/" "Mozilla/5.0 (Windows NT 6.2; WOW64; rv:33.0) Gecko/20100101 Firefox/33.0"
127.0.0.1 - - [10/Dec/2014:18:06:40 +0530] "GET /portal/gadgets/organization-map/organization-map.xml HTTP/1.1" 200 888 "-" "Apache Shindig"
0:0:0:0:0:0:0:1 - - [10/Dec/2014:18:06:40 +0530] "POST //rpc?st=-1%3A-1%3A*%3A*%3A*%3A0%3Adefault HTTP/1.1" 200 998 "https://localhost:9443/dashboard/" "Mozilla/5.0 (Windows NT 6.2; WOW64; rv:33.0) Gecko/20100101 Firefox/33.0"
127.0.0.1 - - [10/Dec/2014:18:06:40 +0530] "GET /portal/gadgets/people-organizations/people-organizations.xml HTTP/1.1" 200 1259 "-" "Apache Shindig"
127.0.0.1 - - [10/Dec/2014:18:06:40 +0530] "GET /portal/gadgets/global-innovation-index-2013/global-innovation-index-2013.xml HTTP/1.1" 200 1044 "-" "Apache Shindig"
0:0:0:0:0:0:0:1 - - [10/Dec/2014:18:06:40 +0530] "POST //rpc?st=-1%3A-1%3A*%3A*%3A*%3A0%3Adefault HTTP/1.1" 200 1380 "https://localhost:9443/dashboard/" "Mozilla/5.0 (Windows NT 6.2; WOW64; rv:33.0) Gecko/20100101 Firefox/33.0"
0:0:0:0:0:0:0:1 - - [10/Dec/2014:18:06:40 +0530] "POST //rpc?st=-1%3A-1%3A*%3A*%3A*%3A0%3Adefault HTTP/1.1" 200 1657 "https://localhost:9443/dashboard/" "Mozilla/5.0 (Windows NT 6.2; WOW64; rv:33.0) Gecko/20100101 Firefox/33.0"
127.0.0.1 - - [10/Dec/2014:18:06:40 +0530] "GET /portal/gadgets/show-assets/css/bootstrap.min.css HTTP/1.1" 200 15992 "-" "Apache Shindig"
127.0.0.1 - - [10/Dec/2014:18:06:40 +0530] "GET /portal/gadgets/show-assets/css/styles.css HTTP/1.1" 200 2083 "-" "Apache Shindig"
127.0.0.1 - - [10/Dec/2014:18:06:40 +0530] "GET /portal/gadgets/show-assets/show-assets.xml HTTP/1.1" 200 1781 "-" "Apache Shindig"
0:0:0:0:0:0:0:1 - - [10/Dec/2014:18:06:40 +0530] "GET //gadgets/js/core:rpc.js?container=default&nocache=0&debug=1&c=0&v=0340451bd365756d7f0c9f9ea168177b&jsload=0 HTTP/1.1" 200 58354 "https://localhost:9443//gadgets/ifr?url=http%3A%2F%2Flocalhost%3A9763%2Fportal%2Fgadgets%2Fshow-assets%2Fshow-assets.xml&container=default&view=default&lang=en&country=US&debug=1&nocache=1&sanitize=0&v=d8213105a7083aec18c9bce3596dddd0&testmode=0&parent=https%3A%2F%2Flocalhost%3A9443&mid=0" "Mozilla/5.0 (Windows NT 6.2; WOW64; rv:33.0) Gecko/20100101 Firefox/33.0"
127.0.0.1 - - [10/Dec/2014:18:06:40 +0530] "GET /portal/gadgets/publications-people/publications-people.xml HTTP/1.1" 200 1254 "-" "Apache Shindig"
127.0.0.1 - - [10/Dec/2014:18:06:40 +0530] "GET /portal/gadgets/organization-map/organization-map.xml HTTP/1.1" 200 888 "-" "Apache Shindig"
0:0:0:0:0:0:0:1 - - [10/Dec/2014:18:06:40 +0530] "GET //gadgets/ifr?url=http%3A%2F%2Flocalhost%3A9763%2Fportal%2Fgadgets%2Forganization-map%2Forganization-map.xml&container=default&view=default&lang=en&country=US&debug=1&nocache=1&sanitize=0&v=d8213105a7083aec18c9bce3596dddd0&testmode=0&parent=https%3A%2F%2Flocalhost%3A9443&mid=0 HTTP/1.1" 200 1381 "https://localhost:9443/dashboard/" "Mozilla/5.0 (Windows NT 6.2; WOW64; rv:33.0) Gecko/20100101 Firefox/33.0"
127.0.0.1 - - [10/Dec/2014:18:06:41 +0530] "GET /portal/gadgets/global-innovation-index-2013/global-innovation-index-2013.xml HTTP/1.1" 200 1044 "-" "Apache Shindig"
127.0.0.1 - - [10/Dec/2014:18:06:41 +0530] "GET /portal/gadgets/people-organizations/people-organizations.xml HTTP/1.1" 200 1259 "-" "Apache Shindig"
0:0:0:0:0:0:0:1 - - [10/Dec/2014:18:06:41 +0530] "GET //gadgets/ifr?url=http%3A%2F%2Flocalhost%3A9763%2Fportal%2Fgadgets%2Fglobal-innovation-index-2013%2Fglobal-innovation-index-2013.xml&container=default&view=default&lang=en&country=US&debug=1&nocache=1&sanitize=0&v=d8213105a7083aec18c9bce3596dddd0&testmode=0&parent=https%3A%2F%2Flocalhost%3A9443&mid=0 HTTP/1.1" 200 1417 "https://localhost:9443/dashboard/" "Mozilla/5.0 (Windows NT 6.2; WOW64; rv:33.0) Gecko/20100101 Firefox/33.0"
0:0:0:0:0:0:0:1 - - [10/Dec/2014:18:06:41 +0530] "GET //gadgets/ifr?url=http%3A%2F%2Flocalhost%3A9763%2Fportal%2Fgadgets%2Fpublications-people%2Fpublications-people.xml&container=default&view=default&lang=en&country=US&debug=1&nocache=1&sanitize=0&v=d8213105a7083aec18c9bce3596dddd0&testmode=0&parent=https%3A%2F%2Flocalhost%3A9443&mid=0 HTTP/1.1" 200 1771 "https://localhost:9443/dashboard/" "Mozilla/5.0 (Windows NT 6.2; WOW64; rv:33.0) Gecko/20100101 Firefox/33.0"
0:0:0:0:0:0:0:1 - - [10/Dec/2014:18:06:41 +0530] "GET //gadgets/ifr?url=http%3A%2F%2Flocalhost%3A9763%2Fportal%2Fgadgets%2Fpeople-organizations%2Fpeople-organizations.xml&container=default&view=default&lang=en&country=US&debug=1&nocache=1&sanitize=0&v=d8213105a7083aec18c9bce3596dddd0&testmode=0&parent=https%3A%2F%2Flocalhost%3A9443&mid=0 HTTP/1.1" 200 1792 "https://localhost:9443/dashboard/" "Mozilla/5.0 (Windows NT 6.2; WOW64; rv:33.0) Gecko/20100101 Firefox/33.0"
0:0:0:0:0:0:0:1 - - [10/Dec/2014:18:06:41 +0530] "GET //gadgets/js/core!core:rpc.js?container=default&nocache=0&debug=1&c=0&v=10ffc1a5848b6380548a5e2dcd177677&jsload=0 HTTP/1.1" 200 404 "https://localhost:9443//gadgets/ifr?url=http%3A%2F%2Flocalhost%3A9763%2Fportal%2Fgadgets%2Forganization-map%2Forganization-map.xml&container=default&view=default&lang=en&country=US&debug=1&nocache=1&sanitize=0&v=d8213105a7083aec18c9bce3596dddd0&testmode=0&parent=https%3A%2F%2Flocalhost%3A9443&mid=0" "Mozilla/5.0 (Windows NT 6.2; WOW64; rv:33.0) Gecko/20100101 Firefox/33.0"
127.0.0.1 - - [10/Dec/2014:18:06:41 +0530] "GET /portal/themes/portal/css/bootstrap.min.css HTTP/1.1" 200 18779 "-" "Apache Shindig"
127.0.0.1 - - [10/Dec/2014:18:06:41 +0530] "GET /portal/themes/portal/css/flot-graph.css HTTP/1.1" 200 1294 "-" "Apache Shindig"
127.0.0.1 - - [10/Dec/2014:18:06:41 +0530] "GET /portal/gadgets/show-assets/show-assets.xml HTTP/1.1" 200 1781 "-" "Apache Shindig"
127.0.0.1 - - [10/Dec/2014:18:06:41 +0530] "GET /portal/gadgets/organization-map/organization-map.xml HTTP/1.1" 200 888 "-" "Apache Shindig"
0:0:0:0:0:0:0:1 - - [10/Dec/2014:18:06:41 +0530] "GET //gadgets/js/setprefs:core!core:rpc.js?container=default&nocache=0&debug=1&c=0&v=6efc1002b527b14edcbc6ffebf5962e2&jsload=0 HTTP/1.1" 200 1404 "https://localhost:9443//gadgets/ifr?url=http%3A%2F%2Flocalhost%3A9763%2Fportal%2Fgadgets%2Fglobal-innovation-index-2013%2Fglobal-innovation-index-2013.xml&container=default&view=default&lang=en&country=US&debug=1&nocache=1&sanitize=0&v=d8213105a7083aec18c9bce3596dddd0&testmode=0&parent=https%3A%2F%2Flocalhost%3A9443&mid=0" "Mozilla/5.0 (Windows NT 6.2; WOW64; rv:33.0) Gecko/20100101 Firefox/33.0"
127.0.0.1 - - [10/Dec/2014:18:06:41 +0530] "GET /portal/themes/portal/css/flot-graph.css HTTP/1.1" 200 1294 "-" "Apache Shindig"
0:0:0:0:0:0:0:1 - - [10/Dec/2014:18:06:41 +0530] "GET //gadgets/concat?container=default&gadget=http%3A%2F%2Flocalhost%3A9763%2Fportal%2Fgadgets%2Fshow-assets%2Fshow-assets.xml&debug=1&nocache=1&type=css&1=http%3A%2F%2Flocalhost%3A9763%2Fportal%2Fgadgets%2Fshow-assets%2Fcss%2Fbootstrap.min.css&2=http%3A%2F%2Flocalhost%3A9763%2Fportal%2Fgadgets%2Fshow-assets%2Fcss%2Fstyles.css HTTP/1.1" 200 14264 "https://localhost:9443//gadgets/ifr?url=http%3A%2F%2Flocalhost%3A9763%2Fportal%2Fgadgets%2Fshow-assets%2Fshow-assets.xml&container=default&view=default&lang=en&country=US&debug=1&nocache=1&sanitize=0&v=d8213105a7083aec18c9bce3596dddd0&testmode=0&parent=https%3A%2F%2Flocalhost%3A9443&mid=0" "Mozilla/5.0 (Windows NT 6.2; WOW64; rv:33.0) Gecko/20100101 Firefox/33.0"
127.0.0.1 - - [10/Dec/2014:18:06:41 +0530] "GET /portal/themes/portal/css/bootstrap.min.css HTTP/1.1" 200 18779 "-" "Apache Shindig"
127.0.0.1 - - [10/Dec/2014:18:06:41 +0530] "GET /portal/gadgets/organization-map/organization-map.xml HTTP/1.1" 200 888 "-" "Apache Shindig"
127.0.0.1 - - [10/Dec/2014:18:06:41 +0530] "GET /portal/gadgets/global-innovation-index-2013/global-innovation-index-2013.xml HTTP/1.1" 200 1044 "-" "Apache Shindig"
127.0.0.1 - - [10/Dec/2014:18:06:41 +0530] "GET /portal/gadgets/global-innovation-index-2013/css/global-innovation-index-2013.css HTTP/1.1" 200 279 "-" "Apache Shindig"
127.0.0.1 - - [10/Dec/2014:18:06:41 +0530] "GET /portal/gadgets/show-assets/js/load-assets.js HTTP/1.1" 200 2917 "-" "Apache Shindig"
127.0.0.1 - - [10/Dec/2014:18:06:41 +0530] "GET /portal/gadgets/show-assets/js/bootstrap.min.js HTTP/1.1" 200 4221 "-" "Apache Shindig"
127.0.0.1 - - [10/Dec/2014:18:06:41 +0530] "GET /portal/gadgets/show-assets/js/handlebars.js HTTP/1.1" 200 18415 "-" "Apache Shindig"
127.0.0.1 - - [10/Dec/2014:18:06:41 +0530] "GET /portal/gadgets/show-assets/js/jquery.nicescroll.min.js HTTP/1.1" 200 14096 "-" "Apache Shindig"
127.0.0.1 - - [10/Dec/2014:18:06:41 +0530] "GET /portal/gadgets/show-assets/js/jquery-1.8.3.min.js HTTP/1.1" 200 33942 "-" "Apache Shindig"
127.0.0.1 - - [10/Dec/2014:18:06:41 +0530] "GET /portal/gadgets/global-innovation-index-2013/global-innovation-index-2013.xml HTTP/1.1" 200 1044 "-" "Apache Shindig"
127.0.0.1 - - [10/Dec/2014:18:06:41 +0530] "GET /portal/themes/portal/css/flot-graph.css HTTP/1.1" 200 1294 "-" "Apache Shindig"
127.0.0.1 - - [10/Dec/2014:18:06:42 +0530] "GET /portal/gadgets/people-organizations/css/fa/css/font-awesome.min.css HTTP/1.1" 200 5124 "-" "Apache Shindig"
127.0.0.1 - - [10/Dec/2014:18:06:42 +0530] "GET /portal/themes/portal/css/bootstrap.min.css HTTP/1.1" 200 18779 "-" "Apache Shindig"
127.0.0.1 - - [10/Dec/2014:18:06:42 +0530] "GET /portal/gadgets/publications-people/jslider/css/jslider.blue.css HTTP/1.1" 200 122 "-" "Apache Shindig"
127.0.0.1 - - [10/Dec/2014:18:06:42 +0530] "GET /portal/themes/portal/css/flot-graph.css HTTP/1.1" 200 1294 "-" "Apache Shindig"
127.0.0.1 - - [10/Dec/2014:18:06:42 +0530] "GET /portal/gadgets/show-assets/js/jquery.validate.js HTTP/1.1" 200 10083 "-" "Apache Shindig"
127.0.0.1 - - [10/Dec/2014:18:06:42 +0530] "GET /portal/gadgets/people-organizations/jslider/css/jslider.css HTTP/1.1" 200 739 "-" "Apache Shindig"
127.0.0.1 - - [10/Dec/2014:18:06:42 +0530] "GET /portal/gadgets/publications-people/publications-people.xml HTTP/1.1" 200 1254 "-" "Apache Shindig"
127.0.0.1 - - [10/Dec/2014:18:06:42 +0530] "GET /portal/gadgets/people-organizations/jslider/css/jslider.blue.css HTTP/1.1" 200 122 "-" "Apache Shindig"
127.0.0.1 - - [10/Dec/2014:18:06:42 +0530] "GET /portal/gadgets/show-assets/show-assets.xml HTTP/1.1" 200 1781 "-" "Apache Shindig"
127.0.0.1 - - [10/Dec/2014:18:06:42 +0530] "GET /portal/themes/portal/css/bootstrap.min.css HTTP/1.1" 200 18779 "-" "Apache Shindig"
127.0.0.1 - - [10/Dec/2014:18:06:42 +0530] "GET /portal/gadgets/publications-people/jslider/css/jslider.plastic.css HTTP/1.1" 200 129 "-" "Apache Shindig"
127.0.0.1 - - [10/Dec/2014:18:06:42 +0530] "GET /portal/gadgets/people-organizations/jslider/css/jslider.round.plastic.css HTTP/1.1" 200 253 "-" "Apache Shindig"
127.0.0.1 - - [10/Dec/2014:18:06:42 +0530] "GET /portal/gadgets/publications-people/jslider/css/jslider.css HTTP/1.1" 200 739 "-" "Apache Shindig"
127.0.0.1 - - [10/Dec/2014:18:06:42 +0530] "GET /portal/gadgets/people-organizations/jslider/css/jslider.round.css HTTP/1.1" 200 221 "-" "Apache Shindig"
127.0.0.1 - - [10/Dec/2014:18:06:42 +0530] "GET /portal/gadgets/people-organizations/jslider/css/jslider.plastic.css HTTP/1.1" 200 129 "-" "Apache Shindig"
127.0.0.1 - - [10/Dec/2014:18:06:42 +0530] "GET /portal/gadgets/publications-people/jslider/css/jslider.round.css HTTP/1.1" 200 221 "-" "Apache Shindig"
127.0.0.1 - - [10/Dec/2014:18:06:42 +0530] "GET /portal/gadgets/publications-people/jslider/css/jslider.round.plastic.css HTTP/1.1" 200 253 "-" "Apache Shindig"
127.0.0.1 - - [10/Dec/2014:18:06:42 +0530] "GET /portal/gadgets/publications-people/css/styles.css HTTP/1.1" 200 424 "-" "Apache Shindig"
127.0.0.1 - - [10/Dec/2014:18:06:42 +0530] "GET /portal/gadgets/people-organizations/css/styles.css HTTP/1.1" 200 424 "-" "Apache Shindig"
127.0.0.1 - - [10/Dec/2014:18:06:42 +0530] "GET /portal/gadgets/people-organizations/people-organizations.xml HTTP/1.1" 200 1259 "-" "Apache Shindig"
127.0.0.1 - - [10/Dec/2014:18:06:42 +0530] "GET /portal/gadgets/publications-people/publications-people.xml HTTP/1.1" 200 1254 "-" "Apache Shindig"
127.0.0.1 - - [10/Dec/2014:18:06:42 +0530] "GET /portal/gadgets/show-assets/show-assets.xml HTTP/1.1" 200 1781 "-" "Apache Shindig"
127.0.0.1 - - [10/Dec/2014:18:06:43 +0530] "GET /portal/gadgets/people-organizations/people-organizations.xml HTTP/1.1" 200 1259 "-" "Apache Shindig"
127.0.0.1 - - [10/Dec/2014:18:06:43 +0530] "GET /portal/gadgets/show-assets/show-assets.xml HTTP/1.1" 200 1781 "-" "Apache Shindig"
0:0:0:0:0:0:0:1 - - [10/Dec/2014:18:06:43 +0530] "GET //gadgets/concat?container=default&gadget=http%3A%2F%2Flocalhost%3A9763%2Fportal%2Fgadgets%2Forganization-map%2Forganization-map.xml&debug=1&nocache=1&type=css&1=http%3A%2F%2Flocalhost%3A9763%2Fportal%2Fthemes%2Fportal%2Fcss%2Fflot-graph.css&2=http%3A%2F%2Flocalhost%3A9763%2Fportal%2Fthemes%2Fportal%2Fcss%2Fbootstrap.min.css HTTP/1.1" 200 16230 "https://localhost:9443//gadgets/ifr?url=http%3A%2F%2Flocalhost%3A9763%2Fportal%2Fgadgets%2Forganization-map%2Forganization-map.xml&container=default&view=default&lang=en&country=US&debug=1&nocache=1&sanitize=0&v=d8213105a7083aec18c9bce3596dddd0&testmode=0&parent=https%3A%2F%2Flocalhost%3A9443&mid=0" "Mozilla/5.0 (Windows NT 6.2; WOW64; rv:33.0) Gecko/20100101 Firefox/33.0"
127.0.0.1 - - [10/Dec/2014:18:06:43 +0530] "GET /portal/gadgets/organization-map/js/organization-map-core.js HTTP/1.1" 200 1829 "-" "Apache Shindig"
127.0.0.1 - - [10/Dec/2014:18:06:43 +0530] "GET /portal/gadgets/show-assets/show-assets.xml HTTP/1.1" 200 1781 "-" "Apache Shindig"
127.0.0.1 - - [10/Dec/2014:18:06:43 +0530] "GET /portal/gadgets/global-innovation-index-2013/global-innovation-index-2013.xml HTTP/1.1" 200 1044 "-" "Apache Shindig"
127.0.0.1 - - [10/Dec/2014:18:06:43 +0530] "GET /portal/gadgets/show-assets/show-assets.xml HTTP/1.1" 200 1781 "-" "Apache Shindig"
127.0.0.1 - - [10/Dec/2014:18:06:43 +0530] "GET /portal/gadgets/people-organizations/people-organizations.xml HTTP/1.1" 200 1259 "-" "Apache Shindig"
127.0.0.1 - - [10/Dec/2014:18:06:43 +0530] "GET /portal/gadgets/publications-people/publications-people.xml HTTP/1.1" 200 1254 "-" "Apache Shindig"
127.0.0.1 - - [10/Dec/2014:18:06:43 +0530] "GET /portal/js/flot/jquery.js HTTP/1.1" 200 81076 "-" "Apache Shindig"
127.0.0.1 - - [10/Dec/2014:18:06:43 +0530] "GET /portal/gadgets/show-assets/show-assets.xml HTTP/1.1" 200 1781 "-" "Apache Shindig"
0:0:0:0:0:0:0:1 - - [10/Dec/2014:18:06:43 +0530] "GET //gadgets/concat?container=default&gadget=http%3A%2F%2Flocalhost%3A9763%2Fportal%2Fgadgets%2Fglobal-innovation-index-2013%2Fglobal-innovation-index-2013.xml&debug=1&nocache=1&type=css&1=http%3A%2F%2Flocalhost%3A9763%2Fportal%2Fthemes%2Fportal%2Fcss%2Fflot-graph.css&2=http%3A%2F%2Flocalhost%3A9763%2Fportal%2Fthemes%2Fportal%2Fcss%2Fbootstrap.min.css&3=http%3A%2F%2Flocalhost%3A9763%2Fportal%2Fgadgets%2Fglobal-innovation-index-2013%2Fcss%2Fglobal-innovation-index-2013.css HTTP/1.1" 200 16373 "https://localhost:9443//gadgets/ifr?url=http%3A%2F%2Flocalhost%3A9763%2Fportal%2Fgadgets%2Fglobal-innovation-index-2013%2Fglobal-innovation-index-2013.xml&container=default&view=default&lang=en&country=US&debug=1&nocache=1&sanitize=0&v=d8213105a7083aec18c9bce3596dddd0&testmode=0&parent=https%3A%2F%2Flocalhost%3A9443&mid=0" "Mozilla/5.0 (Windows NT 6.2; WOW64; rv:33.0) Gecko/20100101 Firefox/33.0"
127.0.0.1 - - [10/Dec/2014:18:06:43 +0530] "GET /portal/gadgets/publications-people/publications-people.xml HTTP/1.1" 200 1254 "-" "Apache Shindig"
0:0:0:0:0:0:0:1 - - [10/Dec/2014:18:06:43 +0530] "GET //gadgets/concat?container=default&gadget=http%3A%2F%2Flocalhost%3A9763%2Fportal%2Fgadgets%2Fshow-assets%2Fshow-assets.xml&debug=1&nocache=1&type=js&1=http%3A%2F%2Flocalhost%3A9763%2Fportal%2Fgadgets%2Fshow-assets%2Fjs%2Fjquery-1.8.3.min.js&2=http%3A%2F%2Flocalhost%3A9763%2Fportal%2Fgadgets%2Fshow-assets%2Fjs%2Fjquery.validate.js&3=http%3A%2F%2Flocalhost%3A9763%2Fportal%2Fgadgets%2Fshow-assets%2Fjs%2Fhandlebars.js&4=http%3A%2F%2Flocalhost%3A9763%2Fportal%2Fgadgets%2Fshow-assets%2Fjs%2Fbootstrap.min.js&5=http%3A%2F%2Flocalhost%3A9763%2Fportal%2Fgadgets%2Fshow-assets%2Fjs%2Fload-assets.js&6=http%3A%2F%2Flocalhost%3A9763%2Fportal%2Fgadgets%2Fshow-assets%2Fjs%2Fjquery.nicescroll.min.js HTTP/1.1" 200 82923 "https://localhost:9443//gadgets/ifr?url=http%3A%2F%2Flocalhost%3A9763%2Fportal%2Fgadgets%2Fshow-assets%2Fshow-assets.xml&container=default&view=default&lang=en&country=US&debug=1&nocache=1&sanitize=0&v=d8213105a7083aec18c9bce3596dddd0&testmode=0&parent=https%3A%2F%2Flocalhost%3A9443&mid=0" "Mozilla/5.0 (Windows NT 6.2; WOW64; rv:33.0) Gecko/20100101 Firefox/33.0"
127.0.0.1 - - [10/Dec/2014:18:06:43 +0530] "GET /portal/gadgets/people-organizations/people-organizations.xml HTTP/1.1" 200 1259 "-" "Apache Shindig"
127.0.0.1 - - [10/Dec/2014:18:06:43 +0530] "GET /portal/gadgets/global-innovation-index-2013/js/jquery-1.11.1.min.js HTTP/1.1" 200 33747 "-" "Apache Shindig"
127.0.0.1 - - [10/Dec/2014:18:06:43 +0530] "GET /portal/gadgets/organization-map/organization-map.xml HTTP/1.1" 200 888 "-" "Apache Shindig"
127.0.0.1 - - [10/Dec/2014:18:06:43 +0530] "GET /portal/gadgets/publications-people/publications-people.xml HTTP/1.1" 200 1254 "-" "Apache Shindig"
127.0.0.1 - - [10/Dec/2014:18:06:43 +0530] "GET /portal/gadgets/global-innovation-index-2013/js/d3-options-radar.js HTTP/1.1" 404 905 "-" "Apache Shindig"
127.0.0.1 - - [10/Dec/2014:18:06:43 +0530] "GET /portal/gadgets/global-innovation-index-2013/js/global-innovation-index-2013-core.js HTTP/1.1" 200 2124 "-" "Apache Shindig"
127.0.0.1 - - [10/Dec/2014:18:06:43 +0530] "GET /portal/gadgets/organization-map/organization-map.xml HTTP/1.1" 200 888 "-" "Apache Shindig"
127.0.0.1 - - [10/Dec/2014:18:06:43 +0530] "GET /portal/gadgets/people-organizations/people-organizations.xml HTTP/1.1" 200 1259 "-" "Apache Shindig"
127.0.0.1 - - [10/Dec/2014:18:06:44 +0530] "GET /portal/gadgets/publications-people/publications-people.xml HTTP/1.1" 200 1254 "-" "Apache Shindig"
127.0.0.1 - - [10/Dec/2014:18:06:44 +0530] "GET /portal/gadgets/organization-map/organization-map.xml HTTP/1.1" 200 888 "-" "Apache Shindig"
127.0.0.1 - - [10/Dec/2014:18:06:44 +0530] "GET /portal/gadgets/global-innovation-index-2013/js/NormRadarChart.js HTTP/1.1" 200 4003 "-" "Apache Shindig"
127.0.0.1 - - [10/Dec/2014:18:06:44 +0530] "GET /portal/gadgets/people-organizations/people-organizations.xml HTTP/1.1" 200 1259 "-" "Apache Shindig"
127.0.0.1 - - [10/Dec/2014:18:06:44 +0530] "GET /portal/gadgets/people-organizations/people-organizations.xml HTTP/1.1" 200 1259 "-" "Apache Shindig"
127.0.0.1 - - [10/Dec/2014:18:06:44 +0530] "GET /portal/gadgets/global-innovation-index-2013/js/GroupedBarChart.js HTTP/1.1" 200 4084 "-" "Apache Shindig"
127.0.0.1 - - [10/Dec/2014:18:06:44 +0530] "GET /portal/gadgets/publications-people/publications-people.xml HTTP/1.1" 200 1254 "-" "Apache Shindig"
127.0.0.1 - - [10/Dec/2014:18:06:44 +0530] "GET /portal/gadgets/global-innovation-index-2013/js/d3.min.js HTTP/1.1" 200 52017 "-" "Apache Shindig"
127.0.0.1 - - [10/Dec/2014:18:06:44 +0530] "GET /portal/gadgets/global-innovation-index-2013/global-innovation-index-2013.xml HTTP/1.1" 200 1044 "-" "Apache Shindig"
127.0.0.1 - - [10/Dec/2014:18:06:44 +0530] "GET /portal/gadgets/people-organizations/people-organizations.xml HTTP/1.1" 200 1259 "-" "Apache Shindig"
127.0.0.1 - - [10/Dec/2014:18:06:44 +0530] "GET /portal/gadgets/publications-people/publications-people.xml HTTP/1.1" 200 1254 "-" "Apache Shindig"
0:0:0:0:0:0:0:1 - - [10/Dec/2014:18:06:44 +0530] "GET //gadgets/concat?container=default&gadget=http%3A%2F%2Flocalhost%3A9763%2Fportal%2Fgadgets%2Forganization-map%2Forganization-map.xml&debug=1&nocache=1&type=js&1=http%3A%2F%2Flocalhost%3A9763%2Fportal%2Fjs%2Fflot%2Fjquery.js&2=https%3A%2F%2Fmaps.googleapis.com%2Fmaps%2Fapi%2Fjs%3Fkey%3DAIzaSyBh-rKFkb1hhmElavDCGaaUQnITpIw3-MI&3=http%3A%2F%2Flocalhost%3A9763%2Fportal%2Fgadgets%2Forganization-map%2Fjs%2Forganization-map-core.js HTTP/1.1" 200 83777 "https://localhost:9443//gadgets/ifr?url=http%3A%2F%2Flocalhost%3A9763%2Fportal%2Fgadgets%2Forganization-map%2Forganization-map.xml&container=default&view=default&lang=en&country=US&debug=1&nocache=1&sanitize=0&v=d8213105a7083aec18c9bce3596dddd0&testmode=0&parent=https%3A%2F%2Flocalhost%3A9443&mid=0" "Mozilla/5.0 (Windows NT 6.2; WOW64; rv:33.0) Gecko/20100101 Firefox/33.0"
127.0.0.1 - - [10/Dec/2014:18:06:44 +0530] "GET /portal/gadgets/people-organizations/people-organizations.xml HTTP/1.1" 200 1259 "-" "Apache Shindig"
0:0:0:0:0:0:0:1 - - [10/Dec/2014:18:06:44 +0530] "GET //gadgets/concat?container=default&gadget=http%3A%2F%2Flocalhost%3A9763%2Fportal%2Fgadgets%2Fpublications-people%2Fpublications-people.xml&debug=1&nocache=1&type=css&1=http%3A%2F%2Flocalhost%3A9763%2Fportal%2Fthemes%2Fportal%2Fcss%2Fflot-graph.css&2=http%3A%2F%2Flocalhost%3A9763%2Fportal%2Fthemes%2Fportal%2Fcss%2Fbootstrap.min.css&3=http%3A%2F%2Flocalhost%3A9763%2Fportal%2Fgadgets%2Fpublications-people%2Fcss%2Fstyles.css&4=http%3A%2F%2Flocalhost%3A9763%2Fportal%2Fgadgets%2Fpublications-people%2Fjslider%2Fcss%2Fjslider.css&5=http%3A%2F%2Flocalhost%3A9763%2Fportal%2Fgadgets%2Fpublications-people%2Fjslider%2Fcss%2Fjslider.blue.css&6=http%3A%2F%2Flocalhost%3A9763%2Fportal%2Fgadgets%2Fpublications-people%2Fjslider%2Fcss%2Fjslider.plastic.css&7=http%3A%2F%2Flocalhost%3A9763%2Fportal%2Fgadgets%2Fpublications-people%2Fjslider%2Fcss%2Fjslider.round.css&8=http%3A%2F%2Flocalhost%3A9763%2Fportal%2Fgadgets%2Fpublications-people%2Fjslider%2Fcss%2Fjslider.round.plastic.css HTTP/1.1" 200 17163 "https://localhost:9443//gadgets/ifr?url=http%3A%2F%2Flocalhost%3A9763%2Fportal%2Fgadgets%2Fpublications-people%2Fpublications-people.xml&container=default&view=default&lang=en&country=US&debug=1&nocache=1&sanitize=0&v=d8213105a7083aec18c9bce3596dddd0&testmode=0&parent=https%3A%2F%2Flocalhost%3A9443&mid=0" "Mozilla/5.0 (Windows NT 6.2; WOW64; rv:33.0) Gecko/20100101 Firefox/33.0"
0:0:0:0:0:0:0:1 - - [10/Dec/2014:18:06:44 +0530] "GET //gadgets/concat?container=default&gadget=http%3A%2F%2Flocalhost%3A9763%2Fportal%2Fgadgets%2Fpeople-organizations%2Fpeople-organizations.xml&debug=1&nocache=1&type=css&1=http%3A%2F%2Flocalhost%3A9763%2Fportal%2Fthemes%2Fportal%2Fcss%2Fflot-graph.css&2=http%3A%2F%2Flocalhost%3A9763%2Fportal%2Fthemes%2Fportal%2Fcss%2Fbootstrap.min.css&3=http%3A%2F%2Flocalhost%3A9763%2Fportal%2Fgadgets%2Fpeople-organizations%2Fcss%2Ffa%2Fcss%2Ffont-awesome.min.css&4=http%3A%2F%2Flocalhost%3A9763%2Fportal%2Fgadgets%2Fpeople-organizations%2Fcss%2Fstyles.css&5=http%3A%2F%2Flocalhost%3A9763%2Fportal%2Fgadgets%2Fpeople-organizations%2Fjslider%2Fcss%2Fjslider.css&6=http%3A%2F%2Flocalhost%3A9763%2Fportal%2Fgadgets%2Fpeople-organizations%2Fjslider%2Fcss%2Fjslider.blue.css&7=http%3A%2F%2Flocalhost%3A9763%2Fportal%2Fgadgets%2Fpeople-organizations%2Fjslider%2Fcss%2Fjslider.plastic.css&8=http%3A%2F%2Flocalhost%3A9763%2Fportal%2Fgadgets%2Fpeople-organizations%2Fjslider%2Fcss%2Fjslider.round.css&9=http%3A%2F%2Flocalhost%3A9763%2Fportal%2Fgadgets%2Fpeople-organizations%2Fjslider%2Fcss%2Fjslider.round.plastic.css HTTP/1.1" 200 22310 "https://localhost:9443//gadgets/ifr?url=http%3A%2F%2Flocalhost%3A9763%2Fportal%2Fgadgets%2Fpeople-organizations%2Fpeople-organizations.xml&container=default&view=default&lang=en&country=US&debug=1&nocache=1&sanitize=0&v=d8213105a7083aec18c9bce3596dddd0&testmode=0&parent=https%3A%2F%2Flocalhost%3A9443&mid=0" "Mozilla/5.0 (Windows NT 6.2; WOW64; rv:33.0) Gecko/20100101 Firefox/33.0"
127.0.0.1 - - [10/Dec/2014:18:06:44 +0530] "GET /portal/gadgets/publications-people/js/PieChart.js HTTP/1.1" 200 2566 "-" "Apache Shindig"
127.0.0.1 - - [10/Dec/2014:18:06:44 +0530] "GET /portal/gadgets/publications-people/js/BarChart.js HTTP/1.1" 200 2831 "-" "Apache Shindig"
127.0.0.1 - - [10/Dec/2014:18:06:44 +0530] "GET /portal/gadgets/publications-people/jslider/js/jquery.numberformatter-1.2.3.js HTTP/1.1" 200 4811 "-" "Apache Shindig"
127.0.0.1 - - [10/Dec/2014:18:06:44 +0530] "GET /portal/gadgets/publications-people/jslider/js/jshashtable-2.1_src.js HTTP/1.1" 200 3039 "-" "Apache Shindig"
127.0.0.1 - - [10/Dec/2014:18:06:44 +0530] "GET /portal/gadgets/publications-people/jslider/js/draggable-0.1.js HTTP/1.1" 200 1371 "-" "Apache Shindig"
127.0.0.1 - - [10/Dec/2014:18:06:44 +0530] "GET /portal/gadgets/publications-people/jslider/js/jquery.dependClass-0.1.js HTTP/1.1" 200 1467 "-" "Apache Shindig"
127.0.0.1 - - [10/Dec/2014:18:06:44 +0530] "GET /portal/gadgets/publications-people/jslider/js/jquery.slider.js HTTP/1.1" 200 4882 "-" "Apache Shindig"
127.0.0.1 - - [10/Dec/2014:18:06:44 +0530] "GET /portal/gadgets/publications-people/js/d3.min.js HTTP/1.1" 200 52017 "-" "Apache Shindig"
127.0.0.1 - - [10/Dec/2014:18:06:44 +0530] "GET /portal/gadgets/publications-people/js/jquery-1.11.1.min.js HTTP/1.1" 200 33747 "-" "Apache Shindig"
127.0.0.1 - - [10/Dec/2014:18:06:44 +0530] "GET /portal/gadgets/people-organizations/jslider/js/jshashtable-2.1_src.js HTTP/1.1" 200 3039 "-" "Apache Shindig"
0:0:0:0:0:0:0:1 - - [10/Dec/2014:18:06:44 +0530] "GET /store/apis/myAsset/ HTTP/1.1" 401 975 "https://localhost:9443//gadgets/ifr?url=http%3A%2F%2Flocalhost%3A9763%2Fportal%2Fgadgets%2Fshow-assets%2Fshow-assets.xml&container=default&view=default&lang=en&country=US&debug=1&nocache=1&sanitize=0&v=d8213105a7083aec18c9bce3596dddd0&testmode=0&parent=https%3A%2F%2Flocalhost%3A9443&mid=0" "Mozilla/5.0 (Windows NT 6.2; WOW64; rv:33.0) Gecko/20100101 Firefox/33.0"
127.0.0.1 - - [10/Dec/2014:18:06:44 +0530] "GET /portal/gadgets/global-innovation-index-2013/global-innovation-index-2013.xml HTTP/1.1" 200 1044 "-" "Apache Shindig"
127.0.0.1 - - [10/Dec/2014:18:06:44 +0530] "GET /portal/gadgets/people-organizations/js/BarChart.js HTTP/1.1" 200 2746 "-" "Apache Shindig"
127.0.0.1 - - [10/Dec/2014:18:06:44 +0530] "GET /portal/gadgets/people-organizations/jslider/js/jquery.slider.js HTTP/1.1" 200 4882 "-" "Apache Shindig"
127.0.0.1 - - [10/Dec/2014:18:06:44 +0530] "GET /portal/gadgets/people-organizations/jslider/js/jquery.numberformatter-1.2.3.js HTTP/1.1" 200 4811 "-" "Apache Shindig"
127.0.0.1 - - [10/Dec/2014:18:06:44 +0530] "GET /portal/gadgets/global-innovation-index-2013/global-innovation-index-2013.xml HTTP/1.1" 200 1044 "-" "Apache Shindig"
127.0.0.1 - - [10/Dec/2014:18:06:44 +0530] "GET /portal/gadgets/people-organizations/js/LineChart.js HTTP/1.1" 200 2860 "-" "Apache Shindig"
127.0.0.1 - - [10/Dec/2014:18:06:44 +0530] "GET /portal/gadgets/people-organizations/js/people-organizations-core.js HTTP/1.1" 200 3667 "-" "Apache Shindig"
127.0.0.1 - - [10/Dec/2014:18:06:44 +0530] "GET /portal/gadgets/people-organizations/jslider/js/tmpl.js HTTP/1.1" 200 1229 "-" "Apache Shindig"
127.0.0.1 - - [10/Dec/2014:18:06:44 +0530] "GET /portal/gadgets/people-organizations/js/jquery-1.11.1.min.js HTTP/1.1" 200 33747 "-" "Apache Shindig"
127.0.0.1 - - [10/Dec/2014:18:06:44 +0530] "GET /portal/gadgets/people-organizations/js/d3.min.js HTTP/1.1" 200 52017 "-" "Apache Shindig"
127.0.0.1 - - [10/Dec/2014:18:06:44 +0530] "GET /portal/gadgets/publications-people/jslider/js/tmpl.js HTTP/1.1" 200 1229 "-" "Apache Shindig"
127.0.0.1 - - [10/Dec/2014:18:06:44 +0530] "GET /portal/gadgets/people-organizations/jslider/js/draggable-0.1.js HTTP/1.1" 200 1371 "-" "Apache Shindig"
127.0.0.1 - - [10/Dec/2014:18:06:44 +0530] "GET /portal/gadgets/global-innovation-index-2013/global-innovation-index-2013.xml HTTP/1.1" 200 1044 "-" "Apache Shindig"
127.0.0.1 - - [10/Dec/2014:18:06:44 +0530] "GET /portal/gadgets/publications-people/publications-people.xml HTTP/1.1" 200 1254 "-" "Apache Shindig"
127.0.0.1 - - [10/Dec/2014:18:06:44 +0530] "GET /portal/gadgets/publications-people/js/publications-people-core.js HTTP/1.1" 200 3149 "-" "Apache Shindig"
127.0.0.1 - - [10/Dec/2014:18:06:44 +0530] "GET /portal/gadgets/people-organizations/js/PieChart.js HTTP/1.1" 200 2591 "-" "Apache Shindig"
127.0.0.1 - - [10/Dec/2014:18:06:44 +0530] "GET /portal/gadgets/publications-people/js/LineChart.js HTTP/1.1" 200 2833 "-" "Apache Shindig"
127.0.0.1 - - [10/Dec/2014:18:06:44 +0530] "GET /portal/gadgets/global-innovation-index-2013/global-innovation-index-2013.xml HTTP/1.1" 200 1044 "-" "Apache Shindig"
127.0.0.1 - - [10/Dec/2014:18:06:45 +0530] "GET /portal/gadgets/people-organizations/jslider/js/jquery.dependClass-0.1.js HTTP/1.1" 200 1467 "-" "Apache Shindig"
127.0.0.1 - - [10/Dec/2014:18:06:45 +0530] "GET /portal/gadgets/people-organizations/people-organizations.xml HTTP/1.1" 200 1259 "-" "Apache Shindig"
127.0.0.1 - - [10/Dec/2014:18:06:45 +0530] "GET /portal/gadgets/global-innovation-index-2013/global-innovation-index-2013.xml HTTP/1.1" 200 1044 "-" "Apache Shindig"
127.0.0.1 - - [10/Dec/2014:18:06:45 +0530] "GET /portal/gadgets/people-organizations/people-organizations.xml HTTP/1.1" 200 1259 "-" "Apache Shindig"
127.0.0.1 - - [10/Dec/2014:18:06:45 +0530] "GET /portal/gadgets/people-organizations/people-organizations.xml HTTP/1.1" 200 1259 "-" "Apache Shindig"
127.0.0.1 - - [10/Dec/2014:18:06:45 +0530] "GET /portal/gadgets/people-organizations/people-organizations.xml HTTP/1.1" 200 1259 "-" "Apache Shindig"
0:0:0:0:0:0:0:1 - - [10/Dec/2014:18:06:45 +0530] "GET //gadgets/concat?container=default&gadget=http%3A%2F%2Flocalhost%3A9763%2Fportal%2Fgadgets%2Fglobal-innovation-index-2013%2Fglobal-innovation-index-2013.xml&debug=1&nocache=1&type=js&1=http%3A%2F%2Flocalhost%3A9763%2Fportal%2Fgadgets%2Fglobal-innovation-index-2013%2Fjs%2Fjquery-1.11.1.min.js&2=http%3A%2F%2Flocalhost%3A9763%2Fportal%2Fgadgets%2Fglobal-innovation-index-2013%2Fjs%2Fd3.min.js&3=http%3A%2F%2Flocalhost%3A9763%2Fportal%2Fgadgets%2Fglobal-innovation-index-2013%2Fjs%2FNormRadarChart.js&4=http%3A%2F%2Flocalhost%3A9763%2Fportal%2Fgadgets%2Fglobal-innovation-index-2013%2Fjs%2FGroupedBarChart.js&5=http%3A%2F%2Flocalhost%3A9763%2Fportal%2Fgadgets%2Fglobal-innovation-index-2013%2Fjs%2Fd3-options-radar.js&6=http%3A%2F%2Flocalhost%3A9763%2Fportal%2Fgadgets%2Fglobal-innovation-index-2013%2Fjs%2Fglobal-innovation-index-2013-core.js HTTP/1.1" 200 95114 "https://localhost:9443//gadgets/ifr?url=http%3A%2F%2Flocalhost%3A9763%2Fportal%2Fgadgets%2Fglobal-innovation-index-2013%2Fglobal-innovation-index-2013.xml&container=default&view=default&lang=en&country=US&debug=1&nocache=1&sanitize=0&v=d8213105a7083aec18c9bce3596dddd0&testmode=0&parent=https%3A%2F%2Flocalhost%3A9443&mid=0" "Mozilla/5.0 (Windows NT 6.2; WOW64; rv:33.0) Gecko/20100101 Firefox/33.0"
127.0.0.1 - - [10/Dec/2014:18:06:45 +0530] "GET /portal/gadgets/people-organizations/people-organizations.xml HTTP/1.1" 200 1259 "-" "Apache Shindig"
127.0.0.1 - - [10/Dec/2014:18:06:45 +0530] "GET /portal/gadgets/publications-people/publications-people.xml HTTP/1.1" 200 1254 "-" "Apache Shindig"
127.0.0.1 - - [10/Dec/2014:18:06:45 +0530] "GET /portal/gadgets/publications-people/publications-people.xml HTTP/1.1" 200 1254 "-" "Apache Shindig"
127.0.0.1 - - [10/Dec/2014:18:06:45 +0530] "GET /portal/gadgets/people-organizations/people-organizations.xml HTTP/1.1" 200 1259 "-" "Apache Shindig"
127.0.0.1 - - [10/Dec/2014:18:06:45 +0530] "GET /portal/gadgets/people-organizations/people-organizations.xml HTTP/1.1" 200 1259 "-" "Apache Shindig"
127.0.0.1 - - [10/Dec/2014:18:06:45 +0530] "GET /portal/gadgets/publications-people/publications-people.xml HTTP/1.1" 200 1254 "-" "Apache Shindig"
127.0.0.1 - - [10/Dec/2014:18:06:45 +0530] "GET /portal/gadgets/people-organizations/people-organizations.xml HTTP/1.1" 200 1259 "-" "Apache Shindig"
127.0.0.1 - - [10/Dec/2014:18:06:45 +0530] "GET /portal/gadgets/publications-people/publications-people.xml HTTP/1.1" 200 1254 "-" "Apache Shindig"
127.0.0.1 - - [10/Dec/2014:18:06:45 +0530] "GET /portal/gadgets/people-organizations/people-organizations.xml HTTP/1.1" 200 1259 "-" "Apache Shindig"
127.0.0.1 - - [10/Dec/2014:18:06:45 +0530] "GET /portal/gadgets/publications-people/publications-people.xml HTTP/1.1" 200 1254 "-" "Apache Shindig"
127.0.0.1 - - [10/Dec/2014:18:06:45 +0530] "GET /portal/gadgets/people-organizations/people-organizations.xml HTTP/1.1" 200 1259 "-" "Apache Shindig"
127.0.0.1 - - [10/Dec/2014:18:06:45 +0530] "GET /portal/gadgets/publications-people/publications-people.xml HTTP/1.1" 200 1254 "-" "Apache Shindig"
127.0.0.1 - - [10/Dec/2014:18:06:45 +0530] "GET /portal/gadgets/people-organizations/people-organizations.xml HTTP/1.1" 200 1259 "-" "Apache Shindig"
127.0.0.1 - - [10/Dec/2014:18:06:45 +0530] "GET /portal/gadgets/publications-people/publications-people.xml HTTP/1.1" 200 1254 "-" "Apache Shindig"
127.0.0.1 - - [10/Dec/2014:18:06:45 +0530] "GET /portal/gadgets/people-organizations/people-organizations.xml HTTP/1.1" 200 1259 "-" "Apache Shindig"
127.0.0.1 - - [10/Dec/2014:18:06:45 +0530] "GET /portal/gadgets/publications-people/publications-people.xml HTTP/1.1" 200 1254 "-" "Apache Shindig"
0:0:0:0:0:0:0:1 - - [10/Dec/2014:18:06:45 +0530] "GET /store/apis/tag/gadget HTTP/1.1" 200 110 "https://localhost:9443//gadgets/ifr?url=http%3A%2F%2Flocalhost%3A9763%2Fportal%2Fgadgets%2Fshow-assets%2Fshow-assets.xml&container=default&view=default&lang=en&country=US&debug=1&nocache=1&sanitize=0&v=d8213105a7083aec18c9bce3596dddd0&testmode=0&parent=https%3A%2F%2Flocalhost%3A9443&mid=0" "Mozilla/5.0 (Windows NT 6.2; WOW64; rv:33.0) Gecko/20100101 Firefox/33.0"
0:0:0:0:0:0:0:1 - - [10/Dec/2014:18:06:45 +0530] "GET //gadgets/concat?container=default&gadget=http%3A%2F%2Flocalhost%3A9763%2Fportal%2Fgadgets%2Fpeople-organizations%2Fpeople-organizations.xml&debug=1&nocache=1&type=js&1=http%3A%2F%2Flocalhost%3A9763%2Fportal%2Fgadgets%2Fpeople-organizations%2Fjs%2Fjquery-1.11.1.min.js&2=http%3A%2F%2Flocalhost%3A9763%2Fportal%2Fgadgets%2Fpeople-organizations%2Fjs%2Fd3.min.js&3=http%3A%2F%2Flocalhost%3A9763%2Fportal%2Fgadgets%2Fpeople-organizations%2Fjslider%2Fjs%2Fjshashtable-2.1_src.js&4=http%3A%2F%2Flocalhost%3A9763%2Fportal%2Fgadgets%2Fpeople-organizations%2Fjslider%2Fjs%2Fjquery.numberformatter-1.2.3.js&5=http%3A%2F%2Flocalhost%3A9763%2Fportal%2Fgadgets%2Fpeople-organizations%2Fjslider%2Fjs%2Ftmpl.js&6=http%3A%2F%2Flocalhost%3A9763%2Fportal%2Fgadgets%2Fpeople-organizations%2Fjslider%2Fjs%2Fjquery.dependClass-0.1.js&7=http%3A%2F%2Flocalhost%3A9763%2Fportal%2Fgadgets%2Fpeople-organizations%2Fjslider%2Fjs%2Fdraggable-0.1.js&8=http%3A%2F%2Flocalhost%3A9763%2Fportal%2Fgadgets%2Fpeople-organizations%2Fjslider%2Fjs%2Fjquery.slider.js&9=http%3A%2F%2Flocalhost%3A9763%2Fportal%2Fgadgets%2Fpeople-organizations%2Fjs%2FBarChart.js&10=http%3A%2F%2Flocalhost%3A9763%2Fportal%2Fgadgets%2Fpeople-organizations%2Fjs%2FLineChart.js&11=http%3A%2F%2Flocalhost%3A9763%2Fportal%2Fgadgets%2Fpeople-organizations%2Fjs%2FPieChart.js&12=http%3A%2F%2Flocalhost%3A9763%2Fportal%2Fgadgets%2Fpeople-organizations%2Fjs%2Fpeople-organizations-core.js HTTP/1.1" 200 108110 "https://localhost:9443//gadgets/ifr?url=http%3A%2F%2Flocalhost%3A9763%2Fportal%2Fgadgets%2Fpeople-organizations%2Fpeople-organizations.xml&container=default&view=default&lang=en&country=US&debug=1&nocache=1&sanitize=0&v=d8213105a7083aec18c9bce3596dddd0&testmode=0&parent=https%3A%2F%2Flocalhost%3A9443&mid=0" "Mozilla/5.0 (Windows NT 6.2; WOW64; rv:33.0) Gecko/20100101 Firefox/33.0"
127.0.0.1 - - [10/Dec/2014:18:06:45 +0530] "GET /portal/gadgets/publications-people/publications-people.xml HTTP/1.1" 200 1254 "-" "Apache Shindig"
0:0:0:0:0:0:0:1 - - [10/Dec/2014:18:06:45 +0530] "GET /portal/gadgets/organization-map/data-files/organization-map-data.jag HTTP/1.1" 500 918 "https://localhost:9443//gadgets/ifr?url=http%3A%2F%2Flocalhost%3A9763%2Fportal%2Fgadgets%2Forganization-map%2Forganization-map.xml&container=default&view=default&lang=en&country=US&debug=1&nocache=1&sanitize=0&v=d8213105a7083aec18c9bce3596dddd0&testmode=0&parent=https%3A%2F%2Flocalhost%3A9443&mid=0" "Mozilla/5.0 (Windows NT 6.2; WOW64; rv:33.0) Gecko/20100101 Firefox/33.0"
0:0:0:0:0:0:0:1 - - [10/Dec/2014:18:06:45 +0530] "GET /portal/gadgets/organization-map/data-files/aoi-data.jag HTTP/1.1" 500 918 "https://localhost:9443//gadgets/ifr?url=http%3A%2F%2Flocalhost%3A9763%2Fportal%2Fgadgets%2Forganization-map%2Forganization-map.xml&container=default&view=default&lang=en&country=US&debug=1&nocache=1&sanitize=0&v=d8213105a7083aec18c9bce3596dddd0&testmode=0&parent=https%3A%2F%2Flocalhost%3A9443&mid=0" "Mozilla/5.0 (Windows NT 6.2; WOW64; rv:33.0) Gecko/20100101 Firefox/33.0"
127.0.0.1 - - [10/Dec/2014:18:06:45 +0530] "GET /portal/gadgets/publications-people/publications-people.xml HTTP/1.1" 200 1254 "-" "Apache Shindig"
127.0.0.1 - - [10/Dec/2014:18:06:45 +0530] "GET /portal/gadgets/publications-people/publications-people.xml HTTP/1.1" 200 1254 "-" "Apache Shindig"
