0:0:0:0:0:0:0:1 - - [01/Dec/2014:11:01:55 +0530] "GET //gadgets/concat?container=default&gadget=http%3A%2F%2Flocalhost%3A9763%2Fportal%2Fgadgets%2Fbubble-chart%2Fbubble-chart.xml&debug=1&nocache=1&type=js&1=http%3A%2F%2Flocalhost%3A9763%2Fportal%2Fjs%2Fflot%2Fexcanvas.min.js&2=http%3A%2F%2Flocalhost%3A9763%2Fportal%2Fjs%2Fflot%2Fjquery.js&3=http%3A%2F%2Flocalhost%3A9763%2Fportal%2Fjs%2Fbootstrap.js&4=http%3A%2F%2Flocalhost%3A9763%2Fportal%2Fjs%2Fflot%2Fjquery.flot.js&5=http%3A%2F%2Flocalhost%3A9763%2Fportal%2Fjs%2Fflot%2Fjquery.flot.selection.js&6=http%3A%2F%2Flocalhost%3A9763%2Fportal%2Fjs%2Fflot%2Fjumflot%2Fjquery.flot.JUMlib.js&7=http%3A%2F%2Flocalhost%3A9763%2Fportal%2Fjs%2Fflot%2Fjumflot%2Fjquery.flot.mouse.js&8=http%3A%2F%2Flocalhost%3A9763%2Fportal%2Fjs%2Fflot%2Fjumflot%2Fjquery.flot.bubbles.js&9=http%3A%2F%2Flocalhost%3A9763%2Fportal%2Fjs%2Fflot%2Fjquery.flot.navigate.js&10=http%3A%2F%2Flocalhost%3A9763%2Fportal%2Fjs%2Fflot%2Fjquery.flot.resize.js&11=http%3A%2F%2Flocalhost%3A9763%2Fportal%2Fgadgets%2Fbubble-chart%2Fjs%2Foptions-bubble.js&12=http%3A%2F%2Flocalhost%3A9763%2Fportal%2Fjs%2Fflot-chart-core.js HTTP/1.1" 304 - "https://localhost:9443//gadgets/ifr?url=http%3A%2F%2Flocalhost%3A9763%2Fportal%2Fgadgets%2Fbubble-chart%2Fbubble-chart.xml&container=default&view=default&lang=en&country=US&debug=1&nocache=1&sanitize=0&v=d8213105a7083aec18c9bce3596dddd0&testmode=0&parent=https%3A%2F%2Flocalhost%3A9443&mid=0" "Mozilla/5.0 (Windows NT 6.2; WOW64; rv:33.0) Gecko/20100101 Firefox/33.0"
0:0:0:0:0:0:0:1 - - [01/Dec/2014:11:01:55 +0530] "GET /portal/apis/flot-data-files/dataFile5.jag HTTP/1.1" 200 246 "https://localhost:9443//gadgets/ifr?url=http%3A%2F%2Flocalhost%3A9763%2Fportal%2Fgadgets%2Fhorizontal-bar-chart%2Fhorizontal-bar-chart.xml&container=default&view=default&lang=en&country=US&debug=1&nocache=1&sanitize=0&v=d8213105a7083aec18c9bce3596dddd0&testmode=0&parent=https%3A%2F%2Flocalhost%3A9443&mid=0" "Mozilla/5.0 (Windows NT 6.2; WOW64; rv:33.0) Gecko/20100101 Firefox/33.0"
0:0:0:0:0:0:0:1 - - [01/Dec/2014:11:01:56 +0530] "GET /portal/apis/flot-data-files/dataFile3.jag HTTP/1.1" 200 509 "https://localhost:9443//gadgets/ifr?url=http%3A%2F%2Flocalhost%3A9763%2Fportal%2Fgadgets%2Fbubble-chart%2Fbubble-chart.xml&container=default&view=default&lang=en&country=US&debug=1&nocache=1&sanitize=0&v=d8213105a7083aec18c9bce3596dddd0&testmode=0&parent=https%3A%2F%2Flocalhost%3A9443&mid=0" "Mozilla/5.0 (Windows NT 6.2; WOW64; rv:33.0) Gecko/20100101 Firefox/33.0"
0:0:0:0:0:0:0:1 - - [01/Dec/2014:11:02:07 +0530] "GET /userdashboard/ HTTP/1.1" 302 - "https://localhost:9443/dashboard/" "Mozilla/5.0 (Windows NT 6.2; WOW64; rv:33.0) Gecko/20100101 Firefox/33.0"
0:0:0:0:0:0:0:1 - - [01/Dec/2014:11:02:07 +0530] "GET /userdashboard/login HTTP/1.1" 200 1376 "https://localhost:9443/dashboard/" "Mozilla/5.0 (Windows NT 6.2; WOW64; rv:33.0) Gecko/20100101 Firefox/33.0"
0:0:0:0:0:0:0:1 - - [01/Dec/2014:11:02:08 +0530] "POST /sso/samlsso.jag HTTP/1.1" 302 - "https://localhost:9443/userdashboard/login" "Mozilla/5.0 (Windows NT 6.2; WOW64; rv:33.0) Gecko/20100101 Firefox/33.0"
0:0:0:0:0:0:0:1 - - [01/Dec/2014:11:02:08 +0530] "GET /sso/login.jag HTTP/1.1" 200 1670 "https://localhost:9443/userdashboard/login" "Mozilla/5.0 (Windows NT 6.2; WOW64; rv:33.0) Gecko/20100101 Firefox/33.0"
0:0:0:0:0:0:0:1 - - [01/Dec/2014:11:02:08 +0530] "GET /sso/font/fontawesome-webfont.woff?v=3.2.1 HTTP/1.1" 304 - "https://localhost:9443/sso/css/font-awesome.min.css" "Mozilla/5.0 (Windows NT 6.2; WOW64; rv:33.0) Gecko/20100101 Firefox/33.0"
0:0:0:0:0:0:0:1 - - [01/Dec/2014:11:02:33 +0530] "POST /sso/samlsso.jag HTTP/1.1" 200 2015 "https://localhost:9443/sso/login.jag" "Mozilla/5.0 (Windows NT 6.2; WOW64; rv:33.0) Gecko/20100101 Firefox/33.0"
0:0:0:0:0:0:0:1 - - [01/Dec/2014:11:02:33 +0530] "POST /userdashboard/sso HTTP/1.1" 302 - "https://localhost:9443/sso/samlsso.jag" "Mozilla/5.0 (Windows NT 6.2; WOW64; rv:33.0) Gecko/20100101 Firefox/33.0"
0:0:0:0:0:0:0:1 - - [01/Dec/2014:11:02:33 +0530] "GET /userdashboard HTTP/1.1" 302 - "https://localhost:9443/sso/samlsso.jag" "Mozilla/5.0 (Windows NT 6.2; WOW64; rv:33.0) Gecko/20100101 Firefox/33.0"
0:0:0:0:0:0:0:1 - - [01/Dec/2014:11:02:33 +0530] "GET /userdashboard/ HTTP/1.1" 200 2455 "https://localhost:9443/sso/samlsso.jag" "Mozilla/5.0 (Windows NT 6.2; WOW64; rv:33.0) Gecko/20100101 Firefox/33.0"
0:0:0:0:0:0:0:1 - - [01/Dec/2014:11:02:33 +0530] "GET /userdashboard/css/font-awesome-ie7.min.css HTTP/1.1" 304 - "https://localhost:9443/userdashboard/" "Mozilla/5.0 (Windows NT 6.2; WOW64; rv:33.0) Gecko/20100101 Firefox/33.0"
0:0:0:0:0:0:0:1 - - [01/Dec/2014:11:02:33 +0530] "GET /userdashboard/css/bootstrap.min.css HTTP/1.1" 304 - "https://localhost:9443/userdashboard/" "Mozilla/5.0 (Windows NT 6.2; WOW64; rv:33.0) Gecko/20100101 Firefox/33.0"
0:0:0:0:0:0:0:1 - - [01/Dec/2014:11:02:33 +0530] "GET /userdashboard/css/font-awesome.min.css HTTP/1.1" 304 - "https://localhost:9443/userdashboard/" "Mozilla/5.0 (Windows NT 6.2; WOW64; rv:33.0) Gecko/20100101 Firefox/33.0"
0:0:0:0:0:0:0:1 - - [01/Dec/2014:11:02:33 +0530] "GET /userdashboard/css/bootstrap-responsive.min.css HTTP/1.1" 304 - "https://localhost:9443/userdashboard/" "Mozilla/5.0 (Windows NT 6.2; WOW64; rv:33.0) Gecko/20100101 Firefox/33.0"
0:0:0:0:0:0:0:1 - - [01/Dec/2014:11:02:33 +0530] "GET /userdashboard/css/portal-dashboard-designer.css HTTP/1.1" 304 - "https://localhost:9443/userdashboard/" "Mozilla/5.0 (Windows NT 6.2; WOW64; rv:33.0) Gecko/20100101 Firefox/33.0"
0:0:0:0:0:0:0:1 - - [01/Dec/2014:11:02:33 +0530] "GET /userdashboard/css/styles.css HTTP/1.1" 304 - "https://localhost:9443/userdashboard/" "Mozilla/5.0 (Windows NT 6.2; WOW64; rv:33.0) Gecko/20100101 Firefox/33.0"
0:0:0:0:0:0:0:1 - - [01/Dec/2014:11:02:33 +0530] "GET /userdashboard/css/navigation.css HTTP/1.1" 304 - "https://localhost:9443/userdashboard/" "Mozilla/5.0 (Windows NT 6.2; WOW64; rv:33.0) Gecko/20100101 Firefox/33.0"
0:0:0:0:0:0:0:1 - - [01/Dec/2014:11:02:33 +0530] "GET /userdashboard/css/jquery.gridster.min.css HTTP/1.1" 304 - "https://localhost:9443/userdashboard/" "Mozilla/5.0 (Windows NT 6.2; WOW64; rv:33.0) Gecko/20100101 Firefox/33.0"
0:0:0:0:0:0:0:1 - - [01/Dec/2014:11:02:33 +0530] "GET /userdashboard/js/bootstrap.min.js HTTP/1.1" 304 - "https://localhost:9443/userdashboard/" "Mozilla/5.0 (Windows NT 6.2; WOW64; rv:33.0) Gecko/20100101 Firefox/33.0"
0:0:0:0:0:0:0:1 - - [01/Dec/2014:11:02:33 +0530] "GET /userdashboard/js/jquery-1.8.3.min.js HTTP/1.1" 304 - "https://localhost:9443/userdashboard/" "Mozilla/5.0 (Windows NT 6.2; WOW64; rv:33.0) Gecko/20100101 Firefox/33.0"
0:0:0:0:0:0:0:1 - - [01/Dec/2014:11:02:33 +0530] "GET /userdashboard/js/handlebars.js HTTP/1.1" 304 - "https://localhost:9443/userdashboard/" "Mozilla/5.0 (Windows NT 6.2; WOW64; rv:33.0) Gecko/20100101 Firefox/33.0"
0:0:0:0:0:0:0:1 - - [01/Dec/2014:11:02:33 +0530] "GET /userdashboard/js/jquery-ui-1.10.1.custom.min.js HTTP/1.1" 304 - "https://localhost:9443/userdashboard/" "Mozilla/5.0 (Windows NT 6.2; WOW64; rv:33.0) Gecko/20100101 Firefox/33.0"
0:0:0:0:0:0:0:1 - - [01/Dec/2014:11:02:33 +0530] "GET /userdashboard/js/jquery.gridster.with-extras.min.js HTTP/1.1" 304 - "https://localhost:9443/userdashboard/" "Mozilla/5.0 (Windows NT 6.2; WOW64; rv:33.0) Gecko/20100101 Firefox/33.0"
0:0:0:0:0:0:0:1 - - [01/Dec/2014:11:02:33 +0530] "GET /userdashboard/js/UESContainer.js HTTP/1.1" 304 - "https://localhost:9443/userdashboard/" "Mozilla/5.0 (Windows NT 6.2; WOW64; rv:33.0) Gecko/20100101 Firefox/33.0"
0:0:0:0:0:0:0:1 - - [01/Dec/2014:11:02:33 +0530] "GET /userdashboard/js/shindig.js HTTP/1.1" 304 - "https://localhost:9443/userdashboard/" "Mozilla/5.0 (Windows NT 6.2; WOW64; rv:33.0) Gecko/20100101 Firefox/33.0"
0:0:0:0:0:0:0:1 - - [01/Dec/2014:11:02:33 +0530] "GET /userdashboard/js/navigation.js HTTP/1.1" 304 - "https://localhost:9443/userdashboard/" "Mozilla/5.0 (Windows NT 6.2; WOW64; rv:33.0) Gecko/20100101 Firefox/33.0"
0:0:0:0:0:0:0:1 - - [01/Dec/2014:11:02:33 +0530] "GET /userdashboard/js/portal-dashboard-designer.js HTTP/1.1" 304 - "https://localhost:9443/userdashboard/" "Mozilla/5.0 (Windows NT 6.2; WOW64; rv:33.0) Gecko/20100101 Firefox/33.0"
0:0:0:0:0:0:0:1 - - [01/Dec/2014:11:02:34 +0530] "GET /userdashboard/img/designer-sprite.png HTTP/1.1" 304 - "https://localhost:9443/userdashboard/css/portal-dashboard-designer.css" "Mozilla/5.0 (Windows NT 6.2; WOW64; rv:33.0) Gecko/20100101 Firefox/33.0"
0:0:0:0:0:0:0:1 - - [01/Dec/2014:11:02:34 +0530] "GET /userdashboard/img/logo.png HTTP/1.1" 304 - "https://localhost:9443/userdashboard/css/navigation.css" "Mozilla/5.0 (Windows NT 6.2; WOW64; rv:33.0) Gecko/20100101 Firefox/33.0"
0:0:0:0:0:0:0:1 - - [01/Dec/2014:11:02:34 +0530] "GET /userdashboard/font/Lato-Reg-webfont.woff HTTP/1.1" 304 - "https://localhost:9443/userdashboard/css/styles.css" "Mozilla/5.0 (Windows NT 6.2; WOW64; rv:33.0) Gecko/20100101 Firefox/33.0"
0:0:0:0:0:0:0:1 - - [01/Dec/2014:11:02:34 +0530] "GET /userdashboard/font/Lato-Bol-webfont.woff HTTP/1.1" 304 - "https://localhost:9443/userdashboard/css/styles.css" "Mozilla/5.0 (Windows NT 6.2; WOW64; rv:33.0) Gecko/20100101 Firefox/33.0"
0:0:0:0:0:0:0:1 - - [01/Dec/2014:11:02:34 +0530] "GET /userdashboard/font/fontawesome-webfont.woff?v=3.2.1 HTTP/1.1" 304 - "https://localhost:9443/userdashboard/css/font-awesome.min.css" "Mozilla/5.0 (Windows NT 6.2; WOW64; rv:33.0) Gecko/20100101 Firefox/33.0"
0:0:0:0:0:0:0:1 - - [01/Dec/2014:11:02:34 +0530] "POST //rpc?st=-1%3A-1%3A*%3A*%3A*%3A0%3Adefault HTTP/1.1" 200 1473 "https://localhost:9443/userdashboard/" "Mozilla/5.0 (Windows NT 6.2; WOW64; rv:33.0) Gecko/20100101 Firefox/33.0"
0:0:0:0:0:0:0:1 - - [01/Dec/2014:11:02:34 +0530] "GET /userdashboard/apis/ues/layout/ HTTP/1.1" 200 4 "https://localhost:9443/userdashboard/" "Mozilla/5.0 (Windows NT 6.2; WOW64; rv:33.0) Gecko/20100101 Firefox/33.0"
127.0.0.1 - - [01/Dec/2014:11:02:34 +0530] "GET /portal/gadgets/show-assets/show-assets.xml HTTP/1.1" 200 1769 "-" "Apache Shindig"
0:0:0:0:0:0:0:1 - - [01/Dec/2014:11:02:34 +0530] "GET //gadgets/ifr?url=http%3A%2F%2Flocalhost%3A9763%2Fportal%2Fgadgets%2Fshow-assets%2Fshow-assets.xml&container=default&view=default&lang=en&country=US&debug=1&nocache=1&sanitize=0&v=d8213105a7083aec18c9bce3596dddd0&testmode=0&parent=https%3A%2F%2Flocalhost%3A9443&mid=0 HTTP/1.1" 304 - "https://localhost:9443/userdashboard/" "Mozilla/5.0 (Windows NT 6.2; WOW64; rv:33.0) Gecko/20100101 Firefox/33.0"
127.0.0.1 - - [01/Dec/2014:11:02:34 +0530] "GET /portal/gadgets/show-assets/css/styles.css HTTP/1.1" 200 2062 "-" "Apache Shindig"
127.0.0.1 - - [01/Dec/2014:11:02:34 +0530] "GET /portal/gadgets/show-assets/css/bootstrap.min.css HTTP/1.1" 200 15959 "-" "Apache Shindig"
127.0.0.1 - - [01/Dec/2014:11:02:35 +0530] "GET /portal/gadgets/show-assets/show-assets.xml HTTP/1.1" 200 1769 "-" "Apache Shindig"
127.0.0.1 - - [01/Dec/2014:11:02:35 +0530] "GET /portal/gadgets/show-assets/show-assets.xml HTTP/1.1" 200 1769 "-" "Apache Shindig"
0:0:0:0:0:0:0:1 - - [01/Dec/2014:11:02:35 +0530] "GET //gadgets/concat?container=default&gadget=http%3A%2F%2Flocalhost%3A9763%2Fportal%2Fgadgets%2Fshow-assets%2Fshow-assets.xml&debug=1&nocache=1&type=css&1=http%3A%2F%2Flocalhost%3A9763%2Fportal%2Fgadgets%2Fshow-assets%2Fcss%2Fbootstrap.min.css&2=http%3A%2F%2Flocalhost%3A9763%2Fportal%2Fgadgets%2Fshow-assets%2Fcss%2Fstyles.css HTTP/1.1" 304 - "https://localhost:9443//gadgets/ifr?url=http%3A%2F%2Flocalhost%3A9763%2Fportal%2Fgadgets%2Fshow-assets%2Fshow-assets.xml&container=default&view=default&lang=en&country=US&debug=1&nocache=1&sanitize=0&v=d8213105a7083aec18c9bce3596dddd0&testmode=0&parent=https%3A%2F%2Flocalhost%3A9443&mid=0" "Mozilla/5.0 (Windows NT 6.2; WOW64; rv:33.0) Gecko/20100101 Firefox/33.0"
127.0.0.1 - - [01/Dec/2014:11:02:35 +0530] "GET /portal/gadgets/show-assets/js/load-assets.js HTTP/1.1" 200 2901 "-" "Apache Shindig"
127.0.0.1 - - [01/Dec/2014:11:02:35 +0530] "GET /portal/gadgets/show-assets/js/jquery.nicescroll.min.js HTTP/1.1" 200 14017 "-" "Apache Shindig"
127.0.0.1 - - [01/Dec/2014:11:02:35 +0530] "GET /portal/gadgets/show-assets/js/bootstrap.min.js HTTP/1.1" 200 4218 "-" "Apache Shindig"
127.0.0.1 - - [01/Dec/2014:11:02:35 +0530] "GET /portal/gadgets/show-assets/js/jquery-1.8.3.min.js HTTP/1.1" 200 33942 "-" "Apache Shindig"
127.0.0.1 - - [01/Dec/2014:11:02:35 +0530] "GET /portal/gadgets/show-assets/js/jquery.validate.js HTTP/1.1" 200 10011 "-" "Apache Shindig"
127.0.0.1 - - [01/Dec/2014:11:02:35 +0530] "GET /portal/gadgets/show-assets/js/handlebars.js HTTP/1.1" 200 18303 "-" "Apache Shindig"
127.0.0.1 - - [01/Dec/2014:11:02:35 +0530] "GET /portal/gadgets/show-assets/show-assets.xml HTTP/1.1" 200 1769 "-" "Apache Shindig"
127.0.0.1 - - [01/Dec/2014:11:02:35 +0530] "GET /portal/gadgets/show-assets/show-assets.xml HTTP/1.1" 200 1769 "-" "Apache Shindig"
127.0.0.1 - - [01/Dec/2014:11:02:35 +0530] "GET /portal/gadgets/show-assets/show-assets.xml HTTP/1.1" 200 1769 "-" "Apache Shindig"
127.0.0.1 - - [01/Dec/2014:11:02:35 +0530] "GET /portal/gadgets/show-assets/show-assets.xml HTTP/1.1" 200 1769 "-" "Apache Shindig"
127.0.0.1 - - [01/Dec/2014:11:02:35 +0530] "GET /portal/gadgets/show-assets/show-assets.xml HTTP/1.1" 200 1769 "-" "Apache Shindig"
127.0.0.1 - - [01/Dec/2014:11:02:35 +0530] "GET /portal/gadgets/show-assets/show-assets.xml HTTP/1.1" 200 1769 "-" "Apache Shindig"
0:0:0:0:0:0:0:1 - - [01/Dec/2014:11:02:35 +0530] "GET //gadgets/concat?container=default&gadget=http%3A%2F%2Flocalhost%3A9763%2Fportal%2Fgadgets%2Fshow-assets%2Fshow-assets.xml&debug=1&nocache=1&type=js&1=http%3A%2F%2Flocalhost%3A9763%2Fportal%2Fgadgets%2Fshow-assets%2Fjs%2Fjquery-1.8.3.min.js&2=http%3A%2F%2Flocalhost%3A9763%2Fportal%2Fgadgets%2Fshow-assets%2Fjs%2Fjquery.validate.js&3=http%3A%2F%2Flocalhost%3A9763%2Fportal%2Fgadgets%2Fshow-assets%2Fjs%2Fhandlebars.js&4=http%3A%2F%2Flocalhost%3A9763%2Fportal%2Fgadgets%2Fshow-assets%2Fjs%2Fbootstrap.min.js&5=http%3A%2F%2Flocalhost%3A9763%2Fportal%2Fgadgets%2Fshow-assets%2Fjs%2Fload-assets.js&6=http%3A%2F%2Flocalhost%3A9763%2Fportal%2Fgadgets%2Fshow-assets%2Fjs%2Fjquery.nicescroll.min.js HTTP/1.1" 304 - "https://localhost:9443//gadgets/ifr?url=http%3A%2F%2Flocalhost%3A9763%2Fportal%2Fgadgets%2Fshow-assets%2Fshow-assets.xml&container=default&view=default&lang=en&country=US&debug=1&nocache=1&sanitize=0&v=d8213105a7083aec18c9bce3596dddd0&testmode=0&parent=https%3A%2F%2Flocalhost%3A9443&mid=0" "Mozilla/5.0 (Windows NT 6.2; WOW64; rv:33.0) Gecko/20100101 Firefox/33.0"
0:0:0:0:0:0:0:1 - - [01/Dec/2014:11:02:35 +0530] "GET /store/apis/myAsset/ HTTP/1.1" 401 975 "https://localhost:9443//gadgets/ifr?url=http%3A%2F%2Flocalhost%3A9763%2Fportal%2Fgadgets%2Fshow-assets%2Fshow-assets.xml&container=default&view=default&lang=en&country=US&debug=1&nocache=1&sanitize=0&v=d8213105a7083aec18c9bce3596dddd0&testmode=0&parent=https%3A%2F%2Flocalhost%3A9443&mid=0" "Mozilla/5.0 (Windows NT 6.2; WOW64; rv:33.0) Gecko/20100101 Firefox/33.0"
0:0:0:0:0:0:0:1 - - [01/Dec/2014:11:02:35 +0530] "GET /store/apis/tag/gadget HTTP/1.1" 200 428 "https://localhost:9443//gadgets/ifr?url=http%3A%2F%2Flocalhost%3A9763%2Fportal%2Fgadgets%2Fshow-assets%2Fshow-assets.xml&container=default&view=default&lang=en&country=US&debug=1&nocache=1&sanitize=0&v=d8213105a7083aec18c9bce3596dddd0&testmode=0&parent=https%3A%2F%2Flocalhost%3A9443&mid=0" "Mozilla/5.0 (Windows NT 6.2; WOW64; rv:33.0) Gecko/20100101 Firefox/33.0"
0:0:0:0:0:0:0:1 - - [01/Dec/2014:11:02:40 +0530] "GET /userdashboard/img/dummy-grid.png HTTP/1.1" 200 9330 "https://localhost:9443/userdashboard/css/portal-dashboard-designer.css" "Mozilla/5.0 (Windows NT 6.2; WOW64; rv:33.0) Gecko/20100101 Firefox/33.0"
0:0:0:0:0:0:0:1 - - [01/Dec/2014:11:02:40 +0530] "GET /userdashboard/img/ui-icons_222222_256x240.png HTTP/1.1" 200 4369 "https://localhost:9443/userdashboard/css/portal-dashboard-designer.css" "Mozilla/5.0 (Windows NT 6.2; WOW64; rv:33.0) Gecko/20100101 Firefox/33.0"
127.0.0.1 - - [01/Dec/2014:11:02:44 +0530] "GET /portal/gadgets/show-assets/img/banner-bg-pattern.jpg HTTP/1.1" 200 5203 "-" "Apache Shindig"
127.0.0.1 - - [01/Dec/2014:11:02:44 +0530] "GET /portal/gadgets/show-assets/img/icons-sprite.png HTTP/1.1" 200 11476 "-" "Apache Shindig"
127.0.0.1 - - [01/Dec/2014:11:02:44 +0530] "GET /portal/gadgets/show-assets/css/styles.css HTTP/1.1" 200 2062 "-" "Apache Shindig"
127.0.0.1 - - [01/Dec/2014:11:02:44 +0530] "GET /portal/gadgets/show-assets/css/styles.css HTTP/1.1" 200 2062 "-" "Apache Shindig"
0:0:0:0:0:0:0:1 - - [01/Dec/2014:11:02:44 +0530] "GET //gadgets/proxy?container=default&gadget=http%3A%2F%2Flocalhost%3A9763%2Fportal%2Fgadgets%2Fshow-assets%2Fcss%2Fstyles.css&debug=0&nocache=1&url=http%3A%2F%2Flocalhost%3A9763%2Fportal%2Fgadgets%2Fshow-assets%2Fimg%2Ficons-sprite.png HTTP/1.1" 304 - "https://localhost:9443//gadgets/concat?container=default&gadget=http%3A%2F%2Flocalhost%3A9763%2Fportal%2Fgadgets%2Fshow-assets%2Fshow-assets.xml&debug=1&nocache=1&type=css&1=http%3A%2F%2Flocalhost%3A9763%2Fportal%2Fgadgets%2Fshow-assets%2Fcss%2Fbootstrap.min.css&2=http%3A%2F%2Flocalhost%3A9763%2Fportal%2Fgadgets%2Fshow-assets%2Fcss%2Fstyles.css" "Mozilla/5.0 (Windows NT 6.2; WOW64; rv:33.0) Gecko/20100101 Firefox/33.0"
0:0:0:0:0:0:0:1 - - [01/Dec/2014:11:02:44 +0530] "GET //gadgets/proxy?container=default&gadget=http%3A%2F%2Flocalhost%3A9763%2Fportal%2Fgadgets%2Fshow-assets%2Fcss%2Fstyles.css&debug=0&nocache=1&url=http%3A%2F%2Flocalhost%3A9763%2Fportal%2Fgadgets%2Fshow-assets%2Fimg%2Fbanner-bg-pattern.jpg HTTP/1.1" 304 - "https://localhost:9443//gadgets/concat?container=default&gadget=http%3A%2F%2Flocalhost%3A9763%2Fportal%2Fgadgets%2Fshow-assets%2Fshow-assets.xml&debug=1&nocache=1&type=css&1=http%3A%2F%2Flocalhost%3A9763%2Fportal%2Fgadgets%2Fshow-assets%2Fcss%2Fbootstrap.min.css&2=http%3A%2F%2Flocalhost%3A9763%2Fportal%2Fgadgets%2Fshow-assets%2Fcss%2Fstyles.css" "Mozilla/5.0 (Windows NT 6.2; WOW64; rv:33.0) Gecko/20100101 Firefox/33.0"
127.0.0.1 - - [01/Dec/2014:11:02:44 +0530] "GET /portal/gadgets/show-assets/font/Lato-Regular.ttf HTTP/1.1" 404 898 "-" "Apache Shindig"
127.0.0.1 - - [01/Dec/2014:11:02:44 +0530] "GET /portal/gadgets/show-assets/css/styles.css HTTP/1.1" 200 2062 "-" "Apache Shindig"
0:0:0:0:0:0:0:1 - - [01/Dec/2014:11:02:44 +0530] "GET //gadgets/proxy?container=default&gadget=http%3A%2F%2Flocalhost%3A9763%2Fportal%2Fgadgets%2Fshow-assets%2Fcss%2Fstyles.css&debug=0&nocache=1&url=http%3A%2F%2Flocalhost%3A9763%2Fportal%2Fgadgets%2Fshow-assets%2Ffont%2FLato-Regular.ttf HTTP/1.1" 304 - "https://localhost:9443//gadgets/concat?container=default&gadget=http%3A%2F%2Flocalhost%3A9763%2Fportal%2Fgadgets%2Fshow-assets%2Fshow-assets.xml&debug=1&nocache=1&type=css&1=http%3A%2F%2Flocalhost%3A9763%2Fportal%2Fgadgets%2Fshow-assets%2Fcss%2Fbootstrap.min.css&2=http%3A%2F%2Flocalhost%3A9763%2Fportal%2Fgadgets%2Fshow-assets%2Fcss%2Fstyles.css" "Mozilla/5.0 (Windows NT 6.2; WOW64; rv:33.0) Gecko/20100101 Firefox/33.0"
0:0:0:0:0:0:0:1 - - [01/Dec/2014:11:02:47 +0530] "GET /store/apis/tag/data/gadget HTTP/1.1" 200 765 "https://localhost:9443//gadgets/ifr?url=http%3A%2F%2Flocalhost%3A9763%2Fportal%2Fgadgets%2Fshow-assets%2Fshow-assets.xml&container=default&view=default&lang=en&country=US&debug=1&nocache=1&sanitize=0&v=d8213105a7083aec18c9bce3596dddd0&testmode=0&parent=https%3A%2F%2Flocalhost%3A9443&mid=0" "Mozilla/5.0 (Windows NT 6.2; WOW64; rv:33.0) Gecko/20100101 Firefox/33.0"
0:0:0:0:0:0:0:1 - - [01/Dec/2014:11:02:47 +0530] "GET /store/apis/asset/gadget?id=%2F_system%2Fgovernance%2Fgadgets%2Fadmin%2FBar+Chart%2F1.0.0 HTTP/1.1" 200 968 "https://localhost:9443//gadgets/ifr?url=http%3A%2F%2Flocalhost%3A9763%2Fportal%2Fgadgets%2Fshow-assets%2Fshow-assets.xml&container=default&view=default&lang=en&country=US&debug=1&nocache=1&sanitize=0&v=d8213105a7083aec18c9bce3596dddd0&testmode=0&parent=https%3A%2F%2Flocalhost%3A9443&mid=0" "Mozilla/5.0 (Windows NT 6.2; WOW64; rv:33.0) Gecko/20100101 Firefox/33.0"
0:0:0:0:0:0:0:1 - - [01/Dec/2014:11:02:47 +0530] "GET /store/apis/asset/gadget?id=%2F_system%2Fgovernance%2Fgadgets%2Fadmin%2FHorizontal+Bar+Chart%2F1.0.0 HTTP/1.1" 200 1044 "https://localhost:9443//gadgets/ifr?url=http%3A%2F%2Flocalhost%3A9763%2Fportal%2Fgadgets%2Fshow-assets%2Fshow-assets.xml&container=default&view=default&lang=en&country=US&debug=1&nocache=1&sanitize=0&v=d8213105a7083aec18c9bce3596dddd0&testmode=0&parent=https%3A%2F%2Flocalhost%3A9443&mid=0" "Mozilla/5.0 (Windows NT 6.2; WOW64; rv:33.0) Gecko/20100101 Firefox/33.0"
0:0:0:0:0:0:0:1 - - [01/Dec/2014:11:02:47 +0530] "GET /store/apis/asset/gadget?id=%2F_system%2Fgovernance%2Fgadgets%2Fadmin%2FBubble+Chart%2F1.0.0 HTTP/1.1" 200 988 "https://localhost:9443//gadgets/ifr?url=http%3A%2F%2Flocalhost%3A9763%2Fportal%2Fgadgets%2Fshow-assets%2Fshow-assets.xml&container=default&view=default&lang=en&country=US&debug=1&nocache=1&sanitize=0&v=d8213105a7083aec18c9bce3596dddd0&testmode=0&parent=https%3A%2F%2Flocalhost%3A9443&mid=0" "Mozilla/5.0 (Windows NT 6.2; WOW64; rv:33.0) Gecko/20100101 Firefox/33.0"
0:0:0:0:0:0:0:1 - - [01/Dec/2014:11:02:47 +0530] "GET /store/apis/asset/gadget?id=%2F_system%2Fgovernance%2Fgadgets%2Fadmin%2FLine+Chart%2F1.0.0 HTTP/1.1" 200 974 "https://localhost:9443//gadgets/ifr?url=http%3A%2F%2Flocalhost%3A9763%2Fportal%2Fgadgets%2Fshow-assets%2Fshow-assets.xml&container=default&view=default&lang=en&country=US&debug=1&nocache=1&sanitize=0&v=d8213105a7083aec18c9bce3596dddd0&testmode=0&parent=https%3A%2F%2Flocalhost%3A9443&mid=0" "Mozilla/5.0 (Windows NT 6.2; WOW64; rv:33.0) Gecko/20100101 Firefox/33.0"
0:0:0:0:0:0:0:1 - - [01/Dec/2014:11:02:47 +0530] "GET /portal/gadgets/bar-chart/thumbnail.jpg HTTP/1.1" 200 2322 "-" "Mozilla/5.0 (Windows NT 6.2; WOW64; rv:33.0) Gecko/20100101 Firefox/33.0"
127.0.0.1 - - [01/Dec/2014:11:02:49 +0530] "GET /portal/gadgets/line-chart/line-chart.xml HTTP/1.1" 200 1014 "-" "Apache Shindig"
0:0:0:0:0:0:0:1 - - [01/Dec/2014:11:02:49 +0530] "POST //rpc?st=-1%3A-1%3A*%3A*%3A*%3A0%3Adefault HTTP/1.1" 200 1588 "https://localhost:9443/userdashboard/" "Mozilla/5.0 (Windows NT 6.2; WOW64; rv:33.0) Gecko/20100101 Firefox/33.0"
127.0.0.1 - - [01/Dec/2014:11:02:49 +0530] "GET /portal/gadgets/line-chart/line-chart.xml HTTP/1.1" 200 1014 "-" "Apache Shindig"
0:0:0:0:0:0:0:1 - - [01/Dec/2014:11:02:49 +0530] "GET //gadgets/ifr?url=http%3A%2F%2Flocalhost%3A9763%2Fportal%2Fgadgets%2Fline-chart%2Fline-chart.xml&container=default&view=default&lang=en&country=US&debug=1&nocache=1&sanitize=0&v=d8213105a7083aec18c9bce3596dddd0&testmode=0&parent=https%3A%2F%2Flocalhost%3A9443&mid=0 HTTP/1.1" 200 1425 "https://localhost:9443/userdashboard/" "Mozilla/5.0 (Windows NT 6.2; WOW64; rv:33.0) Gecko/20100101 Firefox/33.0"
127.0.0.1 - - [01/Dec/2014:11:02:49 +0530] "GET /portal/themes/portal/css/flot-graph.css HTTP/1.1" 200 1294 "-" "Apache Shindig"
127.0.0.1 - - [01/Dec/2014:11:02:49 +0530] "GET /portal/themes/portal/css/bootstrap.min.css HTTP/1.1" 200 18754 "-" "Apache Shindig"
127.0.0.1 - - [01/Dec/2014:11:02:49 +0530] "GET /portal/gadgets/line-chart/line-chart.xml HTTP/1.1" 200 1014 "-" "Apache Shindig"
127.0.0.1 - - [01/Dec/2014:11:02:49 +0530] "GET /portal/gadgets/line-chart/line-chart.xml HTTP/1.1" 200 1014 "-" "Apache Shindig"
0:0:0:0:0:0:0:1 - - [01/Dec/2014:11:02:49 +0530] "GET //gadgets/concat?container=default&gadget=http%3A%2F%2Flocalhost%3A9763%2Fportal%2Fgadgets%2Fline-chart%2Fline-chart.xml&debug=1&nocache=1&type=css&1=http%3A%2F%2Flocalhost%3A9763%2Fportal%2Fthemes%2Fportal%2Fcss%2Fflot-graph.css&2=http%3A%2F%2Flocalhost%3A9763%2Fportal%2Fthemes%2Fportal%2Fcss%2Fbootstrap.min.css HTTP/1.1" 200 16230 "https://localhost:9443//gadgets/ifr?url=http%3A%2F%2Flocalhost%3A9763%2Fportal%2Fgadgets%2Fline-chart%2Fline-chart.xml&container=default&view=default&lang=en&country=US&debug=1&nocache=1&sanitize=0&v=d8213105a7083aec18c9bce3596dddd0&testmode=0&parent=https%3A%2F%2Flocalhost%3A9443&mid=0" "Mozilla/5.0 (Windows NT 6.2; WOW64; rv:33.0) Gecko/20100101 Firefox/33.0"
127.0.0.1 - - [01/Dec/2014:11:02:49 +0530] "GET /portal/js/flot-chart-core.js HTTP/1.1" 200 1687 "-" "Apache Shindig"
127.0.0.1 - - [01/Dec/2014:11:02:49 +0530] "GET /portal/js/bootstrap.js HTTP/1.1" 200 10558 "-" "Apache Shindig"
127.0.0.1 - - [01/Dec/2014:11:02:49 +0530] "GET /portal/js/flot/jquery.flot.selection.js HTTP/1.1" 200 3861 "-" "Apache Shindig"
127.0.0.1 - - [01/Dec/2014:11:02:49 +0530] "GET /portal/js/flot/jquery.flot.navigate.js HTTP/1.1" 200 4603 "-" "Apache Shindig"
127.0.0.1 - - [01/Dec/2014:11:02:49 +0530] "GET /portal/js/flot/excanvas.min.js HTTP/1.1" 200 8433 "-" "Apache Shindig"
127.0.0.1 - - [01/Dec/2014:11:02:49 +0530] "GET /portal/js/flot/jquery.flot.resize.js HTTP/1.1" 200 1178 "-" "Apache Shindig"
127.0.0.1 - - [01/Dec/2014:11:02:49 +0530] "GET /portal/gadgets/line-chart/js/options-line.js HTTP/1.1" 200 838 "-" "Apache Shindig"
127.0.0.1 - - [01/Dec/2014:11:02:49 +0530] "GET /portal/js/flot/jquery.flot.js HTTP/1.1" 200 26419 "-" "Apache Shindig"
127.0.0.1 - - [01/Dec/2014:11:02:50 +0530] "GET /portal/gadgets/line-chart/line-chart.xml HTTP/1.1" 200 1014 "-" "Apache Shindig"
127.0.0.1 - - [01/Dec/2014:11:02:50 +0530] "GET /portal/js/flot/jquery.js HTTP/1.1" 200 81076 "-" "Apache Shindig"
127.0.0.1 - - [01/Dec/2014:11:02:50 +0530] "GET /portal/gadgets/line-chart/line-chart.xml HTTP/1.1" 200 1014 "-" "Apache Shindig"
127.0.0.1 - - [01/Dec/2014:11:02:50 +0530] "GET /portal/gadgets/line-chart/line-chart.xml HTTP/1.1" 200 1014 "-" "Apache Shindig"
127.0.0.1 - - [01/Dec/2014:11:02:50 +0530] "GET /portal/gadgets/line-chart/line-chart.xml HTTP/1.1" 200 1014 "-" "Apache Shindig"
127.0.0.1 - - [01/Dec/2014:11:02:50 +0530] "GET /portal/gadgets/line-chart/line-chart.xml HTTP/1.1" 200 1014 "-" "Apache Shindig"
127.0.0.1 - - [01/Dec/2014:11:02:50 +0530] "GET /portal/gadgets/line-chart/line-chart.xml HTTP/1.1" 200 1014 "-" "Apache Shindig"
127.0.0.1 - - [01/Dec/2014:11:02:50 +0530] "GET /portal/gadgets/line-chart/line-chart.xml HTTP/1.1" 200 1014 "-" "Apache Shindig"
127.0.0.1 - - [01/Dec/2014:11:02:50 +0530] "GET /portal/gadgets/line-chart/line-chart.xml HTTP/1.1" 200 1014 "-" "Apache Shindig"
127.0.0.1 - - [01/Dec/2014:11:02:50 +0530] "GET /portal/gadgets/line-chart/line-chart.xml HTTP/1.1" 200 1014 "-" "Apache Shindig"
0:0:0:0:0:0:0:1 - - [01/Dec/2014:11:02:50 +0530] "GET //gadgets/concat?container=default&gadget=http%3A%2F%2Flocalhost%3A9763%2Fportal%2Fgadgets%2Fline-chart%2Fline-chart.xml&debug=1&nocache=1&type=js&1=http%3A%2F%2Flocalhost%3A9763%2Fportal%2Fjs%2Fflot%2Fexcanvas.min.js&2=http%3A%2F%2Flocalhost%3A9763%2Fportal%2Fjs%2Fflot%2Fjquery.js&3=http%3A%2F%2Flocalhost%3A9763%2Fportal%2Fjs%2Fbootstrap.js&4=http%3A%2F%2Flocalhost%3A9763%2Fportal%2Fjs%2Fflot%2Fjquery.flot.js&5=http%3A%2F%2Flocalhost%3A9763%2Fportal%2Fjs%2Fflot%2Fjquery.flot.selection.js&6=http%3A%2F%2Flocalhost%3A9763%2Fportal%2Fjs%2Fflot%2Fjquery.flot.navigate.js&7=http%3A%2F%2Flocalhost%3A9763%2Fportal%2Fjs%2Fflot%2Fjquery.flot.resize.js&8=http%3A%2F%2Flocalhost%3A9763%2Fportal%2Fgadgets%2Fline-chart%2Fjs%2Foptions-line.js&9=http%3A%2F%2Flocalhost%3A9763%2Fportal%2Fjs%2Fflot-chart-core.js HTTP/1.1" 200 135943 "https://localhost:9443//gadgets/ifr?url=http%3A%2F%2Flocalhost%3A9763%2Fportal%2Fgadgets%2Fline-chart%2Fline-chart.xml&container=default&view=default&lang=en&country=US&debug=1&nocache=1&sanitize=0&v=d8213105a7083aec18c9bce3596dddd0&testmode=0&parent=https%3A%2F%2Flocalhost%3A9443&mid=0" "Mozilla/5.0 (Windows NT 6.2; WOW64; rv:33.0) Gecko/20100101 Firefox/33.0"
0:0:0:0:0:0:0:1 - - [01/Dec/2014:11:02:51 +0530] "GET /portal/apis/flot-data-files/dataFile1.jag HTTP/1.1" 200 2559 "https://localhost:9443//gadgets/ifr?url=http%3A%2F%2Flocalhost%3A9763%2Fportal%2Fgadgets%2Fline-chart%2Fline-chart.xml&container=default&view=default&lang=en&country=US&debug=1&nocache=1&sanitize=0&v=d8213105a7083aec18c9bce3596dddd0&testmode=0&parent=https%3A%2F%2Flocalhost%3A9443&mid=0" "Mozilla/5.0 (Windows NT 6.2; WOW64; rv:33.0) Gecko/20100101 Firefox/33.0"
0:0:0:0:0:0:0:1 - - [01/Dec/2014:11:02:52 +0530] "POST /userdashboard/apis/ues/layout/userdashboard HTTP/1.1" 200 4 "https://localhost:9443/userdashboard/" "Mozilla/5.0 (Windows NT 6.2; WOW64; rv:33.0) Gecko/20100101 Firefox/33.0"
0:0:0:0:0:0:0:1 - - [01/Dec/2014:11:02:56 +0530] "GET /userdashboard/logout.jag HTTP/1.1" 200 1094 "https://localhost:9443/userdashboard/" "Mozilla/5.0 (Windows NT 6.2; WOW64; rv:33.0) Gecko/20100101 Firefox/33.0"
0:0:0:0:0:0:0:1 - - [01/Dec/2014:11:02:56 +0530] "POST /sso/samlsso.jag HTTP/1.1" 200 878 "https://localhost:9443/userdashboard/logout.jag" "Mozilla/5.0 (Windows NT 6.2; WOW64; rv:33.0) Gecko/20100101 Firefox/33.0"
0:0:0:0:0:0:0:1 - - [01/Dec/2014:11:02:56 +0530] "POST /userdashboard/sso HTTP/1.1" 302 - "https://localhost:9443/sso/samlsso.jag" "Mozilla/5.0 (Windows NT 6.2; WOW64; rv:33.0) Gecko/20100101 Firefox/33.0"
0:0:0:0:0:0:0:1 - - [01/Dec/2014:11:02:56 +0530] "GET /userdashboard HTTP/1.1" 302 - "https://localhost:9443/sso/samlsso.jag" "Mozilla/5.0 (Windows NT 6.2; WOW64; rv:33.0) Gecko/20100101 Firefox/33.0"
0:0:0:0:0:0:0:1 - - [01/Dec/2014:11:02:56 +0530] "GET /userdashboard/ HTTP/1.1" 302 - "https://localhost:9443/sso/samlsso.jag" "Mozilla/5.0 (Windows NT 6.2; WOW64; rv:33.0) Gecko/20100101 Firefox/33.0"
0:0:0:0:0:0:0:1 - - [01/Dec/2014:11:02:56 +0530] "GET /userdashboard/login HTTP/1.1" 200 1376 "https://localhost:9443/sso/samlsso.jag" "Mozilla/5.0 (Windows NT 6.2; WOW64; rv:33.0) Gecko/20100101 Firefox/33.0"
0:0:0:0:0:0:0:1 - - [01/Dec/2014:11:02:56 +0530] "POST /sso/samlsso.jag HTTP/1.1" 302 - "https://localhost:9443/userdashboard/login" "Mozilla/5.0 (Windows NT 6.2; WOW64; rv:33.0) Gecko/20100101 Firefox/33.0"
0:0:0:0:0:0:0:1 - - [01/Dec/2014:11:02:56 +0530] "GET /sso/login.jag HTTP/1.1" 200 1670 "https://localhost:9443/userdashboard/login" "Mozilla/5.0 (Windows NT 6.2; WOW64; rv:33.0) Gecko/20100101 Firefox/33.0"
0:0:0:0:0:0:0:1 - - [01/Dec/2014:11:03:02 +0530] "POST /sso/samlsso.jag HTTP/1.1" 200 2013 "https://localhost:9443/sso/login.jag" "Mozilla/5.0 (Windows NT 6.2; WOW64; rv:33.0) Gecko/20100101 Firefox/33.0"
0:0:0:0:0:0:0:1 - - [01/Dec/2014:11:03:02 +0530] "POST /userdashboard/sso HTTP/1.1" 302 - "https://localhost:9443/sso/samlsso.jag" "Mozilla/5.0 (Windows NT 6.2; WOW64; rv:33.0) Gecko/20100101 Firefox/33.0"
0:0:0:0:0:0:0:1 - - [01/Dec/2014:11:03:02 +0530] "GET /userdashboard HTTP/1.1" 302 - "https://localhost:9443/sso/samlsso.jag" "Mozilla/5.0 (Windows NT 6.2; WOW64; rv:33.0) Gecko/20100101 Firefox/33.0"
0:0:0:0:0:0:0:1 - - [01/Dec/2014:11:03:02 +0530] "GET /userdashboard/ HTTP/1.1" 200 2455 "https://localhost:9443/sso/samlsso.jag" "Mozilla/5.0 (Windows NT 6.2; WOW64; rv:33.0) Gecko/20100101 Firefox/33.0"
0:0:0:0:0:0:0:1 - - [01/Dec/2014:11:03:02 +0530] "POST //rpc?st=-1%3A-1%3A*%3A*%3A*%3A0%3Adefault HTTP/1.1" 200 1473 "https://localhost:9443/userdashboard/" "Mozilla/5.0 (Windows NT 6.2; WOW64; rv:33.0) Gecko/20100101 Firefox/33.0"
0:0:0:0:0:0:0:1 - - [01/Dec/2014:11:03:03 +0530] "GET /userdashboard/apis/ues/layout/ HTTP/1.1" 200 4 "https://localhost:9443/userdashboard/" "Mozilla/5.0 (Windows NT 6.2; WOW64; rv:33.0) Gecko/20100101 Firefox/33.0"
127.0.0.1 - - [01/Dec/2014:11:03:03 +0530] "GET /portal/gadgets/show-assets/show-assets.xml HTTP/1.1" 200 1769 "-" "Apache Shindig"
0:0:0:0:0:0:0:1 - - [01/Dec/2014:11:03:03 +0530] "GET //gadgets/ifr?url=http%3A%2F%2Flocalhost%3A9763%2Fportal%2Fgadgets%2Fshow-assets%2Fshow-assets.xml&container=default&view=default&lang=en&country=US&debug=1&nocache=1&sanitize=0&v=d8213105a7083aec18c9bce3596dddd0&testmode=0&parent=https%3A%2F%2Flocalhost%3A9443&mid=0 HTTP/1.1" 304 - "https://localhost:9443/userdashboard/" "Mozilla/5.0 (Windows NT 6.2; WOW64; rv:33.0) Gecko/20100101 Firefox/33.0"
127.0.0.1 - - [01/Dec/2014:11:03:03 +0530] "GET /portal/gadgets/show-assets/css/styles.css HTTP/1.1" 200 2062 "-" "Apache Shindig"
127.0.0.1 - - [01/Dec/2014:11:03:03 +0530] "GET /portal/gadgets/show-assets/css/bootstrap.min.css HTTP/1.1" 200 15959 "-" "Apache Shindig"
127.0.0.1 - - [01/Dec/2014:11:03:03 +0530] "GET /portal/gadgets/show-assets/show-assets.xml HTTP/1.1" 200 1769 "-" "Apache Shindig"
127.0.0.1 - - [01/Dec/2014:11:03:03 +0530] "GET /portal/gadgets/show-assets/show-assets.xml HTTP/1.1" 200 1769 "-" "Apache Shindig"
0:0:0:0:0:0:0:1 - - [01/Dec/2014:11:03:03 +0530] "GET //gadgets/concat?container=default&gadget=http%3A%2F%2Flocalhost%3A9763%2Fportal%2Fgadgets%2Fshow-assets%2Fshow-assets.xml&debug=1&nocache=1&type=css&1=http%3A%2F%2Flocalhost%3A9763%2Fportal%2Fgadgets%2Fshow-assets%2Fcss%2Fbootstrap.min.css&2=http%3A%2F%2Flocalhost%3A9763%2Fportal%2Fgadgets%2Fshow-assets%2Fcss%2Fstyles.css HTTP/1.1" 304 - "https://localhost:9443//gadgets/ifr?url=http%3A%2F%2Flocalhost%3A9763%2Fportal%2Fgadgets%2Fshow-assets%2Fshow-assets.xml&container=default&view=default&lang=en&country=US&debug=1&nocache=1&sanitize=0&v=d8213105a7083aec18c9bce3596dddd0&testmode=0&parent=https%3A%2F%2Flocalhost%3A9443&mid=0" "Mozilla/5.0 (Windows NT 6.2; WOW64; rv:33.0) Gecko/20100101 Firefox/33.0"
127.0.0.1 - - [01/Dec/2014:11:03:03 +0530] "GET /portal/gadgets/show-assets/js/bootstrap.min.js HTTP/1.1" 200 4218 "-" "Apache Shindig"
127.0.0.1 - - [01/Dec/2014:11:03:03 +0530] "GET /portal/gadgets/show-assets/js/load-assets.js HTTP/1.1" 200 2901 "-" "Apache Shindig"
127.0.0.1 - - [01/Dec/2014:11:03:03 +0530] "GET /portal/gadgets/show-assets/js/jquery.nicescroll.min.js HTTP/1.1" 200 14017 "-" "Apache Shindig"
127.0.0.1 - - [01/Dec/2014:11:03:03 +0530] "GET /portal/gadgets/show-assets/js/jquery.validate.js HTTP/1.1" 200 10011 "-" "Apache Shindig"
127.0.0.1 - - [01/Dec/2014:11:03:03 +0530] "GET /portal/gadgets/show-assets/js/handlebars.js HTTP/1.1" 200 18303 "-" "Apache Shindig"
127.0.0.1 - - [01/Dec/2014:11:03:03 +0530] "GET /portal/gadgets/show-assets/js/jquery-1.8.3.min.js HTTP/1.1" 200 33942 "-" "Apache Shindig"
127.0.0.1 - - [01/Dec/2014:11:03:03 +0530] "GET /portal/gadgets/show-assets/show-assets.xml HTTP/1.1" 200 1769 "-" "Apache Shindig"
127.0.0.1 - - [01/Dec/2014:11:03:03 +0530] "GET /portal/gadgets/show-assets/show-assets.xml HTTP/1.1" 200 1769 "-" "Apache Shindig"
127.0.0.1 - - [01/Dec/2014:11:03:03 +0530] "GET /portal/gadgets/show-assets/show-assets.xml HTTP/1.1" 200 1769 "-" "Apache Shindig"
127.0.0.1 - - [01/Dec/2014:11:03:03 +0530] "GET /portal/gadgets/show-assets/show-assets.xml HTTP/1.1" 200 1769 "-" "Apache Shindig"
127.0.0.1 - - [01/Dec/2014:11:03:03 +0530] "GET /portal/gadgets/show-assets/show-assets.xml HTTP/1.1" 200 1769 "-" "Apache Shindig"
127.0.0.1 - - [01/Dec/2014:11:03:03 +0530] "GET /portal/gadgets/show-assets/show-assets.xml HTTP/1.1" 200 1769 "-" "Apache Shindig"
0:0:0:0:0:0:0:1 - - [01/Dec/2014:11:03:03 +0530] "GET //gadgets/concat?container=default&gadget=http%3A%2F%2Flocalhost%3A9763%2Fportal%2Fgadgets%2Fshow-assets%2Fshow-assets.xml&debug=1&nocache=1&type=js&1=http%3A%2F%2Flocalhost%3A9763%2Fportal%2Fgadgets%2Fshow-assets%2Fjs%2Fjquery-1.8.3.min.js&2=http%3A%2F%2Flocalhost%3A9763%2Fportal%2Fgadgets%2Fshow-assets%2Fjs%2Fjquery.validate.js&3=http%3A%2F%2Flocalhost%3A9763%2Fportal%2Fgadgets%2Fshow-assets%2Fjs%2Fhandlebars.js&4=http%3A%2F%2Flocalhost%3A9763%2Fportal%2Fgadgets%2Fshow-assets%2Fjs%2Fbootstrap.min.js&5=http%3A%2F%2Flocalhost%3A9763%2Fportal%2Fgadgets%2Fshow-assets%2Fjs%2Fload-assets.js&6=http%3A%2F%2Flocalhost%3A9763%2Fportal%2Fgadgets%2Fshow-assets%2Fjs%2Fjquery.nicescroll.min.js HTTP/1.1" 304 - "https://localhost:9443//gadgets/ifr?url=http%3A%2F%2Flocalhost%3A9763%2Fportal%2Fgadgets%2Fshow-assets%2Fshow-assets.xml&container=default&view=default&lang=en&country=US&debug=1&nocache=1&sanitize=0&v=d8213105a7083aec18c9bce3596dddd0&testmode=0&parent=https%3A%2F%2Flocalhost%3A9443&mid=0" "Mozilla/5.0 (Windows NT 6.2; WOW64; rv:33.0) Gecko/20100101 Firefox/33.0"
0:0:0:0:0:0:0:1 - - [01/Dec/2014:11:03:04 +0530] "GET /store/apis/myAsset/ HTTP/1.1" 401 975 "https://localhost:9443//gadgets/ifr?url=http%3A%2F%2Flocalhost%3A9763%2Fportal%2Fgadgets%2Fshow-assets%2Fshow-assets.xml&container=default&view=default&lang=en&country=US&debug=1&nocache=1&sanitize=0&v=d8213105a7083aec18c9bce3596dddd0&testmode=0&parent=https%3A%2F%2Flocalhost%3A9443&mid=0" "Mozilla/5.0 (Windows NT 6.2; WOW64; rv:33.0) Gecko/20100101 Firefox/33.0"
0:0:0:0:0:0:0:1 - - [01/Dec/2014:11:03:04 +0530] "GET /store/apis/tag/gadget HTTP/1.1" 200 428 "https://localhost:9443//gadgets/ifr?url=http%3A%2F%2Flocalhost%3A9763%2Fportal%2Fgadgets%2Fshow-assets%2Fshow-assets.xml&container=default&view=default&lang=en&country=US&debug=1&nocache=1&sanitize=0&v=d8213105a7083aec18c9bce3596dddd0&testmode=0&parent=https%3A%2F%2Flocalhost%3A9443&mid=0" "Mozilla/5.0 (Windows NT 6.2; WOW64; rv:33.0) Gecko/20100101 Firefox/33.0"
0:0:0:0:0:0:0:1 - - [01/Dec/2014:11:03:06 +0530] "GET /userdashboard/logout.jag HTTP/1.1" 200 1094 "https://localhost:9443/userdashboard/" "Mozilla/5.0 (Windows NT 6.2; WOW64; rv:33.0) Gecko/20100101 Firefox/33.0"
0:0:0:0:0:0:0:1 - - [01/Dec/2014:11:03:06 +0530] "POST /sso/samlsso.jag HTTP/1.1" 200 878 "https://localhost:9443/userdashboard/logout.jag" "Mozilla/5.0 (Windows NT 6.2; WOW64; rv:33.0) Gecko/20100101 Firefox/33.0"
0:0:0:0:0:0:0:1 - - [01/Dec/2014:11:03:06 +0530] "POST /userdashboard/sso HTTP/1.1" 302 - "https://localhost:9443/sso/samlsso.jag" "Mozilla/5.0 (Windows NT 6.2; WOW64; rv:33.0) Gecko/20100101 Firefox/33.0"
0:0:0:0:0:0:0:1 - - [01/Dec/2014:11:03:06 +0530] "GET /userdashboard HTTP/1.1" 302 - "https://localhost:9443/sso/samlsso.jag" "Mozilla/5.0 (Windows NT 6.2; WOW64; rv:33.0) Gecko/20100101 Firefox/33.0"
0:0:0:0:0:0:0:1 - - [01/Dec/2014:11:03:06 +0530] "GET /userdashboard/ HTTP/1.1" 302 - "https://localhost:9443/sso/samlsso.jag" "Mozilla/5.0 (Windows NT 6.2; WOW64; rv:33.0) Gecko/20100101 Firefox/33.0"
0:0:0:0:0:0:0:1 - - [01/Dec/2014:11:03:06 +0530] "GET /userdashboard/login HTTP/1.1" 200 1372 "https://localhost:9443/sso/samlsso.jag" "Mozilla/5.0 (Windows NT 6.2; WOW64; rv:33.0) Gecko/20100101 Firefox/33.0"
0:0:0:0:0:0:0:1 - - [01/Dec/2014:11:03:07 +0530] "POST /sso/samlsso.jag HTTP/1.1" 302 - "https://localhost:9443/userdashboard/login" "Mozilla/5.0 (Windows NT 6.2; WOW64; rv:33.0) Gecko/20100101 Firefox/33.0"
0:0:0:0:0:0:0:1 - - [01/Dec/2014:11:03:07 +0530] "GET /sso/login.jag HTTP/1.1" 200 1670 "https://localhost:9443/userdashboard/login" "Mozilla/5.0 (Windows NT 6.2; WOW64; rv:33.0) Gecko/20100101 Firefox/33.0"
0:0:0:0:0:0:0:1 - - [01/Dec/2014:11:03:11 +0530] "POST /sso/samlsso.jag HTTP/1.1" 200 2012 "https://localhost:9443/sso/login.jag" "Mozilla/5.0 (Windows NT 6.2; WOW64; rv:33.0) Gecko/20100101 Firefox/33.0"
0:0:0:0:0:0:0:1 - - [01/Dec/2014:11:03:11 +0530] "POST /userdashboard/sso HTTP/1.1" 302 - "https://localhost:9443/sso/samlsso.jag" "Mozilla/5.0 (Windows NT 6.2; WOW64; rv:33.0) Gecko/20100101 Firefox/33.0"
0:0:0:0:0:0:0:1 - - [01/Dec/2014:11:03:11 +0530] "GET /userdashboard HTTP/1.1" 302 - "https://localhost:9443/sso/samlsso.jag" "Mozilla/5.0 (Windows NT 6.2; WOW64; rv:33.0) Gecko/20100101 Firefox/33.0"
0:0:0:0:0:0:0:1 - - [01/Dec/2014:11:03:11 +0530] "GET /userdashboard/ HTTP/1.1" 200 2455 "https://localhost:9443/sso/samlsso.jag" "Mozilla/5.0 (Windows NT 6.2; WOW64; rv:33.0) Gecko/20100101 Firefox/33.0"
0:0:0:0:0:0:0:1 - - [01/Dec/2014:11:03:12 +0530] "POST //rpc?st=-1%3A-1%3A*%3A*%3A*%3A0%3Adefault HTTP/1.1" 200 1473 "https://localhost:9443/userdashboard/" "Mozilla/5.0 (Windows NT 6.2; WOW64; rv:33.0) Gecko/20100101 Firefox/33.0"
0:0:0:0:0:0:0:1 - - [01/Dec/2014:11:03:12 +0530] "GET /userdashboard/apis/ues/layout/ HTTP/1.1" 200 199 "https://localhost:9443/userdashboard/" "Mozilla/5.0 (Windows NT 6.2; WOW64; rv:33.0) Gecko/20100101 Firefox/33.0"
127.0.0.1 - - [01/Dec/2014:11:03:12 +0530] "GET /portal/gadgets/show-assets/show-assets.xml HTTP/1.1" 200 1769 "-" "Apache Shindig"
0:0:0:0:0:0:0:1 - - [01/Dec/2014:11:03:12 +0530] "GET //gadgets/ifr?url=http%3A%2F%2Flocalhost%3A9763%2Fportal%2Fgadgets%2Fshow-assets%2Fshow-assets.xml&container=default&view=default&lang=en&country=US&debug=1&nocache=1&sanitize=0&v=d8213105a7083aec18c9bce3596dddd0&testmode=0&parent=https%3A%2F%2Flocalhost%3A9443&mid=0 HTTP/1.1" 304 - "https://localhost:9443/userdashboard/" "Mozilla/5.0 (Windows NT 6.2; WOW64; rv:33.0) Gecko/20100101 Firefox/33.0"
0:0:0:0:0:0:0:1 - - [01/Dec/2014:11:03:12 +0530] "POST //rpc?st=-1%3A-1%3A*%3A*%3A*%3A0%3Adefault HTTP/1.1" 200 1588 "https://localhost:9443/userdashboard/" "Mozilla/5.0 (Windows NT 6.2; WOW64; rv:33.0) Gecko/20100101 Firefox/33.0"
127.0.0.1 - - [01/Dec/2014:11:03:12 +0530] "GET /portal/gadgets/show-assets/css/styles.css HTTP/1.1" 200 2062 "-" "Apache Shindig"
127.0.0.1 - - [01/Dec/2014:11:03:12 +0530] "GET /portal/gadgets/line-chart/line-chart.xml HTTP/1.1" 200 1014 "-" "Apache Shindig"
127.0.0.1 - - [01/Dec/2014:11:03:12 +0530] "GET /portal/gadgets/show-assets/css/bootstrap.min.css HTTP/1.1" 200 15959 "-" "Apache Shindig"
0:0:0:0:0:0:0:1 - - [01/Dec/2014:11:03:12 +0530] "GET //gadgets/ifr?url=http%3A%2F%2Flocalhost%3A9763%2Fportal%2Fgadgets%2Fline-chart%2Fline-chart.xml&container=default&view=default&lang=en&country=US&debug=1&nocache=1&sanitize=0&v=d8213105a7083aec18c9bce3596dddd0&testmode=0&parent=https%3A%2F%2Flocalhost%3A9443&mid=0 HTTP/1.1" 304 - "https://localhost:9443/userdashboard/" "Mozilla/5.0 (Windows NT 6.2; WOW64; rv:33.0) Gecko/20100101 Firefox/33.0"
127.0.0.1 - - [01/Dec/2014:11:03:12 +0530] "GET /portal/gadgets/show-assets/show-assets.xml HTTP/1.1" 200 1769 "-" "Apache Shindig"
127.0.0.1 - - [01/Dec/2014:11:03:12 +0530] "GET /portal/gadgets/show-assets/show-assets.xml HTTP/1.1" 200 1769 "-" "Apache Shindig"
0:0:0:0:0:0:0:1 - - [01/Dec/2014:11:03:12 +0530] "GET //gadgets/concat?container=default&gadget=http%3A%2F%2Flocalhost%3A9763%2Fportal%2Fgadgets%2Fshow-assets%2Fshow-assets.xml&debug=1&nocache=1&type=css&1=http%3A%2F%2Flocalhost%3A9763%2Fportal%2Fgadgets%2Fshow-assets%2Fcss%2Fbootstrap.min.css&2=http%3A%2F%2Flocalhost%3A9763%2Fportal%2Fgadgets%2Fshow-assets%2Fcss%2Fstyles.css HTTP/1.1" 304 - "https://localhost:9443//gadgets/ifr?url=http%3A%2F%2Flocalhost%3A9763%2Fportal%2Fgadgets%2Fshow-assets%2Fshow-assets.xml&container=default&view=default&lang=en&country=US&debug=1&nocache=1&sanitize=0&v=d8213105a7083aec18c9bce3596dddd0&testmode=0&parent=https%3A%2F%2Flocalhost%3A9443&mid=0" "Mozilla/5.0 (Windows NT 6.2; WOW64; rv:33.0) Gecko/20100101 Firefox/33.0"
127.0.0.1 - - [01/Dec/2014:11:03:12 +0530] "GET /portal/gadgets/show-assets/js/load-assets.js HTTP/1.1" 200 2901 "-" "Apache Shindig"
127.0.0.1 - - [01/Dec/2014:11:03:12 +0530] "GET /portal/themes/portal/css/flot-graph.css HTTP/1.1" 200 1294 "-" "Apache Shindig"
127.0.0.1 - - [01/Dec/2014:11:03:12 +0530] "GET /portal/gadgets/show-assets/js/jquery.validate.js HTTP/1.1" 200 10011 "-" "Apache Shindig"
127.0.0.1 - - [01/Dec/2014:11:03:12 +0530] "GET /portal/themes/portal/css/bootstrap.min.css HTTP/1.1" 200 18754 "-" "Apache Shindig"
127.0.0.1 - - [01/Dec/2014:11:03:12 +0530] "GET /portal/gadgets/show-assets/js/jquery-1.8.3.min.js HTTP/1.1" 200 33942 "-" "Apache Shindig"
127.0.0.1 - - [01/Dec/2014:11:03:12 +0530] "GET /portal/gadgets/show-assets/js/bootstrap.min.js HTTP/1.1" 200 4218 "-" "Apache Shindig"
127.0.0.1 - - [01/Dec/2014:11:03:12 +0530] "GET /portal/gadgets/show-assets/js/jquery.nicescroll.min.js HTTP/1.1" 200 14017 "-" "Apache Shindig"
127.0.0.1 - - [01/Dec/2014:11:03:12 +0530] "GET /portal/gadgets/show-assets/js/handlebars.js HTTP/1.1" 200 18303 "-" "Apache Shindig"
127.0.0.1 - - [01/Dec/2014:11:03:13 +0530] "GET /portal/gadgets/line-chart/line-chart.xml HTTP/1.1" 200 1014 "-" "Apache Shindig"
127.0.0.1 - - [01/Dec/2014:11:03:13 +0530] "GET /portal/gadgets/line-chart/line-chart.xml HTTP/1.1" 200 1014 "-" "Apache Shindig"
127.0.0.1 - - [01/Dec/2014:11:03:13 +0530] "GET /portal/gadgets/show-assets/show-assets.xml HTTP/1.1" 200 1769 "-" "Apache Shindig"
127.0.0.1 - - [01/Dec/2014:11:03:13 +0530] "GET /portal/gadgets/show-assets/show-assets.xml HTTP/1.1" 200 1769 "-" "Apache Shindig"
127.0.0.1 - - [01/Dec/2014:11:03:13 +0530] "GET /portal/gadgets/show-assets/show-assets.xml HTTP/1.1" 200 1769 "-" "Apache Shindig"
0:0:0:0:0:0:0:1 - - [01/Dec/2014:11:03:13 +0530] "GET //gadgets/concat?container=default&gadget=http%3A%2F%2Flocalhost%3A9763%2Fportal%2Fgadgets%2Fline-chart%2Fline-chart.xml&debug=1&nocache=1&type=css&1=http%3A%2F%2Flocalhost%3A9763%2Fportal%2Fthemes%2Fportal%2Fcss%2Fflot-graph.css&2=http%3A%2F%2Flocalhost%3A9763%2Fportal%2Fthemes%2Fportal%2Fcss%2Fbootstrap.min.css HTTP/1.1" 304 - "https://localhost:9443//gadgets/ifr?url=http%3A%2F%2Flocalhost%3A9763%2Fportal%2Fgadgets%2Fline-chart%2Fline-chart.xml&container=default&view=default&lang=en&country=US&debug=1&nocache=1&sanitize=0&v=d8213105a7083aec18c9bce3596dddd0&testmode=0&parent=https%3A%2F%2Flocalhost%3A9443&mid=0" "Mozilla/5.0 (Windows NT 6.2; WOW64; rv:33.0) Gecko/20100101 Firefox/33.0"
127.0.0.1 - - [01/Dec/2014:11:03:13 +0530] "GET /portal/gadgets/show-assets/show-assets.xml HTTP/1.1" 200 1769 "-" "Apache Shindig"
127.0.0.1 - - [01/Dec/2014:11:03:13 +0530] "GET /portal/gadgets/line-chart/js/options-line.js HTTP/1.1" 200 838 "-" "Apache Shindig"
127.0.0.1 - - [01/Dec/2014:11:03:13 +0530] "GET /portal/js/bootstrap.js HTTP/1.1" 200 10558 "-" "Apache Shindig"
127.0.0.1 - - [01/Dec/2014:11:03:13 +0530] "GET /portal/js/flot/jquery.flot.selection.js HTTP/1.1" 200 3861 "-" "Apache Shindig"
127.0.0.1 - - [01/Dec/2014:11:03:13 +0530] "GET /portal/js/flot/jquery.flot.navigate.js HTTP/1.1" 200 4603 "-" "Apache Shindig"
127.0.0.1 - - [01/Dec/2014:11:03:13 +0530] "GET /portal/js/flot/excanvas.min.js HTTP/1.1" 200 8433 "-" "Apache Shindig"
127.0.0.1 - - [01/Dec/2014:11:03:13 +0530] "GET /portal/js/flot-chart-core.js HTTP/1.1" 200 1687 "-" "Apache Shindig"
127.0.0.1 - - [01/Dec/2014:11:03:13 +0530] "GET /portal/js/flot/jquery.flot.js HTTP/1.1" 200 26419 "-" "Apache Shindig"
127.0.0.1 - - [01/Dec/2014:11:03:13 +0530] "GET /portal/js/flot/jquery.flot.resize.js HTTP/1.1" 200 1178 "-" "Apache Shindig"
127.0.0.1 - - [01/Dec/2014:11:03:13 +0530] "GET /portal/gadgets/show-assets/show-assets.xml HTTP/1.1" 200 1769 "-" "Apache Shindig"
127.0.0.1 - - [01/Dec/2014:11:03:13 +0530] "GET /portal/gadgets/line-chart/line-chart.xml HTTP/1.1" 200 1014 "-" "Apache Shindig"
127.0.0.1 - - [01/Dec/2014:11:03:13 +0530] "GET /portal/gadgets/show-assets/show-assets.xml HTTP/1.1" 200 1769 "-" "Apache Shindig"
127.0.0.1 - - [01/Dec/2014:11:03:13 +0530] "GET /portal/js/flot/jquery.js HTTP/1.1" 200 81076 "-" "Apache Shindig"
0:0:0:0:0:0:0:1 - - [01/Dec/2014:11:03:13 +0530] "GET //gadgets/concat?container=default&gadget=http%3A%2F%2Flocalhost%3A9763%2Fportal%2Fgadgets%2Fshow-assets%2Fshow-assets.xml&debug=1&nocache=1&type=js&1=http%3A%2F%2Flocalhost%3A9763%2Fportal%2Fgadgets%2Fshow-assets%2Fjs%2Fjquery-1.8.3.min.js&2=http%3A%2F%2Flocalhost%3A9763%2Fportal%2Fgadgets%2Fshow-assets%2Fjs%2Fjquery.validate.js&3=http%3A%2F%2Flocalhost%3A9763%2Fportal%2Fgadgets%2Fshow-assets%2Fjs%2Fhandlebars.js&4=http%3A%2F%2Flocalhost%3A9763%2Fportal%2Fgadgets%2Fshow-assets%2Fjs%2Fbootstrap.min.js&5=http%3A%2F%2Flocalhost%3A9763%2Fportal%2Fgadgets%2Fshow-assets%2Fjs%2Fload-assets.js&6=http%3A%2F%2Flocalhost%3A9763%2Fportal%2Fgadgets%2Fshow-assets%2Fjs%2Fjquery.nicescroll.min.js HTTP/1.1" 304 - "https://localhost:9443//gadgets/ifr?url=http%3A%2F%2Flocalhost%3A9763%2Fportal%2Fgadgets%2Fshow-assets%2Fshow-assets.xml&container=default&view=default&lang=en&country=US&debug=1&nocache=1&sanitize=0&v=d8213105a7083aec18c9bce3596dddd0&testmode=0&parent=https%3A%2F%2Flocalhost%3A9443&mid=0" "Mozilla/5.0 (Windows NT 6.2; WOW64; rv:33.0) Gecko/20100101 Firefox/33.0"
127.0.0.1 - - [01/Dec/2014:11:03:13 +0530] "GET /portal/gadgets/line-chart/line-chart.xml HTTP/1.1" 200 1014 "-" "Apache Shindig"
127.0.0.1 - - [01/Dec/2014:11:03:13 +0530] "GET /portal/gadgets/line-chart/line-chart.xml HTTP/1.1" 200 1014 "-" "Apache Shindig"
127.0.0.1 - - [01/Dec/2014:11:03:13 +0530] "GET /portal/gadgets/line-chart/line-chart.xml HTTP/1.1" 200 1014 "-" "Apache Shindig"
127.0.0.1 - - [01/Dec/2014:11:03:13 +0530] "GET /portal/gadgets/line-chart/line-chart.xml HTTP/1.1" 200 1014 "-" "Apache Shindig"
127.0.0.1 - - [01/Dec/2014:11:03:13 +0530] "GET /portal/gadgets/line-chart/line-chart.xml HTTP/1.1" 200 1014 "-" "Apache Shindig"
127.0.0.1 - - [01/Dec/2014:11:03:13 +0530] "GET /portal/gadgets/line-chart/line-chart.xml HTTP/1.1" 200 1014 "-" "Apache Shindig"
127.0.0.1 - - [01/Dec/2014:11:03:13 +0530] "GET /portal/gadgets/line-chart/line-chart.xml HTTP/1.1" 200 1014 "-" "Apache Shindig"
0:0:0:0:0:0:0:1 - - [01/Dec/2014:11:03:13 +0530] "GET /store/apis/myAsset/ HTTP/1.1" 401 975 "https://localhost:9443//gadgets/ifr?url=http%3A%2F%2Flocalhost%3A9763%2Fportal%2Fgadgets%2Fshow-assets%2Fshow-assets.xml&container=default&view=default&lang=en&country=US&debug=1&nocache=1&sanitize=0&v=d8213105a7083aec18c9bce3596dddd0&testmode=0&parent=https%3A%2F%2Flocalhost%3A9443&mid=0" "Mozilla/5.0 (Windows NT 6.2; WOW64; rv:33.0) Gecko/20100101 Firefox/33.0"
127.0.0.1 - - [01/Dec/2014:11:03:13 +0530] "GET /portal/gadgets/line-chart/line-chart.xml HTTP/1.1" 200 1014 "-" "Apache Shindig"
0:0:0:0:0:0:0:1 - - [01/Dec/2014:11:03:14 +0530] "GET /store/apis/tag/gadget HTTP/1.1" 200 428 "https://localhost:9443//gadgets/ifr?url=http%3A%2F%2Flocalhost%3A9763%2Fportal%2Fgadgets%2Fshow-assets%2Fshow-assets.xml&container=default&view=default&lang=en&country=US&debug=1&nocache=1&sanitize=0&v=d8213105a7083aec18c9bce3596dddd0&testmode=0&parent=https%3A%2F%2Flocalhost%3A9443&mid=0" "Mozilla/5.0 (Windows NT 6.2; WOW64; rv:33.0) Gecko/20100101 Firefox/33.0"
