0:0:0:0:0:0:0:1 - - [10/Dec/2014:18:17:32 +0530] "GET /admin/carbon/sso-saml/images/sso.gif HTTP/1.1" 200 394 "https://localhost:9443/admin/carbon/admin/index.jsp?loginStatus=true" "Mozilla/5.0 (Windows NT 6.2; WOW64; rv:33.0) Gecko/20100101 Firefox/33.0"
0:0:0:0:0:0:0:1 - - [10/Dec/2014:18:17:32 +0530] "GET /admin/carbon/jaggeryapp-mgt/images/webapps.gif HTTP/1.1" 200 809 "https://localhost:9443/admin/carbon/admin/index.jsp?loginStatus=true" "Mozilla/5.0 (Windows NT 6.2; WOW64; rv:33.0) Gecko/20100101 Firefox/33.0"
0:0:0:0:0:0:0:1 - - [10/Dec/2014:18:17:32 +0530] "GET /admin/carbon/server-admin/images/restart.gif HTTP/1.1" 200 631 "https://localhost:9443/admin/carbon/admin/index.jsp?loginStatus=true" "Mozilla/5.0 (Windows NT 6.2; WOW64; rv:33.0) Gecko/20100101 Firefox/33.0"
0:0:0:0:0:0:0:1 - - [10/Dec/2014:18:17:32 +0530] "GET /admin/carbon/jax-webapp-mgt/images/jax_type.gif HTTP/1.1" 200 622 "https://localhost:9443/admin/carbon/admin/index.jsp?loginStatus=true" "Mozilla/5.0 (Windows NT 6.2; WOW64; rv:33.0) Gecko/20100101 Firefox/33.0"
0:0:0:0:0:0:0:1 - - [10/Dec/2014:18:17:32 +0530] "GET /admin/carbon/resources/images/resources.gif HTTP/1.1" 200 1028 "https://localhost:9443/admin/carbon/admin/index.jsp?loginStatus=true" "Mozilla/5.0 (Windows NT 6.2; WOW64; rv:33.0) Gecko/20100101 Firefox/33.0"
0:0:0:0:0:0:0:1 - - [10/Dec/2014:18:17:32 +0530] "GET /admin/carbon/search/images/search-top.png HTTP/1.1" 200 785 "https://localhost:9443/admin/carbon/admin/index.jsp?loginStatus=true" "Mozilla/5.0 (Windows NT 6.2; WOW64; rv:33.0) Gecko/20100101 Firefox/33.0"
0:0:0:0:0:0:0:1 - - [10/Dec/2014:18:17:32 +0530] "GET /admin/carbon/admin/images/leftRightSlider-dark.png HTTP/1.1" 200 1421 "https://localhost:9443/admin/carbon/admin/css/global.css" "Mozilla/5.0 (Windows NT 6.2; WOW64; rv:33.0) Gecko/20100101 Firefox/33.0"
0:0:0:0:0:0:0:1 - - [10/Dec/2014:18:17:32 +0530] "GET /admin/carbon/admin/jsp/session-validate.jsp HTTP/1.1" 200 2640 "https://localhost:9443/admin/carbon/admin/index.jsp?loginStatus=true" "Mozilla/5.0 (Windows NT 6.2; WOW64; rv:33.0) Gecko/20100101 Firefox/33.0"
10.22.196.11 - - [10/Dec/2014:18:17:33 +0530] "POST /admin/services/ServerAdmin HTTP/1.1" 200 2209 "-" "Axis2"
0:0:0:0:0:0:0:1 - - [10/Dec/2014:18:17:33 +0530] "GET /admin/carbon/server-admin/system_status_ajaxprocessor.jsp HTTP/1.1" 200 1280 "https://localhost:9443/admin/carbon/admin/index.jsp?loginStatus=true" "Mozilla/5.0 (Windows NT 6.2; WOW64; rv:33.0) Gecko/20100101 Firefox/33.0"
10.22.196.11 - - [10/Dec/2014:18:17:35 +0530] "POST /admin/services/UserAdmin HTTP/1.1" 200 2734 "-" "Axis2"
0:0:0:0:0:0:0:1 - - [10/Dec/2014:18:17:36 +0530] "GET /admin/carbon/userstore/index.jsp?region=region1&item=userstores_menu HTTP/1.1" 200 3720 "https://localhost:9443/admin/carbon/admin/index.jsp?loginStatus=true" "Mozilla/5.0 (Windows NT 6.2; WOW64; rv:33.0) Gecko/20100101 Firefox/33.0"
0:0:0:0:0:0:0:1 - - [10/Dec/2014:18:17:36 +0530] "GET /admin/carbon/userstore/extensions/core/js/vui.js HTTP/1.1" 404 1075 "https://localhost:9443/admin/carbon/userstore/index.jsp?region=region1&item=userstores_menu" "Mozilla/5.0 (Windows NT 6.2; WOW64; rv:33.0) Gecko/20100101 Firefox/33.0"
10.22.196.11 - - [10/Dec/2014:18:17:36 +0530] "POST /admin/services/RegistryAdminService HTTP/1.1" 200 321 "-" "Axis2"
0:0:0:0:0:0:0:1 - - [10/Dec/2014:18:17:36 +0530] "GET /admin/carbon/admin/jsp/registry_styles_ajaxprocessor.jsp HTTP/1.1" 200 118 "https://localhost:9443/admin/carbon/userstore/index.jsp?region=region1&item=userstores_menu" "Mozilla/5.0 (Windows NT 6.2; WOW64; rv:33.0) Gecko/20100101 Firefox/33.0"
0:0:0:0:0:0:0:1 - - [10/Dec/2014:18:17:36 +0530] "GET /admin/carbon/userstore/extensions/core/js/vui.js HTTP/1.1" 404 1075 "https://localhost:9443/admin/carbon/userstore/index.jsp?region=region1&item=userstores_menu" "Mozilla/5.0 (Windows NT 6.2; WOW64; rv:33.0) Gecko/20100101 Firefox/33.0"
0:0:0:0:0:0:0:1 - - [10/Dec/2014:18:17:36 +0530] "GET /admin/carbon/userstore/images/users.gif HTTP/1.1" 200 1027 "https://localhost:9443/admin/carbon/userstore/index.jsp?region=region1&item=userstores_menu" "Mozilla/5.0 (Windows NT 6.2; WOW64; rv:33.0) Gecko/20100101 Firefox/33.0"
0:0:0:0:0:0:0:1 - - [10/Dec/2014:18:17:36 +0530] "GET /admin/carbon/userstore/images/user-roles.gif HTTP/1.1" 200 1048 "https://localhost:9443/admin/carbon/userstore/index.jsp?region=region1&item=userstores_menu" "Mozilla/5.0 (Windows NT 6.2; WOW64; rv:33.0) Gecko/20100101 Firefox/33.0"
0:0:0:0:0:0:0:1 - - [10/Dec/2014:18:17:36 +0530] "GET /admin/carbon/admin/images/table-header.gif HTTP/1.1" 200 873 "https://localhost:9443/admin/carbon/admin/css/global.css" "Mozilla/5.0 (Windows NT 6.2; WOW64; rv:33.0) Gecko/20100101 Firefox/33.0"
0:0:0:0:0:0:0:1 - - [10/Dec/2014:18:17:36 +0530] "GET /admin/carbon/userstore/images/keys.gif HTTP/1.1" 200 969 "https://localhost:9443/admin/carbon/userstore/index.jsp?region=region1&item=userstores_menu" "Mozilla/5.0 (Windows NT 6.2; WOW64; rv:33.0) Gecko/20100101 Firefox/33.0"
10.22.196.11 - - [10/Dec/2014:18:17:39 +0530] "POST /admin/services/KeyStoreAdminService HTTP/1.1" 200 826 "-" "Axis2"
0:0:0:0:0:0:0:1 - - [10/Dec/2014:18:17:39 +0530] "GET /admin/carbon/keystoremgt/keystore-mgt.jsp?region=region1&item=keystores_menu HTTP/1.1" 200 3720 "https://localhost:9443/admin/carbon/userstore/index.jsp?region=region1&item=userstores_menu" "Mozilla/5.0 (Windows NT 6.2; WOW64; rv:33.0) Gecko/20100101 Firefox/33.0"
0:0:0:0:0:0:0:1 - - [10/Dec/2014:18:17:39 +0530] "GET /admin/carbon/extensions/core/js/vui.js HTTP/1.1" 404 1055 "https://localhost:9443/admin/carbon/keystoremgt/keystore-mgt.jsp?region=region1&item=keystores_menu" "Mozilla/5.0 (Windows NT 6.2; WOW64; rv:33.0) Gecko/20100101 Firefox/33.0"
10.22.196.11 - - [10/Dec/2014:18:17:39 +0530] "POST /admin/services/RegistryAdminService HTTP/1.1" 200 321 "-" "Axis2"
0:0:0:0:0:0:0:1 - - [10/Dec/2014:18:17:39 +0530] "GET /admin/carbon/admin/jsp/registry_styles_ajaxprocessor.jsp HTTP/1.1" 200 118 "https://localhost:9443/admin/carbon/keystoremgt/keystore-mgt.jsp?region=region1&item=keystores_menu" "Mozilla/5.0 (Windows NT 6.2; WOW64; rv:33.0) Gecko/20100101 Firefox/33.0"
0:0:0:0:0:0:0:1 - - [10/Dec/2014:18:17:40 +0530] "GET /admin/carbon/extensions/core/js/vui.js HTTP/1.1" 404 1055 "https://localhost:9443/admin/carbon/keystoremgt/keystore-mgt.jsp?region=region1&item=keystores_menu" "Mozilla/5.0 (Windows NT 6.2; WOW64; rv:33.0) Gecko/20100101 Firefox/33.0"
0:0:0:0:0:0:0:1 - - [10/Dec/2014:18:17:40 +0530] "GET /admin/carbon/keystoremgt/images/import.gif HTTP/1.1" 200 618 "https://localhost:9443/admin/carbon/keystoremgt/keystore-mgt.jsp?region=region1&item=keystores_menu" "Mozilla/5.0 (Windows NT 6.2; WOW64; rv:33.0) Gecko/20100101 Firefox/33.0"
0:0:0:0:0:0:0:1 - - [10/Dec/2014:18:17:40 +0530] "GET /admin/carbon/keystoremgt/images/view.gif HTTP/1.1" 200 596 "https://localhost:9443/admin/carbon/keystoremgt/keystore-mgt.jsp?region=region1&item=keystores_menu" "Mozilla/5.0 (Windows NT 6.2; WOW64; rv:33.0) Gecko/20100101 Firefox/33.0"
0:0:0:0:0:0:0:1 - - [10/Dec/2014:18:17:40 +0530] "GET /admin/carbon/keystoremgt/images/delete.gif HTTP/1.1" 200 555 "https://localhost:9443/admin/carbon/keystoremgt/keystore-mgt.jsp?region=region1&item=keystores_menu" "Mozilla/5.0 (Windows NT 6.2; WOW64; rv:33.0) Gecko/20100101 Firefox/33.0"
0:0:0:0:0:0:0:1 - - [10/Dec/2014:18:17:40 +0530] "GET /admin/carbon/keystoremgt/images/add.gif HTTP/1.1" 200 407 "https://localhost:9443/admin/carbon/keystoremgt/keystore-mgt.jsp?region=region1&item=keystores_menu" "Mozilla/5.0 (Windows NT 6.2; WOW64; rv:33.0) Gecko/20100101 Firefox/33.0"
10.22.196.11 - - [10/Dec/2014:18:17:44 +0530] "POST /admin/services/IdentitySAMLSSOConfigService HTTP/1.1" 200 4958 "-" "Axis2"
10.22.196.11 - - [10/Dec/2014:18:17:44 +0530] "POST /admin/services/IdentitySAMLSSOConfigService HTTP/1.1" 200 1911 "-" "Axis2"
10.22.196.11 - - [10/Dec/2014:18:17:44 +0530] "POST /admin/services/IdentitySAMLSSOConfigService HTTP/1.1" 200 1512 "-" "Axis2"
0:0:0:0:0:0:0:1 - - [10/Dec/2014:18:17:44 +0530] "GET /admin/carbon/sso-saml/manage_service_providers.jsp?region=region1&item=manage_saml_sso HTTP/1.1" 200 6574 "https://localhost:9443/admin/carbon/keystoremgt/keystore-mgt.jsp?region=region1&item=keystores_menu" "Mozilla/5.0 (Windows NT 6.2; WOW64; rv:33.0) Gecko/20100101 Firefox/33.0"
0:0:0:0:0:0:0:1 - - [10/Dec/2014:18:17:44 +0530] "GET /admin/carbon/carbon/admin/js/breadcrumbs.js HTTP/1.1" 404 1065 "https://localhost:9443/admin/carbon/sso-saml/manage_service_providers.jsp?region=region1&item=manage_saml_sso" "Mozilla/5.0 (Windows NT 6.2; WOW64; rv:33.0) Gecko/20100101 Firefox/33.0"
0:0:0:0:0:0:0:1 - - [10/Dec/2014:18:17:44 +0530] "GET /admin/carbon/carbon/admin/js/cookies.js HTTP/1.1" 404 1057 "https://localhost:9443/admin/carbon/sso-saml/manage_service_providers.jsp?region=region1&item=manage_saml_sso" "Mozilla/5.0 (Windows NT 6.2; WOW64; rv:33.0) Gecko/20100101 Firefox/33.0"
0:0:0:0:0:0:0:1 - - [10/Dec/2014:18:17:44 +0530] "GET /admin/carbon/sso-saml/global-params.js HTTP/1.1" 200 97 "https://localhost:9443/admin/carbon/sso-saml/manage_service_providers.jsp?region=region1&item=manage_saml_sso" "Mozilla/5.0 (Windows NT 6.2; WOW64; rv:33.0) Gecko/20100101 Firefox/33.0"
0:0:0:0:0:0:0:1 - - [10/Dec/2014:18:17:44 +0530] "GET /admin/carbon/carbon/admin/js/main.js HTTP/1.1" 404 1051 "https://localhost:9443/admin/carbon/sso-saml/manage_service_providers.jsp?region=region1&item=manage_saml_sso" "Mozilla/5.0 (Windows NT 6.2; WOW64; rv:33.0) Gecko/20100101 Firefox/33.0"
10.22.196.11 - - [10/Dec/2014:18:17:44 +0530] "POST /admin/services/RegistryAdminService HTTP/1.1" 200 321 "-" "Axis2"
0:0:0:0:0:0:0:1 - - [10/Dec/2014:18:17:44 +0530] "GET /admin/carbon/admin/jsp/registry_styles_ajaxprocessor.jsp HTTP/1.1" 200 118 "https://localhost:9443/admin/carbon/sso-saml/manage_service_providers.jsp?region=region1&item=manage_saml_sso" "Mozilla/5.0 (Windows NT 6.2; WOW64; rv:33.0) Gecko/20100101 Firefox/33.0"
0:0:0:0:0:0:0:1 - - [10/Dec/2014:18:17:45 +0530] "GET /admin/carbon/carbon/admin/js/breadcrumbs.js HTTP/1.1" 404 1065 "https://localhost:9443/admin/carbon/sso-saml/manage_service_providers.jsp?region=region1&item=manage_saml_sso" "Mozilla/5.0 (Windows NT 6.2; WOW64; rv:33.0) Gecko/20100101 Firefox/33.0"
0:0:0:0:0:0:0:1 - - [10/Dec/2014:18:17:45 +0530] "GET /admin/carbon/carbon/admin/js/cookies.js HTTP/1.1" 404 1057 "https://localhost:9443/admin/carbon/sso-saml/manage_service_providers.jsp?region=region1&item=manage_saml_sso" "Mozilla/5.0 (Windows NT 6.2; WOW64; rv:33.0) Gecko/20100101 Firefox/33.0"
0:0:0:0:0:0:0:1 - - [10/Dec/2014:18:17:45 +0530] "GET /admin/carbon/carbon/admin/js/main.js HTTP/1.1" 404 1051 "https://localhost:9443/admin/carbon/sso-saml/manage_service_providers.jsp?region=region1&item=manage_saml_sso" "Mozilla/5.0 (Windows NT 6.2; WOW64; rv:33.0) Gecko/20100101 Firefox/33.0"
0:0:0:0:0:0:0:1 - - [10/Dec/2014:18:17:45 +0530] "GET /admin/carbon/admin/images/edit.gif HTTP/1.1" 200 1041 "https://localhost:9443/admin/carbon/sso-saml/manage_service_providers.jsp?region=region1&item=manage_saml_sso" "Mozilla/5.0 (Windows NT 6.2; WOW64; rv:33.0) Gecko/20100101 Firefox/33.0"
0:0:0:0:0:0:0:1 - - [10/Dec/2014:18:17:45 +0530] "GET /admin/carbon/admin/images/delete.gif HTTP/1.1" 200 555 "https://localhost:9443/admin/carbon/sso-saml/manage_service_providers.jsp?region=region1&item=manage_saml_sso" "Mozilla/5.0 (Windows NT 6.2; WOW64; rv:33.0) Gecko/20100101 Firefox/33.0"
0:0:0:0:0:0:0:1 - - [10/Dec/2014:18:17:45 +0530] "GET /admin/carbon/admin/images/buttonRow-bg.gif HTTP/1.1" 200 130 "https://localhost:9443/admin/carbon/admin/css/global.css" "Mozilla/5.0 (Windows NT 6.2; WOW64; rv:33.0) Gecko/20100101 Firefox/33.0"
10.22.196.11 - - [10/Dec/2014:18:19:12 +0530] "POST /admin/services/IdentitySAMLSSOConfigService HTTP/1.1" 200 305 "-" "Axis2"
0:0:0:0:0:0:0:1 - - [10/Dec/2014:18:19:12 +0530] "POST /admin/carbon/sso-saml/add_service_provider.jsp?SPAction=null HTTP/1.1" 200 3059 "https://localhost:9443/admin/carbon/sso-saml/manage_service_providers.jsp?region=region1&item=manage_saml_sso" "Mozilla/5.0 (Windows NT 6.2; WOW64; rv:33.0) Gecko/20100101 Firefox/33.0"
10.22.196.11 - - [10/Dec/2014:18:19:13 +0530] "POST /admin/services/RegistryAdminService HTTP/1.1" 200 321 "-" "Axis2"
0:0:0:0:0:0:0:1 - - [10/Dec/2014:18:19:13 +0530] "GET /admin/carbon/admin/jsp/registry_styles_ajaxprocessor.jsp HTTP/1.1" 200 118 "https://localhost:9443/admin/carbon/sso-saml/add_service_provider.jsp?SPAction=null" "Mozilla/5.0 (Windows NT 6.2; WOW64; rv:33.0) Gecko/20100101 Firefox/33.0"
0:0:0:0:0:0:0:1 - - [10/Dec/2014:18:19:13 +0530] "GET /admin/carbon/sso-saml/global-params.js HTTP/1.1" 304 - "https://localhost:9443/admin/carbon/sso-saml/add_service_provider.jsp?SPAction=null" "Mozilla/5.0 (Windows NT 6.2; WOW64; rv:33.0) Gecko/20100101 Firefox/33.0"
0:0:0:0:0:0:0:1 - - [10/Dec/2014:18:19:13 +0530] "GET /admin/carbon/carbon/admin/js/breadcrumbs.js HTTP/1.1" 404 1065 "https://localhost:9443/admin/carbon/sso-saml/add_service_provider.jsp?SPAction=null" "Mozilla/5.0 (Windows NT 6.2; WOW64; rv:33.0) Gecko/20100101 Firefox/33.0"
0:0:0:0:0:0:0:1 - - [10/Dec/2014:18:19:13 +0530] "GET /admin/carbon/carbon/admin/js/main.js HTTP/1.1" 404 1051 "https://localhost:9443/admin/carbon/sso-saml/add_service_provider.jsp?SPAction=null" "Mozilla/5.0 (Windows NT 6.2; WOW64; rv:33.0) Gecko/20100101 Firefox/33.0"
0:0:0:0:0:0:0:1 - - [10/Dec/2014:18:19:13 +0530] "GET /admin/carbon/carbon/admin/js/cookies.js HTTP/1.1" 404 1057 "https://localhost:9443/admin/carbon/sso-saml/add_service_provider.jsp?SPAction=null" "Mozilla/5.0 (Windows NT 6.2; WOW64; rv:33.0) Gecko/20100101 Firefox/33.0"
0:0:0:0:0:0:0:1 - - [10/Dec/2014:18:19:13 +0530] "GET /admin/carbon/carbon/admin/js/breadcrumbs.js HTTP/1.1" 404 1065 "https://localhost:9443/admin/carbon/sso-saml/add_service_provider.jsp?SPAction=null" "Mozilla/5.0 (Windows NT 6.2; WOW64; rv:33.0) Gecko/20100101 Firefox/33.0"
0:0:0:0:0:0:0:1 - - [10/Dec/2014:18:19:13 +0530] "GET /admin/carbon/carbon/admin/js/cookies.js HTTP/1.1" 404 1057 "https://localhost:9443/admin/carbon/sso-saml/add_service_provider.jsp?SPAction=null" "Mozilla/5.0 (Windows NT 6.2; WOW64; rv:33.0) Gecko/20100101 Firefox/33.0"
0:0:0:0:0:0:0:1 - - [10/Dec/2014:18:19:13 +0530] "GET /admin/carbon/carbon/admin/js/main.js HTTP/1.1" 404 1051 "https://localhost:9443/admin/carbon/sso-saml/add_service_provider.jsp?SPAction=null" "Mozilla/5.0 (Windows NT 6.2; WOW64; rv:33.0) Gecko/20100101 Firefox/33.0"
10.22.196.11 - - [10/Dec/2014:18:19:14 +0530] "POST /admin/services/IdentitySAMLSSOConfigService HTTP/1.1" 200 5617 "-" "Axis2"
10.22.196.11 - - [10/Dec/2014:18:19:14 +0530] "POST /admin/services/IdentitySAMLSSOConfigService HTTP/1.1" 200 1911 "-" "Axis2"
10.22.196.11 - - [10/Dec/2014:18:19:14 +0530] "POST /admin/services/IdentitySAMLSSOConfigService HTTP/1.1" 200 1512 "-" "Axis2"
0:0:0:0:0:0:0:1 - - [10/Dec/2014:18:19:14 +0530] "GET /admin/carbon/sso-saml/manage_service_providers.jsp?region=region1&item=manage_saml_sso HTTP/1.1" 200 6691 "https://localhost:9443/admin/carbon/sso-saml/add_service_provider.jsp?SPAction=null" "Mozilla/5.0 (Windows NT 6.2; WOW64; rv:33.0) Gecko/20100101 Firefox/33.0"
0:0:0:0:0:0:0:1 - - [10/Dec/2014:18:19:14 +0530] "GET /admin/carbon/carbon/admin/js/main.js HTTP/1.1" 404 1051 "https://localhost:9443/admin/carbon/sso-saml/manage_service_providers.jsp?region=region1&item=manage_saml_sso" "Mozilla/5.0 (Windows NT 6.2; WOW64; rv:33.0) Gecko/20100101 Firefox/33.0"
10.22.196.11 - - [10/Dec/2014:18:19:14 +0530] "POST /admin/services/RegistryAdminService HTTP/1.1" 200 321 "-" "Axis2"
0:0:0:0:0:0:0:1 - - [10/Dec/2014:18:19:14 +0530] "GET /admin/carbon/admin/jsp/registry_styles_ajaxprocessor.jsp HTTP/1.1" 200 118 "https://localhost:9443/admin/carbon/sso-saml/manage_service_providers.jsp?region=region1&item=manage_saml_sso" "Mozilla/5.0 (Windows NT 6.2; WOW64; rv:33.0) Gecko/20100101 Firefox/33.0"
0:0:0:0:0:0:0:1 - - [10/Dec/2014:18:19:14 +0530] "GET /admin/carbon/sso-saml/global-params.js HTTP/1.1" 304 - "https://localhost:9443/admin/carbon/sso-saml/manage_service_providers.jsp?region=region1&item=manage_saml_sso" "Mozilla/5.0 (Windows NT 6.2; WOW64; rv:33.0) Gecko/20100101 Firefox/33.0"
0:0:0:0:0:0:0:1 - - [10/Dec/2014:18:19:14 +0530] "GET /admin/carbon/carbon/admin/js/breadcrumbs.js HTTP/1.1" 404 1065 "https://localhost:9443/admin/carbon/sso-saml/manage_service_providers.jsp?region=region1&item=manage_saml_sso" "Mozilla/5.0 (Windows NT 6.2; WOW64; rv:33.0) Gecko/20100101 Firefox/33.0"
0:0:0:0:0:0:0:1 - - [10/Dec/2014:18:19:14 +0530] "GET /admin/carbon/carbon/admin/js/cookies.js HTTP/1.1" 404 1057 "https://localhost:9443/admin/carbon/sso-saml/manage_service_providers.jsp?region=region1&item=manage_saml_sso" "Mozilla/5.0 (Windows NT 6.2; WOW64; rv:33.0) Gecko/20100101 Firefox/33.0"
0:0:0:0:0:0:0:1 - - [10/Dec/2014:18:19:15 +0530] "GET /admin/carbon/carbon/admin/js/breadcrumbs.js HTTP/1.1" 404 1065 "https://localhost:9443/admin/carbon/sso-saml/manage_service_providers.jsp?region=region1&item=manage_saml_sso" "Mozilla/5.0 (Windows NT 6.2; WOW64; rv:33.0) Gecko/20100101 Firefox/33.0"
0:0:0:0:0:0:0:1 - - [10/Dec/2014:18:19:15 +0530] "GET /admin/carbon/carbon/admin/js/cookies.js HTTP/1.1" 404 1057 "https://localhost:9443/admin/carbon/sso-saml/manage_service_providers.jsp?region=region1&item=manage_saml_sso" "Mozilla/5.0 (Windows NT 6.2; WOW64; rv:33.0) Gecko/20100101 Firefox/33.0"
0:0:0:0:0:0:0:1 - - [10/Dec/2014:18:19:15 +0530] "GET /admin/carbon/carbon/admin/js/main.js HTTP/1.1" 404 1051 "https://localhost:9443/admin/carbon/sso-saml/manage_service_providers.jsp?region=region1&item=manage_saml_sso" "Mozilla/5.0 (Windows NT 6.2; WOW64; rv:33.0) Gecko/20100101 Firefox/33.0"
0:0:0:0:0:0:0:1 - - [10/Dec/2014:18:19:15 +0530] "GET /admin/carbon/dialog/css/jqueryui/images/e6e6e6_40x100_textures_02_glass_75.png HTTP/1.1" 200 211 "https://localhost:9443/admin/carbon/dialog/css/jqueryui/jqueryui-themeroller.css" "Mozilla/5.0 (Windows NT 6.2; WOW64; rv:33.0) Gecko/20100101 Firefox/33.0"
0:0:0:0:0:0:0:1 - - [10/Dec/2014:18:19:15 +0530] "GET /admin/carbon/dialog/css/jqueryui/images/888888_11x11_icon_close.gif HTTP/1.1" 200 62 "https://localhost:9443/admin/carbon/dialog/css/jqueryui/jqueryui-themeroller.css" "Mozilla/5.0 (Windows NT 6.2; WOW64; rv:33.0) Gecko/20100101 Firefox/33.0"
0:0:0:0:0:0:0:1 - - [10/Dec/2014:18:19:15 +0530] "GET /admin/carbon/dialog/css/jqueryui/images/222222_11x11_icon_resize_se.gif HTTP/1.1" 200 61 "https://localhost:9443/admin/carbon/dialog/css/jqueryui/jqueryui-themeroller.css" "Mozilla/5.0 (Windows NT 6.2; WOW64; rv:33.0) Gecko/20100101 Firefox/33.0"
0:0:0:0:0:0:0:1 - - [10/Dec/2014:18:19:15 +0530] "GET /admin/carbon/dialog/img/overlay.png HTTP/1.1" 200 144 "https://localhost:9443/admin/carbon/dialog/css/dialog.css" "Mozilla/5.0 (Windows NT 6.2; WOW64; rv:33.0) Gecko/20100101 Firefox/33.0"
0:0:0:0:0:0:0:1 - - [10/Dec/2014:18:19:15 +0530] "GET /admin/carbon/dialog/css/jqueryui/images/ffffff_40x100_textures_01_flat_0.png HTTP/1.1" 200 178 "https://localhost:9443/admin/carbon/dialog/css/jqueryui/jqueryui-themeroller.css" "Mozilla/5.0 (Windows NT 6.2; WOW64; rv:33.0) Gecko/20100101 Firefox/33.0"
0:0:0:0:0:0:0:1 - - [10/Dec/2014:18:19:15 +0530] "GET /admin/carbon/dialog/img/info.gif HTTP/1.1" 200 2417 "https://localhost:9443/admin/carbon/dialog/css/dialog.css" "Mozilla/5.0 (Windows NT 6.2; WOW64; rv:33.0) Gecko/20100101 Firefox/33.0"
0:0:0:0:0:0:0:1 - - [10/Dec/2014:18:19:16 +0530] "GET /admin/carbon/dialog/css/jqueryui/images/dadada_40x100_textures_02_glass_75.png HTTP/1.1" 200 214 "https://localhost:9443/admin/carbon/dialog/css/jqueryui/jqueryui-themeroller.css" "Mozilla/5.0 (Windows NT 6.2; WOW64; rv:33.0) Gecko/20100101 Firefox/33.0"
0:0:0:0:0:0:0:1 - - [10/Dec/2014:18:19:17 +0530] "GET /admin/carbon/dialog/css/jqueryui/images/ffffff_40x100_textures_02_glass_65.png HTTP/1.1" 200 207 "https://localhost:9443/admin/carbon/dialog/css/jqueryui/jqueryui-themeroller.css" "Mozilla/5.0 (Windows NT 6.2; WOW64; rv:33.0) Gecko/20100101 Firefox/33.0"
0:0:0:0:0:0:0:1 - - [10/Dec/2014:18:19:26 +0530] "GET /user/ HTTP/1.1" 200 1122 "-" "Mozilla/5.0 (Windows NT 6.2; WOW64; rv:33.0) Gecko/20100101 Firefox/33.0"
0:0:0:0:0:0:0:1 - - [10/Dec/2014:18:19:26 +0530] "GET /userforms/ HTTP/1.1" 302 - "https://localhost:9443/user/" "Mozilla/5.0 (Windows NT 6.2; WOW64; rv:33.0) Gecko/20100101 Firefox/33.0"
0:0:0:0:0:0:0:1 - - [10/Dec/2014:18:19:26 +0530] "GET /userforms/mainprofile.jag HTTP/1.1" 302 - "https://localhost:9443/user/" "Mozilla/5.0 (Windows NT 6.2; WOW64; rv:33.0) Gecko/20100101 Firefox/33.0"
0:0:0:0:0:0:0:1 - - [10/Dec/2014:18:19:26 +0530] "GET /userforms/login HTTP/1.1" 200 1360 "https://localhost:9443/user/" "Mozilla/5.0 (Windows NT 6.2; WOW64; rv:33.0) Gecko/20100101 Firefox/33.0"
0:0:0:0:0:0:0:1 - - [10/Dec/2014:18:19:27 +0530] "POST /sso/samlsso.jag HTTP/1.1" 200 948 "https://localhost:9443/userforms/login" "Mozilla/5.0 (Windows NT 6.2; WOW64; rv:33.0) Gecko/20100101 Firefox/33.0"
0:0:0:0:0:0:0:1 - - [10/Dec/2014:18:19:27 +0530] "POST /sso/null HTTP/1.1" 404 898 "https://localhost:9443/sso/samlsso.jag" "Mozilla/5.0 (Windows NT 6.2; WOW64; rv:33.0) Gecko/20100101 Firefox/33.0"
0:0:0:0:0:0:0:1 - - [10/Dec/2014:18:20:50 +0530] "GET /home HTTP/1.1" 302 - "-" "Mozilla/5.0 (Windows NT 6.2; WOW64; rv:33.0) Gecko/20100101 Firefox/33.0"
0:0:0:0:0:0:0:1 - - [10/Dec/2014:18:20:51 +0530] "GET /home/ HTTP/1.1" 200 7045 "-" "Mozilla/5.0 (Windows NT 6.2; WOW64; rv:33.0) Gecko/20100101 Firefox/33.0"
0:0:0:0:0:0:0:1 - - [10/Dec/2014:18:20:51 +0530] "GET /home/css/bootstrap.min.css HTTP/1.1" 200 15502 "https://localhost:9443/home/" "Mozilla/5.0 (Windows NT 6.2; WOW64; rv:33.0) Gecko/20100101 Firefox/33.0"
0:0:0:0:0:0:0:1 - - [10/Dec/2014:18:20:51 +0530] "GET /home/css/site.css HTTP/1.1" 200 357 "https://localhost:9443/home/" "Mozilla/5.0 (Windows NT 6.2; WOW64; rv:33.0) Gecko/20100101 Firefox/33.0"
0:0:0:0:0:0:0:1 - - [10/Dec/2014:18:20:51 +0530] "GET /home/css/settings.css HTTP/1.1" 200 8240 "https://localhost:9443/home/" "Mozilla/5.0 (Windows NT 6.2; WOW64; rv:33.0) Gecko/20100101 Firefox/33.0"
0:0:0:0:0:0:0:1 - - [10/Dec/2014:18:20:51 +0530] "GET /home/css/less-style.css HTTP/1.1" 200 1710 "https://localhost:9443/home/" "Mozilla/5.0 (Windows NT 6.2; WOW64; rv:33.0) Gecko/20100101 Firefox/33.0"
0:0:0:0:0:0:0:1 - - [10/Dec/2014:18:20:51 +0530] "GET /home/css/flexslider.css HTTP/1.1" 200 1730 "https://localhost:9443/home/" "Mozilla/5.0 (Windows NT 6.2; WOW64; rv:33.0) Gecko/20100101 Firefox/33.0"
0:0:0:0:0:0:0:1 - - [10/Dec/2014:18:20:51 +0530] "GET /home/css/bootstrap_ticker.min.css HTTP/1.1" 200 16903 "https://localhost:9443/home/" "Mozilla/5.0 (Windows NT 6.2; WOW64; rv:33.0) Gecko/20100101 Firefox/33.0"
0:0:0:0:0:0:0:1 - - [10/Dec/2014:18:20:51 +0530] "GET /home/css/font-awesome.min.css HTTP/1.1" 200 4085 "https://localhost:9443/home/" "Mozilla/5.0 (Windows NT 6.2; WOW64; rv:33.0) Gecko/20100101 Firefox/33.0"
0:0:0:0:0:0:0:1 - - [10/Dec/2014:18:20:51 +0530] "GET /home/css/style.css HTTP/1.1" 200 8058 "https://localhost:9443/home/" "Mozilla/5.0 (Windows NT 6.2; WOW64; rv:33.0) Gecko/20100101 Firefox/33.0"
0:0:0:0:0:0:0:1 - - [10/Dec/2014:18:20:52 +0530] "GET /home/css/prettyPhoto.css HTTP/1.1" 200 2819 "https://localhost:9443/home/" "Mozilla/5.0 (Windows NT 6.2; WOW64; rv:33.0) Gecko/20100101 Firefox/33.0"
0:0:0:0:0:0:0:1 - - [10/Dec/2014:18:20:52 +0530] "GET /home/js/jquery.themepunch.plugins.min.js HTTP/1.1" 200 29222 "https://localhost:9443/home/" "Mozilla/5.0 (Windows NT 6.2; WOW64; rv:33.0) Gecko/20100101 Firefox/33.0"
0:0:0:0:0:0:0:1 - - [10/Dec/2014:18:20:52 +0530] "GET /home/js/jquery.bootstrap.newsbox.min.js HTTP/1.1" 200 1676 "https://localhost:9443/home/" "Mozilla/5.0 (Windows NT 6.2; WOW64; rv:33.0) Gecko/20100101 Firefox/33.0"
0:0:0:0:0:0:0:1 - - [10/Dec/2014:18:20:52 +0530] "GET /home/js/jquery.themepunch.revolution.min.js HTTP/1.1" 200 22583 "https://localhost:9443/home/" "Mozilla/5.0 (Windows NT 6.2; WOW64; rv:33.0) Gecko/20100101 Firefox/33.0"
0:0:0:0:0:0:0:1 - - [10/Dec/2014:18:20:52 +0530] "GET /home/js/jquery.bootstrap.newsbox.js HTTP/1.1" 200 2350 "https://localhost:9443/home/" "Mozilla/5.0 (Windows NT 6.2; WOW64; rv:33.0) Gecko/20100101 Firefox/33.0"
0:0:0:0:0:0:0:1 - - [10/Dec/2014:18:20:52 +0530] "GET /home/js/jquery.js HTTP/1.1" 200 33894 "https://localhost:9443/home/" "Mozilla/5.0 (Windows NT 6.2; WOW64; rv:33.0) Gecko/20100101 Firefox/33.0"
0:0:0:0:0:0:0:1 - - [10/Dec/2014:18:20:52 +0530] "GET /home/js/bootstrap.min.js HTTP/1.1" 200 7740 "https://localhost:9443/home/" "Mozilla/5.0 (Windows NT 6.2; WOW64; rv:33.0) Gecko/20100101 Firefox/33.0"
0:0:0:0:0:0:0:1 - - [10/Dec/2014:18:20:52 +0530] "GET /home/js/html5shiv.js HTTP/1.1" 200 1287 "https://localhost:9443/home/" "Mozilla/5.0 (Windows NT 6.2; WOW64; rv:33.0) Gecko/20100101 Firefox/33.0"
0:0:0:0:0:0:0:1 - - [10/Dec/2014:18:20:52 +0530] "GET /home/js/custom.js HTTP/1.1" 200 1118 "https://localhost:9443/home/" "Mozilla/5.0 (Windows NT 6.2; WOW64; rv:33.0) Gecko/20100101 Firefox/33.0"
0:0:0:0:0:0:0:1 - - [10/Dec/2014:18:20:52 +0530] "GET /home/js/respond.min.js HTTP/1.1" 200 2200 "https://localhost:9443/home/" "Mozilla/5.0 (Windows NT 6.2; WOW64; rv:33.0) Gecko/20100101 Firefox/33.0"
0:0:0:0:0:0:0:1 - - [10/Dec/2014:18:20:52 +0530] "GET /home/js/jquery.flexslider-min.js HTTP/1.1" 200 6619 "https://localhost:9443/home/" "Mozilla/5.0 (Windows NT 6.2; WOW64; rv:33.0) Gecko/20100101 Firefox/33.0"
0:0:0:0:0:0:0:1 - - [10/Dec/2014:18:20:52 +0530] "GET /home/js/jquery.prettyPhoto.js HTTP/1.1" 200 6114 "https://localhost:9443/home/" "Mozilla/5.0 (Windows NT 6.2; WOW64; rv:33.0) Gecko/20100101 Firefox/33.0"
0:0:0:0:0:0:0:1 - - [10/Dec/2014:18:20:52 +0530] "GET /home/img/costi_logo.png HTTP/1.1" 200 20069 "https://localhost:9443/home/" "Mozilla/5.0 (Windows NT 6.2; WOW64; rv:33.0) Gecko/20100101 Firefox/33.0"
0:0:0:0:0:0:0:1 - - [10/Dec/2014:18:20:52 +0530] "GET /home/img/a.png HTTP/1.1" 200 71154 "https://localhost:9443/home/" "Mozilla/5.0 (Windows NT 6.2; WOW64; rv:33.0) Gecko/20100101 Firefox/33.0"
0:0:0:0:0:0:0:1 - - [10/Dec/2014:18:20:52 +0530] "GET /home/img/gov_logo.jpg HTTP/1.1" 200 60289 "https://localhost:9443/home/" "Mozilla/5.0 (Windows NT 6.2; WOW64; rv:33.0) Gecko/20100101 Firefox/33.0"
0:0:0:0:0:0:0:1 - - [10/Dec/2014:18:20:52 +0530] "GET /home/img/dashboard4.png HTTP/1.1" 200 21080 "https://localhost:9443/home/" "Mozilla/5.0 (Windows NT 6.2; WOW64; rv:33.0) Gecko/20100101 Firefox/33.0"
0:0:0:0:0:0:0:1 - - [10/Dec/2014:18:20:52 +0530] "GET /home/img/innovators/7.jpg HTTP/1.1" 200 30915 "https://localhost:9443/home/" "Mozilla/5.0 (Windows NT 6.2; WOW64; rv:33.0) Gecko/20100101 Firefox/33.0"
0:0:0:0:0:0:0:1 - - [10/Dec/2014:18:20:52 +0530] "GET /home/img/h.jpg HTTP/1.1" 200 39409 "https://localhost:9443/home/" "Mozilla/5.0 (Windows NT 6.2; WOW64; rv:33.0) Gecko/20100101 Firefox/33.0"
0:0:0:0:0:0:0:1 - - [10/Dec/2014:18:20:52 +0530] "GET /home/img/innovators/5.jpg HTTP/1.1" 200 44896 "https://localhost:9443/home/" "Mozilla/5.0 (Windows NT 6.2; WOW64; rv:33.0) Gecko/20100101 Firefox/33.0"
0:0:0:0:0:0:0:1 - - [10/Dec/2014:18:20:52 +0530] "GET /home/img/charts.png HTTP/1.1" 200 49210 "https://localhost:9443/home/" "Mozilla/5.0 (Windows NT 6.2; WOW64; rv:33.0) Gecko/20100101 Firefox/33.0"
0:0:0:0:0:0:0:1 - - [10/Dec/2014:18:20:52 +0530] "GET /home/img/innovators/8.jpg HTTP/1.1" 200 51096 "https://localhost:9443/home/" "Mozilla/5.0 (Windows NT 6.2; WOW64; rv:33.0) Gecko/20100101 Firefox/33.0"
0:0:0:0:0:0:0:1 - - [10/Dec/2014:18:20:52 +0530] "GET /home/img/crown.png HTTP/1.1" 200 1092 "https://localhost:9443/home/" "Mozilla/5.0 (Windows NT 6.2; WOW64; rv:33.0) Gecko/20100101 Firefox/33.0"
0:0:0:0:0:0:0:1 - - [10/Dec/2014:18:20:52 +0530] "GET /home/img/b.jpg HTTP/1.1" 200 108832 "https://localhost:9443/home/" "Mozilla/5.0 (Windows NT 6.2; WOW64; rv:33.0) Gecko/20100101 Firefox/33.0"
0:0:0:0:0:0:0:1 - - [10/Dec/2014:18:20:52 +0530] "GET /home/img/GII/1.jpg HTTP/1.1" 200 15241 "https://localhost:9443/home/" "Mozilla/5.0 (Windows NT 6.2; WOW64; rv:33.0) Gecko/20100101 Firefox/33.0"
0:0:0:0:0:0:0:1 - - [10/Dec/2014:18:20:52 +0530] "GET /home/img/position.jpg HTTP/1.1" 200 28101 "https://localhost:9443/home/" "Mozilla/5.0 (Windows NT 6.2; WOW64; rv:33.0) Gecko/20100101 Firefox/33.0"
0:0:0:0:0:0:0:1 - - [10/Dec/2014:18:20:52 +0530] "GET /home/img/people.jpg HTTP/1.1" 200 47260 "https://localhost:9443/home/" "Mozilla/5.0 (Windows NT 6.2; WOW64; rv:33.0) Gecko/20100101 Firefox/33.0"
0:0:0:0:0:0:0:1 - - [10/Dec/2014:18:20:52 +0530] "GET /home/img/events/4.jpg HTTP/1.1" 200 48999 "https://localhost:9443/home/" "Mozilla/5.0 (Windows NT 6.2; WOW64; rv:33.0) Gecko/20100101 Firefox/33.0"
0:0:0:0:0:0:0:1 - - [10/Dec/2014:18:20:52 +0530] "GET /home/img/places.jpg HTTP/1.1" 200 76684 "https://localhost:9443/home/" "Mozilla/5.0 (Windows NT 6.2; WOW64; rv:33.0) Gecko/20100101 Firefox/33.0"
0:0:0:0:0:0:0:1 - - [10/Dec/2014:18:20:52 +0530] "GET /home/img/c.jpg HTTP/1.1" 200 97723 "https://localhost:9443/home/" "Mozilla/5.0 (Windows NT 6.2; WOW64; rv:33.0) Gecko/20100101 Firefox/33.0"
0:0:0:0:0:0:0:1 - - [10/Dec/2014:18:20:52 +0530] "GET /home/img/events/5.jpg HTTP/1.1" 200 86817 "https://localhost:9443/home/" "Mozilla/5.0 (Windows NT 6.2; WOW64; rv:33.0) Gecko/20100101 Firefox/33.0"
0:0:0:0:0:0:0:1 - - [10/Dec/2014:18:20:52 +0530] "GET /home/img/comments/3.jpg HTTP/1.1" 200 12004 "https://localhost:9443/home/" "Mozilla/5.0 (Windows NT 6.2; WOW64; rv:33.0) Gecko/20100101 Firefox/33.0"
0:0:0:0:0:0:0:1 - - [10/Dec/2014:18:20:52 +0530] "GET /home/img/comments/2.jpg HTTP/1.1" 200 11804 "https://localhost:9443/home/" "Mozilla/5.0 (Windows NT 6.2; WOW64; rv:33.0) Gecko/20100101 Firefox/33.0"
0:0:0:0:0:0:0:1 - - [10/Dec/2014:18:20:52 +0530] "GET /home/img/comments/1.jpg HTTP/1.1" 200 35280 "https://localhost:9443/home/" "Mozilla/5.0 (Windows NT 6.2; WOW64; rv:33.0) Gecko/20100101 Firefox/33.0"
0:0:0:0:0:0:0:1 - - [10/Dec/2014:18:20:52 +0530] "GET /home/img/comments/4.jpg HTTP/1.1" 200 14093 "https://localhost:9443/home/" "Mozilla/5.0 (Windows NT 6.2; WOW64; rv:33.0) Gecko/20100101 Firefox/33.0"
0:0:0:0:0:0:0:1 - - [10/Dec/2014:18:20:52 +0530] "GET /home/img/blog/2.jpg HTTP/1.1" 200 23177 "https://localhost:9443/home/" "Mozilla/5.0 (Windows NT 6.2; WOW64; rv:33.0) Gecko/20100101 Firefox/33.0"
0:0:0:0:0:0:0:1 - - [10/Dec/2014:18:20:52 +0530] "GET /home/img/blog/3.jpg HTTP/1.1" 200 34949 "https://localhost:9443/home/" "Mozilla/5.0 (Windows NT 6.2; WOW64; rv:33.0) Gecko/20100101 Firefox/33.0"
0:0:0:0:0:0:0:1 - - [10/Dec/2014:18:20:52 +0530] "GET /home/img/blog/4.jpg HTTP/1.1" 200 22666 "https://localhost:9443/home/" "Mozilla/5.0 (Windows NT 6.2; WOW64; rv:33.0) Gecko/20100101 Firefox/33.0"
0:0:0:0:0:0:0:1 - - [10/Dec/2014:18:20:52 +0530] "GET /home/img/blog/1.jpg HTTP/1.1" 200 33928 "https://localhost:9443/home/" "Mozilla/5.0 (Windows NT 6.2; WOW64; rv:33.0) Gecko/20100101 Firefox/33.0"
0:0:0:0:0:0:0:1 - - [10/Dec/2014:18:20:52 +0530] "GET /home/img/innovators/6.jpg HTTP/1.1" 200 55807 "https://localhost:9443/home/" "Mozilla/5.0 (Windows NT 6.2; WOW64; rv:33.0) Gecko/20100101 Firefox/33.0"
0:0:0:0:0:0:0:1 - - [10/Dec/2014:18:20:52 +0530] "GET /home/img/events/6.jpg HTTP/1.1" 200 49164 "https://localhost:9443/home/" "Mozilla/5.0 (Windows NT 6.2; WOW64; rv:33.0) Gecko/20100101 Firefox/33.0"
0:0:0:0:0:0:0:1 - - [10/Dec/2014:18:20:52 +0530] "GET /home/img/blog/7.jpg HTTP/1.1" 200 18904 "https://localhost:9443/home/" "Mozilla/5.0 (Windows NT 6.2; WOW64; rv:33.0) Gecko/20100101 Firefox/33.0"
0:0:0:0:0:0:0:1 - - [10/Dec/2014:18:20:52 +0530] "GET /home/img/blog/5.jpg HTTP/1.1" 200 33668 "https://localhost:9443/home/" "Mozilla/5.0 (Windows NT 6.2; WOW64; rv:33.0) Gecko/20100101 Firefox/33.0"
0:0:0:0:0:0:0:1 - - [10/Dec/2014:18:20:52 +0530] "GET /home/img/blog/6.jpg HTTP/1.1" 200 28204 "https://localhost:9443/home/" "Mozilla/5.0 (Windows NT 6.2; WOW64; rv:33.0) Gecko/20100101 Firefox/33.0"
0:0:0:0:0:0:0:1 - - [10/Dec/2014:18:20:53 +0530] "GET /home/img/crossword.png HTTP/1.1" 200 32150 "https://localhost:9443/home/css/style.css" "Mozilla/5.0 (Windows NT 6.2; WOW64; rv:33.0) Gecko/20100101 Firefox/33.0"
0:0:0:0:0:0:0:1 - - [10/Dec/2014:18:20:53 +0530] "GET /home/assets/timer.png HTTP/1.1" 200 125 "https://localhost:9443/home/css/settings.css" "Mozilla/5.0 (Windows NT 6.2; WOW64; rv:33.0) Gecko/20100101 Firefox/33.0"
0:0:0:0:0:0:0:1 - - [10/Dec/2014:18:20:53 +0530] "GET /home/fonts/fontawesome-webfontba72.woff?v=4.0.3 HTTP/1.1" 200 44432 "https://localhost:9443/home/css/font-awesome.min.css" "Mozilla/5.0 (Windows NT 6.2; WOW64; rv:33.0) Gecko/20100101 Firefox/33.0"
0:0:0:0:0:0:0:1 - - [10/Dec/2014:18:20:53 +0530] "GET /home/font/glyphicons-halflings-regular.woff HTTP/1.1" 200 23292 "https://localhost:9443/home/css/bootstrap_ticker.min.css" "Mozilla/5.0 (Windows NT 6.2; WOW64; rv:33.0) Gecko/20100101 Firefox/33.0"
0:0:0:0:0:0:0:1 - - [10/Dec/2014:18:20:54 +0530] "GET /home/assets/loader.gif HTTP/1.1" 200 2218 "https://localhost:9443/home/css/settings.css" "Mozilla/5.0 (Windows NT 6.2; WOW64; rv:33.0) Gecko/20100101 Firefox/33.0"
0:0:0:0:0:0:0:1 - - [10/Dec/2014:18:20:54 +0530] "GET /home/assets/bullet.png HTTP/1.1" 200 2254 "https://localhost:9443/home/css/settings.css" "Mozilla/5.0 (Windows NT 6.2; WOW64; rv:33.0) Gecko/20100101 Firefox/33.0"
0:0:0:0:0:0:0:1 - - [10/Dec/2014:18:20:54 +0530] "GET /home/assets/large_left.png HTTP/1.1" 200 1517 "https://localhost:9443/home/css/settings.css" "Mozilla/5.0 (Windows NT 6.2; WOW64; rv:33.0) Gecko/20100101 Firefox/33.0"
0:0:0:0:0:0:0:1 - - [10/Dec/2014:18:20:54 +0530] "GET /home/assets/large_right.png HTTP/1.1" 200 1561 "https://localhost:9443/home/css/settings.css" "Mozilla/5.0 (Windows NT 6.2; WOW64; rv:33.0) Gecko/20100101 Firefox/33.0"
0:0:0:0:0:0:0:1 - - [10/Dec/2014:18:20:55 +0530] "GET /dashboard/ HTTP/1.1" 200 2599 "https://localhost:9443/home/" "Mozilla/5.0 (Windows NT 6.2; WOW64; rv:33.0) Gecko/20100101 Firefox/33.0"
0:0:0:0:0:0:0:1 - - [10/Dec/2014:18:20:56 +0530] "GET /dashboard/css/bootstrap-responsive.min.css HTTP/1.1" 200 4009 "https://localhost:9443/dashboard/" "Mozilla/5.0 (Windows NT 6.2; WOW64; rv:33.0) Gecko/20100101 Firefox/33.0"
0:0:0:0:0:0:0:1 - - [10/Dec/2014:18:20:56 +0530] "GET /dashboard/css/font-awesome.min.css HTTP/1.1" 200 4470 "https://localhost:9443/dashboard/" "Mozilla/5.0 (Windows NT 6.2; WOW64; rv:33.0) Gecko/20100101 Firefox/33.0"
0:0:0:0:0:0:0:1 - - [10/Dec/2014:18:20:56 +0530] "GET /dashboard/css/font-awesome-ie7.min.css HTTP/1.1" 200 3412 "https://localhost:9443/dashboard/" "Mozilla/5.0 (Windows NT 6.2; WOW64; rv:33.0) Gecko/20100101 Firefox/33.0"
0:0:0:0:0:0:0:1 - - [10/Dec/2014:18:20:56 +0530] "GET /dashboard/css/portal-dashboard-designer.css HTTP/1.1" 200 3105 "https://localhost:9443/dashboard/" "Mozilla/5.0 (Windows NT 6.2; WOW64; rv:33.0) Gecko/20100101 Firefox/33.0"
0:0:0:0:0:0:0:1 - - [10/Dec/2014:18:20:56 +0530] "GET /dashboard/css/jquery.gridster.min.css HTTP/1.1" 200 1220 "https://localhost:9443/dashboard/" "Mozilla/5.0 (Windows NT 6.2; WOW64; rv:33.0) Gecko/20100101 Firefox/33.0"
0:0:0:0:0:0:0:1 - - [10/Dec/2014:18:20:56 +0530] "GET /dashboard/css/navigation.css HTTP/1.1" 200 1108 "https://localhost:9443/dashboard/" "Mozilla/5.0 (Windows NT 6.2; WOW64; rv:33.0) Gecko/20100101 Firefox/33.0"
0:0:0:0:0:0:0:1 - - [10/Dec/2014:18:20:56 +0530] "GET /dashboard/css/bootstrap.min.css HTTP/1.1" 200 18779 "https://localhost:9443/dashboard/" "Mozilla/5.0 (Windows NT 6.2; WOW64; rv:33.0) Gecko/20100101 Firefox/33.0"
0:0:0:0:0:0:0:1 - - [10/Dec/2014:18:20:56 +0530] "GET /dashboard/css/styles.css HTTP/1.1" 200 2323 "https://localhost:9443/dashboard/" "Mozilla/5.0 (Windows NT 6.2; WOW64; rv:33.0) Gecko/20100101 Firefox/33.0"
0:0:0:0:0:0:0:1 - - [10/Dec/2014:18:20:56 +0530] "GET /dashboard/js/navigation.js HTTP/1.1" 200 1037 "https://localhost:9443/dashboard/" "Mozilla/5.0 (Windows NT 6.2; WOW64; rv:33.0) Gecko/20100101 Firefox/33.0"
0:0:0:0:0:0:0:1 - - [10/Dec/2014:18:20:56 +0530] "GET /dashboard/js/bootstrap.min.js HTTP/1.1" 200 7007 "https://localhost:9443/dashboard/" "Mozilla/5.0 (Windows NT 6.2; WOW64; rv:33.0) Gecko/20100101 Firefox/33.0"
0:0:0:0:0:0:0:1 - - [10/Dec/2014:18:20:56 +0530] "GET /dashboard/js/jquery-ui-1.10.1.custom.min.js HTTP/1.1" 200 24626 "https://localhost:9443/dashboard/" "Mozilla/5.0 (Windows NT 6.2; WOW64; rv:33.0) Gecko/20100101 Firefox/33.0"
0:0:0:0:0:0:0:1 - - [10/Dec/2014:18:20:56 +0530] "GET /dashboard/js/jquery-1.8.3.min.js HTTP/1.1" 200 33942 "https://localhost:9443/dashboard/" "Mozilla/5.0 (Windows NT 6.2; WOW64; rv:33.0) Gecko/20100101 Firefox/33.0"
0:0:0:0:0:0:0:1 - - [10/Dec/2014:18:20:56 +0530] "GET /dashboard/js/jquery.gridster.with-extras.min.js HTTP/1.1" 200 22185 "https://localhost:9443/dashboard/" "Mozilla/5.0 (Windows NT 6.2; WOW64; rv:33.0) Gecko/20100101 Firefox/33.0"
0:0:0:0:0:0:0:1 - - [10/Dec/2014:18:20:56 +0530] "GET /dashboard/js/handlebars.js HTTP/1.1" 200 12909 "https://localhost:9443/dashboard/" "Mozilla/5.0 (Windows NT 6.2; WOW64; rv:33.0) Gecko/20100101 Firefox/33.0"
0:0:0:0:0:0:0:1 - - [10/Dec/2014:18:20:56 +0530] "GET /dashboard/js/UESContainer.js HTTP/1.1" 200 972 "https://localhost:9443/dashboard/" "Mozilla/5.0 (Windows NT 6.2; WOW64; rv:33.0) Gecko/20100101 Firefox/33.0"
0:0:0:0:0:0:0:1 - - [10/Dec/2014:18:20:56 +0530] "GET /dashboard/js/portal-dashboard-designer.js HTTP/1.1" 200 4893 "https://localhost:9443/dashboard/" "Mozilla/5.0 (Windows NT 6.2; WOW64; rv:33.0) Gecko/20100101 Firefox/33.0"
0:0:0:0:0:0:0:1 - - [10/Dec/2014:18:20:56 +0530] "GET /dashboard/js/shindig.js HTTP/1.1" 200 34564 "https://localhost:9443/dashboard/" "Mozilla/5.0 (Windows NT 6.2; WOW64; rv:33.0) Gecko/20100101 Firefox/33.0"
0:0:0:0:0:0:0:1 - - [10/Dec/2014:18:20:56 +0530] "GET /dashboard/img/designer-sprite.png HTTP/1.1" 200 10674 "https://localhost:9443/dashboard/css/portal-dashboard-designer.css" "Mozilla/5.0 (Windows NT 6.2; WOW64; rv:33.0) Gecko/20100101 Firefox/33.0"
0:0:0:0:0:0:0:1 - - [10/Dec/2014:18:20:56 +0530] "GET /dashboard/img/logo.png HTTP/1.1" 200 21341 "https://localhost:9443/dashboard/css/navigation.css" "Mozilla/5.0 (Windows NT 6.2; WOW64; rv:33.0) Gecko/20100101 Firefox/33.0"
0:0:0:0:0:0:0:1 - - [10/Dec/2014:18:20:56 +0530] "GET /dashboard/font/Lato-Reg-webfont.woff HTTP/1.1" 200 19260 "https://localhost:9443/dashboard/css/styles.css" "Mozilla/5.0 (Windows NT 6.2; WOW64; rv:33.0) Gecko/20100101 Firefox/33.0"
0:0:0:0:0:0:0:1 - - [10/Dec/2014:18:20:56 +0530] "GET /dashboard/font/fontawesome-webfont.woff?v=3.2.1 HTTP/1.1" 200 43572 "https://localhost:9443/dashboard/css/font-awesome.min.css" "Mozilla/5.0 (Windows NT 6.2; WOW64; rv:33.0) Gecko/20100101 Firefox/33.0"
0:0:0:0:0:0:0:1 - - [10/Dec/2014:18:20:56 +0530] "GET /dashboard/font/Lato-Bol-webfont.woff HTTP/1.1" 200 19432 "https://localhost:9443/dashboard/css/styles.css" "Mozilla/5.0 (Windows NT 6.2; WOW64; rv:33.0) Gecko/20100101 Firefox/33.0"
0:0:0:0:0:0:0:1 - - [10/Dec/2014:18:20:57 +0530] "GET /dashboard/apis/ues/layout/ HTTP/1.1" 200 8 "https://localhost:9443/dashboard/" "Mozilla/5.0 (Windows NT 6.2; WOW64; rv:33.0) Gecko/20100101 Firefox/33.0"
127.0.0.1 - - [10/Dec/2014:18:20:58 +0530] "GET /portal/gadgets/show-assets/show-assets.xml HTTP/1.1" 200 1781 "-" "Apache Shindig"
0:0:0:0:0:0:0:1 - - [10/Dec/2014:18:20:58 +0530] "POST //rpc?st=-1%3A-1%3A*%3A*%3A*%3A0%3Adefault HTTP/1.1" 200 1473 "https://localhost:9443/dashboard/" "Mozilla/5.0 (Windows NT 6.2; WOW64; rv:33.0) Gecko/20100101 Firefox/33.0"
127.0.0.1 - - [10/Dec/2014:18:20:59 +0530] "GET /portal/gadgets/show-assets/show-assets.xml HTTP/1.1" 200 1781 "-" "Apache Shindig"
0:0:0:0:0:0:0:1 - - [10/Dec/2014:18:20:59 +0530] "GET //gadgets/ifr?url=http%3A%2F%2Flocalhost%3A9763%2Fportal%2Fgadgets%2Fshow-assets%2Fshow-assets.xml&container=default&view=default&lang=en&country=US&debug=1&nocache=1&sanitize=0&v=d8213105a7083aec18c9bce3596dddd0&testmode=0&parent=https%3A%2F%2Flocalhost%3A9443&mid=0 HTTP/1.1" 200 2434 "https://localhost:9443/dashboard/" "Mozilla/5.0 (Windows NT 6.2; WOW64; rv:33.0) Gecko/20100101 Firefox/33.0"
127.0.0.1 - - [10/Dec/2014:18:20:59 +0530] "GET /portal/gadgets/show-assets/css/styles.css HTTP/1.1" 200 2083 "-" "Apache Shindig"
127.0.0.1 - - [10/Dec/2014:18:20:59 +0530] "GET /portal/gadgets/show-assets/css/bootstrap.min.css HTTP/1.1" 200 15992 "-" "Apache Shindig"
0:0:0:0:0:0:0:1 - - [10/Dec/2014:18:20:59 +0530] "GET /dashboard/ HTTP/1.1" 200 2599 "-" "Mozilla/5.0 (Windows NT 6.2; WOW64; rv:33.0) Gecko/20100101 Firefox/33.0"
127.0.0.1 - - [10/Dec/2014:18:20:59 +0530] "GET /portal/gadgets/show-assets/show-assets.xml HTTP/1.1" 200 1781 "-" "Apache Shindig"
0:0:0:0:0:0:0:1 - - [10/Dec/2014:18:21:00 +0530] "GET //gadgets/js/pubsub-2:dynamic-height:core!core:rpc.js?container=default&nocache=0&debug=1&c=0&v=1026902a266299e7832e6c212a82f9fc&jsload=0 HTTP/1.1" 200 23879 "https://localhost:9443//gadgets/ifr?url=http%3A%2F%2Flocalhost%3A9763%2Fportal%2Fgadgets%2Fshow-assets%2Fshow-assets.xml&container=default&view=default&lang=en&country=US&debug=1&nocache=1&sanitize=0&v=d8213105a7083aec18c9bce3596dddd0&testmode=0&parent=https%3A%2F%2Flocalhost%3A9443&mid=0" "Mozilla/5.0 (Windows NT 6.2; WOW64; rv:33.0) Gecko/20100101 Firefox/33.0"
0:0:0:0:0:0:0:1 - - [10/Dec/2014:18:21:00 +0530] "GET //gadgets/js/pubsub-2:dynamic-height:core!core:rpc.js?container=default&nocache=0&debug=1&c=0&v=1026902a266299e7832e6c212a82f9fc&jsload=0 HTTP/1.1" 200 23879 "https://localhost:9443//gadgets/ifr?url=http%3A%2F%2Flocalhost%3A9763%2Fportal%2Fgadgets%2Fshow-assets%2Fshow-assets.xml&container=default&view=default&lang=en&country=US&debug=1&nocache=1&sanitize=0&v=d8213105a7083aec18c9bce3596dddd0&testmode=0&parent=https%3A%2F%2Flocalhost%3A9443&mid=0" "Mozilla/5.0 (Windows NT 6.2; WOW64; rv:33.0) Gecko/20100101 Firefox/33.0"
0:0:0:0:0:0:0:1 - - [10/Dec/2014:18:21:00 +0530] "GET //gadgets/js/core:rpc.js?container=default&nocache=0&debug=1&c=0&v=0340451bd365756d7f0c9f9ea168177b&jsload=0 HTTP/1.1" 200 33416 "https://localhost:9443//gadgets/ifr?url=http%3A%2F%2Flocalhost%3A9763%2Fportal%2Fgadgets%2Fshow-assets%2Fshow-assets.xml&container=default&view=default&lang=en&country=US&debug=1&nocache=1&sanitize=0&v=d8213105a7083aec18c9bce3596dddd0&testmode=0&parent=https%3A%2F%2Flocalhost%3A9443&mid=0" "Mozilla/5.0 (Windows NT 6.2; WOW64; rv:33.0) Gecko/20100101 Firefox/33.0"
0:0:0:0:0:0:0:1 - - [10/Dec/2014:18:21:00 +0530] "POST //rpc?st=-1%3A-1%3A*%3A*%3A*%3A0%3Adefault HTTP/1.1" 200 1473 "https://localhost:9443/dashboard/" "Mozilla/5.0 (Windows NT 6.2; WOW64; rv:33.0) Gecko/20100101 Firefox/33.0"
0:0:0:0:0:0:0:1 - - [10/Dec/2014:18:21:01 +0530] "GET /dashboard/apis/ues/layout/ HTTP/1.1" 200 5 "https://localhost:9443/dashboard/" "Mozilla/5.0 (Windows NT 6.2; WOW64; rv:33.0) Gecko/20100101 Firefox/33.0"
127.0.0.1 - - [10/Dec/2014:18:21:01 +0530] "GET /portal/gadgets/show-assets/show-assets.xml HTTP/1.1" 200 1781 "-" "Apache Shindig"
127.0.0.1 - - [10/Dec/2014:18:21:01 +0530] "GET /portal/gadgets/publications-people/publications-people.xml HTTP/1.1" 200 1254 "-" "Apache Shindig"
0:0:0:0:0:0:0:1 - - [10/Dec/2014:18:21:01 +0530] "GET //gadgets/ifr?url=http%3A%2F%2Flocalhost%3A9763%2Fportal%2Fgadgets%2Fshow-assets%2Fshow-assets.xml&container=default&view=default&lang=en&country=US&debug=1&nocache=1&sanitize=0&v=d8213105a7083aec18c9bce3596dddd0&testmode=0&parent=https%3A%2F%2Flocalhost%3A9443&mid=0 HTTP/1.1" 304 - "https://localhost:9443/dashboard/" "Mozilla/5.0 (Windows NT 6.2; WOW64; rv:33.0) Gecko/20100101 Firefox/33.0"
0:0:0:0:0:0:0:1 - - [10/Dec/2014:18:21:01 +0530] "POST //rpc?st=-1%3A-1%3A*%3A*%3A*%3A0%3Adefault HTTP/1.1" 200 1387 "https://localhost:9443/dashboard/" "Mozilla/5.0 (Windows NT 6.2; WOW64; rv:33.0) Gecko/20100101 Firefox/33.0"
127.0.0.1 - - [10/Dec/2014:18:21:01 +0530] "GET /portal/gadgets/organization-map/organization-map.xml HTTP/1.1" 200 888 "-" "Apache Shindig"
0:0:0:0:0:0:0:1 - - [10/Dec/2014:18:21:01 +0530] "POST //rpc?st=-1%3A-1%3A*%3A*%3A*%3A0%3Adefault HTTP/1.1" 200 998 "https://localhost:9443/dashboard/" "Mozilla/5.0 (Windows NT 6.2; WOW64; rv:33.0) Gecko/20100101 Firefox/33.0"
127.0.0.1 - - [10/Dec/2014:18:21:01 +0530] "GET /portal/gadgets/people-organizations/people-organizations.xml HTTP/1.1" 200 1259 "-" "Apache Shindig"
0:0:0:0:0:0:0:1 - - [10/Dec/2014:18:21:01 +0530] "POST //rpc?st=-1%3A-1%3A*%3A*%3A*%3A0%3Adefault HTTP/1.1" 200 1380 "https://localhost:9443/dashboard/" "Mozilla/5.0 (Windows NT 6.2; WOW64; rv:33.0) Gecko/20100101 Firefox/33.0"
127.0.0.1 - - [10/Dec/2014:18:21:01 +0530] "GET /portal/gadgets/global-innovation-index-2013/global-innovation-index-2013.xml HTTP/1.1" 200 1044 "-" "Apache Shindig"
0:0:0:0:0:0:0:1 - - [10/Dec/2014:18:21:01 +0530] "POST //rpc?st=-1%3A-1%3A*%3A*%3A*%3A0%3Adefault HTTP/1.1" 200 1657 "https://localhost:9443/dashboard/" "Mozilla/5.0 (Windows NT 6.2; WOW64; rv:33.0) Gecko/20100101 Firefox/33.0"
0:0:0:0:0:0:0:1 - - [10/Dec/2014:18:21:01 +0530] "GET //gadgets/js/pubsub-2:dynamic-height:core!core:rpc.js?container=default&nocache=0&debug=1&c=0&v=1026902a266299e7832e6c212a82f9fc&jsload=0 HTTP/1.1" 200 23879 "https://localhost:9443//gadgets/ifr?url=http%3A%2F%2Flocalhost%3A9763%2Fportal%2Fgadgets%2Fshow-assets%2Fshow-assets.xml&container=default&view=default&lang=en&country=US&debug=1&nocache=1&sanitize=0&v=d8213105a7083aec18c9bce3596dddd0&testmode=0&parent=https%3A%2F%2Flocalhost%3A9443&mid=0" "Mozilla/5.0 (Windows NT 6.2; WOW64; rv:33.0) Gecko/20100101 Firefox/33.0"
127.0.0.1 - - [10/Dec/2014:18:21:01 +0530] "GET /portal/gadgets/show-assets/css/bootstrap.min.css HTTP/1.1" 200 15992 "-" "Apache Shindig"
127.0.0.1 - - [10/Dec/2014:18:21:01 +0530] "GET /portal/gadgets/organization-map/organization-map.xml HTTP/1.1" 200 888 "-" "Apache Shindig"
0:0:0:0:0:0:0:1 - - [10/Dec/2014:18:21:01 +0530] "GET //gadgets/js/core:rpc.js?container=default&nocache=0&debug=1&c=0&v=0340451bd365756d7f0c9f9ea168177b&jsload=0 HTTP/1.1" 200 58354 "https://localhost:9443//gadgets/ifr?url=http%3A%2F%2Flocalhost%3A9763%2Fportal%2Fgadgets%2Fshow-assets%2Fshow-assets.xml&container=default&view=default&lang=en&country=US&debug=1&nocache=1&sanitize=0&v=d8213105a7083aec18c9bce3596dddd0&testmode=0&parent=https%3A%2F%2Flocalhost%3A9443&mid=0" "Mozilla/5.0 (Windows NT 6.2; WOW64; rv:33.0) Gecko/20100101 Firefox/33.0"
127.0.0.1 - - [10/Dec/2014:18:21:02 +0530] "GET /portal/gadgets/show-assets/show-assets.xml HTTP/1.1" 200 1781 "-" "Apache Shindig"
127.0.0.1 - - [10/Dec/2014:18:21:02 +0530] "GET /portal/gadgets/publications-people/publications-people.xml HTTP/1.1" 200 1254 "-" "Apache Shindig"
0:0:0:0:0:0:0:1 - - [10/Dec/2014:18:21:02 +0530] "GET //gadgets/ifr?url=http%3A%2F%2Flocalhost%3A9763%2Fportal%2Fgadgets%2Fpublications-people%2Fpublications-people.xml&container=default&view=default&lang=en&country=US&debug=1&nocache=1&sanitize=0&v=d8213105a7083aec18c9bce3596dddd0&testmode=0&parent=https%3A%2F%2Flocalhost%3A9443&mid=0 HTTP/1.1" 200 1771 "https://localhost:9443/dashboard/" "Mozilla/5.0 (Windows NT 6.2; WOW64; rv:33.0) Gecko/20100101 Firefox/33.0"
127.0.0.1 - - [10/Dec/2014:18:21:02 +0530] "GET /portal/gadgets/show-assets/css/styles.css HTTP/1.1" 200 2083 "-" "Apache Shindig"
0:0:0:0:0:0:0:1 - - [10/Dec/2014:18:21:02 +0530] "GET //gadgets/ifr?url=http%3A%2F%2Flocalhost%3A9763%2Fportal%2Fgadgets%2Forganization-map%2Forganization-map.xml&container=default&view=default&lang=en&country=US&debug=1&nocache=1&sanitize=0&v=d8213105a7083aec18c9bce3596dddd0&testmode=0&parent=https%3A%2F%2Flocalhost%3A9443&mid=0 HTTP/1.1" 200 1381 "https://localhost:9443/dashboard/" "Mozilla/5.0 (Windows NT 6.2; WOW64; rv:33.0) Gecko/20100101 Firefox/33.0"
127.0.0.1 - - [10/Dec/2014:18:21:02 +0530] "GET /portal/gadgets/people-organizations/people-organizations.xml HTTP/1.1" 200 1259 "-" "Apache Shindig"
0:0:0:0:0:0:0:1 - - [10/Dec/2014:18:21:02 +0530] "GET //gadgets/ifr?url=http%3A%2F%2Flocalhost%3A9763%2Fportal%2Fgadgets%2Fpeople-organizations%2Fpeople-organizations.xml&container=default&view=default&lang=en&country=US&debug=1&nocache=1&sanitize=0&v=d8213105a7083aec18c9bce3596dddd0&testmode=0&parent=https%3A%2F%2Flocalhost%3A9443&mid=0 HTTP/1.1" 200 1792 "https://localhost:9443/dashboard/" "Mozilla/5.0 (Windows NT 6.2; WOW64; rv:33.0) Gecko/20100101 Firefox/33.0"
127.0.0.1 - - [10/Dec/2014:18:21:02 +0530] "GET /portal/gadgets/global-innovation-index-2013/global-innovation-index-2013.xml HTTP/1.1" 200 1044 "-" "Apache Shindig"
0:0:0:0:0:0:0:1 - - [10/Dec/2014:18:21:02 +0530] "GET //gadgets/ifr?url=http%3A%2F%2Flocalhost%3A9763%2Fportal%2Fgadgets%2Fglobal-innovation-index-2013%2Fglobal-innovation-index-2013.xml&container=default&view=default&lang=en&country=US&debug=1&nocache=1&sanitize=0&v=d8213105a7083aec18c9bce3596dddd0&testmode=0&parent=https%3A%2F%2Flocalhost%3A9443&mid=0 HTTP/1.1" 200 1417 "https://localhost:9443/dashboard/" "Mozilla/5.0 (Windows NT 6.2; WOW64; rv:33.0) Gecko/20100101 Firefox/33.0"
0:0:0:0:0:0:0:1 - - [10/Dec/2014:18:21:02 +0530] "GET //gadgets/js/setprefs:core!core:rpc.js?container=default&nocache=0&debug=1&c=0&v=6efc1002b527b14edcbc6ffebf5962e2&jsload=0 HTTP/1.1" 200 1404 "https://localhost:9443//gadgets/ifr?url=http%3A%2F%2Flocalhost%3A9763%2Fportal%2Fgadgets%2Fpublications-people%2Fpublications-people.xml&container=default&view=default&lang=en&country=US&debug=1&nocache=1&sanitize=0&v=d8213105a7083aec18c9bce3596dddd0&testmode=0&parent=https%3A%2F%2Flocalhost%3A9443&mid=0" "Mozilla/5.0 (Windows NT 6.2; WOW64; rv:33.0) Gecko/20100101 Firefox/33.0"
